{
  "batches": [
    {
      "batch": 0,
      "candidate": {
        "batch": 0,
        "clip_fraction": 0.91015625,
        "gae_gradient_norm": 2.8734676837921143,
        "median_absolute_log_ratio": 0.11737722158432007,
        "outcome_gradient_cosine_to_preupdate": 0.43511677633794255,
        "outcome_gradient_norm": 1.0969486236572266,
        "ratio_mean": 0.9799724817276001,
        "ratio_std": 0.23212747275829315,
        "surrogate": 0.17174780368804932,
        "surrogate_gain": 0.17174789728596807,
        "unweighted_cfm_gradient_norm": 0.9826940298080444,
        "unweighted_cfm_loss": 0.39217108488082886
      },
      "control": {
        "batch": 0,
        "clip_fraction": 0.91015625,
        "gae_gradient_norm": 4.409200668334961,
        "median_absolute_log_ratio": 0.1218586266040802,
        "outcome_gradient_cosine_to_preupdate": 0.3299362176073361,
        "outcome_gradient_norm": 1.4107753038406372,
        "ratio_mean": 0.9762375354766846,
        "ratio_std": 0.25569960474967957,
        "surrogate": 0.1673264503479004,
        "surrogate_gain": 0.16732654394581914,
        "unweighted_cfm_gradient_norm": 0.9896136522293091,
        "unweighted_cfm_loss": 0.3926456868648529
      },
      "gates": {
        "clip_fraction": false,
        "median_absolute_log_ratio": false,
        "outcome_gradient_non_degradation": true,
        "ratio_std": false,
        "surrogate_retention": true
      },
      "passed": false
    },
    {
      "batch": 1,
      "candidate": {
        "batch": 1,
        "clip_fraction": 0.9140625,
        "gae_gradient_norm": 2.9242000579833984,
        "median_absolute_log_ratio": 0.1273837387561798,
        "outcome_gradient_cosine_to_preupdate": 0.41262729559063016,
        "outcome_gradient_norm": 0.9398078918457031,
        "ratio_mean": 1.0840612649917603,
        "ratio_std": 0.21427612006664276,
        "surrogate": 0.16494138538837433,
        "surrogate_gain": 0.16494141425937414,
        "unweighted_cfm_gradient_norm": 0.9763751029968262,
        "unweighted_cfm_loss": 0.3676134943962097
      },
      "control": {
        "batch": 1,
        "clip_fraction": 0.93359375,
        "gae_gradient_norm": 3.267012119293213,
        "median_absolute_log_ratio": 0.14066410064697266,
        "outcome_gradient_cosine_to_preupdate": 0.44234787418704313,
        "outcome_gradient_norm": 0.908779501914978,
        "ratio_mean": 1.0711328983306885,
        "ratio_std": 0.24115686118602753,
        "surrogate": 0.17698395252227783,
        "surrogate_gain": 0.17698398139327765,
        "unweighted_cfm_gradient_norm": 1.0226058959960938,
        "unweighted_cfm_loss": 0.36868172883987427
      },
      "gates": {
        "clip_fraction": false,
        "median_absolute_log_ratio": false,
        "outcome_gradient_non_degradation": false,
        "ratio_std": false,
        "surrogate_retention": true
      },
      "passed": false
    }
  ],
  "candidate_coefficient": 0.04,
  "control_coefficient": 0.0,
  "exact_preupdate_pairing": true,
  "hypothesis": "H61",
  "objective_extra_actor_forwards": 0,
  "pairing_fingerprint": "687734f74cfd006e475342786ebfe083ae1535804a29c5f85b5e9ff46b8ef4ca",
  "passed": false
}
