[Warning] [simulation_app.simulation_app] Modules: ['omni.kit_app'] were loaded before SimulationApp was started and might not be loaded correctly.
[Warning] [simulation_app.simulation_app] Please check to make sure no extra omniverse or pxr modules are imported before the call to SimulationApp(...)
Loading user config located at: '/mnt/data/users/haoyu/workspace/code/fpo-control/isaaclab_experiments/thirdparty/miniconda3/envs/isaaclab_fpo/lib/python3.10/site-packages/omni/data/Kit/Isaac-Sim/4.5/user.config.json'
[Info] [carb] Logging to file: /mnt/data/users/haoyu/workspace/code/fpo-control/isaaclab_experiments/thirdparty/miniconda3/envs/isaaclab_fpo/lib/python3.10/site-packages/omni/logs/Kit/Isaac-Sim/4.5/kit_20260809_223847.log
2026-08-09 14:38:47 [0ms] [Warning] [omni.kit.app.plugin] No crash reporter present, dumps uploading isn't available.
2026-08-09 14:38:47 [11ms] [Warning] [omni.ext.plugin] [ext: rendering_modes] Extensions config 'extension.toml' doesn't exist '/mnt/data/users/haoyu/workspace/code/fpo-control/isaaclab_experiments/thirdparty/IsaacLab/apps/rendering_modes' or '/mnt/data/users/haoyu/workspace/code/fpo-control/isaaclab_experiments/thirdparty/IsaacLab/apps/rendering_modes/config'
2026-08-09 14:38:47 [552ms] [Warning] [omni.usd_config.extension] Enable omni.materialx.libs extension to use MaterialX
2026-08-09 14:38:48 [1,076ms] [Warning] [omni.platforminfo.plugin] failed to open the default display.  Can't verify X Server version.
2026-08-09 14:38:48 [1,101ms] [Warning] [omni.datastore] OmniHub is inaccessible
2026-08-09 14:38:48 [1,152ms] [Warning] [omni.isaac.dynamic_control] omni.isaac.dynamic_control is deprecated as of Isaac Sim 4.5. No action is needed from end-users.
2026-08-09 14:38:55 [8,254ms] [Warning] [carb.cudainterop.plugin] CUDA_VISIBLE_DEVICES environment variable is set.
2026-08-09 14:38:55 [8,254ms] [Warning] [carb.cudainterop.plugin] Note CUDA device enumeration and Omniverse device enumeration are different.
2026-08-09 14:38:55 [8,254ms] [Warning] [carb.cudainterop.plugin] Setting CUDA_VISIBLE_DEVICES can lead to undesired behavior or crashes.
2026-08-09 14:38:55 [8,289ms] [Warning] [gpu.foundation.plugin] Skipping NVIDIA GPU due CUDA being in bad state: NVIDIA H200
2026-08-09 14:38:55 [8,289ms] [Warning] [gpu.foundation.plugin] Please restart your system if CUDA is known to work in your system.
2026-08-09 14:38:55 [8,304ms] [Warning] [gpu.foundation.plugin] Skipping NVIDIA GPU due CUDA being in bad state: NVIDIA H200
2026-08-09 14:38:55 [8,304ms] [Warning] [gpu.foundation.plugin] Please restart your system if CUDA is known to work in your system.
2026-08-09 14:38:55 [8,320ms] [Warning] [gpu.foundation.plugin] Skipping NVIDIA GPU due CUDA being in bad state: NVIDIA H200
2026-08-09 14:38:55 [8,320ms] [Warning] [gpu.foundation.plugin] Please restart your system if CUDA is known to work in your system.
2026-08-09 14:38:55 [8,326ms] [Warning] [gpu.foundation.plugin] Skipping NVIDIA GPU due CUDA being in bad state: NVIDIA H200
2026-08-09 14:38:55 [8,326ms] [Warning] [gpu.foundation.plugin] Please restart your system if CUDA is known to work in your system.
2026-08-09 14:38:55 [8,346ms] [Warning] [gpu.foundation.plugin] Skipping NVIDIA GPU due CUDA being in bad state: NVIDIA H200
2026-08-09 14:38:55 [8,346ms] [Warning] [gpu.foundation.plugin] Please restart your system if CUDA is known to work in your system.
2026-08-09 14:38:55 [8,381ms] [Warning] [gpu.foundation.plugin] Skipping NVIDIA GPU due CUDA being in bad state: NVIDIA H200
2026-08-09 14:38:55 [8,381ms] [Warning] [gpu.foundation.plugin] Please restart your system if CUDA is known to work in your system.
2026-08-09 14:38:55 [8,400ms] [Warning] [gpu.foundation.plugin] Skipping NVIDIA GPU due CUDA being in bad state: NVIDIA H200
2026-08-09 14:38:55 [8,400ms] [Warning] [gpu.foundation.plugin] Please restart your system if CUDA is known to work in your system.
2026-08-09 14:38:55 [8,400ms] [Warning] [gpu.foundation.plugin] Skipping NVIDIA GPU due CUDA being in bad state: NVIDIA H200
2026-08-09 14:38:55 [8,400ms] [Warning] [gpu.foundation.plugin] Please restart your system if CUDA is known to work in your system.
2026-08-09 14:38:55 [8,400ms] [Warning] [gpu.foundation.plugin] Skipping NVIDIA GPU due CUDA being in bad state: NVIDIA H200
2026-08-09 14:38:55 [8,400ms] [Warning] [gpu.foundation.plugin] Please restart your system if CUDA is known to work in your system.
2026-08-09 14:38:55 [8,400ms] [Warning] [gpu.foundation.plugin] Skipping NVIDIA GPU due CUDA being in bad state: NVIDIA H200
2026-08-09 14:38:55 [8,400ms] [Warning] [gpu.foundation.plugin] Please restart your system if CUDA is known to work in your system.
2026-08-09 14:38:55 [8,400ms] [Warning] [gpu.foundation.plugin] Skipping NVIDIA GPU due CUDA being in bad state: NVIDIA H200
2026-08-09 14:38:55 [8,400ms] [Warning] [gpu.foundation.plugin] Please restart your system if CUDA is known to work in your system.
2026-08-09 14:38:55 [8,400ms] [Warning] [gpu.foundation.plugin] Skipping NVIDIA GPU due CUDA being in bad state: NVIDIA H200
2026-08-09 14:38:55 [8,400ms] [Warning] [gpu.foundation.plugin] Please restart your system if CUDA is known to work in your system.
2026-08-09 14:38:55 [8,400ms] [Warning] [gpu.foundation.plugin] Skipping NVIDIA GPU due CUDA being in bad state: NVIDIA H200
2026-08-09 14:38:55 [8,400ms] [Warning] [gpu.foundation.plugin] Please restart your system if CUDA is known to work in your system.
2026-08-09 14:38:55 [8,400ms] [Warning] [gpu.foundation.plugin] Skipping NVIDIA GPU due CUDA being in bad state: NVIDIA H200
2026-08-09 14:38:55 [8,400ms] [Warning] [gpu.foundation.plugin] Please restart your system if CUDA is known to work in your system.

|---------------------------------------------------------------------------------------------|
| Driver Version: 580.126.20    | Graphics API: Vulkan
|=============================================================================================|
| GPU | Name                             | Active | LDA | GPU Memory | Vendor-ID | LUID       |
|     |                                  |        |     |            | Device-ID | UUID       |
|     |                                  |        |     |            | Bus-ID    |            |
|---------------------------------------------------------------------------------------------|
| 0   | NVIDIA H200                      |        |     | 143771  MB | 10de      | 0          |
|     |                                  |        |     |            | 2335      | cde2e28e.. |
|     |                                  |        |     |            | 16        |            |
|---------------------------------------------------------------------------------------------|
| 1   | NVIDIA H200                      |        |     | 143771  MB | 10de      | 0          |
|     |                                  |        |     |            | 2335      | 04a9a9be.. |
|     |                                  |        |     |            | 17        |            |
|---------------------------------------------------------------------------------------------|
| 2   | NVIDIA H200                      |        |     | 143771  MB | 10de      | 0          |
|     |                                  |        |     |            | 2335      | f8cd977f.. |
|     |                                  |        |     |            | 40        |            |
|---------------------------------------------------------------------------------------------|
| 3   | NVIDIA H200                      | Yes: 0 |     | 143771  MB | 10de      | 0          |
|     |                                  |        |     |            | 2335      | eba08ce9.. |
|     |                                  |        |     |            | 41        |            |
|---------------------------------------------------------------------------------------------|
| 4   | NVIDIA H200                      |        |     | 143771  MB | 10de      | 0          |
|     |                                  |        |     |            | 2335      | 38095f57.. |
|     |                                  |        |     |            | 96        |            |
|---------------------------------------------------------------------------------------------|
| 5   | NVIDIA H200                      |        |     | 143771  MB | 10de      | 0          |
|     |                                  |        |     |            | 2335      | cbbbe2fc.. |
|     |                                  |        |     |            | 97        |            |
|---------------------------------------------------------------------------------------------|
| 6   | NVIDIA H200                      |        |     | 143771  MB | 10de      | 0          |
|     |                                  |        |     |            | 2335      | d832ca5c.. |
|     |                                  |        |     |            | c0        |            |
|---------------------------------------------------------------------------------------------|
| 7   | NVIDIA H200                      |        |     | 143771  MB | 10de      | 0          |
|     |                                  |        |     |            | 2335      | c97fbf11.. |
|     |                                  |        |     |            | c1        |            |
|=============================================================================================|
| OS: 22.04.5 LTS (Jammy Jellyfish) ubuntu, Version: 22.04.5, Kernel: 5.15.0-126-generic
| Processor: Intel(R) Xeon(R) Platinum 8468
| Bare Metal Cores: 96 | Bare Metal Logical Cores: 192
| Core Usage Quota: 144
|---------------------------------------------------------------------------------------------|
| Total Memory (MB): 1638400 | Free Memory: 1591017
| Total Page/Swap (MB): 0 | Free Page/Swap: 0
|---------------------------------------------------------------------------------------------|
2026-08-09 14:38:57 [10,147ms] [Warning] [gpu.foundation.plugin] ECC is enabled on physical device 3
2026-08-09 14:38:57 [10,194ms] [Warning] [omni.kvdb.plugin] Disabling key-value database because another kit process is locking it
2026-08-09 14:39:19 [32,390ms] [Warning] [omni.usd] Warning: in GetNodeDiscoveryResults at line 136 of /builds/omniverse/usd-ci/USD/pxr/usd/usdShade/shaderDefUtils.cpp -- Unable to resolve info:sourceAsset </UsdPreviewSurface.info:mdl:sourceAsset> with value @UsdPreviewSurface.mdl@.

2026-08-09 14:39:19 [32,391ms] [Warning] [omni.usd] Warning: in GetNodeDiscoveryResults at line 136 of /builds/omniverse/usd-ci/USD/pxr/usd/usdShade/shaderDefUtils.cpp -- Unable to resolve info:sourceAsset </UsdUVTexture.info:mdl:sourceAsset> with value @UsdPreviewSurface.mdl@.

2026-08-09 14:39:19 [32,391ms] [Warning] [omni.usd] Warning: in GetNodeDiscoveryResults at line 136 of /builds/omniverse/usd-ci/USD/pxr/usd/usdShade/shaderDefUtils.cpp -- Unable to resolve info:sourceAsset </UsdPrimvarReader_float.info:mdl:sourceAsset> with value @UsdPreviewSurface.mdl@.

2026-08-09 14:39:19 [32,391ms] [Warning] [omni.usd] Warning: in GetNodeDiscoveryResults at line 136 of /builds/omniverse/usd-ci/USD/pxr/usd/usdShade/shaderDefUtils.cpp -- Unable to resolve info:sourceAsset </UsdPrimvarReader_float2.info:mdl:sourceAsset> with value @UsdPreviewSurface.mdl@.

2026-08-09 14:39:19 [32,391ms] [Warning] [omni.usd] Warning: in GetNodeDiscoveryResults at line 136 of /builds/omniverse/usd-ci/USD/pxr/usd/usdShade/shaderDefUtils.cpp -- Unable to resolve info:sourceAsset </UsdPrimvarReader_float3.info:mdl:sourceAsset> with value @UsdPreviewSurface.mdl@.

2026-08-09 14:39:19 [32,391ms] [Warning] [omni.usd] Warning: in GetNodeDiscoveryResults at line 136 of /builds/omniverse/usd-ci/USD/pxr/usd/usdShade/shaderDefUtils.cpp -- Unable to resolve info:sourceAsset </UsdPrimvarReader_float4.info:mdl:sourceAsset> with value @UsdPreviewSurface.mdl@.

2026-08-09 14:39:19 [32,392ms] [Warning] [omni.usd] Warning: in GetNodeDiscoveryResults at line 136 of /builds/omniverse/usd-ci/USD/pxr/usd/usdShade/shaderDefUtils.cpp -- Unable to resolve info:sourceAsset </UsdPrimvarReader_int.info:mdl:sourceAsset> with value @UsdPreviewSurface.mdl@.

2026-08-09 14:39:19 [32,392ms] [Warning] [omni.usd] Warning: in GetNodeDiscoveryResults at line 136 of /builds/omn[INFO][AppLauncher]: Using device: cuda:0
[INFO][AppLauncher]: Loading experience file: /mnt/data/users/haoyu/workspace/code/fpo-control/isaaclab_experiments/thirdparty/IsaacLab/apps/isaaclab.python.headless.kit
[INFO]: Parsing configuration from: isaaclab_tasks.manager_based.locomotion.velocity.config.spot.flat_env_cfg:SpotFlatEnvCfg
Setting seed: 20261640
[INFO]: Base environment:
	Environment device    : cuda:0
	Environment seed      : 20261640
	Physics step-size     : 0.002
	Rendering step-size   : 0.02
	Environment step-size : 0.02
[INFO] Generating terrains randomly took : 0.558255 seconds
[INFO]: Time taken for scene creation : 4.972033 seconds
[INFO]: Scene manager:  <class InteractiveScene>
	Number of environments: 256
	Environment spacing   : 2.5
	Source prim name      : /World/envs/env_0
	Global prim paths     : ['/World/ground']
	Replicate physics     : True
[INFO]: Starting the simulation. This may take a few seconds. Please wait...
[INFO]: Time taken for simulation start : 16.654984 seconds
[INFO] Command Manager:  <CommandManager> contains 1 active terms.
+------------------------------------------------+
|              Active Command Terms              |
+-------+---------------+------------------------+
| Index | Name          |          Type          |
+-------+---------------+------------------------+
|   0   | base_velocity | UniformVelocityCommand |
+-------+---------------+------------------------+

[INFO] Event Manager:  <EventManager> contains 3 active terms.
+--------------------------------------+
| Active Event Terms in Mode: 'startup' |
+----------+---------------------------+
|  Index   | Name                      |
+----------+---------------------------+
|    0     | physics_material          |
|    1     | add_base_mass             |
+----------+---------------------------+
+---------------------------------------+
|  Active Event Terms in Mode: 'reset'  |
+--------+------------------------------+
| Index  | Name                         |
+--------+------------------------------+
|   0    | base_external_force_torque   |
|   1    | reset_base                   |
|   2    | reset_robot_joints           |
+--------+------------------------------+
+----------------------------------------------+
|    Active Event Terms in Mode: 'interval'    |
+-------+------------+-------------------------+
| Index | Name       | Interval time range (s) |
+-------+------------+-------------------------+
|   0   | push_robot |       (10.0, 15.0)      |
+-------+------------+-------------------------+

[INFO] Recorder Manager:  <RecorderManager> contains 0 active terms.
+---------------------+
| Active Recorder Terms |
+-----------+---------+
|   Index   | Name    |
+-----------+---------+
+-----------+---------+

[INFO] Action Manager:  <ActionManager> contains 1 active terms.
+------------------------------------+
|  Active Action Terms (shape: 12)   |
+--------+-------------+-------------+
| Index  | Name        |   Dimension |
+--------+-------------+-------------+
|   0    | joint_pos   |          12 |
+--------+-------------+-------------+

[INFO] Observation Manager: <ObservationManager> contains 1 groups.
+---------------------------------------------------------+
| Active Observation Terms in Group: 'policy' (shape: (48,)) |
+-----------+---------------------------------+-----------+
|   Index   | Name                            |   Shape   |
+-----------+---------------------------------+-----------+
|     0     | base_lin_vel                    |    (3,)   |
|     1     | base_ang_vel                    |    (3,)   |
|     2     | projected_gravity               |    (3,)   |
|     3     | velocity_commands               |    (3,)   |
|     4     | joint_pos                       |   (12,)   |
|     5     | joint_vel                       |   (12,)   |
|     6     | actions                         |   (12,)   |
+-----------+---------------------------------+-----------+

[INFO] Termination Manager:  <TerminationManager> contains 3 active terms.
+------------------------------------------+
|         Active Termination Terms         |
+-------+-----------------------+----------+
| Index | Name                  | Time Out |
+-------+-----------------------+----------+
|   0   | time_out              |   True   |
|   1   | body_contact          |  False   |
|   2   | terrain_out_of_bounds |   True   |
+-------+-----------------------+----------+

[INFO] Reward Manager:  <RewardManager> contains 14 active terms.
+-----------------------------------------+
|           Active Reward Terms           |
+-------+-----------------------+---------+
| Index | Name                  |  Weight |
+-------+-----------------------+---------+
|   0   | air_time              |     5.0 |
|   1   | base_angular_velocity |     5.0 |
|   2   | base_linear_velocity  |     5.0 |
|   3   | foot_clearance        |     0.5 |
|   4   | gait                  |    10.0 |
|   5   | action_smoothness     |    -1.0 |
|   6   | air_time_variance     |    -1.0 |
|   7   | base_motion           |    -2.0 |
|   8   | base_orientation      |    -3.0 |
|   9   | foot_slip             |    -0.5 |
|   10  | joint_acc             | -0.0001 |
|   11  | joint_pos             |    -0.7 |
|   12  | joint_torques         | -0.0005 |
|   13  | joint_vel             |   -0.01 |
+-------+-----------------------+---------+

[INFO] Curriculum Manager:  <CurriculumManager> contains 1 active terms.
+---------------------------+
|  Active Curriculum Terms  |
+--------+------------------+
| Index  | Name             |
+--------+------------------+
|   0    | terrain_levels   |
+--------+------------------+

[INFO]: Completed setting up the environment...
Actor MLP: Sequential(
  (0): Linear(in_features=68, out_features=256, bias=True)
  (1): ELU(alpha=1.0)
  (2): Linear(in_features=256, out_features=256, bias=True)
  (3): ELU(alpha=1.0)
  (4): Linear(in_features=256, out_features=256, bias=True)
  (5): ELU(alpha=1.0)
  (6): Linear(in_features=256, out_features=12, bias=True)
)
Critic MLP: Sequential(
  (0): Linear(in_features=48, out_features=768, bias=True)
  (1): ELU(alpha=1.0)
  (2): Linear(in_features=768, out_features=768, bias=True)
  (3): ELU(alpha=1.0)
  (4): Linear(in_features=768, out_features=768, bias=True)
  (5): ELU(alpha=1.0)
  (6): Linear(in_features=768, out_features=1, bias=True)
)
EMA enabled with decay=0.95, warmup_steps=500
[INFO] Loaded EMA state from checkpoint
[INFO] Restored common_step_counter to 9209856 based on iteration 1499
{
  "checkpoint": "/mnt/data/users/haoyu/workspace/code/fpo-control/isaaclab_experiments/logs/isaaclab_fpo/spot_flat_flow/2026-08-09_21-09-38_spot_h74_seed42/model_1499.pt",
  "task": "Isaac-Velocity-Flat-Spot-v0",
  "seed": 20261640,
  "source_seed": 20261641,
  "secondary_source_seed": 20261642,
  "num_envs": 256,
  "episodes_per_mode": 256,
  "integration_method": "euler",
  "sampling_steps": 64,
  "nfe": 64,
  "modes": {
    "random": {
      "episode_returns": [
        0.21562251448631287,
        352.1007080078125,
        0.1823425143957138,
        344.9139709472656,
        355.37615966796875,
        332.3088684082031,
        330.7027893066406,
        336.9905090332031,
        342.6068115234375,
        335.6791076660156,
        311.55426025390625,
        321.8252868652344,
        324.1984558105469,
        330.0209655761719,
        317.04986572265625,
        328.0974426269531,
        346.94970703125,
        325.34271240234375,
        314.5522766113281,
        329.7606201171875,
        328.99200439453125,
        341.53033447265625,
        0.4360264539718628,
        322.2784118652344,
        327.8281555175781,
        356.327880859375,
        334.0797424316406,
        365.8183898925781,
        357.36956787109375,
        318.0208740234375,
        329.16864013671875,
        358.6580810546875,
        366.9467468261719,
        358.7938232421875,
        339.0526428222656,
        338.4537353515625,
        351.9639892578125,
        0.2250852733850479,
        331.7031555175781,
        331.79339599609375,
        341.2827453613281,
        326.7832336425781,
        328.7359924316406,
        358.499755859375,
        306.3586730957031,
        359.49237060546875,
        346.0375061035156,
        325.40264892578125,
        341.1030578613281,
        0.1845896691083908,
        335.7701721191406,
        0.3118287920951843,
        304.2027587890625,
        325.96368408203125,
        0.2267116904258728,
        344.6722412109375,
        323.2229919433594,
        340.9862060546875,
        328.7076110839844,
        341.6864929199219,
        334.9371337890625,
        357.092529296875,
        339.1259765625,
        334.5833435058594,
        337.5755920410156,
        318.7554016113281,
        347.4491882324219,
        368.69842529296875,
        333.1772766113281,
        333.0143737792969,
        322.97576904296875,
        342.98919677734375,
        329.94708251953125,
        295.8743591308594,
        334.4853210449219,
        346.7628173828125,
        321.7207336425781,
        329.54766845703125,
        355.5458679199219,
        320.2665100097656,
        349.7798767089844,
        0.22982604801654816,
        350.1741027832031,
        324.1094055175781,
        322.6592712402344,
        350.285400390625,
        333.5079345703125,
        307.5383605957031,
        355.741943359375,
        319.85992431640625,
        313.087646484375,
        320.36993408203125,
        332.588623046875,
        357.7492980957031,
        345.4221496582031,
        353.73529052734375,
        346.6802062988281,
        328.3788757324219,
        330.6459045410156,
        0.1983797699213028,
        331.9127502441406,
        327.38543701171875,
        332.88421630859375,
        328.04998779296875,
        316.8604736328125,
        343.0680847167969,
        339.69256591796875,
        318.9525451660156,
        328.51239013671875,
        334.5394287109375,
        0.260104238986969,
        339.8988342285156,
        347.6583251953125,
        333.41180419921875,
        333.8820495605469,
        315.2401123046875,
        322.9034118652344,
        323.4812927246094,
        319.91302490234375,
        0.18791858851909637,
        342.27874755859375,
        350.416015625,
        324.9832458496094,
        364.6581726074219,
        329.96856689453125,
        342.5033874511719,
        357.49951171875,
        323.4779357910156,
        347.7977600097656,
        338.7341003417969,
        338.922119140625,
        338.73455810546875,
        322.6104736328125,
        338.1633605957031,
        338.66668701171875,
        333.5920715332031,
        0.1636497974395752,
        325.609375,
        0.21049658954143524,
        0.13229511678218842,
        345.1136474609375,
        353.10009765625,
        327.8134460449219,
        326.33343505859375,
        329.7407531738281,
        338.51104736328125,
        348.5756530761719,
        312.6482238769531,
        331.6105651855469,
        361.5294189453125,
        336.7041931152344,
        336.4278869628906,
        329.22882080078125,
        326.0146789550781,
        333.42938232421875,
        347.9141540527344,
        334.52593994140625,
        331.61688232421875,
        340.1422119140625,
        353.22198486328125,
        363.8028869628906,
        312.7204284667969,
        339.7585754394531,
        337.047607421875,
        341.9364929199219,
        330.4230651855469,
        348.19854736328125,
        336.685791015625,
        335.895263671875,
        334.2100830078125,
        321.57501220703125,
        339.11016845703125,
        331.567626953125,
        345.9671630859375,
        356.05523681640625,
        333.5879211425781,
        327.0589904785156,
        0.21057254076004028,
        327.9317626953125,
        339.2893981933594,
        363.5127868652344,
        311.7233581542969,
        354.9778747558594,
        327.3582458496094,
        332.40106201171875,
        346.2209167480469,
        348.2478332519531,
        357.2549133300781,
        327.7425231933594,
        361.515380859375,
        342.0051574707031,
        0.22255726158618927,
        333.5297546386719,
        335.3736877441406,
        323.0018310546875,
        334.2895202636719,
        341.45770263671875,
        334.9807434082031,
        310.3023986816406,
        333.4725646972656,
        340.1092834472656,
        324.07696533203125,
        331.4067687988281,
        326.4527893066406,
        353.4090576171875,
        303.4567565917969,
        324.0534973144531,
        346.4819641113281,
        353.2117614746094,
        341.7191162109375,
        359.72991943359375,
        338.3960876464844,
        339.60595703125,
        321.94793701171875,
        342.0629577636719,
        306.4813232421875,
        317.25341796875,
        342.05413818359375,
        340.9595947265625,
        362.0079650878906,
        332.1513671875,
        354.4298400878906,
        335.37005615234375,
        347.8082580566406,
        323.10394287109375,
        345.217529296875,
        352.4410095214844,
        343.6729431152344,
        339.075439453125,
        328.191162109375,
        357.5445556640625,
        327.9207458496094,
        336.66778564453125,
        337.009033203125,
        338.4529113769531,
        343.8880615234375,
        0.34505966305732727,
        327.41278076171875,
        335.4052734375,
        333.59820556640625,
        326.7376403808594,
        329.08270263671875,
        354.64306640625,
        321.1891784667969,
        342.6056823730469,
        354.8438720703125,
        333.5785827636719,
        328.64495849609375,
        351.9530334472656,
        361.12591552734375,
        327.82769775390625,
        315.3443908691406,
        337.6300354003906,
        361.1177673339844,
        320.94793701171875,
        331.2679138183594
      ],
      "episode_lengths": [
        1,
        1000,
        1,
        1000,
        1000,
        1000,
        1000,
        1000,
        1000,
        1000,
        1000,
        1000,
        1000,
        1000,
        1000,
        1000,
        1000,
        1000,
        1000,
        1000,
        1000,
        1000,
        2,
        1000,
        1000,
        1000,
        1000,
        1000,
        1000,
        1000,
        1000,
        1000,
        1000,
        1000,
        1000,
        1000,
        1000,
        1,
        1000,
        1000,
        1000,
        1000,
        1000,
        1000,
        1000,
        1000,
        1000,
        1000,
        1000,
        1,
        1000,
        2,
        1000,
        1000,
        1,
        1000,
        1000,
        1000,
        1000,
        1000,
        1000,
        1000,
        1000,
        1000,
        1000,
        1000,
        1000,
        1000,
        1000,
        1000,
        1000,
        1000,
        1000,
        1000,
        1000,
        1000,
        1000,
        1000,
        1000,
        1000,
        1000,
        1,
        1000,
        1000,
        1000,
        1000,
        1000,
        1000,
        1000,
        1000,
        1000,
        1000,
        1000,
        1000,
        1000,
        1000,
        1000,
        1000,
        1000,
        1,
        1000,
        1000,
        1000,
        1000,
        1000,
        1000,
        1000,
        1000,
        1000,
        1000,
        1,
        1000,
        1000,
        1000,
        1000,
        1000,
        1000,
        1000,
        1000,
        1,
        1000,
        1000,
        1000,
        1000,
        1000,
        1000,
        1000,
        1000,
        1000,
        1000,
        1000,
        1000,
        1000,
        1000,
        1000,
        1000,
        1,
        1000,
        1,
        1,
        1000,
        1000,
        1000,
        1000,
        1000,
        1000,
        1000,
        1000,
        1000,
        1000,
        1000,
        1000,
        1000,
        1000,
        1000,
        1000,
        1000,
        1000,
        1000,
        1000,
        1000,
        1000,
        1000,
        1000,
        1000,
        1000,
        1000,
        1000,
        1000,
        1000,
        1000,
        1000,
        1000,
        1000,
        1000,
        1000,
        1000,
        1,
        1000,
        1000,
        1000,
        1000,
        1000,
        1000,
        1000,
        1000,
        1000,
        1000,
        1000,
        1000,
        1000,
        1,
        1000,
        1000,
        1000,
        1000,
        1000,
        1000,
        1000,
        1000,
        1000,
        1000,
        1000,
        1000,
        1000,
        1000,
        1000,
        1000,
        1000,
        1000,
        1000,
        1000,
        1000,
        1000,
        1000,
        1000,
        1000,
        1000,
        1000,
        1000,
        1000,
        1000,
        1000,
        1000,
        1000,
        1000,
        1000,
        1000,
        1000,
        1000,
        1000,
        1000,
        1000,
        1000,
        1000,
        1000,
        2,
        1000,
        1000,
        1000,
        1000,
        1000,
        1000,
        1000,
        1000,
        1000,
        1000,
        1000,
        1000,
        1000,
        1000,
        1000,
        1000,
        1000,
        1000,
        1000
      ],
      "mean_reward": 314.0020751953125,
      "std_reward": 84.87940979003906,
      "sem_reward": 5.304963111877441,
      "mean_length": 933.671875,
      "actions_finite": true,
      "episodes": 256,
      "initial_observation_sha256": "8cc88841716b6b80e8a27f3065a35290b2c6f28cd46981058f4038eeda4a5fae",
      "source_stream_sha256": "ac7f8fc4ac17d7f36ffc990622e8e5891738cca5035e735432d1013316a54bdc",
      "source_value_count": 6144000,
      "secondary_source_stream_sha256": null,
      "secondary_source_value_count": 0,
      "endpoint_count_per_action": 1,
      "nfe_per_action": 64
    }
  }
}iverse/usd-ci/USD/pxr/usd/usdShade/shaderDefUtils.cpp -- Unable to resolve info:sourceAsset </UsdPrimvarReader_string.info:mdl:sourceAsset> with value @UsdPreviewSurface.mdl@.

2026-08-09 14:39:19 [32,392ms] [Warning] [omni.usd] Warning: in GetNodeDiscoveryResults at line 136 of /builds/omniverse/usd-ci/USD/pxr/usd/usdShade/shaderDefUtils.cpp -- Unable to resolve info:sourceAsset </UsdPrimvarReader_normal.info:mdl:sourceAsset> with value @UsdPreviewSurface.mdl@.

2026-08-09 14:39:19 [32,392ms] [Warning] [omni.usd] Warning: in GetNodeDiscoveryResults at line 136 of /builds/omniverse/usd-ci/USD/pxr/usd/usdShade/shaderDefUtils.cpp -- Unable to resolve info:sourceAsset </UsdPrimvarReader_point.info:mdl:sourceAsset> with value @UsdPreviewSurface.mdl@.

2026-08-09 14:39:19 [32,392ms] [Warning] [omni.usd] Warning: in GetNodeDiscoveryResults at line 136 of /builds/omniverse/usd-ci/USD/pxr/usd/usdShade/shaderDefUtils.cpp -- Unable to resolve info:sourceAsset </UsdPrimvarReader_vector.info:mdl:sourceAsset> with value @UsdPreviewSurface.mdl@.

2026-08-09 14:39:19 [32,392ms] [Warning] [omni.usd] Warning: in GetNodeDiscoveryResults at line 136 of /builds/omniverse/usd-ci/USD/pxr/usd/usdShade/shaderDefUtils.cpp -- Unable to resolve info:sourceAsset </UsdPrimvarReader_matrix.info:mdl:sourceAsset> with value @UsdPreviewSurface.mdl@.

2026-08-09 14:39:19 [32,393ms] [Warning] [omni.usd] Warning: in GetNodeDiscoveryResults at line 136 of /builds/omniverse/usd-ci/USD/pxr/usd/usdShade/shaderDefUtils.cpp -- Unable to resolve info:sourceAsset </UsdTransform2d.info:mdl:sourceAsset> with value @UsdPreviewSurface.mdl@.

