[robosuite WARNING] No private macro file found! (macros.py:57)
[robosuite WARNING] It is recommended to use a private macro file (macros.py:58)
[robosuite WARNING] To setup, run: python /mnt/data/users/haoyu/workspace/code/fpo-control/manipulation_experiments/thirdparty/robosuite/robosuite/scripts/setup_macros.py (macros.py:59)
[robosuite WARNING] Could not import robosuite_models. Some robots may not be available. If you want to use these robots, please install robosuite_models from source (https://github.com/ARISE-Initiative/robosuite_models) or through pip install. (__init__.py:30)
2026-08-09 14:20:22,914 | INFO | ================================================================================
2026-08-09 14:20:22,914 | INFO | Evaluation sampling mode: zero
2026-08-09 14:20:22,914 | INFO | Checkpoint Evaluation
2026-08-09 14:20:22,914 | INFO | ================================================================================
2026-08-09 14:20:22,915 | INFO | Random seed set to 20261001
2026-08-09 14:20:22,915 | INFO | Output directory: /home/haoyu/workspace/outputs/fpo-control/results/can_h54_control_zero_balanced20_seed20261001
2026-08-09 14:20:22,915 | INFO | Using local checkpoint: downloaded_checkpoints/95j3noe4_step_1000
2026-08-09 14:20:22,915 | INFO | Loading policy from downloaded_checkpoints/95j3noe4_step_1000/policy...
2026-08-09 14:20:22,915 | INFO | Loading config from downloaded_checkpoints/95j3noe4_step_1000/policy/config.json...
2026-08-09 14:20:22,915 | INFO | Image features: ['observation.images.robot0_eye_in_hand']
2026-08-09 14:20:22,915 | INFO | State features: ['observation.state']
2026-08-09 14:20:22,915 | INFO | Constructing FlowMatchingPolicy from config...
2026-08-09 14:20:23,001 | INFO | Loading model weights from downloaded_checkpoints/95j3noe4_step_1000/policy/model.safetensors...
2026-08-09 14:20:23,555 | INFO | Loaded and applied EMA weights from checkpoint
2026-08-09 14:20:23,556 | INFO | Policy loaded successfully
2026-08-09 14:20:23,556 | INFO | Policy config: horizon=16, n_action_steps=8, sampling_steps=10
2026-08-09 14:20:23,563 | INFO | Creating evaluation environment: Can
2026-08-09 14:20:23,563 | INFO | Using image features from checkpoint config: ['observation.images.robot0_eye_in_hand']
2026-08-09 14:20:23,563 | INFO | Production mode: using gymnasium.vector.AsyncVectorEnv
2026-08-09 14:20:23,563 | INFO | Video key: agentview
2026-08-09 14:20:23,563 | INFO | Using image observation keys: ['robot0_eye_in_hand']
[robosuite INFO] Loading controller configuration from: /mnt/data/users/haoyu/workspace/code/fpo-control/manipulation_experiments/thirdparty/robosuite/robosuite/controllers/config/robots/default_panda.json (composite_controller_factory.py:121)
2026-08-09 14:20:23,563 | INFO | Loading controller configuration from: /mnt/data/users/haoyu/workspace/code/fpo-control/manipulation_experiments/thirdparty/robosuite/robosuite/controllers/config/robots/default_panda.json
2026-08-09 14:20:25,325 | INFO | Successfully created PickPlaceCan environment via robosuite.make() with cameras at 84x84
2026-08-09 14:20:25,325 | INFO | Configured cameras: ['robot0_eye_in_hand']
[ViT Init] Inferred image size from dataset: 84x84
num_visible_gpus: 1 [1] render_override: None
render_gpu_device_id: 1
[robosuite WARNING] No private macro file found! (macros.py:57)
[robosuite WARNING] It is recommended to use a private macro file (macros.py:58)
[robosuite WARNING] To setup, run: python /mnt/data/users/haoyu/workspace/code/fpo-control/manipulation_experiments/thirdparty/robosuite/robosuite/scripts/setup_macros.py (macros.py:59)
[robosuite WARNING] No private macro file found! (macros.py:57)
[robosuite WARNING] It is recommended to use a private macro file (macros.py:58)
[robosuite WARNING] To setup, run: python /mnt/data/users/haoyu/workspace/code/fpo-control/manipulation_experiments/thirdparty/robosuite/robosuite/scripts/setup_macros.py (macros.py:59)
[robosuite WARNING] No private macro file found! (macros.py:57)
[robosuite WARNING] It is recommended to use a private macro file (macros.py:58)
[robosuite WARNING] To setup, run: python /mnt/data/users/haoyu/workspace/code/fpo-control/manipulation_experiments/thirdparty/robosuite/robosuite/scripts/setup_macros.py (macros.py:59)
[robosuite WARNING] No private macro file found! (macros.py:57)
[robosuite WARNING] It is recommended to use a private macro file (macros.py:58)
[robosuite WARNING] To setup, run: python /mnt/data/users/haoyu/workspace/code/fpo-control/manipulation_experiments/thirdparty/robosuite/robosuite/scripts/setup_macros.py (macros.py:59)
[robosuite WARNING] Could not import robosuite_models. Some robots may not be available. If you want to use these robots, please install robosuite_models from source (https://github.com/ARISE-Initiative/robosuite_models) or through pip install. (__init__.py:30)
[robosuite WARNING] Could not import robosuite_models. Some robots may not be available. If you want to use these robots, please install robosuite_models from source (https://github.com/ARISE-Initiative/robosuite_models) or through pip install. (__init__.py:30)
[robosuite WARNING] Could not import robosuite_models. Some robots may not be available. If you want to use these robots, please install robosuite_models from source (https://github.com/ARISE-Initiative/robosuite_models) or through pip install. (__init__.py:30)
[robosuite WARNING] Could not import robosuite_models. Some robots may not be available. If you want to use these robots, please install robosuite_models from source (https://github.com/ARISE-Initiative/robosuite_models) or through pip install. (__init__.py:30)
2026-08-09 14:20:32,819 | INFO | Video key: agentview
2026-08-09 14:20:32,819 | INFO | Using image observation keys: ['robot0_eye_in_hand']
[robosuite INFO] Loading controller configuration from: /mnt/data/users/haoyu/workspace/code/fpo-control/manipulation_experiments/thirdparty/robosuite/robosuite/controllers/config/robots/default_panda.json (composite_controller_factory.py:121)
2026-08-09 14:20:32,819 | INFO | Loading controller configuration from: /mnt/data/users/haoyu/workspace/code/fpo-control/manipulation_experiments/thirdparty/robosuite/robosuite/controllers/config/robots/default_panda.json
2026-08-09 14:20:32,831 | INFO | Video key: agentview
2026-08-09 14:20:32,831 | INFO | Using image observation keys: ['robot0_eye_in_hand']
[robosuite INFO] Loading controller configuration from: /mnt/data/users/haoyu/workspace/code/fpo-control/manipulation_experiments/thirdparty/robosuite/robosuite/controllers/config/robots/default_panda.json (composite_controller_factory.py:121)
2026-08-09 14:20:32,831 | INFO | Loading controller configuration from: /mnt/data/users/haoyu/workspace/code/fpo-control/manipulation_experiments/thirdparty/robosuite/robosuite/controllers/config/robots/default_panda.json
2026-08-09 14:20:32,838 | INFO | Video key: agentview
2026-08-09 14:20:32,838 | INFO | Using image observation keys: ['robot0_eye_in_hand']
[robosuite INFO] Loading controller configuration from: /mnt/data/users/haoyu/workspace/code/fpo-control/manipulation_experiments/thirdparty/robosuite/robosuite/controllers/config/robots/default_panda.json (composite_controller_factory.py:121)
2026-08-09 14:20:32,839 | INFO | Loading controller configuration from: /mnt/data/users/haoyu/workspace/code/fpo-control/manipulation_experiments/thirdparty/robosuite/robosuite/controllers/config/robots/default_panda.json
2026-08-09 14:20:32,935 | INFO | Video key: agentview
2026-08-09 14:20:32,935 | INFO | Using image observation keys: ['robot0_eye_in_hand']
[robosuite INFO] Loading controller configuration from: /mnt/data/users/haoyu/workspace/code/fpo-control/manipulation_experiments/thirdparty/robosuite/robosuite/controllers/config/robots/default_panda.json (composite_controller_factory.py:121)
2026-08-09 14:20:32,936 | INFO | Loading controller configuration from: /mnt/data/users/haoyu/workspace/code/fpo-control/manipulation_experiments/thirdparty/robosuite/robosuite/controllers/config/robots/default_panda.json
2026-08-09 14:20:34,560 | INFO | Successfully created PickPlaceCan environment via robosuite.make() with cameras at 84x84
2026-08-09 14:20:34,560 | INFO | Configured cameras: ['robot0_eye_in_hand']
2026-08-09 14:20:34,577 | INFO | Successfully created PickPlaceCan environment via robosuite.make() with cameras at 84x84
2026-08-09 14:20:34,577 | INFO | Configured cameras: ['robot0_eye_in_hand']
2026-08-09 14:20:34,617 | INFO | Successfully created PickPlaceCan environment via robosuite.make() with cameras at 84x84
2026-08-09 14:20:34,617 | INFO | Configured cameras: ['robot0_eye_in_hand']
2026-08-09 14:20:34,737 | INFO | Successfully created PickPlaceCan environment via robosuite.make() with cameras at 84x84
2026-08-09 14:20:34,737 | INFO | Configured cameras: ['robot0_eye_in_hand']
2026-08-09 14:20:35,833 | INFO | Created 4 vectorized Can environments
2026-08-09 14:20:35,833 | INFO | Set video key to 'agentview' for video recording
2026-08-09 14:20:35,834 | INFO | ================================================================================
2026-08-09 14:20:35,834 | INFO | Starting Evaluation
2026-08-09 14:20:35,834 | INFO | ================================================================================
2026-08-09 14:20:35,834 | INFO | Running rollouts with environment: Can
2026-08-09 14:20:35,834 | INFO | Starting evaluation: 20 episodes using 4 parallel environments
2026-08-09 14:20:36,832 | INFO | Created observation keys: ['observation.state', 'observation.images.robot0_eye_in_hand']
2026-08-09 14:20:36,843 | INFO | Created observation keys: ['observation.state', 'observation.images.robot0_eye_in_hand']
2026-08-09 14:20:36,916 | INFO | Created observation keys: ['observation.state', 'observation.images.robot0_eye_in_hand']
2026-08-09 14:20:36,947 | INFO | Created observation keys: ['observation.state', 'observation.images.robot0_eye_in_hand']
/home/haoyu/workspace/code/fpo-control/manipulation_experiments/thirdparty/miniconda3/envs/fpo_manipulation/lib/python3.10/contextlib.py:103: FutureWarning: `torch.backends.cuda.sdp_kernel()` is deprecated. In the future, this context manager will be removed. Please see `torch.nn.attention.sdpa_kernel()` for the new context manager, with updated signature.
  self.gen = func(*args, **kwds)
2026-08-09 14:21:04,168 | INFO | Total steps: 1000, done episodes: 3, successes: 3, FPS: 35.3
2026-08-09 14:21:29,156 | INFO | Total steps: 2000, done episodes: 7, successes: 6, FPS: 37.5
2026-08-09 14:21:55,954 | INFO | Total steps: 3000, done episodes: 13, successes: 11, FPS: 37.4
2026-08-09 14:22:20,819 | INFO | Total steps: 4000, done episodes: 18, successes: 15, FPS: 38.1
2026-08-09 14:22:41,737 | INFO | Evaluation completed: 20 episodes, 16 successes (80.0%) for task **Can**
2026-08-09 14:22:41,737 | INFO | Success stats across environments: mean=0.80 +/- 0.14
2026-08-09 14:22:41,738 | INFO | Average return: 0.800 +/- 0.400
2026-08-09 14:22:41,738 | INFO | Average episode length: 204.9 +/- 54.1
2026-08-09 14:22:41,738 | INFO | Performance: 4800 total steps in 125.9s
2026-08-09 14:22:41,738 | INFO | Average FPS: 38.1 frames/sec | Episodes/sec: 0.16
2026-08-09 14:22:41,738 | INFO | ================================================================================
2026-08-09 14:22:41,738 | INFO | Evaluation Summary
2026-08-09 14:22:41,738 | INFO | ================================================================================
2026-08-09 14:22:41,738 | INFO | Environment: Can
2026-08-09 14:22:41,738 | INFO | Checkpoint: latest
2026-08-09 14:22:41,738 | INFO | Episodes: 20
2026-08-09 14:22:41,738 | INFO | Success Rate: 80.00% +/- 14.14%
2026-08-09 14:22:41,738 | INFO | Average Return: 0.800 +/- 0.400
2026-08-09 14:22:41,738 | INFO | FPS: 38.1
2026-08-09 14:22:41,738 | INFO | ================================================================================
2026-08-09 14:22:41,738 | INFO | Summary saved to: /home/haoyu/workspace/outputs/fpo-control/results/can_h54_control_zero_balanced20_seed20261001/eval_summary_Can_latest_zero.txt
render_gpu_device_id: 1
render_gpu_device_id: 1
render_gpu_device_id: 1
render_gpu_device_id: 1
2026-08-09 14:22:43,389 | INFO | Evaluation completed successfully!
