[robosuite WARNING] No private macro file found! (macros.py:57)
[robosuite WARNING] It is recommended to use a private macro file (macros.py:58)
[robosuite WARNING] To setup, run: python /mnt/data/users/haoyu/workspace/code/fpo-control/manipulation_experiments/thirdparty/robosuite/robosuite/scripts/setup_macros.py (macros.py:59)
[robosuite WARNING] Could not import robosuite_models. Some robots may not be available. If you want to use these robots, please install robosuite_models from source (https://github.com/ARISE-Initiative/robosuite_models) or through pip install. (__init__.py:30)
2026-08-09 08:42:01,987 | INFO | ================================================================================
2026-08-09 08:42:01,987 | INFO | Evaluation sampling mode: random
2026-08-09 08:42:01,987 | INFO | Checkpoint Evaluation
2026-08-09 08:42:01,987 | INFO | ================================================================================
2026-08-09 08:42:01,988 | INFO | Random seed set to 20260914
2026-08-09 08:42:01,988 | INFO | Output directory: /home/haoyu/workspace/outputs/fpo-control/results/square_h41_candidate_random_balanced20_seed20260914
2026-08-09 08:42:01,988 | INFO | Using local checkpoint: /home/haoyu/workspace/outputs/fpo-control/results/square_h41_candidate_osmesa_seed20260913/checkpoints/latest
2026-08-09 08:42:01,988 | INFO | Loading policy from /home/haoyu/workspace/outputs/fpo-control/results/square_h41_candidate_osmesa_seed20260913/checkpoints/latest/policy...
2026-08-09 08:42:01,988 | INFO | Loading config from /home/haoyu/workspace/outputs/fpo-control/results/square_h41_candidate_osmesa_seed20260913/checkpoints/latest/policy/config.json...
2026-08-09 08:42:01,989 | INFO | Image features: ['observation.images.agentview']
2026-08-09 08:42:01,989 | INFO | State features: ['observation.state']
2026-08-09 08:42:01,989 | INFO | Constructing FlowMatchingPolicy from config...
2026-08-09 08:42:02,071 | INFO | Loading model weights from /home/haoyu/workspace/outputs/fpo-control/results/square_h41_candidate_osmesa_seed20260913/checkpoints/latest/policy/model.safetensors...
2026-08-09 08:42:02,395 | INFO | Policy loaded successfully
2026-08-09 08:42:02,395 | INFO | Policy config: horizon=16, n_action_steps=16, sampling_steps=10
2026-08-09 08:42:02,395 | INFO | Overriding integration steps: 10
2026-08-09 08:42:02,395 | INFO | Creating evaluation environment: Square
2026-08-09 08:42:02,395 | INFO | Using image features from checkpoint config: ['observation.images.agentview']
2026-08-09 08:42:02,395 | INFO | Production mode: using gymnasium.vector.AsyncVectorEnv
2026-08-09 08:42:02,395 | INFO | Video key: agentview
2026-08-09 08:42:02,395 | INFO | Using image observation keys: ['agentview']
[robosuite INFO] Loading controller configuration from: /mnt/data/users/haoyu/workspace/code/fpo-control/manipulation_experiments/thirdparty/robosuite/robosuite/controllers/config/robots/default_panda.json (composite_controller_factory.py:121)
2026-08-09 08:42:02,396 | INFO | Loading controller configuration from: /mnt/data/users/haoyu/workspace/code/fpo-control/manipulation_experiments/thirdparty/robosuite/robosuite/controllers/config/robots/default_panda.json
2026-08-09 08:42:04,203 | INFO | Successfully created NutAssemblySquare environment via robosuite.make() with cameras at 84x84
2026-08-09 08:42:04,204 | INFO | Configured cameras: ['agentview']
[ViT Init] Inferred image size from dataset: 84x84
num_visible_gpus: 1 [1] render_override: 
render_gpu_device_id: 1
[robosuite WARNING] No private macro file found! (macros.py:57)
[robosuite WARNING] It is recommended to use a private macro file (macros.py:58)
[robosuite WARNING] To setup, run: python /mnt/data/users/haoyu/workspace/code/fpo-control/manipulation_experiments/thirdparty/robosuite/robosuite/scripts/setup_macros.py (macros.py:59)
[robosuite WARNING] No private macro file found! (macros.py:57)
[robosuite WARNING] It is recommended to use a private macro file (macros.py:58)
[robosuite WARNING] To setup, run: python /mnt/data/users/haoyu/workspace/code/fpo-control/manipulation_experiments/thirdparty/robosuite/robosuite/scripts/setup_macros.py (macros.py:59)
[robosuite WARNING] No private macro file found! (macros.py:57)
[robosuite WARNING] It is recommended to use a private macro file (macros.py:58)
[robosuite WARNING] To setup, run: python /mnt/data/users/haoyu/workspace/code/fpo-control/manipulation_experiments/thirdparty/robosuite/robosuite/scripts/setup_macros.py (macros.py:59)
[robosuite WARNING] No private macro file found! (macros.py:57)
[robosuite WARNING] It is recommended to use a private macro file (macros.py:58)
[robosuite WARNING] To setup, run: python /mnt/data/users/haoyu/workspace/code/fpo-control/manipulation_experiments/thirdparty/robosuite/robosuite/scripts/setup_macros.py (macros.py:59)
[robosuite WARNING] No private macro file found! (macros.py:57)
[robosuite WARNING] It is recommended to use a private macro file (macros.py:58)
[robosuite WARNING] To setup, run: python /mnt/data/users/haoyu/workspace/code/fpo-control/manipulation_experiments/thirdparty/robosuite/robosuite/scripts/setup_macros.py (macros.py:59)
[robosuite WARNING] No private macro file found! (macros.py:57)
[robosuite WARNING] It is recommended to use a private macro file (macros.py:58)
[robosuite WARNING] To setup, run: python /mnt/data/users/haoyu/workspace/code/fpo-control/manipulation_experiments/thirdparty/robosuite/robosuite/scripts/setup_macros.py (macros.py:59)
[robosuite WARNING] No private macro file found! (macros.py:57)
[robosuite WARNING] It is recommended to use a private macro file (macros.py:58)
[robosuite WARNING] To setup, run: python /mnt/data/users/haoyu/workspace/code/fpo-control/manipulation_experiments/thirdparty/robosuite/robosuite/scripts/setup_macros.py (macros.py:59)
[robosuite WARNING] No private macro file found! (macros.py:57)
[robosuite WARNING] It is recommended to use a private macro file (macros.py:58)
[robosuite WARNING] To setup, run: python /mnt/data/users/haoyu/workspace/code/fpo-control/manipulation_experiments/thirdparty/robosuite/robosuite/scripts/setup_macros.py (macros.py:59)
[robosuite WARNING] No private macro file found! (macros.py:57)
[robosuite WARNING] It is recommended to use a private macro file (macros.py:58)
[robosuite WARNING] To setup, run: python /mnt/data/users/haoyu/workspace/code/fpo-control/manipulation_experiments/thirdparty/robosuite/robosuite/scripts/setup_macros.py (macros.py:59)
[robosuite WARNING] No private macro file found! (macros.py:57)
[robosuite WARNING] It is recommended to use a private macro file (macros.py:58)
[robosuite WARNING] To setup, run: python /mnt/data/users/haoyu/workspace/code/fpo-control/manipulation_experiments/thirdparty/robosuite/robosuite/scripts/setup_macros.py (macros.py:59)
[robosuite WARNING] No private macro file found! (macros.py:57)
[robosuite WARNING] It is recommended to use a private macro file (macros.py:58)
[robosuite WARNING] To setup, run: python /mnt/data/users/haoyu/workspace/code/fpo-control/manipulation_experiments/thirdparty/robosuite/robosuite/scripts/setup_macros.py (macros.py:59)
[robosuite WARNING] No private macro file found! (macros.py:57)
[robosuite WARNING] It is recommended to use a private macro file (macros.py:58)
[robosuite WARNING] To setup, run: python /mnt/data/users/haoyu/workspace/code/fpo-control/manipulation_experiments/thirdparty/robosuite/robosuite/scripts/setup_macros.py (macros.py:59)
[robosuite WARNING] No private macro file found! (macros.py:57)
[robosuite WARNING] It is recommended to use a private macro file (macros.py:58)
[robosuite WARNING] To setup, run: python /mnt/data/users/haoyu/workspace/code/fpo-control/manipulation_experiments/thirdparty/robosuite/robosuite/scripts/setup_macros.py (macros.py:59)
[robosuite WARNING] No private macro file found! (macros.py:57)
[robosuite WARNING] It is recommended to use a private macro file (macros.py:58)
[robosuite WARNING] To setup, run: python /mnt/data/users/haoyu/workspace/code/fpo-control/manipulation_experiments/thirdparty/robosuite/robosuite/scripts/setup_macros.py (macros.py:59)
[robosuite WARNING] No private macro file found! (macros.py:57)
[robosuite WARNING] It is recommended to use a private macro file (macros.py:58)
[robosuite WARNING] To setup, run: python /mnt/data/users/haoyu/workspace/code/fpo-control/manipulation_experiments/thirdparty/robosuite/robosuite/scripts/setup_macros.py (macros.py:59)
[robosuite WARNING] No private macro file found! (macros.py:57)
[robosuite WARNING] It is recommended to use a private macro file (macros.py:58)
[robosuite WARNING] To setup, run: python /mnt/data/users/haoyu/workspace/code/fpo-control/manipulation_experiments/thirdparty/robosuite/robosuite/scripts/setup_macros.py (macros.py:59)
[robosuite WARNING] No private macro file found! (macros.py:57)
[robosuite WARNING] It is recommended to use a private macro file (macros.py:58)
[robosuite WARNING] To setup, run: python /mnt/data/users/haoyu/workspace/code/fpo-control/manipulation_experiments/thirdparty/robosuite/robosuite/scripts/setup_macros.py (macros.py:59)
[robosuite WARNING] No private macro file found! (macros.py:57)
[robosuite WARNING] It is recommended to use a private macro file (macros.py:58)
[robosuite WARNING] To setup, run: python /mnt/data/users/haoyu/workspace/code/fpo-control/manipulation_experiments/thirdparty/robosuite/robosuite/scripts/setup_macros.py (macros.py:59)
[robosuite WARNING] No private macro file found! (macros.py:57)
[robosuite WARNING] It is recommended to use a private macro file (macros.py:58)
[robosuite WARNING] To setup, run: python /mnt/data/users/haoyu/workspace/code/fpo-control/manipulation_experiments/thirdparty/robosuite/robosuite/scripts/setup_macros.py (macros.py:59)
[robosuite WARNING] No private macro file found! (macros.py:57)
[robosuite WARNING] It is recommended to use a private macro file (macros.py:58)
[robosuite WARNING] To setup, run: python /mnt/data/users/haoyu/workspace/code/fpo-control/manipulation_experiments/thirdparty/robosuite/robosuite/scripts/setup_macros.py (macros.py:59)
[robosuite WARNING] Could not import robosuite_models. Some robots may not be available. If you want to use these robots, please install robosuite_models from source (https://github.com/ARISE-Initiative/robosuite_models) or through pip install. (__init__.py:30)
[robosuite WARNING] Could not import robosuite_models. Some robots may not be available. If you want to use these robots, please install robosuite_models from source (https://github.com/ARISE-Initiative/robosuite_models) or through pip install. (__init__.py:30)
[robosuite WARNING] Could not import robosuite_models. Some robots may not be available. If you want to use these robots, please install robosuite_models from source (https://github.com/ARISE-Initiative/robosuite_models) or through pip install. (__init__.py:30)
[robosuite WARNING] Could not import robosuite_models. Some robots may not be available. If you want to use these robots, please install robosuite_models from source (https://github.com/ARISE-Initiative/robosuite_models) or through pip install. (__init__.py:30)
[robosuite WARNING] Could not import robosuite_models. Some robots may not be available. If you want to use these robots, please install robosuite_models from source (https://github.com/ARISE-Initiative/robosuite_models) or through pip install. (__init__.py:30)
[robosuite WARNING] Could not import robosuite_models. Some robots may not be available. If you want to use these robots, please install robosuite_models from source (https://github.com/ARISE-Initiative/robosuite_models) or through pip install. (__init__.py:30)
[robosuite WARNING] Could not import robosuite_models. Some robots may not be available. If you want to use these robots, please install robosuite_models from source (https://github.com/ARISE-Initiative/robosuite_models) or through pip install. (__init__.py:30)
[robosuite WARNING] Could not import robosuite_models. Some robots may not be available. If you want to use these robots, please install robosuite_models from source (https://github.com/ARISE-Initiative/robosuite_models) or through pip install. (__init__.py:30)
[robosuite WARNING] Could not import robosuite_models. Some robots may not be available. If you want to use these robots, please install robosuite_models from source (https://github.com/ARISE-Initiative/robosuite_models) or through pip install. (__init__.py:30)
[robosuite WARNING] Could not import robosuite_models. Some robots may not be available. If you want to use these robots, please install robosuite_models from source (https://github.com/ARISE-Initiative/robosuite_models) or through pip install. (__init__.py:30)
[robosuite WARNING] Could not import robosuite_models. Some robots may not be available. If you want to use these robots, please install robosuite_models from source (https://github.com/ARISE-Initiative/robosuite_models) or through pip install. (__init__.py:30)
[robosuite WARNING] Could not import robosuite_models. Some robots may not be available. If you want to use these robots, please install robosuite_models from source (https://github.com/ARISE-Initiative/robosuite_models) or through pip install. (__init__.py:30)
[robosuite WARNING] Could not import robosuite_models. Some robots may not be available. If you want to use these robots, please install robosuite_models from source (https://github.com/ARISE-Initiative/robosuite_models) or through pip install. (__init__.py:30)
[robosuite WARNING] Could not import robosuite_models. Some robots may not be available. If you want to use these robots, please install robosuite_models from source (https://github.com/ARISE-Initiative/robosuite_models) or through pip install. (__init__.py:30)
[robosuite WARNING] Could not import robosuite_models. Some robots may not be available. If you want to use these robots, please install robosuite_models from source (https://github.com/ARISE-Initiative/robosuite_models) or through pip install. (__init__.py:30)
[robosuite WARNING] Could not import robosuite_models. Some robots may not be available. If you want to use these robots, please install robosuite_models from source (https://github.com/ARISE-Initiative/robosuite_models) or through pip install. (__init__.py:30)
[robosuite WARNING] Could not import robosuite_models. Some robots may not be available. If you want to use these robots, please install robosuite_models from source (https://github.com/ARISE-Initiative/robosuite_models) or through pip install. (__init__.py:30)
[robosuite WARNING] Could not import robosuite_models. Some robots may not be available. If you want to use these robots, please install robosuite_models from source (https://github.com/ARISE-Initiative/robosuite_models) or through pip install. (__init__.py:30)
[robosuite WARNING] Could not import robosuite_models. Some robots may not be available. If you want to use these robots, please install robosuite_models from source (https://github.com/ARISE-Initiative/robosuite_models) or through pip install. (__init__.py:30)
[robosuite WARNING] Could not import robosuite_models. Some robots may not be available. If you want to use these robots, please install robosuite_models from source (https://github.com/ARISE-Initiative/robosuite_models) or through pip install. (__init__.py:30)
2026-08-09 08:42:13,888 | INFO | Video key: agentview
2026-08-09 08:42:13,888 | INFO | Using image observation keys: ['agentview']
[robosuite INFO] Loading controller configuration from: /mnt/data/users/haoyu/workspace/code/fpo-control/manipulation_experiments/thirdparty/robosuite/robosuite/controllers/config/robots/default_panda.json (composite_controller_factory.py:121)
2026-08-09 08:42:13,888 | INFO | Loading controller configuration from: /mnt/data/users/haoyu/workspace/code/fpo-control/manipulation_experiments/thirdparty/robosuite/robosuite/controllers/config/robots/default_panda.json
2026-08-09 08:42:14,426 | INFO | Video key: agentview
2026-08-09 08:42:14,426 | INFO | Using image observation keys: ['agentview']
[robosuite INFO] Loading controller configuration from: /mnt/data/users/haoyu/workspace/code/fpo-control/manipulation_experiments/thirdparty/robosuite/robosuite/controllers/config/robots/default_panda.json (composite_controller_factory.py:121)
2026-08-09 08:42:14,426 | INFO | Loading controller configuration from: /mnt/data/users/haoyu/workspace/code/fpo-control/manipulation_experiments/thirdparty/robosuite/robosuite/controllers/config/robots/default_panda.json
2026-08-09 08:42:14,440 | INFO | Video key: agentview
2026-08-09 08:42:14,440 | INFO | Using image observation keys: ['agentview']
[robosuite INFO] Loading controller configuration from: /mnt/data/users/haoyu/workspace/code/fpo-control/manipulation_experiments/thirdparty/robosuite/robosuite/controllers/config/robots/default_panda.json (composite_controller_factory.py:121)
2026-08-09 08:42:14,440 | INFO | Loading controller configuration from: /mnt/data/users/haoyu/workspace/code/fpo-control/manipulation_experiments/thirdparty/robosuite/robosuite/controllers/config/robots/default_panda.json
2026-08-09 08:42:14,616 | INFO | Video key: agentview
2026-08-09 08:42:14,616 | INFO | Using image observation keys: ['agentview']
[robosuite INFO] Loading controller configuration from: /mnt/data/users/haoyu/workspace/code/fpo-control/manipulation_experiments/thirdparty/robosuite/robosuite/controllers/config/robots/default_panda.json (composite_controller_factory.py:121)
2026-08-09 08:42:14,616 | INFO | Loading controller configuration from: /mnt/data/users/haoyu/workspace/code/fpo-control/manipulation_experiments/thirdparty/robosuite/robosuite/controllers/config/robots/default_panda.json
2026-08-09 08:42:15,101 | INFO | Video key: agentview
2026-08-09 08:42:15,101 | INFO | Using image observation keys: ['agentview']
[robosuite INFO] Loading controller configuration from: /mnt/data/users/haoyu/workspace/code/fpo-control/manipulation_experiments/thirdparty/robosuite/robosuite/controllers/config/robots/default_panda.json (composite_controller_factory.py:121)
2026-08-09 08:42:15,101 | INFO | Loading controller configuration from: /mnt/data/users/haoyu/workspace/code/fpo-control/manipulation_experiments/thirdparty/robosuite/robosuite/controllers/config/robots/default_panda.json
2026-08-09 08:42:15,677 | INFO | Successfully created NutAssemblySquare environment via robosuite.make() with cameras at 84x84
2026-08-09 08:42:15,677 | INFO | Configured cameras: ['agentview']
2026-08-09 08:42:16,238 | INFO | Successfully created NutAssemblySquare environment via robosuite.make() with cameras at 84x84
2026-08-09 08:42:16,239 | INFO | Configured cameras: ['agentview']
2026-08-09 08:42:16,243 | INFO | Successfully created NutAssemblySquare environment via robosuite.make() with cameras at 84x84
2026-08-09 08:42:16,244 | INFO | Configured cameras: ['agentview']
2026-08-09 08:42:16,436 | INFO | Successfully created NutAssemblySquare environment via robosuite.make() with cameras at 84x84
2026-08-09 08:42:16,436 | INFO | Configured cameras: ['agentview']
2026-08-09 08:42:16,893 | INFO | Successfully created NutAssemblySquare environment via robosuite.make() with cameras at 84x84
2026-08-09 08:42:16,893 | INFO | Configured cameras: ['agentview']
2026-08-09 08:42:16,898 | INFO | Video key: agentview
2026-08-09 08:42:16,898 | INFO | Using image observation keys: ['agentview']
[robosuite INFO] Loading controller configuration from: /mnt/data/users/haoyu/workspace/code/fpo-control/manipulation_experiments/thirdparty/robosuite/robosuite/controllers/config/robots/default_panda.json (composite_controller_factory.py:121)
2026-08-09 08:42:16,899 | INFO | Loading controller configuration from: /mnt/data/users/haoyu/workspace/code/fpo-control/manipulation_experiments/thirdparty/robosuite/robosuite/controllers/config/robots/default_panda.json
2026-08-09 08:42:17,618 | INFO | Video key: agentview
2026-08-09 08:42:17,618 | INFO | Using image observation keys: ['agentview']
[robosuite INFO] Loading controller configuration from: /mnt/data/users/haoyu/workspace/code/fpo-control/manipulation_experiments/thirdparty/robosuite/robosuite/controllers/config/robots/default_panda.json (composite_controller_factory.py:121)
2026-08-09 08:42:17,618 | INFO | Loading controller configuration from: /mnt/data/users/haoyu/workspace/code/fpo-control/manipulation_experiments/thirdparty/robosuite/robosuite/controllers/config/robots/default_panda.json
2026-08-09 08:42:18,381 | INFO | Video key: agentview
2026-08-09 08:42:18,382 | INFO | Using image observation keys: ['agentview']
[robosuite INFO] Loading controller configuration from: /mnt/data/users/haoyu/workspace/code/fpo-control/manipulation_experiments/thirdparty/robosuite/robosuite/controllers/config/robots/default_panda.json (composite_controller_factory.py:121)
2026-08-09 08:42:18,382 | INFO | Loading controller configuration from: /mnt/data/users/haoyu/workspace/code/fpo-control/manipulation_experiments/thirdparty/robosuite/robosuite/controllers/config/robots/default_panda.json
2026-08-09 08:42:18,421 | INFO | Video key: agentview
2026-08-09 08:42:18,421 | INFO | Using image observation keys: ['agentview']
[robosuite INFO] Loading controller configuration from: /mnt/data/users/haoyu/workspace/code/fpo-control/manipulation_experiments/thirdparty/robosuite/robosuite/controllers/config/robots/default_panda.json (composite_controller_factory.py:121)
2026-08-09 08:42:18,421 | INFO | Loading controller configuration from: /mnt/data/users/haoyu/workspace/code/fpo-control/manipulation_experiments/thirdparty/robosuite/robosuite/controllers/config/robots/default_panda.json
2026-08-09 08:42:18,500 | INFO | Video key: agentview
2026-08-09 08:42:18,500 | INFO | Using image observation keys: ['agentview']
[robosuite INFO] Loading controller configuration from: /mnt/data/users/haoyu/workspace/code/fpo-control/manipulation_experiments/thirdparty/robosuite/robosuite/controllers/config/robots/default_panda.json (composite_controller_factory.py:121)
2026-08-09 08:42:18,501 | INFO | Loading controller configuration from: /mnt/data/users/haoyu/workspace/code/fpo-control/manipulation_experiments/thirdparty/robosuite/robosuite/controllers/config/robots/default_panda.json
2026-08-09 08:42:18,548 | INFO | Video key: agentview
2026-08-09 08:42:18,548 | INFO | Using image observation keys: ['agentview']
[robosuite INFO] Loading controller configuration from: /mnt/data/users/haoyu/workspace/code/fpo-control/manipulation_experiments/thirdparty/robosuite/robosuite/controllers/config/robots/default_panda.json (composite_controller_factory.py:121)
2026-08-09 08:42:18,548 | INFO | Loading controller configuration from: /mnt/data/users/haoyu/workspace/code/fpo-control/manipulation_experiments/thirdparty/robosuite/robosuite/controllers/config/robots/default_panda.json
2026-08-09 08:42:18,555 | INFO | Video key: agentview
2026-08-09 08:42:18,555 | INFO | Using image observation keys: ['agentview']
[robosuite INFO] Loading controller configuration from: /mnt/data/users/haoyu/workspace/code/fpo-control/manipulation_experiments/thirdparty/robosuite/robosuite/controllers/config/robots/default_panda.json (composite_controller_factory.py:121)
2026-08-09 08:42:18,555 | INFO | Loading controller configuration from: /mnt/data/users/haoyu/workspace/code/fpo-control/manipulation_experiments/thirdparty/robosuite/robosuite/controllers/config/robots/default_panda.json
2026-08-09 08:42:18,560 | INFO | Video key: agentview
2026-08-09 08:42:18,560 | INFO | Using image observation keys: ['agentview']
[robosuite INFO] Loading controller configuration from: /mnt/data/users/haoyu/workspace/code/fpo-control/manipulation_experiments/thirdparty/robosuite/robosuite/controllers/config/robots/default_panda.json (composite_controller_factory.py:121)
2026-08-09 08:42:18,560 | INFO | Loading controller configuration from: /mnt/data/users/haoyu/workspace/code/fpo-control/manipulation_experiments/thirdparty/robosuite/robosuite/controllers/config/robots/default_panda.json
2026-08-09 08:42:18,566 | INFO | Video key: agentview
2026-08-09 08:42:18,566 | INFO | Using image observation keys: ['agentview']
[robosuite INFO] Loading controller configuration from: /mnt/data/users/haoyu/workspace/code/fpo-control/manipulation_experiments/thirdparty/robosuite/robosuite/controllers/config/robots/default_panda.json (composite_controller_factory.py:121)
2026-08-09 08:42:18,567 | INFO | Loading controller configuration from: /mnt/data/users/haoyu/workspace/code/fpo-control/manipulation_experiments/thirdparty/robosuite/robosuite/controllers/config/robots/default_panda.json
2026-08-09 08:42:18,572 | INFO | Video key: agentview
2026-08-09 08:42:18,572 | INFO | Using image observation keys: ['agentview']
[robosuite INFO] Loading controller configuration from: /mnt/data/users/haoyu/workspace/code/fpo-control/manipulation_experiments/thirdparty/robosuite/robosuite/controllers/config/robots/default_panda.json (composite_controller_factory.py:121)
2026-08-09 08:42:18,572 | INFO | Loading controller configuration from: /mnt/data/users/haoyu/workspace/code/fpo-control/manipulation_experiments/thirdparty/robosuite/robosuite/controllers/config/robots/default_panda.json
2026-08-09 08:42:18,576 | INFO | Video key: agentview
2026-08-09 08:42:18,576 | INFO | Using image observation keys: ['agentview']
[robosuite INFO] Loading controller configuration from: /mnt/data/users/haoyu/workspace/code/fpo-control/manipulation_experiments/thirdparty/robosuite/robosuite/controllers/config/robots/default_panda.json (composite_controller_factory.py:121)
2026-08-09 08:42:18,576 | INFO | Loading controller configuration from: /mnt/data/users/haoyu/workspace/code/fpo-control/manipulation_experiments/thirdparty/robosuite/robosuite/controllers/config/robots/default_panda.json
2026-08-09 08:42:18,581 | INFO | Video key: agentview
2026-08-09 08:42:18,581 | INFO | Using image observation keys: ['agentview']
[robosuite INFO] Loading controller configuration from: /mnt/data/users/haoyu/workspace/code/fpo-control/manipulation_experiments/thirdparty/robosuite/robosuite/controllers/config/robots/default_panda.json (composite_controller_factory.py:121)
2026-08-09 08:42:18,582 | INFO | Loading controller configuration from: /mnt/data/users/haoyu/workspace/code/fpo-control/manipulation_experiments/thirdparty/robosuite/robosuite/controllers/config/robots/default_panda.json
2026-08-09 08:42:18,585 | INFO | Video key: agentview
2026-08-09 08:42:18,585 | INFO | Using image observation keys: ['agentview']
[robosuite INFO] Loading controller configuration from: /mnt/data/users/haoyu/workspace/code/fpo-control/manipulation_experiments/thirdparty/robosuite/robosuite/controllers/config/robots/default_panda.json (composite_controller_factory.py:121)
2026-08-09 08:42:18,585 | INFO | Loading controller configuration from: /mnt/data/users/haoyu/workspace/code/fpo-control/manipulation_experiments/thirdparty/robosuite/robosuite/controllers/config/robots/default_panda.json
2026-08-09 08:42:18,589 | INFO | Video key: agentview
2026-08-09 08:42:18,589 | INFO | Using image observation keys: ['agentview']
[robosuite INFO] Loading controller configuration from: /mnt/data/users/haoyu/workspace/code/fpo-control/manipulation_experiments/thirdparty/robosuite/robosuite/controllers/config/robots/default_panda.json (composite_controller_factory.py:121)
2026-08-09 08:42:18,589 | INFO | Loading controller configuration from: /mnt/data/users/haoyu/workspace/code/fpo-control/manipulation_experiments/thirdparty/robosuite/robosuite/controllers/config/robots/default_panda.json
2026-08-09 08:42:18,591 | INFO | Video key: agentview
2026-08-09 08:42:18,591 | INFO | Using image observation keys: ['agentview']
[robosuite INFO] Loading controller configuration from: /mnt/data/users/haoyu/workspace/code/fpo-control/manipulation_experiments/thirdparty/robosuite/robosuite/controllers/config/robots/default_panda.json (composite_controller_factory.py:121)
2026-08-09 08:42:18,591 | INFO | Loading controller configuration from: /mnt/data/users/haoyu/workspace/code/fpo-control/manipulation_experiments/thirdparty/robosuite/robosuite/controllers/config/robots/default_panda.json
2026-08-09 08:42:18,752 | INFO | Successfully created NutAssemblySquare environment via robosuite.make() with cameras at 84x84
2026-08-09 08:42:18,752 | INFO | Configured cameras: ['agentview']
2026-08-09 08:42:19,397 | INFO | Successfully created NutAssemblySquare environment via robosuite.make() with cameras at 84x84
2026-08-09 08:42:19,398 | INFO | Configured cameras: ['agentview']
2026-08-09 08:42:20,225 | INFO | Successfully created NutAssemblySquare environment via robosuite.make() with cameras at 84x84
2026-08-09 08:42:20,225 | INFO | Configured cameras: ['agentview']
2026-08-09 08:42:20,261 | INFO | Successfully created NutAssemblySquare environment via robosuite.make() with cameras at 84x84
2026-08-09 08:42:20,261 | INFO | Configured cameras: ['agentview']
2026-08-09 08:42:20,351 | INFO | Successfully created NutAssemblySquare environment via robosuite.make() with cameras at 84x84
2026-08-09 08:42:20,352 | INFO | Configured cameras: ['agentview']
2026-08-09 08:42:20,380 | INFO | Successfully created NutAssemblySquare environment via robosuite.make() with cameras at 84x84
2026-08-09 08:42:20,380 | INFO | Configured cameras: ['agentview']
2026-08-09 08:42:20,401 | INFO | Successfully created NutAssemblySquare environment via robosuite.make() with cameras at 84x84
2026-08-09 08:42:20,401 | INFO | Configured cameras: ['agentview']
2026-08-09 08:42:20,404 | INFO | Successfully created NutAssemblySquare environment via robosuite.make() with cameras at 84x84
2026-08-09 08:42:20,404 | INFO | Configured cameras: ['agentview']
2026-08-09 08:42:20,425 | INFO | Successfully created NutAssemblySquare environment via robosuite.make() with cameras at 84x84
2026-08-09 08:42:20,425 | INFO | Successfully created NutAssemblySquare environment via robosuite.make() with cameras at 84x84
2026-08-09 08:42:20,425 | INFO | Configured cameras: ['agentview']
2026-08-09 08:42:20,425 | INFO | Configured cameras: ['agentview']
2026-08-09 08:42:20,435 | INFO | Successfully created NutAssemblySquare environment via robosuite.make() with cameras at 84x84
2026-08-09 08:42:20,435 | INFO | Configured cameras: ['agentview']
2026-08-09 08:42:20,435 | INFO | Successfully created NutAssemblySquare environment via robosuite.make() with cameras at 84x84
2026-08-09 08:42:20,435 | INFO | Configured cameras: ['agentview']
2026-08-09 08:42:20,444 | INFO | Successfully created NutAssemblySquare environment via robosuite.make() with cameras at 84x84
2026-08-09 08:42:20,445 | INFO | Configured cameras: ['agentview']
2026-08-09 08:42:20,471 | INFO | Successfully created NutAssemblySquare environment via robosuite.make() with cameras at 84x84
2026-08-09 08:42:20,471 | INFO | Configured cameras: ['agentview']
2026-08-09 08:42:20,510 | INFO | Successfully created NutAssemblySquare environment via robosuite.make() with cameras at 84x84
2026-08-09 08:42:20,510 | INFO | Configured cameras: ['agentview']
2026-08-09 08:42:21,691 | INFO | Created 20 vectorized Square environments
2026-08-09 08:42:21,691 | INFO | Set video key to 'agentview' for video recording
2026-08-09 08:42:21,692 | INFO | ================================================================================
2026-08-09 08:42:21,692 | INFO | Starting Evaluation
2026-08-09 08:42:21,692 | INFO | ================================================================================
2026-08-09 08:42:21,692 | INFO | Running rollouts with environment: Square
2026-08-09 08:42:21,692 | INFO | Starting evaluation: 20 episodes using 20 parallel environments
2026-08-09 08:42:22,781 | INFO | Created observation keys: ['observation.state', 'observation.images.agentview']
2026-08-09 08:42:22,792 | INFO | Created observation keys: ['observation.state', 'observation.images.agentview']
2026-08-09 08:42:22,796 | INFO | Created observation keys: ['observation.state', 'observation.images.agentview']
2026-08-09 08:42:22,814 | INFO | Created observation keys: ['observation.state', 'observation.images.agentview']
2026-08-09 08:42:22,815 | INFO | Created observation keys: ['observation.state', 'observation.images.agentview']
2026-08-09 08:42:22,817 | INFO | Created observation keys: ['observation.state', 'observation.images.agentview']
2026-08-09 08:42:22,826 | INFO | Created observation keys: ['observation.state', 'observation.images.agentview']
2026-08-09 08:42:22,828 | INFO | Created observation keys: ['observation.state', 'observation.images.agentview']
2026-08-09 08:42:22,831 | INFO | Created observation keys: ['observation.state', 'observation.images.agentview']
2026-08-09 08:42:22,834 | INFO | Created observation keys: ['observation.state', 'observation.images.agentview']
2026-08-09 08:42:22,839 | INFO | Created observation keys: ['observation.state', 'observation.images.agentview']
2026-08-09 08:42:22,852 | INFO | Created observation keys: ['observation.state', 'observation.images.agentview']
2026-08-09 08:42:22,853 | INFO | Created observation keys: ['observation.state', 'observation.images.agentview']
2026-08-09 08:42:22,876 | INFO | Created observation keys: ['observation.state', 'observation.images.agentview']
2026-08-09 08:42:22,881 | INFO | Created observation keys: ['observation.state', 'observation.images.agentview']
2026-08-09 08:42:22,889 | INFO | Created observation keys: ['observation.state', 'observation.images.agentview']
2026-08-09 08:42:22,889 | INFO | Created observation keys: ['observation.state', 'observation.images.agentview']
2026-08-09 08:42:22,899 | INFO | Created observation keys: ['observation.state', 'observation.images.agentview']
2026-08-09 08:42:22,917 | INFO | Created observation keys: ['observation.state', 'observation.images.agentview']
2026-08-09 08:42:22,917 | INFO | Created observation keys: ['observation.state', 'observation.images.agentview']
/home/haoyu/workspace/code/fpo-control/manipulation_experiments/thirdparty/miniconda3/envs/fpo_manipulation/lib/python3.10/contextlib.py:103: FutureWarning: `torch.backends.cuda.sdp_kernel()` is deprecated. In the future, this context manager will be removed. Please see `torch.nn.attention.sdpa_kernel()` for the new context manager, with updated signature.
  self.gen = func(*args, **kwds)
2026-08-09 08:42:31,374 | INFO | Total steps: 1000, done episodes: 0, successes: 0, FPS: 103.3
2026-08-09 08:42:35,580 | INFO | Total steps: 2000, done episodes: 0, successes: 0, FPS: 144.0
2026-08-09 08:42:40,764 | INFO | Total steps: 3000, done episodes: 1, successes: 1, FPS: 157.3
2026-08-09 08:42:46,081 | INFO | Total steps: 4000, done episodes: 2, successes: 2, FPS: 164.0
2026-08-09 08:42:51,463 | INFO | Total steps: 5000, done episodes: 3, successes: 3, FPS: 167.9
2026-08-09 08:42:57,883 | INFO | Total steps: 6000, done episodes: 5, successes: 5, FPS: 165.8
2026-08-09 08:43:03,237 | INFO | Total steps: 7000, done episodes: 6, successes: 6, FPS: 168.5
2026-08-09 08:43:08,735 | INFO | Evaluation completed: 20 episodes, 6 successes (30.0%) for task **Square**
2026-08-09 08:43:08,736 | INFO | Success stats across environments: mean=0.30 +/- 0.46
2026-08-09 08:43:08,736 | INFO | Average return: 0.300 +/- 0.458
2026-08-09 08:43:08,736 | INFO | Average episode length: 352.2 +/- 79.2
2026-08-09 08:43:08,736 | INFO | Performance: 8000 total steps in 47.0s
2026-08-09 08:43:08,736 | INFO | Average FPS: 170.1 frames/sec | Episodes/sec: 0.43
2026-08-09 08:43:08,736 | INFO | ================================================================================
2026-08-09 08:43:08,736 | INFO | Evaluation Summary
2026-08-09 08:43:08,736 | INFO | ================================================================================
2026-08-09 08:43:08,736 | INFO | Environment: Square
2026-08-09 08:43:08,736 | INFO | Checkpoint: latest
2026-08-09 08:43:08,736 | INFO | Episodes: 20
2026-08-09 08:43:08,736 | INFO | Success Rate: 30.00% +/- 45.83%
2026-08-09 08:43:08,736 | INFO | Average Return: 0.300 +/- 0.458
2026-08-09 08:43:08,736 | INFO | FPS: 170.1
2026-08-09 08:43:08,736 | INFO | ================================================================================
2026-08-09 08:43:08,737 | INFO | Summary saved to: /home/haoyu/workspace/outputs/fpo-control/results/square_h41_candidate_random_balanced20_seed20260914/eval_summary_Square_latest_random.txt
render_gpu_device_id: 1
render_gpu_device_id: 1
render_gpu_device_id: 1
render_gpu_device_id: 1
render_gpu_device_id: 1
render_gpu_device_id: 1
render_gpu_device_id: 1
render_gpu_device_id: 1
render_gpu_device_id: 1
render_gpu_device_id: 1
render_gpu_device_id: 1
render_gpu_device_id: 1
render_gpu_device_id: 1
render_gpu_device_id: 1
render_gpu_device_id: 1
render_gpu_device_id: 1
render_gpu_device_id: 1
render_gpu_device_id: 1
render_gpu_device_id: 1
render_gpu_device_id: 1
2026-08-09 08:43:12,228 | INFO | Evaluation completed successfully!
