[robosuite WARNING] No private macro file found! (macros.py:57)
[robosuite WARNING] It is recommended to use a private macro file (macros.py:58)
[robosuite WARNING] To setup, run: python /mnt/data/users/haoyu/workspace/code/fpo-control/manipulation_experiments/thirdparty/robosuite/robosuite/scripts/setup_macros.py (macros.py:59)
[robosuite WARNING] Could not import robosuite_models. Some robots may not be available. If you want to use these robots, please install robosuite_models from source (https://github.com/ARISE-Initiative/robosuite_models) or through pip install. (__init__.py:30)
2026-08-09 10:45:19,252 | INFO | ================================================================================
2026-08-09 10:45:19,252 | INFO | Evaluation sampling mode: random
2026-08-09 10:45:19,252 | INFO | Checkpoint Evaluation
2026-08-09 10:45:19,252 | INFO | ================================================================================
2026-08-09 10:45:19,253 | INFO | Random seed set to 20260923
2026-08-09 10:45:19,253 | INFO | Output directory: /home/haoyu/workspace/outputs/fpo-control/results/square_h47_candidate_random_balanced20_seed20260923
2026-08-09 10:45:19,253 | INFO | Using local checkpoint: /home/haoyu/workspace/outputs/fpo-control/results/square_h47_fullhorizon_osmesa_seed20260916/checkpoints/latest
2026-08-09 10:45:19,253 | INFO | Loading policy from /home/haoyu/workspace/outputs/fpo-control/results/square_h47_fullhorizon_osmesa_seed20260916/checkpoints/latest/policy...
2026-08-09 10:45:19,253 | INFO | Loading config from /home/haoyu/workspace/outputs/fpo-control/results/square_h47_fullhorizon_osmesa_seed20260916/checkpoints/latest/policy/config.json...
2026-08-09 10:45:19,254 | INFO | Image features: ['observation.images.agentview']
2026-08-09 10:45:19,254 | INFO | State features: ['observation.state']
2026-08-09 10:45:19,254 | INFO | Constructing FlowMatchingPolicy from config...
2026-08-09 10:45:19,335 | INFO | Loading model weights from /home/haoyu/workspace/outputs/fpo-control/results/square_h47_fullhorizon_osmesa_seed20260916/checkpoints/latest/policy/model.safetensors...
2026-08-09 10:45:19,666 | INFO | Policy loaded successfully
2026-08-09 10:45:19,666 | INFO | Policy config: horizon=16, n_action_steps=16, sampling_steps=10
2026-08-09 10:45:19,666 | INFO | Overriding integration steps: 10
2026-08-09 10:45:19,666 | INFO | Overriding executed action steps: 16
2026-08-09 10:45:19,666 | INFO | Creating evaluation environment: Square
2026-08-09 10:45:19,666 | INFO | Using image features from checkpoint config: ['observation.images.agentview']
2026-08-09 10:45:19,666 | INFO | Production mode: using gymnasium.vector.AsyncVectorEnv
2026-08-09 10:45:19,666 | INFO | Video key: agentview
2026-08-09 10:45:19,666 | INFO | Using image observation keys: ['agentview']
[robosuite INFO] Loading controller configuration from: /mnt/data/users/haoyu/workspace/code/fpo-control/manipulation_experiments/thirdparty/robosuite/robosuite/controllers/config/robots/default_panda.json (composite_controller_factory.py:121)
2026-08-09 10:45:19,667 | INFO | Loading controller configuration from: /mnt/data/users/haoyu/workspace/code/fpo-control/manipulation_experiments/thirdparty/robosuite/robosuite/controllers/config/robots/default_panda.json
2026-08-09 10:45:21,455 | INFO | Successfully created NutAssemblySquare environment via robosuite.make() with cameras at 84x84
2026-08-09 10:45:21,455 | INFO | Configured cameras: ['agentview']
[ViT Init] Inferred image size from dataset: 84x84
num_visible_gpus: 1 [1] render_override: 
render_gpu_device_id: 1
[robosuite WARNING] No private macro file found! (macros.py:57)
[robosuite WARNING] It is recommended to use a private macro file (macros.py:58)
[robosuite WARNING] To setup, run: python /mnt/data/users/haoyu/workspace/code/fpo-control/manipulation_experiments/thirdparty/robosuite/robosuite/scripts/setup_macros.py (macros.py:59)
[robosuite WARNING] No private macro file found! (macros.py:57)
[robosuite WARNING] It is recommended to use a private macro file (macros.py:58)
[robosuite WARNING] To setup, run: python /mnt/data/users/haoyu/workspace/code/fpo-control/manipulation_experiments/thirdparty/robosuite/robosuite/scripts/setup_macros.py (macros.py:59)
[robosuite WARNING] No private macro file found! (macros.py:57)
[robosuite WARNING] It is recommended to use a private macro file (macros.py:58)
[robosuite WARNING] To setup, run: python /mnt/data/users/haoyu/workspace/code/fpo-control/manipulation_experiments/thirdparty/robosuite/robosuite/scripts/setup_macros.py (macros.py:59)
[robosuite WARNING] No private macro file found! (macros.py:57)
[robosuite WARNING] It is recommended to use a private macro file (macros.py:58)
[robosuite WARNING] To setup, run: python /mnt/data/users/haoyu/workspace/code/fpo-control/manipulation_experiments/thirdparty/robosuite/robosuite/scripts/setup_macros.py (macros.py:59)
[robosuite WARNING] No private macro file found! (macros.py:57)
[robosuite WARNING] It is recommended to use a private macro file (macros.py:58)
[robosuite WARNING] To setup, run: python /mnt/data/users/haoyu/workspace/code/fpo-control/manipulation_experiments/thirdparty/robosuite/robosuite/scripts/setup_macros.py (macros.py:59)
[robosuite WARNING] No private macro file found! (macros.py:57)
[robosuite WARNING] It is recommended to use a private macro file (macros.py:58)
[robosuite WARNING] To setup, run: python /mnt/data/users/haoyu/workspace/code/fpo-control/manipulation_experiments/thirdparty/robosuite/robosuite/scripts/setup_macros.py (macros.py:59)
[robosuite WARNING] No private macro file found! (macros.py:57)
[robosuite WARNING] No private macro file found! (macros.py:57)
[robosuite WARNING] It is recommended to use a private macro file (macros.py:58)
[robosuite WARNING] It is recommended to use a private macro file (macros.py:58)
[robosuite WARNING] To setup, run: python /mnt/data/users/haoyu/workspace/code/fpo-control/manipulation_experiments/thirdparty/robosuite/robosuite/scripts/setup_macros.py (macros.py:59)
[robosuite WARNING] To setup, run: python /mnt/data/users/haoyu/workspace/code/fpo-control/manipulation_experiments/thirdparty/robosuite/robosuite/scripts/setup_macros.py (macros.py:59)
[robosuite WARNING] No private macro file found! (macros.py:57)
[robosuite WARNING] It is recommended to use a private macro file (macros.py:58)
[robosuite WARNING] To setup, run: python /mnt/data/users/haoyu/workspace/code/fpo-control/manipulation_experiments/thirdparty/robosuite/robosuite/scripts/setup_macros.py (macros.py:59)
[robosuite WARNING] No private macro file found! (macros.py:57)
[robosuite WARNING] It is recommended to use a private macro file (macros.py:58)
[robosuite WARNING] To setup, run: python /mnt/data/users/haoyu/workspace/code/fpo-control/manipulation_experiments/thirdparty/robosuite/robosuite/scripts/setup_macros.py (macros.py:59)
[robosuite WARNING] No private macro file found! (macros.py:57)
[robosuite WARNING] It is recommended to use a private macro file (macros.py:58)
[robosuite WARNING] To setup, run: python /mnt/data/users/haoyu/workspace/code/fpo-control/manipulation_experiments/thirdparty/robosuite/robosuite/scripts/setup_macros.py (macros.py:59)
[robosuite WARNING] No private macro file found! (macros.py:57)
[robosuite WARNING] It is recommended to use a private macro file (macros.py:58)
[robosuite WARNING] To setup, run: python /mnt/data/users/haoyu/workspace/code/fpo-control/manipulation_experiments/thirdparty/robosuite/robosuite/scripts/setup_macros.py (macros.py:59)
[robosuite WARNING] No private macro file found! (macros.py:57)
[robosuite WARNING] No private macro file found! (macros.py:57)
[robosuite WARNING] It is recommended to use a private macro file (macros.py:58)
[robosuite WARNING] To setup, run: python /mnt/data/users/haoyu/workspace/code/fpo-control/manipulation_experiments/thirdparty/robosuite/robosuite/scripts/setup_macros.py (macros.py:59)
[robosuite WARNING] It is recommended to use a private macro file (macros.py:58)
[robosuite WARNING] To setup, run: python /mnt/data/users/haoyu/workspace/code/fpo-control/manipulation_experiments/thirdparty/robosuite/robosuite/scripts/setup_macros.py (macros.py:59)
[robosuite WARNING] No private macro file found! (macros.py:57)
[robosuite WARNING] It is recommended to use a private macro file (macros.py:58)
[robosuite WARNING] To setup, run: python /mnt/data/users/haoyu/workspace/code/fpo-control/manipulation_experiments/thirdparty/robosuite/robosuite/scripts/setup_macros.py (macros.py:59)
[robosuite WARNING] No private macro file found! (macros.py:57)
[robosuite WARNING] It is recommended to use a private macro file (macros.py:58)
[robosuite WARNING] To setup, run: python /mnt/data/users/haoyu/workspace/code/fpo-control/manipulation_experiments/thirdparty/robosuite/robosuite/scripts/setup_macros.py (macros.py:59)
[robosuite WARNING] No private macro file found! (macros.py:57)
[robosuite WARNING] It is recommended to use a private macro file (macros.py:58)
[robosuite WARNING] To setup, run: python /mnt/data/users/haoyu/workspace/code/fpo-control/manipulation_experiments/thirdparty/robosuite/robosuite/scripts/setup_macros.py (macros.py:59)
[robosuite WARNING] No private macro file found! (macros.py:57)
[robosuite WARNING] It is recommended to use a private macro file (macros.py:58)
[robosuite WARNING] To setup, run: python /mnt/data/users/haoyu/workspace/code/fpo-control/manipulation_experiments/thirdparty/robosuite/robosuite/scripts/setup_macros.py (macros.py:59)
[robosuite WARNING] No private macro file found! (macros.py:57)
[robosuite WARNING] It is recommended to use a private macro file (macros.py:58)
[robosuite WARNING] To setup, run: python /mnt/data/users/haoyu/workspace/code/fpo-control/manipulation_experiments/thirdparty/robosuite/robosuite/scripts/setup_macros.py (macros.py:59)
[robosuite WARNING] No private macro file found! (macros.py:57)
[robosuite WARNING] It is recommended to use a private macro file (macros.py:58)
[robosuite WARNING] To setup, run: python /mnt/data/users/haoyu/workspace/code/fpo-control/manipulation_experiments/thirdparty/robosuite/robosuite/scripts/setup_macros.py (macros.py:59)
[robosuite WARNING] Could not import robosuite_models. Some robots may not be available. If you want to use these robots, please install robosuite_models from source (https://github.com/ARISE-Initiative/robosuite_models) or through pip install. (__init__.py:30)
[robosuite WARNING] Could not import robosuite_models. Some robots may not be available. If you want to use these robots, please install robosuite_models from source (https://github.com/ARISE-Initiative/robosuite_models) or through pip install. (__init__.py:30)
[robosuite WARNING] Could not import robosuite_models. Some robots may not be available. If you want to use these robots, please install robosuite_models from source (https://github.com/ARISE-Initiative/robosuite_models) or through pip install. (__init__.py:30)
[robosuite WARNING] Could not import robosuite_models. Some robots may not be available. If you want to use these robots, please install robosuite_models from source (https://github.com/ARISE-Initiative/robosuite_models) or through pip install. (__init__.py:30)
[robosuite WARNING] Could not import robosuite_models. Some robots may not be available. If you want to use these robots, please install robosuite_models from source (https://github.com/ARISE-Initiative/robosuite_models) or through pip install. (__init__.py:30)
[robosuite WARNING] Could not import robosuite_models. Some robots may not be available. If you want to use these robots, please install robosuite_models from source (https://github.com/ARISE-Initiative/robosuite_models) or through pip install. (__init__.py:30)
[robosuite WARNING] Could not import robosuite_models. Some robots may not be available. If you want to use these robots, please install robosuite_models from source (https://github.com/ARISE-Initiative/robosuite_models) or through pip install. (__init__.py:30)
[robosuite WARNING] Could not import robosuite_models. Some robots may not be available. If you want to use these robots, please install robosuite_models from source (https://github.com/ARISE-Initiative/robosuite_models) or through pip install. (__init__.py:30)
[robosuite WARNING] Could not import robosuite_models. Some robots may not be available. If you want to use these robots, please install robosuite_models from source (https://github.com/ARISE-Initiative/robosuite_models) or through pip install. (__init__.py:30)
[robosuite WARNING] Could not import robosuite_models. Some robots may not be available. If you want to use these robots, please install robosuite_models from source (https://github.com/ARISE-Initiative/robosuite_models) or through pip install. (__init__.py:30)
[robosuite WARNING] Could not import robosuite_models. Some robots may not be available. If you want to use these robots, please install robosuite_models from source (https://github.com/ARISE-Initiative/robosuite_models) or through pip install. (__init__.py:30)
[robosuite WARNING] Could not import robosuite_models. Some robots may not be available. If you want to use these robots, please install robosuite_models from source (https://github.com/ARISE-Initiative/robosuite_models) or through pip install. (__init__.py:30)
[robosuite WARNING] Could not import robosuite_models. Some robots may not be available. If you want to use these robots, please install robosuite_models from source (https://github.com/ARISE-Initiative/robosuite_models) or through pip install. (__init__.py:30)
[robosuite WARNING] Could not import robosuite_models. Some robots may not be available. If you want to use these robots, please install robosuite_models from source (https://github.com/ARISE-Initiative/robosuite_models) or through pip install. (__init__.py:30)
[robosuite WARNING] Could not import robosuite_models. Some robots may not be available. If you want to use these robots, please install robosuite_models from source (https://github.com/ARISE-Initiative/robosuite_models) or through pip install. (__init__.py:30)
[robosuite WARNING] Could not import robosuite_models. Some robots may not be available. If you want to use these robots, please install robosuite_models from source (https://github.com/ARISE-Initiative/robosuite_models) or through pip install. (__init__.py:30)
[robosuite WARNING] Could not import robosuite_models. Some robots may not be available. If you want to use these robots, please install robosuite_models from source (https://github.com/ARISE-Initiative/robosuite_models) or through pip install. (__init__.py:30)
[robosuite WARNING] Could not import robosuite_models. Some robots may not be available. If you want to use these robots, please install robosuite_models from source (https://github.com/ARISE-Initiative/robosuite_models) or through pip install. (__init__.py:30)
[robosuite WARNING] Could not import robosuite_models. Some robots may not be available. If you want to use these robots, please install robosuite_models from source (https://github.com/ARISE-Initiative/robosuite_models) or through pip install. (__init__.py:30)
[robosuite WARNING] Could not import robosuite_models. Some robots may not be available. If you want to use these robots, please install robosuite_models from source (https://github.com/ARISE-Initiative/robosuite_models) or through pip install. (__init__.py:30)
2026-08-09 10:45:30,892 | INFO | Video key: agentview
2026-08-09 10:45:30,892 | INFO | Using image observation keys: ['agentview']
[robosuite INFO] Loading controller configuration from: /mnt/data/users/haoyu/workspace/code/fpo-control/manipulation_experiments/thirdparty/robosuite/robosuite/controllers/config/robots/default_panda.json (composite_controller_factory.py:121)
2026-08-09 10:45:30,893 | INFO | Loading controller configuration from: /mnt/data/users/haoyu/workspace/code/fpo-control/manipulation_experiments/thirdparty/robosuite/robosuite/controllers/config/robots/default_panda.json
2026-08-09 10:45:30,924 | INFO | Video key: agentview
2026-08-09 10:45:30,924 | INFO | Using image observation keys: ['agentview']
[robosuite INFO] Loading controller configuration from: /mnt/data/users/haoyu/workspace/code/fpo-control/manipulation_experiments/thirdparty/robosuite/robosuite/controllers/config/robots/default_panda.json (composite_controller_factory.py:121)
2026-08-09 10:45:30,924 | INFO | Loading controller configuration from: /mnt/data/users/haoyu/workspace/code/fpo-control/manipulation_experiments/thirdparty/robosuite/robosuite/controllers/config/robots/default_panda.json
2026-08-09 10:45:31,131 | INFO | Video key: agentview
2026-08-09 10:45:31,131 | INFO | Using image observation keys: ['agentview']
[robosuite INFO] Loading controller configuration from: /mnt/data/users/haoyu/workspace/code/fpo-control/manipulation_experiments/thirdparty/robosuite/robosuite/controllers/config/robots/default_panda.json (composite_controller_factory.py:121)
2026-08-09 10:45:31,132 | INFO | Loading controller configuration from: /mnt/data/users/haoyu/workspace/code/fpo-control/manipulation_experiments/thirdparty/robosuite/robosuite/controllers/config/robots/default_panda.json
2026-08-09 10:45:31,335 | INFO | Video key: agentview
2026-08-09 10:45:31,335 | INFO | Using image observation keys: ['agentview']
[robosuite INFO] Loading controller configuration from: /mnt/data/users/haoyu/workspace/code/fpo-control/manipulation_experiments/thirdparty/robosuite/robosuite/controllers/config/robots/default_panda.json (composite_controller_factory.py:121)
2026-08-09 10:45:31,335 | INFO | Loading controller configuration from: /mnt/data/users/haoyu/workspace/code/fpo-control/manipulation_experiments/thirdparty/robosuite/robosuite/controllers/config/robots/default_panda.json
2026-08-09 10:45:32,297 | INFO | Video key: agentview
2026-08-09 10:45:32,297 | INFO | Using image observation keys: ['agentview']
[robosuite INFO] Loading controller configuration from: /mnt/data/users/haoyu/workspace/code/fpo-control/manipulation_experiments/thirdparty/robosuite/robosuite/controllers/config/robots/default_panda.json (composite_controller_factory.py:121)
2026-08-09 10:45:32,298 | INFO | Loading controller configuration from: /mnt/data/users/haoyu/workspace/code/fpo-control/manipulation_experiments/thirdparty/robosuite/robosuite/controllers/config/robots/default_panda.json
2026-08-09 10:45:32,723 | INFO | Successfully created NutAssemblySquare environment via robosuite.make() with cameras at 84x84
2026-08-09 10:45:32,723 | INFO | Configured cameras: ['agentview']
2026-08-09 10:45:32,742 | INFO | Successfully created NutAssemblySquare environment via robosuite.make() with cameras at 84x84
2026-08-09 10:45:32,742 | INFO | Configured cameras: ['agentview']
2026-08-09 10:45:32,965 | INFO | Successfully created NutAssemblySquare environment via robosuite.make() with cameras at 84x84
2026-08-09 10:45:32,965 | INFO | Configured cameras: ['agentview']
2026-08-09 10:45:33,195 | INFO | Successfully created NutAssemblySquare environment via robosuite.make() with cameras at 84x84
2026-08-09 10:45:33,196 | INFO | Configured cameras: ['agentview']
2026-08-09 10:45:33,823 | INFO | Video key: agentview
2026-08-09 10:45:33,823 | INFO | Using image observation keys: ['agentview']
[robosuite INFO] Loading controller configuration from: /mnt/data/users/haoyu/workspace/code/fpo-control/manipulation_experiments/thirdparty/robosuite/robosuite/controllers/config/robots/default_panda.json (composite_controller_factory.py:121)
2026-08-09 10:45:33,823 | INFO | Loading controller configuration from: /mnt/data/users/haoyu/workspace/code/fpo-control/manipulation_experiments/thirdparty/robosuite/robosuite/controllers/config/robots/default_panda.json
2026-08-09 10:45:33,985 | INFO | Video key: agentview
2026-08-09 10:45:33,986 | INFO | Using image observation keys: ['agentview']
[robosuite INFO] Loading controller configuration from: /mnt/data/users/haoyu/workspace/code/fpo-control/manipulation_experiments/thirdparty/robosuite/robosuite/controllers/config/robots/default_panda.json (composite_controller_factory.py:121)
2026-08-09 10:45:33,986 | INFO | Loading controller configuration from: /mnt/data/users/haoyu/workspace/code/fpo-control/manipulation_experiments/thirdparty/robosuite/robosuite/controllers/config/robots/default_panda.json
2026-08-09 10:45:34,102 | INFO | Successfully created NutAssemblySquare environment via robosuite.make() with cameras at 84x84
2026-08-09 10:45:34,102 | INFO | Configured cameras: ['agentview']
2026-08-09 10:45:34,613 | INFO | Video key: agentview
2026-08-09 10:45:34,613 | INFO | Using image observation keys: ['agentview']
[robosuite INFO] Loading controller configuration from: /mnt/data/users/haoyu/workspace/code/fpo-control/manipulation_experiments/thirdparty/robosuite/robosuite/controllers/config/robots/default_panda.json (composite_controller_factory.py:121)
2026-08-09 10:45:34,613 | INFO | Loading controller configuration from: /mnt/data/users/haoyu/workspace/code/fpo-control/manipulation_experiments/thirdparty/robosuite/robosuite/controllers/config/robots/default_panda.json
2026-08-09 10:45:34,921 | INFO | Video key: agentview
2026-08-09 10:45:34,921 | INFO | Using image observation keys: ['agentview']
[robosuite INFO] Loading controller configuration from: /mnt/data/users/haoyu/workspace/code/fpo-control/manipulation_experiments/thirdparty/robosuite/robosuite/controllers/config/robots/default_panda.json (composite_controller_factory.py:121)
2026-08-09 10:45:34,921 | INFO | Loading controller configuration from: /mnt/data/users/haoyu/workspace/code/fpo-control/manipulation_experiments/thirdparty/robosuite/robosuite/controllers/config/robots/default_panda.json
2026-08-09 10:45:35,104 | INFO | Video key: agentview
2026-08-09 10:45:35,104 | INFO | Using image observation keys: ['agentview']
[robosuite INFO] Loading controller configuration from: /mnt/data/users/haoyu/workspace/code/fpo-control/manipulation_experiments/thirdparty/robosuite/robosuite/controllers/config/robots/default_panda.json (composite_controller_factory.py:121)
2026-08-09 10:45:35,104 | INFO | Loading controller configuration from: /mnt/data/users/haoyu/workspace/code/fpo-control/manipulation_experiments/thirdparty/robosuite/robosuite/controllers/config/robots/default_panda.json
2026-08-09 10:45:35,193 | INFO | Video key: agentview
2026-08-09 10:45:35,193 | INFO | Using image observation keys: ['agentview']
[robosuite INFO] Loading controller configuration from: /mnt/data/users/haoyu/workspace/code/fpo-control/manipulation_experiments/thirdparty/robosuite/robosuite/controllers/config/robots/default_panda.json (composite_controller_factory.py:121)
2026-08-09 10:45:35,194 | INFO | Loading controller configuration from: /mnt/data/users/haoyu/workspace/code/fpo-control/manipulation_experiments/thirdparty/robosuite/robosuite/controllers/config/robots/default_panda.json
2026-08-09 10:45:35,231 | INFO | Video key: agentview
2026-08-09 10:45:35,231 | INFO | Using image observation keys: ['agentview']
[robosuite INFO] Loading controller configuration from: /mnt/data/users/haoyu/workspace/code/fpo-control/manipulation_experiments/thirdparty/robosuite/robosuite/controllers/config/robots/default_panda.json (composite_controller_factory.py:121)
2026-08-09 10:45:35,231 | INFO | Loading controller configuration from: /mnt/data/users/haoyu/workspace/code/fpo-control/manipulation_experiments/thirdparty/robosuite/robosuite/controllers/config/robots/default_panda.json
2026-08-09 10:45:35,249 | INFO | Video key: agentview
2026-08-09 10:45:35,249 | INFO | Using image observation keys: ['agentview']
[robosuite INFO] Loading controller configuration from: /mnt/data/users/haoyu/workspace/code/fpo-control/manipulation_experiments/thirdparty/robosuite/robosuite/controllers/config/robots/default_panda.json (composite_controller_factory.py:121)
2026-08-09 10:45:35,249 | INFO | Loading controller configuration from: /mnt/data/users/haoyu/workspace/code/fpo-control/manipulation_experiments/thirdparty/robosuite/robosuite/controllers/config/robots/default_panda.json
2026-08-09 10:45:35,265 | INFO | Video key: agentview
2026-08-09 10:45:35,265 | INFO | Using image observation keys: ['agentview']
[robosuite INFO] Loading controller configuration from: /mnt/data/users/haoyu/workspace/code/fpo-control/manipulation_experiments/thirdparty/robosuite/robosuite/controllers/config/robots/default_panda.json (composite_controller_factory.py:121)
2026-08-09 10:45:35,265 | INFO | Loading controller configuration from: /mnt/data/users/haoyu/workspace/code/fpo-control/manipulation_experiments/thirdparty/robosuite/robosuite/controllers/config/robots/default_panda.json
2026-08-09 10:45:35,273 | INFO | Video key: agentview
2026-08-09 10:45:35,273 | INFO | Using image observation keys: ['agentview']
[robosuite INFO] Loading controller configuration from: /mnt/data/users/haoyu/workspace/code/fpo-control/manipulation_experiments/thirdparty/robosuite/robosuite/controllers/config/robots/default_panda.json (composite_controller_factory.py:121)
2026-08-09 10:45:35,273 | INFO | Loading controller configuration from: /mnt/data/users/haoyu/workspace/code/fpo-control/manipulation_experiments/thirdparty/robosuite/robosuite/controllers/config/robots/default_panda.json
2026-08-09 10:45:35,285 | INFO | Video key: agentview
2026-08-09 10:45:35,285 | INFO | Using image observation keys: ['agentview']
[robosuite INFO] Loading controller configuration from: /mnt/data/users/haoyu/workspace/code/fpo-control/manipulation_experiments/thirdparty/robosuite/robosuite/controllers/config/robots/default_panda.json (composite_controller_factory.py:121)
2026-08-09 10:45:35,286 | INFO | Loading controller configuration from: /mnt/data/users/haoyu/workspace/code/fpo-control/manipulation_experiments/thirdparty/robosuite/robosuite/controllers/config/robots/default_panda.json
2026-08-09 10:45:35,286 | INFO | Video key: agentview
2026-08-09 10:45:35,286 | INFO | Using image observation keys: ['agentview']
[robosuite INFO] Loading controller configuration from: /mnt/data/users/haoyu/workspace/code/fpo-control/manipulation_experiments/thirdparty/robosuite/robosuite/controllers/config/robots/default_panda.json (composite_controller_factory.py:121)
2026-08-09 10:45:35,286 | INFO | Loading controller configuration from: /mnt/data/users/haoyu/workspace/code/fpo-control/manipulation_experiments/thirdparty/robosuite/robosuite/controllers/config/robots/default_panda.json
2026-08-09 10:45:35,290 | INFO | Video key: agentview
2026-08-09 10:45:35,290 | INFO | Using image observation keys: ['agentview']
[robosuite INFO] Loading controller configuration from: /mnt/data/users/haoyu/workspace/code/fpo-control/manipulation_experiments/thirdparty/robosuite/robosuite/controllers/config/robots/default_panda.json (composite_controller_factory.py:121)
2026-08-09 10:45:35,290 | INFO | Loading controller configuration from: /mnt/data/users/haoyu/workspace/code/fpo-control/manipulation_experiments/thirdparty/robosuite/robosuite/controllers/config/robots/default_panda.json
2026-08-09 10:45:35,294 | INFO | Video key: agentview
2026-08-09 10:45:35,294 | INFO | Using image observation keys: ['agentview']
[robosuite INFO] Loading controller configuration from: /mnt/data/users/haoyu/workspace/code/fpo-control/manipulation_experiments/thirdparty/robosuite/robosuite/controllers/config/robots/default_panda.json (composite_controller_factory.py:121)
2026-08-09 10:45:35,294 | INFO | Loading controller configuration from: /mnt/data/users/haoyu/workspace/code/fpo-control/manipulation_experiments/thirdparty/robosuite/robosuite/controllers/config/robots/default_panda.json
2026-08-09 10:45:35,297 | INFO | Video key: agentview
2026-08-09 10:45:35,297 | INFO | Using image observation keys: ['agentview']
[robosuite INFO] Loading controller configuration from: /mnt/data/users/haoyu/workspace/code/fpo-control/manipulation_experiments/thirdparty/robosuite/robosuite/controllers/config/robots/default_panda.json (composite_controller_factory.py:121)
2026-08-09 10:45:35,297 | INFO | Loading controller configuration from: /mnt/data/users/haoyu/workspace/code/fpo-control/manipulation_experiments/thirdparty/robosuite/robosuite/controllers/config/robots/default_panda.json
2026-08-09 10:45:35,653 | INFO | Successfully created NutAssemblySquare environment via robosuite.make() with cameras at 84x84
2026-08-09 10:45:35,653 | INFO | Configured cameras: ['agentview']
2026-08-09 10:45:35,800 | INFO | Successfully created NutAssemblySquare environment via robosuite.make() with cameras at 84x84
2026-08-09 10:45:35,800 | INFO | Configured cameras: ['agentview']
2026-08-09 10:45:36,441 | INFO | Successfully created NutAssemblySquare environment via robosuite.make() with cameras at 84x84
2026-08-09 10:45:36,441 | INFO | Configured cameras: ['agentview']
2026-08-09 10:45:36,773 | INFO | Successfully created NutAssemblySquare environment via robosuite.make() with cameras at 84x84
2026-08-09 10:45:36,773 | INFO | Configured cameras: ['agentview']
2026-08-09 10:45:36,924 | INFO | Successfully created NutAssemblySquare environment via robosuite.make() with cameras at 84x84
2026-08-09 10:45:36,924 | INFO | Configured cameras: ['agentview']
2026-08-09 10:45:37,044 | INFO | Successfully created NutAssemblySquare environment via robosuite.make() with cameras at 84x84
2026-08-09 10:45:37,044 | INFO | Configured cameras: ['agentview']
2026-08-09 10:45:37,079 | INFO | Successfully created NutAssemblySquare environment via robosuite.make() with cameras at 84x84
2026-08-09 10:45:37,079 | INFO | Configured cameras: ['agentview']
2026-08-09 10:45:37,104 | INFO | Successfully created NutAssemblySquare environment via robosuite.make() with cameras at 84x84
2026-08-09 10:45:37,104 | INFO | Configured cameras: ['agentview']
2026-08-09 10:45:37,105 | INFO | Successfully created NutAssemblySquare environment via robosuite.make() with cameras at 84x84
2026-08-09 10:45:37,105 | INFO | Configured cameras: ['agentview']
2026-08-09 10:45:37,115 | INFO | Successfully created NutAssemblySquare environment via robosuite.make() with cameras at 84x84
2026-08-09 10:45:37,115 | INFO | Configured cameras: ['agentview']
2026-08-09 10:45:37,119 | INFO | Successfully created NutAssemblySquare environment via robosuite.make() with cameras at 84x84
2026-08-09 10:45:37,119 | INFO | Configured cameras: ['agentview']
2026-08-09 10:45:37,124 | INFO | Successfully created NutAssemblySquare environment via robosuite.make() with cameras at 84x84
2026-08-09 10:45:37,125 | INFO | Configured cameras: ['agentview']
2026-08-09 10:45:37,127 | INFO | Successfully created NutAssemblySquare environment via robosuite.make() with cameras at 84x84
2026-08-09 10:45:37,127 | INFO | Configured cameras: ['agentview']
2026-08-09 10:45:37,155 | INFO | Successfully created NutAssemblySquare environment via robosuite.make() with cameras at 84x84
2026-08-09 10:45:37,155 | INFO | Configured cameras: ['agentview']
2026-08-09 10:45:37,190 | INFO | Successfully created NutAssemblySquare environment via robosuite.make() with cameras at 84x84
2026-08-09 10:45:37,191 | INFO | Configured cameras: ['agentview']
2026-08-09 10:45:38,409 | INFO | Created 20 vectorized Square environments
2026-08-09 10:45:38,409 | INFO | Set video key to 'agentview' for video recording
2026-08-09 10:45:38,413 | INFO | ================================================================================
2026-08-09 10:45:38,413 | INFO | Starting Evaluation
2026-08-09 10:45:38,414 | INFO | ================================================================================
2026-08-09 10:45:38,414 | INFO | Running rollouts with environment: Square
2026-08-09 10:45:38,414 | INFO | Starting evaluation: 20 episodes using 20 parallel environments
2026-08-09 10:45:39,507 | INFO | Created observation keys: ['observation.state', 'observation.images.agentview']
2026-08-09 10:45:39,512 | INFO | Created observation keys: ['observation.state', 'observation.images.agentview']
2026-08-09 10:45:39,518 | INFO | Created observation keys: ['observation.state', 'observation.images.agentview']
2026-08-09 10:45:39,526 | INFO | Created observation keys: ['observation.state', 'observation.images.agentview']
2026-08-09 10:45:39,527 | INFO | Created observation keys: ['observation.state', 'observation.images.agentview']
2026-08-09 10:45:39,532 | INFO | Created observation keys: ['observation.state', 'observation.images.agentview']
2026-08-09 10:45:39,539 | INFO | Created observation keys: ['observation.state', 'observation.images.agentview']
2026-08-09 10:45:39,543 | INFO | Created observation keys: ['observation.state', 'observation.images.agentview']
2026-08-09 10:45:39,543 | INFO | Created observation keys: ['observation.state', 'observation.images.agentview']
2026-08-09 10:45:39,545 | INFO | Created observation keys: ['observation.state', 'observation.images.agentview']
2026-08-09 10:45:39,554 | INFO | Created observation keys: ['observation.state', 'observation.images.agentview']
2026-08-09 10:45:39,578 | INFO | Created observation keys: ['observation.state', 'observation.images.agentview']
2026-08-09 10:45:39,611 | INFO | Created observation keys: ['observation.state', 'observation.images.agentview']
2026-08-09 10:45:39,615 | INFO | Created observation keys: ['observation.state', 'observation.images.agentview']
2026-08-09 10:45:39,616 | INFO | Created observation keys: ['observation.state', 'observation.images.agentview']
2026-08-09 10:45:39,620 | INFO | Created observation keys: ['observation.state', 'observation.images.agentview']
2026-08-09 10:45:39,634 | INFO | Created observation keys: ['observation.state', 'observation.images.agentview']
2026-08-09 10:45:39,644 | INFO | Created observation keys: ['observation.state', 'observation.images.agentview']
2026-08-09 10:45:39,676 | INFO | Created observation keys: ['observation.state', 'observation.images.agentview']
2026-08-09 10:45:39,703 | INFO | Created observation keys: ['observation.state', 'observation.images.agentview']
/home/haoyu/workspace/code/fpo-control/manipulation_experiments/thirdparty/miniconda3/envs/fpo_manipulation/lib/python3.10/contextlib.py:103: FutureWarning: `torch.backends.cuda.sdp_kernel()` is deprecated. In the future, this context manager will be removed. Please see `torch.nn.attention.sdpa_kernel()` for the new context manager, with updated signature.
  self.gen = func(*args, **kwds)
2026-08-09 10:45:48,217 | INFO | Total steps: 1000, done episodes: 0, successes: 0, FPS: 102.0
2026-08-09 10:45:52,136 | INFO | Total steps: 2000, done episodes: 0, successes: 0, FPS: 145.7
2026-08-09 10:45:57,477 | INFO | Total steps: 3000, done episodes: 1, successes: 1, FPS: 157.4
2026-08-09 10:46:03,757 | INFO | Total steps: 4000, done episodes: 3, successes: 3, FPS: 157.8
2026-08-09 10:46:08,805 | INFO | Total steps: 5000, done episodes: 4, successes: 4, FPS: 164.5
2026-08-09 10:46:13,855 | INFO | Total steps: 6000, done episodes: 5, successes: 5, FPS: 169.3
2026-08-09 10:46:19,136 | INFO | Total steps: 7000, done episodes: 6, successes: 6, FPS: 171.9
2026-08-09 10:46:24,602 | INFO | Evaluation completed: 20 episodes, 6 successes (30.0%) for task **Square**
2026-08-09 10:46:24,602 | INFO | Success stats across environments: mean=0.30 +/- 0.46
2026-08-09 10:46:24,602 | INFO | Average return: 0.300 +/- 0.458
2026-08-09 10:46:24,602 | INFO | Average episode length: 342.7 +/- 91.8
2026-08-09 10:46:24,602 | INFO | Performance: 8000 total steps in 46.2s
2026-08-09 10:46:24,602 | INFO | Average FPS: 173.2 frames/sec | Episodes/sec: 0.43
2026-08-09 10:46:24,603 | INFO | ================================================================================
2026-08-09 10:46:24,603 | INFO | Evaluation Summary
2026-08-09 10:46:24,603 | INFO | ================================================================================
2026-08-09 10:46:24,603 | INFO | Environment: Square
2026-08-09 10:46:24,603 | INFO | Checkpoint: latest
2026-08-09 10:46:24,603 | INFO | Episodes: 20
2026-08-09 10:46:24,603 | INFO | Success Rate: 30.00% +/- 45.83%
2026-08-09 10:46:24,603 | INFO | Average Return: 0.300 +/- 0.458
2026-08-09 10:46:24,603 | INFO | FPS: 173.2
2026-08-09 10:46:24,603 | INFO | ================================================================================
2026-08-09 10:46:24,604 | INFO | Summary saved to: /home/haoyu/workspace/outputs/fpo-control/results/square_h47_candidate_random_balanced20_seed20260923/eval_summary_Square_latest_random.txt
render_gpu_device_id: 1
render_gpu_device_id: 1
render_gpu_device_id: 1
render_gpu_device_id: 1
render_gpu_device_id: 1
render_gpu_device_id: 1
render_gpu_device_id: 1
render_gpu_device_id: 1
render_gpu_device_id: 1
render_gpu_device_id: 1
render_gpu_device_id: 1
render_gpu_device_id: 1
render_gpu_device_id: 1
render_gpu_device_id: 1
render_gpu_device_id: 1
render_gpu_device_id: 1
render_gpu_device_id: 1
render_gpu_device_id: 1
render_gpu_device_id: 1
render_gpu_device_id: 1
2026-08-09 10:46:28,187 | INFO | Evaluation completed successfully!
