[robosuite WARNING] No private macro file found! (macros.py:57)
[robosuite WARNING] It is recommended to use a private macro file (macros.py:58)
[robosuite WARNING] To setup, run: python /mnt/data/users/haoyu/workspace/code/fpo-control/manipulation_experiments/thirdparty/robosuite/robosuite/scripts/setup_macros.py (macros.py:59)
[robosuite WARNING] Could not import robosuite_models. Some robots may not be available. If you want to use these robots, please install robosuite_models from source (https://github.com/ARISE-Initiative/robosuite_models) or through pip install. (__init__.py:30)
2026-08-09 11:04:39,362 | INFO | Production mode: using gymnasium.vector.AsyncVectorEnv
2026-08-09 11:04:39,363 | INFO | Video key: agentview
2026-08-09 11:04:39,363 | INFO | Using image observation keys: ['agentview']
[robosuite INFO] Loading controller configuration from: /mnt/data/users/haoyu/workspace/code/fpo-control/manipulation_experiments/thirdparty/robosuite/robosuite/controllers/config/robots/default_panda.json (composite_controller_factory.py:121)
2026-08-09 11:04:39,363 | INFO | Loading controller configuration from: /mnt/data/users/haoyu/workspace/code/fpo-control/manipulation_experiments/thirdparty/robosuite/robosuite/controllers/config/robots/default_panda.json
2026-08-09 11:04:41,162 | INFO | Successfully created NutAssemblySquare environment via robosuite.make() with cameras at 84x84
2026-08-09 11:04:41,162 | INFO | Configured cameras: ['agentview']
[ViT Init] Inferred image size from dataset: 84x84
num_visible_gpus: 1 [1] render_override: 
render_gpu_device_id: 1
[robosuite WARNING] No private macro file found! (macros.py:57)
[robosuite WARNING] It is recommended to use a private macro file (macros.py:58)
[robosuite WARNING] To setup, run: python /mnt/data/users/haoyu/workspace/code/fpo-control/manipulation_experiments/thirdparty/robosuite/robosuite/scripts/setup_macros.py (macros.py:59)
[robosuite WARNING] No private macro file found! (macros.py:57)
[robosuite WARNING] It is recommended to use a private macro file (macros.py:58)
[robosuite WARNING] To setup, run: python /mnt/data/users/haoyu/workspace/code/fpo-control/manipulation_experiments/thirdparty/robosuite/robosuite/scripts/setup_macros.py (macros.py:59)
[robosuite WARNING] No private macro file found! (macros.py:57)
[robosuite WARNING] It is recommended to use a private macro file (macros.py:58)
[robosuite WARNING] To setup, run: python /mnt/data/users/haoyu/workspace/code/fpo-control/manipulation_experiments/thirdparty/robosuite/robosuite/scripts/setup_macros.py (macros.py:59)
[robosuite WARNING] No private macro file found! (macros.py:57)
[robosuite WARNING] It is recommended to use a private macro file (macros.py:58)
[robosuite WARNING] To setup, run: python /mnt/data/users/haoyu/workspace/code/fpo-control/manipulation_experiments/thirdparty/robosuite/robosuite/scripts/setup_macros.py (macros.py:59)
[robosuite WARNING] No private macro file found! (macros.py:57)
[robosuite WARNING] It is recommended to use a private macro file (macros.py:58)
[robosuite WARNING] To setup, run: python /mnt/data/users/haoyu/workspace/code/fpo-control/manipulation_experiments/thirdparty/robosuite/robosuite/scripts/setup_macros.py (macros.py:59)
[robosuite WARNING] No private macro file found! (macros.py:57)
[robosuite WARNING] It is recommended to use a private macro file (macros.py:58)
[robosuite WARNING] To setup, run: python /mnt/data/users/haoyu/workspace/code/fpo-control/manipulation_experiments/thirdparty/robosuite/robosuite/scripts/setup_macros.py (macros.py:59)
[robosuite WARNING] No private macro file found! (macros.py:57)
[robosuite WARNING] It is recommended to use a private macro file (macros.py:58)
[robosuite WARNING] To setup, run: python /mnt/data/users/haoyu/workspace/code/fpo-control/manipulation_experiments/thirdparty/robosuite/robosuite/scripts/setup_macros.py (macros.py:59)
[robosuite WARNING] No private macro file found! (macros.py:57)
[robosuite WARNING] It is recommended to use a private macro file (macros.py:58)
[robosuite WARNING] To setup, run: python /mnt/data/users/haoyu/workspace/code/fpo-control/manipulation_experiments/thirdparty/robosuite/robosuite/scripts/setup_macros.py (macros.py:59)
[robosuite WARNING] No private macro file found! (macros.py:57)
[robosuite WARNING] It is recommended to use a private macro file (macros.py:58)
[robosuite WARNING] To setup, run: python /mnt/data/users/haoyu/workspace/code/fpo-control/manipulation_experiments/thirdparty/robosuite/robosuite/scripts/setup_macros.py (macros.py:59)
[robosuite WARNING] No private macro file found! (macros.py:57)
[robosuite WARNING] No private macro file found! (macros.py:57)
[robosuite WARNING] It is recommended to use a private macro file (macros.py:58)
[robosuite WARNING] It is recommended to use a private macro file (macros.py:58)
[robosuite WARNING] To setup, run: python /mnt/data/users/haoyu/workspace/code/fpo-control/manipulation_experiments/thirdparty/robosuite/robosuite/scripts/setup_macros.py (macros.py:59)
[robosuite WARNING] To setup, run: python /mnt/data/users/haoyu/workspace/code/fpo-control/manipulation_experiments/thirdparty/robosuite/robosuite/scripts/setup_macros.py (macros.py:59)
[robosuite WARNING] No private macro file found! (macros.py:57)
[robosuite WARNING] It is recommended to use a private macro file (macros.py:58)
[robosuite WARNING] To setup, run: python /mnt/data/users/haoyu/workspace/code/fpo-control/manipulation_experiments/thirdparty/robosuite/robosuite/scripts/setup_macros.py (macros.py:59)
[robosuite WARNING] No private macro file found! (macros.py:57)
[robosuite WARNING] It is recommended to use a private macro file (macros.py:58)
[robosuite WARNING] To setup, run: python /mnt/data/users/haoyu/workspace/code/fpo-control/manipulation_experiments/thirdparty/robosuite/robosuite/scripts/setup_macros.py (macros.py:59)
[robosuite WARNING] No private macro file found! (macros.py:57)
[robosuite WARNING] It is recommended to use a private macro file (macros.py:58)
[robosuite WARNING] To setup, run: python /mnt/data/users/haoyu/workspace/code/fpo-control/manipulation_experiments/thirdparty/robosuite/robosuite/scripts/setup_macros.py (macros.py:59)
[robosuite WARNING] No private macro file found! (macros.py:57)
[robosuite WARNING] It is recommended to use a private macro file (macros.py:58)
[robosuite WARNING] To setup, run: python /mnt/data/users/haoyu/workspace/code/fpo-control/manipulation_experiments/thirdparty/robosuite/robosuite/scripts/setup_macros.py (macros.py:59)
[robosuite WARNING] No private macro file found! (macros.py:57)
[robosuite WARNING] It is recommended to use a private macro file (macros.py:58)
[robosuite WARNING] To setup, run: python /mnt/data/users/haoyu/workspace/code/fpo-control/manipulation_experiments/thirdparty/robosuite/robosuite/scripts/setup_macros.py (macros.py:59)
[robosuite WARNING] Could not import robosuite_models. Some robots may not be available. If you want to use these robots, please install robosuite_models from source (https://github.com/ARISE-Initiative/robosuite_models) or through pip install. (__init__.py:30)
[robosuite WARNING] Could not import robosuite_models. Some robots may not be available. If you want to use these robots, please install robosuite_models from source (https://github.com/ARISE-Initiative/robosuite_models) or through pip install. (__init__.py:30)
[robosuite WARNING] Could not import robosuite_models. Some robots may not be available. If you want to use these robots, please install robosuite_models from source (https://github.com/ARISE-Initiative/robosuite_models) or through pip install. (__init__.py:30)
[robosuite WARNING] Could not import robosuite_models. Some robots may not be available. If you want to use these robots, please install robosuite_models from source (https://github.com/ARISE-Initiative/robosuite_models) or through pip install. (__init__.py:30)
[robosuite WARNING] Could not import robosuite_models. Some robots may not be available. If you want to use these robots, please install robosuite_models from source (https://github.com/ARISE-Initiative/robosuite_models) or through pip install. (__init__.py:30)
[robosuite WARNING] Could not import robosuite_models. Some robots may not be available. If you want to use these robots, please install robosuite_models from source (https://github.com/ARISE-Initiative/robosuite_models) or through pip install. (__init__.py:30)
[robosuite WARNING] Could not import robosuite_models. Some robots may not be available. If you want to use these robots, please install robosuite_models from source (https://github.com/ARISE-Initiative/robosuite_models) or through pip install. (__init__.py:30)
[robosuite WARNING] Could not import robosuite_models. Some robots may not be available. If you want to use these robots, please install robosuite_models from source (https://github.com/ARISE-Initiative/robosuite_models) or through pip install. (__init__.py:30)
[robosuite WARNING] Could not import robosuite_models. Some robots may not be available. If you want to use these robots, please install robosuite_models from source (https://github.com/ARISE-Initiative/robosuite_models) or through pip install. (__init__.py:30)
[robosuite WARNING] Could not import robosuite_models. Some robots may not be available. If you want to use these robots, please install robosuite_models from source (https://github.com/ARISE-Initiative/robosuite_models) or through pip install. (__init__.py:30)
[robosuite WARNING] Could not import robosuite_models. Some robots may not be available. If you want to use these robots, please install robosuite_models from source (https://github.com/ARISE-Initiative/robosuite_models) or through pip install. (__init__.py:30)
[robosuite WARNING] Could not import robosuite_models. Some robots may not be available. If you want to use these robots, please install robosuite_models from source (https://github.com/ARISE-Initiative/robosuite_models) or through pip install. (__init__.py:30)
[robosuite WARNING] Could not import robosuite_models. Some robots may not be available. If you want to use these robots, please install robosuite_models from source (https://github.com/ARISE-Initiative/robosuite_models) or through pip install. (__init__.py:30)
[robosuite WARNING] Could not import robosuite_models. Some robots may not be available. If you want to use these robots, please install robosuite_models from source (https://github.com/ARISE-Initiative/robosuite_models) or through pip install. (__init__.py:30)
[robosuite WARNING] Could not import robosuite_models. Some robots may not be available. If you want to use these robots, please install robosuite_models from source (https://github.com/ARISE-Initiative/robosuite_models) or through pip install. (__init__.py:30)
[robosuite WARNING] Could not import robosuite_models. Some robots may not be available. If you want to use these robots, please install robosuite_models from source (https://github.com/ARISE-Initiative/robosuite_models) or through pip install. (__init__.py:30)
2026-08-09 11:04:48,727 | INFO | Video key: agentview
2026-08-09 11:04:48,727 | INFO | Using image observation keys: ['agentview']
[robosuite INFO] Loading controller configuration from: /mnt/data/users/haoyu/workspace/code/fpo-control/manipulation_experiments/thirdparty/robosuite/robosuite/controllers/config/robots/default_panda.json (composite_controller_factory.py:121)
2026-08-09 11:04:48,728 | INFO | Loading controller configuration from: /mnt/data/users/haoyu/workspace/code/fpo-control/manipulation_experiments/thirdparty/robosuite/robosuite/controllers/config/robots/default_panda.json
2026-08-09 11:04:48,786 | INFO | Video key: agentview
2026-08-09 11:04:48,786 | INFO | Using image observation keys: ['agentview']
[robosuite INFO] Loading controller configuration from: /mnt/data/users/haoyu/workspace/code/fpo-control/manipulation_experiments/thirdparty/robosuite/robosuite/controllers/config/robots/default_panda.json (composite_controller_factory.py:121)
2026-08-09 11:04:48,787 | INFO | Loading controller configuration from: /mnt/data/users/haoyu/workspace/code/fpo-control/manipulation_experiments/thirdparty/robosuite/robosuite/controllers/config/robots/default_panda.json
2026-08-09 11:04:48,850 | INFO | Video key: agentview
2026-08-09 11:04:48,850 | INFO | Using image observation keys: ['agentview']
[robosuite INFO] Loading controller configuration from: /mnt/data/users/haoyu/workspace/code/fpo-control/manipulation_experiments/thirdparty/robosuite/robosuite/controllers/config/robots/default_panda.json (composite_controller_factory.py:121)
2026-08-09 11:04:48,851 | INFO | Loading controller configuration from: /mnt/data/users/haoyu/workspace/code/fpo-control/manipulation_experiments/thirdparty/robosuite/robosuite/controllers/config/robots/default_panda.json
2026-08-09 11:04:48,962 | INFO | Video key: agentview
2026-08-09 11:04:48,962 | INFO | Using image observation keys: ['agentview']
[robosuite INFO] Loading controller configuration from: /mnt/data/users/haoyu/workspace/code/fpo-control/manipulation_experiments/thirdparty/robosuite/robosuite/controllers/config/robots/default_panda.json (composite_controller_factory.py:121)
2026-08-09 11:04:48,962 | INFO | Loading controller configuration from: /mnt/data/users/haoyu/workspace/code/fpo-control/manipulation_experiments/thirdparty/robosuite/robosuite/controllers/config/robots/default_panda.json
2026-08-09 11:04:48,982 | INFO | Video key: agentview
2026-08-09 11:04:48,982 | INFO | Using image observation keys: ['agentview']
[robosuite INFO] Loading controller configuration from: /mnt/data/users/haoyu/workspace/code/fpo-control/manipulation_experiments/thirdparty/robosuite/robosuite/controllers/config/robots/default_panda.json (composite_controller_factory.py:121)
2026-08-09 11:04:48,982 | INFO | Loading controller configuration from: /mnt/data/users/haoyu/workspace/code/fpo-control/manipulation_experiments/thirdparty/robosuite/robosuite/controllers/config/robots/default_panda.json
2026-08-09 11:04:48,999 | INFO | Video key: agentview
2026-08-09 11:04:48,999 | INFO | Using image observation keys: ['agentview']
[robosuite INFO] Loading controller configuration from: /mnt/data/users/haoyu/workspace/code/fpo-control/manipulation_experiments/thirdparty/robosuite/robosuite/controllers/config/robots/default_panda.json (composite_controller_factory.py:121)
2026-08-09 11:04:48,999 | INFO | Loading controller configuration from: /mnt/data/users/haoyu/workspace/code/fpo-control/manipulation_experiments/thirdparty/robosuite/robosuite/controllers/config/robots/default_panda.json
2026-08-09 11:04:49,186 | INFO | Video key: agentview
2026-08-09 11:04:49,186 | INFO | Using image observation keys: ['agentview']
[robosuite INFO] Loading controller configuration from: /mnt/data/users/haoyu/workspace/code/fpo-control/manipulation_experiments/thirdparty/robosuite/robosuite/controllers/config/robots/default_panda.json (composite_controller_factory.py:121)
2026-08-09 11:04:49,186 | INFO | Loading controller configuration from: /mnt/data/users/haoyu/workspace/code/fpo-control/manipulation_experiments/thirdparty/robosuite/robosuite/controllers/config/robots/default_panda.json
2026-08-09 11:04:49,209 | INFO | Video key: agentview
2026-08-09 11:04:49,209 | INFO | Using image observation keys: ['agentview']
[robosuite INFO] Loading controller configuration from: /mnt/data/users/haoyu/workspace/code/fpo-control/manipulation_experiments/thirdparty/robosuite/robosuite/controllers/config/robots/default_panda.json (composite_controller_factory.py:121)
2026-08-09 11:04:49,209 | INFO | Loading controller configuration from: /mnt/data/users/haoyu/workspace/code/fpo-control/manipulation_experiments/thirdparty/robosuite/robosuite/controllers/config/robots/default_panda.json
2026-08-09 11:04:49,217 | INFO | Video key: agentview
2026-08-09 11:04:49,217 | INFO | Using image observation keys: ['agentview']
[robosuite INFO] Loading controller configuration from: /mnt/data/users/haoyu/workspace/code/fpo-control/manipulation_experiments/thirdparty/robosuite/robosuite/controllers/config/robots/default_panda.json (composite_controller_factory.py:121)
2026-08-09 11:04:49,217 | INFO | Loading controller configuration from: /mnt/data/users/haoyu/workspace/code/fpo-control/manipulation_experiments/thirdparty/robosuite/robosuite/controllers/config/robots/default_panda.json
2026-08-09 11:04:49,277 | INFO | Video key: agentview
2026-08-09 11:04:49,277 | INFO | Using image observation keys: ['agentview']
[robosuite INFO] Loading controller configuration from: /mnt/data/users/haoyu/workspace/code/fpo-control/manipulation_experiments/thirdparty/robosuite/robosuite/controllers/config/robots/default_panda.json (composite_controller_factory.py:121)
2026-08-09 11:04:49,277 | INFO | Loading controller configuration from: /mnt/data/users/haoyu/workspace/code/fpo-control/manipulation_experiments/thirdparty/robosuite/robosuite/controllers/config/robots/default_panda.json
2026-08-09 11:04:49,293 | INFO | Video key: agentview
2026-08-09 11:04:49,293 | INFO | Using image observation keys: ['agentview']
[robosuite INFO] Loading controller configuration from: /mnt/data/users/haoyu/workspace/code/fpo-control/manipulation_experiments/thirdparty/robosuite/robosuite/controllers/config/robots/default_panda.json (composite_controller_factory.py:121)
2026-08-09 11:04:49,293 | INFO | Loading controller configuration from: /mnt/data/users/haoyu/workspace/code/fpo-control/manipulation_experiments/thirdparty/robosuite/robosuite/controllers/config/robots/default_panda.json
2026-08-09 11:04:49,368 | INFO | Video key: agentview
2026-08-09 11:04:49,368 | INFO | Using image observation keys: ['agentview']
[robosuite INFO] Loading controller configuration from: /mnt/data/users/haoyu/workspace/code/fpo-control/manipulation_experiments/thirdparty/robosuite/robosuite/controllers/config/robots/default_panda.json (composite_controller_factory.py:121)
2026-08-09 11:04:49,368 | INFO | Loading controller configuration from: /mnt/data/users/haoyu/workspace/code/fpo-control/manipulation_experiments/thirdparty/robosuite/robosuite/controllers/config/robots/default_panda.json
2026-08-09 11:04:49,372 | INFO | Video key: agentview
2026-08-09 11:04:49,372 | INFO | Using image observation keys: ['agentview']
[robosuite INFO] Loading controller configuration from: /mnt/data/users/haoyu/workspace/code/fpo-control/manipulation_experiments/thirdparty/robosuite/robosuite/controllers/config/robots/default_panda.json (composite_controller_factory.py:121)
2026-08-09 11:04:49,372 | INFO | Loading controller configuration from: /mnt/data/users/haoyu/workspace/code/fpo-control/manipulation_experiments/thirdparty/robosuite/robosuite/controllers/config/robots/default_panda.json
2026-08-09 11:04:49,375 | INFO | Video key: agentview
2026-08-09 11:04:49,375 | INFO | Using image observation keys: ['agentview']
[robosuite INFO] Loading controller configuration from: /mnt/data/users/haoyu/workspace/code/fpo-control/manipulation_experiments/thirdparty/robosuite/robosuite/controllers/config/robots/default_panda.json (composite_controller_factory.py:121)
2026-08-09 11:04:49,375 | INFO | Loading controller configuration from: /mnt/data/users/haoyu/workspace/code/fpo-control/manipulation_experiments/thirdparty/robosuite/robosuite/controllers/config/robots/default_panda.json
2026-08-09 11:04:49,381 | INFO | Video key: agentview
2026-08-09 11:04:49,381 | INFO | Using image observation keys: ['agentview']
[robosuite INFO] Loading controller configuration from: /mnt/data/users/haoyu/workspace/code/fpo-control/manipulation_experiments/thirdparty/robosuite/robosuite/controllers/config/robots/default_panda.json (composite_controller_factory.py:121)
2026-08-09 11:04:49,381 | INFO | Loading controller configuration from: /mnt/data/users/haoyu/workspace/code/fpo-control/manipulation_experiments/thirdparty/robosuite/robosuite/controllers/config/robots/default_panda.json
2026-08-09 11:04:49,382 | INFO | Video key: agentview
2026-08-09 11:04:49,382 | INFO | Using image observation keys: ['agentview']
[robosuite INFO] Loading controller configuration from: /mnt/data/users/haoyu/workspace/code/fpo-control/manipulation_experiments/thirdparty/robosuite/robosuite/controllers/config/robots/default_panda.json (composite_controller_factory.py:121)
2026-08-09 11:04:49,382 | INFO | Loading controller configuration from: /mnt/data/users/haoyu/workspace/code/fpo-control/manipulation_experiments/thirdparty/robosuite/robosuite/controllers/config/robots/default_panda.json
2026-08-09 11:04:50,543 | INFO | Successfully created NutAssemblySquare environment via robosuite.make() with cameras at 84x84
2026-08-09 11:04:50,543 | INFO | Configured cameras: ['agentview']
2026-08-09 11:04:50,599 | INFO | Successfully created NutAssemblySquare environment via robosuite.make() with cameras at 84x84
2026-08-09 11:04:50,599 | INFO | Configured cameras: ['agentview']
2026-08-09 11:04:50,684 | INFO | Successfully created NutAssemblySquare environment via robosuite.make() with cameras at 84x84
2026-08-09 11:04:50,684 | INFO | Configured cameras: ['agentview']
2026-08-09 11:04:50,773 | INFO | Successfully created NutAssemblySquare environment via robosuite.make() with cameras at 84x84
2026-08-09 11:04:50,773 | INFO | Configured cameras: ['agentview']
2026-08-09 11:04:50,791 | INFO | Successfully created NutAssemblySquare environment via robosuite.make() with cameras at 84x84
2026-08-09 11:04:50,791 | INFO | Configured cameras: ['agentview']
2026-08-09 11:04:50,808 | INFO | Successfully created NutAssemblySquare environment via robosuite.make() with cameras at 84x84
2026-08-09 11:04:50,808 | INFO | Configured cameras: ['agentview']
2026-08-09 11:04:51,016 | INFO | Successfully created NutAssemblySquare environment via robosuite.make() with cameras at 84x84
2026-08-09 11:04:51,017 | INFO | Configured cameras: ['agentview']
2026-08-09 11:04:51,023 | INFO | Successfully created NutAssemblySquare environment via robosuite.make() with cameras at 84x84
2026-08-09 11:04:51,023 | INFO | Configured cameras: ['agentview']
2026-08-09 11:04:51,025 | INFO | Successfully created NutAssemblySquare environment via robosuite.make() with cameras at 84x84
2026-08-09 11:04:51,025 | INFO | Configured cameras: ['agentview']
2026-08-09 11:04:51,084 | INFO | Successfully created NutAssemblySquare environment via robosuite.make() with cameras at 84x84
2026-08-09 11:04:51,084 | INFO | Configured cameras: ['agentview']
2026-08-09 11:04:51,118 | INFO | Successfully created NutAssemblySquare environment via robosuite.make() with cameras at 84x84
2026-08-09 11:04:51,118 | INFO | Configured cameras: ['agentview']
2026-08-09 11:04:51,178 | INFO | Successfully created NutAssemblySquare environment via robosuite.make() with cameras at 84x84
2026-08-09 11:04:51,179 | INFO | Configured cameras: ['agentview']
2026-08-09 11:04:51,183 | INFO | Successfully created NutAssemblySquare environment via robosuite.make() with cameras at 84x84
2026-08-09 11:04:51,184 | INFO | Configured cameras: ['agentview']
2026-08-09 11:04:51,195 | INFO | Successfully created NutAssemblySquare environment via robosuite.make() with cameras at 84x84
2026-08-09 11:04:51,195 | INFO | Configured cameras: ['agentview']
2026-08-09 11:04:51,226 | INFO | Successfully created NutAssemblySquare environment via robosuite.make() with cameras at 84x84
2026-08-09 11:04:51,226 | INFO | Configured cameras: ['agentview']
2026-08-09 11:04:51,318 | INFO | Successfully created NutAssemblySquare environment via robosuite.make() with cameras at 84x84
2026-08-09 11:04:51,319 | INFO | Configured cameras: ['agentview']
2026-08-09 11:04:52,790 | INFO | Created 16 vectorized Square environments
2026-08-09 11:04:52,790 | INFO | Set video key to 'agentview' for video recording
2026-08-09 11:04:53,860 | INFO | Created observation keys: ['observation.state', 'observation.images.agentview']
2026-08-09 11:04:53,878 | INFO | Created observation keys: ['observation.state', 'observation.images.agentview']
2026-08-09 11:04:53,886 | INFO | Created observation keys: ['observation.state', 'observation.images.agentview']
2026-08-09 11:04:53,906 | INFO | Created observation keys: ['observation.state', 'observation.images.agentview']
2026-08-09 11:04:53,929 | INFO | Created observation keys: ['observation.state', 'observation.images.agentview']
2026-08-09 11:04:53,930 | INFO | Created observation keys: ['observation.state', 'observation.images.agentview']
2026-08-09 11:04:53,939 | INFO | Created observation keys: ['observation.state', 'observation.images.agentview']
2026-08-09 11:04:53,942 | INFO | Created observation keys: ['observation.state', 'observation.images.agentview']
2026-08-09 11:04:53,968 | INFO | Created observation keys: ['observation.state', 'observation.images.agentview']
2026-08-09 11:04:53,983 | INFO | Created observation keys: ['observation.state', 'observation.images.agentview']
2026-08-09 11:04:53,987 | INFO | Created observation keys: ['observation.state', 'observation.images.agentview']
2026-08-09 11:04:53,989 | INFO | Created observation keys: ['observation.state', 'observation.images.agentview']
2026-08-09 11:04:54,003 | INFO | Created observation keys: ['observation.state', 'observation.images.agentview']
2026-08-09 11:04:54,050 | INFO | Created observation keys: ['observation.state', 'observation.images.agentview']
2026-08-09 11:04:54,176 | INFO | Created observation keys: ['observation.state', 'observation.images.agentview']
2026-08-09 11:04:54,237 | INFO | Created observation keys: ['observation.state', 'observation.images.agentview']
/home/haoyu/workspace/code/fpo-control/manipulation_experiments/thirdparty/miniconda3/envs/fpo_manipulation/lib/python3.10/contextlib.py:103: FutureWarning: `torch.backends.cuda.sdp_kernel()` is deprecated. In the future, this context manager will be removed. Please see `torch.nn.attention.sdpa_kernel()` for the new context manager, with updated signature.
  self.gen = func(*args, **kwds)
2026-08-09 11:05:32,005 | INFO | RFS iteration {"clip_fraction": 0.7257500065863133, "episodes": 4, "iteration": 1, "latent_head_delta": 0.16954199969768524, "latent_log_std": -0.00013640760153066367, "policy_grad_norm": 2.3062099762260915, "policy_loss": -0.04007319509604713, "residual_head_delta": 0.14119555056095123, "residual_log_std": -1.5005079507827759, "success_rate": 1.0, "successes": 4, "transitions": 323, "value_grad_norm": 0.08019898356869817, "value_loss": 0.004742121380659227}
2026-08-09 11:06:01,586 | INFO | RFS iteration {"clip_fraction": 0.7597500103712082, "episodes": 15, "iteration": 2, "latent_head_delta": 0.24548053741455078, "latent_log_std": 2.729120296862675e-06, "policy_grad_norm": 8.375725476145744, "policy_loss": -0.09191619665711187, "residual_head_delta": 0.20749367773532867, "residual_log_std": -1.5008100271224976, "success_rate": 0.13333333333333333, "successes": 2, "transitions": 323, "value_grad_norm": 0.0760318607208319, "value_loss": 0.0018792225583456456}
2026-08-09 11:06:34,911 | INFO | RFS iteration {"clip_fraction": 0.7503086514770985, "episodes": 16, "iteration": 3, "latent_head_delta": 0.2923828363418579, "latent_log_std": 0.000331591087160632, "policy_grad_norm": 4.167299216240645, "policy_loss": -0.0754241574788466, "residual_head_delta": 0.2521090805530548, "residual_log_std": -1.5004229545593262, "success_rate": 0.25, "successes": 4, "transitions": 324, "value_grad_norm": 0.02218761631520465, "value_loss": 0.0008564439782276168}
2026-08-09 11:07:09,632 | INFO | RFS iteration {"clip_fraction": 0.7507407419383526, "episodes": 16, "iteration": 4, "latent_head_delta": 0.35484883189201355, "latent_log_std": 4.709414133685641e-05, "policy_grad_norm": 2.889969288110733, "policy_loss": -0.05375275888713077, "residual_head_delta": 0.3053394854068756, "residual_log_std": -1.5009229183197021, "success_rate": 0.125, "successes": 2, "transitions": 326, "value_grad_norm": 0.027237758114933966, "value_loss": 0.0010064449787751074}
2026-08-09 11:07:46,477 | INFO | RFS iteration {"clip_fraction": 0.759506179690361, "episodes": 15, "iteration": 5, "latent_head_delta": 0.41773557662963867, "latent_log_std": -0.00020900565141346306, "policy_grad_norm": 3.577968596816063, "policy_loss": -0.10054871873930096, "residual_head_delta": 0.35478919744491577, "residual_log_std": -1.5008976459503174, "success_rate": 0.4, "successes": 6, "transitions": 327, "value_grad_norm": 0.05770705331116915, "value_loss": 0.0022967453992168885}
render_gpu_device_id: 1
render_gpu_device_id: 1
render_gpu_device_id: 1
render_gpu_device_id: 1
render_gpu_device_id: 1
render_gpu_device_id: 1
render_gpu_device_id: 1
render_gpu_device_id: 1
render_gpu_device_id: 1
render_gpu_device_id: 1
render_gpu_device_id: 1
render_gpu_device_id: 1
render_gpu_device_id: 1
render_gpu_device_id: 1
render_gpu_device_id: 1
render_gpu_device_id: 1
