[robosuite WARNING] No private macro file found! (macros.py:57)
[robosuite WARNING] It is recommended to use a private macro file (macros.py:58)
[robosuite WARNING] To setup, run: python /mnt/data/users/haoyu/workspace/code/fpo-control/manipulation_experiments/thirdparty/robosuite/robosuite/scripts/setup_macros.py (macros.py:59)
[robosuite WARNING] Could not import robosuite_models. Some robots may not be available. If you want to use these robots, please install robosuite_models from source (https://github.com/ARISE-Initiative/robosuite_models) or through pip install. (__init__.py:30)
2026-08-09 08:49:54,704 | INFO | ================================================================================
2026-08-09 08:49:54,704 | INFO | Evaluation sampling mode: zero
2026-08-09 08:49:54,704 | INFO | Checkpoint Evaluation
2026-08-09 08:49:54,704 | INFO | ================================================================================
2026-08-09 08:49:54,705 | INFO | Random seed set to 20260915
2026-08-09 08:49:54,705 | INFO | Output directory: /home/haoyu/workspace/outputs/fpo-control/results/square_h42_action16_zero_balanced20_seed20260915
2026-08-09 08:49:54,705 | INFO | Using local checkpoint: /home/haoyu/workspace/outputs/fpo-control/results/square_h41_control_osmesa_seed20260913/checkpoints/latest
2026-08-09 08:49:54,705 | INFO | Loading policy from /home/haoyu/workspace/outputs/fpo-control/results/square_h41_control_osmesa_seed20260913/checkpoints/latest/policy...
2026-08-09 08:49:54,705 | INFO | Loading config from /home/haoyu/workspace/outputs/fpo-control/results/square_h41_control_osmesa_seed20260913/checkpoints/latest/policy/config.json...
2026-08-09 08:49:54,706 | INFO | Image features: ['observation.images.agentview']
2026-08-09 08:49:54,706 | INFO | State features: ['observation.state']
2026-08-09 08:49:54,706 | INFO | Constructing FlowMatchingPolicy from config...
2026-08-09 08:49:54,788 | INFO | Loading model weights from /home/haoyu/workspace/outputs/fpo-control/results/square_h41_control_osmesa_seed20260913/checkpoints/latest/policy/model.safetensors...
2026-08-09 08:49:55,113 | INFO | Policy loaded successfully
2026-08-09 08:49:55,114 | INFO | Policy config: horizon=16, n_action_steps=16, sampling_steps=10
2026-08-09 08:49:55,114 | INFO | Overriding integration steps: 10
2026-08-09 08:49:55,114 | INFO | Overriding executed action steps: 16
2026-08-09 08:49:55,114 | INFO | Creating evaluation environment: Square
2026-08-09 08:49:55,114 | INFO | Using image features from checkpoint config: ['observation.images.agentview']
2026-08-09 08:49:55,114 | INFO | Production mode: using gymnasium.vector.AsyncVectorEnv
2026-08-09 08:49:55,114 | INFO | Video key: agentview
2026-08-09 08:49:55,114 | INFO | Using image observation keys: ['agentview']
[robosuite INFO] Loading controller configuration from: /mnt/data/users/haoyu/workspace/code/fpo-control/manipulation_experiments/thirdparty/robosuite/robosuite/controllers/config/robots/default_panda.json (composite_controller_factory.py:121)
2026-08-09 08:49:55,114 | INFO | Loading controller configuration from: /mnt/data/users/haoyu/workspace/code/fpo-control/manipulation_experiments/thirdparty/robosuite/robosuite/controllers/config/robots/default_panda.json
2026-08-09 08:49:56,898 | INFO | Successfully created NutAssemblySquare environment via robosuite.make() with cameras at 84x84
2026-08-09 08:49:56,899 | INFO | Configured cameras: ['agentview']
[ViT Init] Inferred image size from dataset: 84x84
num_visible_gpus: 1 [1] render_override: 
render_gpu_device_id: 1
[robosuite WARNING] No private macro file found! (macros.py:57)
[robosuite WARNING] It is recommended to use a private macro file (macros.py:58)
[robosuite WARNING] To setup, run: python /mnt/data/users/haoyu/workspace/code/fpo-control/manipulation_experiments/thirdparty/robosuite/robosuite/scripts/setup_macros.py (macros.py:59)
[robosuite WARNING] No private macro file found! (macros.py:57)
[robosuite WARNING] It is recommended to use a private macro file (macros.py:58)
[robosuite WARNING] To setup, run: python /mnt/data/users/haoyu/workspace/code/fpo-control/manipulation_experiments/thirdparty/robosuite/robosuite/scripts/setup_macros.py (macros.py:59)
[robosuite WARNING] No private macro file found! (macros.py:57)
[robosuite WARNING] It is recommended to use a private macro file (macros.py:58)
[robosuite WARNING] To setup, run: python /mnt/data/users/haoyu/workspace/code/fpo-control/manipulation_experiments/thirdparty/robosuite/robosuite/scripts/setup_macros.py (macros.py:59)
[robosuite WARNING] No private macro file found! (macros.py:57)
[robosuite WARNING] It is recommended to use a private macro file (macros.py:58)
[robosuite WARNING] To setup, run: python /mnt/data/users/haoyu/workspace/code/fpo-control/manipulation_experiments/thirdparty/robosuite/robosuite/scripts/setup_macros.py (macros.py:59)
[robosuite WARNING] No private macro file found! (macros.py:57)
[robosuite WARNING] It is recommended to use a private macro file (macros.py:58)
[robosuite WARNING] To setup, run: python /mnt/data/users/haoyu/workspace/code/fpo-control/manipulation_experiments/thirdparty/robosuite/robosuite/scripts/setup_macros.py (macros.py:59)
[robosuite WARNING] No private macro file found! (macros.py:57)
[robosuite WARNING] It is recommended to use a private macro file (macros.py:58)
[robosuite WARNING] To setup, run: python /mnt/data/users/haoyu/workspace/code/fpo-control/manipulation_experiments/thirdparty/robosuite/robosuite/scripts/setup_macros.py (macros.py:59)
[robosuite WARNING] No private macro file found! (macros.py:57)
[robosuite WARNING] It is recommended to use a private macro file (macros.py:58)
[robosuite WARNING] To setup, run: python /mnt/data/users/haoyu/workspace/code/fpo-control/manipulation_experiments/thirdparty/robosuite/robosuite/scripts/setup_macros.py (macros.py:59)
[robosuite WARNING] No private macro file found! (macros.py:57)
[robosuite WARNING] It is recommended to use a private macro file (macros.py:58)
[robosuite WARNING] To setup, run: python /mnt/data/users/haoyu/workspace/code/fpo-control/manipulation_experiments/thirdparty/robosuite/robosuite/scripts/setup_macros.py (macros.py:59)
[robosuite WARNING] No private macro file found! (macros.py:57)
[robosuite WARNING] It is recommended to use a private macro file (macros.py:58)
[robosuite WARNING] To setup, run: python /mnt/data/users/haoyu/workspace/code/fpo-control/manipulation_experiments/thirdparty/robosuite/robosuite/scripts/setup_macros.py (macros.py:59)
[robosuite WARNING] No private macro file found! (macros.py:57)
[robosuite WARNING] It is recommended to use a private macro file (macros.py:58)
[robosuite WARNING] To setup, run: python /mnt/data/users/haoyu/workspace/code/fpo-control/manipulation_experiments/thirdparty/robosuite/robosuite/scripts/setup_macros.py (macros.py:59)
[robosuite WARNING] No private macro file found! (macros.py:57)
[robosuite WARNING] It is recommended to use a private macro file (macros.py:58)
[robosuite WARNING] To setup, run: python /mnt/data/users/haoyu/workspace/code/fpo-control/manipulation_experiments/thirdparty/robosuite/robosuite/scripts/setup_macros.py (macros.py:59)
[robosuite WARNING] No private macro file found! (macros.py:57)
[robosuite WARNING] It is recommended to use a private macro file (macros.py:58)
[robosuite WARNING] To setup, run: python /mnt/data/users/haoyu/workspace/code/fpo-control/manipulation_experiments/thirdparty/robosuite/robosuite/scripts/setup_macros.py (macros.py:59)
[robosuite WARNING] No private macro file found! (macros.py:57)
[robosuite WARNING] It is recommended to use a private macro file (macros.py:58)
[robosuite WARNING] To setup, run: python /mnt/data/users/haoyu/workspace/code/fpo-control/manipulation_experiments/thirdparty/robosuite/robosuite/scripts/setup_macros.py (macros.py:59)
[robosuite WARNING] No private macro file found! (macros.py:57)
[robosuite WARNING] It is recommended to use a private macro file (macros.py:58)
[robosuite WARNING] To setup, run: python /mnt/data/users/haoyu/workspace/code/fpo-control/manipulation_experiments/thirdparty/robosuite/robosuite/scripts/setup_macros.py (macros.py:59)
[robosuite WARNING] No private macro file found! (macros.py:57)
[robosuite WARNING] It is recommended to use a private macro file (macros.py:58)
[robosuite WARNING] To setup, run: python /mnt/data/users/haoyu/workspace/code/fpo-control/manipulation_experiments/thirdparty/robosuite/robosuite/scripts/setup_macros.py (macros.py:59)
[robosuite WARNING] No private macro file found! (macros.py:57)
[robosuite WARNING] It is recommended to use a private macro file (macros.py:58)
[robosuite WARNING] To setup, run: python /mnt/data/users/haoyu/workspace/code/fpo-control/manipulation_experiments/thirdparty/robosuite/robosuite/scripts/setup_macros.py (macros.py:59)
[robosuite WARNING] No private macro file found! (macros.py:57)
[robosuite WARNING] It is recommended to use a private macro file (macros.py:58)
[robosuite WARNING] No private macro file found! (macros.py:57)
[robosuite WARNING] To setup, run: python /mnt/data/users/haoyu/workspace/code/fpo-control/manipulation_experiments/thirdparty/robosuite/robosuite/scripts/setup_macros.py (macros.py:59)
[robosuite WARNING] It is recommended to use a private macro file (macros.py:58)
[robosuite WARNING] To setup, run: python /mnt/data/users/haoyu/workspace/code/fpo-control/manipulation_experiments/thirdparty/robosuite/robosuite/scripts/setup_macros.py (macros.py:59)
[robosuite WARNING] No private macro file found! (macros.py:57)
[robosuite WARNING] It is recommended to use a private macro file (macros.py:58)
[robosuite WARNING] To setup, run: python /mnt/data/users/haoyu/workspace/code/fpo-control/manipulation_experiments/thirdparty/robosuite/robosuite/scripts/setup_macros.py (macros.py:59)
[robosuite WARNING] Could not import robosuite_models. Some robots may not be available. If you want to use these robots, please install robosuite_models from source (https://github.com/ARISE-Initiative/robosuite_models) or through pip install. (__init__.py:30)
[robosuite WARNING] Could not import robosuite_models. Some robots may not be available. If you want to use these robots, please install robosuite_models from source (https://github.com/ARISE-Initiative/robosuite_models) or through pip install. (__init__.py:30)
[robosuite WARNING] Could not import robosuite_models. Some robots may not be available. If you want to use these robots, please install robosuite_models from source (https://github.com/ARISE-Initiative/robosuite_models) or through pip install. (__init__.py:30)
[robosuite WARNING] Could not import robosuite_models. Some robots may not be available. If you want to use these robots, please install robosuite_models from source (https://github.com/ARISE-Initiative/robosuite_models) or through pip install. (__init__.py:30)
[robosuite WARNING] No private macro file found! (macros.py:57)
[robosuite WARNING] It is recommended to use a private macro file (macros.py:58)
[robosuite WARNING] To setup, run: python /mnt/data/users/haoyu/workspace/code/fpo-control/manipulation_experiments/thirdparty/robosuite/robosuite/scripts/setup_macros.py (macros.py:59)
[robosuite WARNING] Could not import robosuite_models. Some robots may not be available. If you want to use these robots, please install robosuite_models from source (https://github.com/ARISE-Initiative/robosuite_models) or through pip install. (__init__.py:30)
[robosuite WARNING] Could not import robosuite_models. Some robots may not be available. If you want to use these robots, please install robosuite_models from source (https://github.com/ARISE-Initiative/robosuite_models) or through pip install. (__init__.py:30)
[robosuite WARNING] Could not import robosuite_models. Some robots may not be available. If you want to use these robots, please install robosuite_models from source (https://github.com/ARISE-Initiative/robosuite_models) or through pip install. (__init__.py:30)
[robosuite WARNING] Could not import robosuite_models. Some robots may not be available. If you want to use these robots, please install robosuite_models from source (https://github.com/ARISE-Initiative/robosuite_models) or through pip install. (__init__.py:30)
[robosuite WARNING] Could not import robosuite_models. Some robots may not be available. If you want to use these robots, please install robosuite_models from source (https://github.com/ARISE-Initiative/robosuite_models) or through pip install. (__init__.py:30)
[robosuite WARNING] Could not import robosuite_models. Some robots may not be available. If you want to use these robots, please install robosuite_models from source (https://github.com/ARISE-Initiative/robosuite_models) or through pip install. (__init__.py:30)
[robosuite WARNING] Could not import robosuite_models. Some robots may not be available. If you want to use these robots, please install robosuite_models from source (https://github.com/ARISE-Initiative/robosuite_models) or through pip install. (__init__.py:30)
[robosuite WARNING] Could not import robosuite_models. Some robots may not be available. If you want to use these robots, please install robosuite_models from source (https://github.com/ARISE-Initiative/robosuite_models) or through pip install. (__init__.py:30)
[robosuite WARNING] Could not import robosuite_models. Some robots may not be available. If you want to use these robots, please install robosuite_models from source (https://github.com/ARISE-Initiative/robosuite_models) or through pip install. (__init__.py:30)
[robosuite WARNING] Could not import robosuite_models. Some robots may not be available. If you want to use these robots, please install robosuite_models from source (https://github.com/ARISE-Initiative/robosuite_models) or through pip install. (__init__.py:30)
[robosuite WARNING] Could not import robosuite_models. Some robots may not be available. If you want to use these robots, please install robosuite_models from source (https://github.com/ARISE-Initiative/robosuite_models) or through pip install. (__init__.py:30)
[robosuite WARNING] Could not import robosuite_models. Some robots may not be available. If you want to use these robots, please install robosuite_models from source (https://github.com/ARISE-Initiative/robosuite_models) or through pip install. (__init__.py:30)
[robosuite WARNING] Could not import robosuite_models. Some robots may not be available. If you want to use these robots, please install robosuite_models from source (https://github.com/ARISE-Initiative/robosuite_models) or through pip install. (__init__.py:30)
[robosuite WARNING] Could not import robosuite_models. Some robots may not be available. If you want to use these robots, please install robosuite_models from source (https://github.com/ARISE-Initiative/robosuite_models) or through pip install. (__init__.py:30)
[robosuite WARNING] Could not import robosuite_models. Some robots may not be available. If you want to use these robots, please install robosuite_models from source (https://github.com/ARISE-Initiative/robosuite_models) or through pip install. (__init__.py:30)
[robosuite WARNING] Could not import robosuite_models. Some robots may not be available. If you want to use these robots, please install robosuite_models from source (https://github.com/ARISE-Initiative/robosuite_models) or through pip install. (__init__.py:30)
2026-08-09 08:50:06,231 | INFO | Video key: agentview
2026-08-09 08:50:06,231 | INFO | Using image observation keys: ['agentview']
[robosuite INFO] Loading controller configuration from: /mnt/data/users/haoyu/workspace/code/fpo-control/manipulation_experiments/thirdparty/robosuite/robosuite/controllers/config/robots/default_panda.json (composite_controller_factory.py:121)
2026-08-09 08:50:06,231 | INFO | Loading controller configuration from: /mnt/data/users/haoyu/workspace/code/fpo-control/manipulation_experiments/thirdparty/robosuite/robosuite/controllers/config/robots/default_panda.json
2026-08-09 08:50:07,315 | INFO | Video key: agentview
2026-08-09 08:50:07,315 | INFO | Using image observation keys: ['agentview']
[robosuite INFO] Loading controller configuration from: /mnt/data/users/haoyu/workspace/code/fpo-control/manipulation_experiments/thirdparty/robosuite/robosuite/controllers/config/robots/default_panda.json (composite_controller_factory.py:121)
2026-08-09 08:50:07,315 | INFO | Loading controller configuration from: /mnt/data/users/haoyu/workspace/code/fpo-control/manipulation_experiments/thirdparty/robosuite/robosuite/controllers/config/robots/default_panda.json
2026-08-09 08:50:07,360 | INFO | Video key: agentview
2026-08-09 08:50:07,360 | INFO | Using image observation keys: ['agentview']
[robosuite INFO] Loading controller configuration from: /mnt/data/users/haoyu/workspace/code/fpo-control/manipulation_experiments/thirdparty/robosuite/robosuite/controllers/config/robots/default_panda.json (composite_controller_factory.py:121)
2026-08-09 08:50:07,360 | INFO | Loading controller configuration from: /mnt/data/users/haoyu/workspace/code/fpo-control/manipulation_experiments/thirdparty/robosuite/robosuite/controllers/config/robots/default_panda.json
2026-08-09 08:50:07,518 | INFO | Video key: agentview
2026-08-09 08:50:07,518 | INFO | Using image observation keys: ['agentview']
[robosuite INFO] Loading controller configuration from: /mnt/data/users/haoyu/workspace/code/fpo-control/manipulation_experiments/thirdparty/robosuite/robosuite/controllers/config/robots/default_panda.json (composite_controller_factory.py:121)
2026-08-09 08:50:07,518 | INFO | Loading controller configuration from: /mnt/data/users/haoyu/workspace/code/fpo-control/manipulation_experiments/thirdparty/robosuite/robosuite/controllers/config/robots/default_panda.json
2026-08-09 08:50:07,576 | INFO | Video key: agentview
2026-08-09 08:50:07,576 | INFO | Using image observation keys: ['agentview']
[robosuite INFO] Loading controller configuration from: /mnt/data/users/haoyu/workspace/code/fpo-control/manipulation_experiments/thirdparty/robosuite/robosuite/controllers/config/robots/default_panda.json (composite_controller_factory.py:121)
2026-08-09 08:50:07,576 | INFO | Loading controller configuration from: /mnt/data/users/haoyu/workspace/code/fpo-control/manipulation_experiments/thirdparty/robosuite/robosuite/controllers/config/robots/default_panda.json
2026-08-09 08:50:08,110 | INFO | Successfully created NutAssemblySquare environment via robosuite.make() with cameras at 84x84
2026-08-09 08:50:08,110 | INFO | Configured cameras: ['agentview']
2026-08-09 08:50:09,165 | INFO | Successfully created NutAssemblySquare environment via robosuite.make() with cameras at 84x84
2026-08-09 08:50:09,165 | INFO | Configured cameras: ['agentview']
2026-08-09 08:50:09,222 | INFO | Successfully created NutAssemblySquare environment via robosuite.make() with cameras at 84x84
2026-08-09 08:50:09,222 | INFO | Configured cameras: ['agentview']
2026-08-09 08:50:09,368 | INFO | Successfully created NutAssemblySquare environment via robosuite.make() with cameras at 84x84
2026-08-09 08:50:09,368 | INFO | Configured cameras: ['agentview']
2026-08-09 08:50:09,422 | INFO | Successfully created NutAssemblySquare environment via robosuite.make() with cameras at 84x84
2026-08-09 08:50:09,423 | INFO | Configured cameras: ['agentview']
2026-08-09 08:50:10,281 | INFO | Video key: agentview
2026-08-09 08:50:10,281 | INFO | Using image observation keys: ['agentview']
[robosuite INFO] Loading controller configuration from: /mnt/data/users/haoyu/workspace/code/fpo-control/manipulation_experiments/thirdparty/robosuite/robosuite/controllers/config/robots/default_panda.json (composite_controller_factory.py:121)
2026-08-09 08:50:10,281 | INFO | Loading controller configuration from: /mnt/data/users/haoyu/workspace/code/fpo-control/manipulation_experiments/thirdparty/robosuite/robosuite/controllers/config/robots/default_panda.json
2026-08-09 08:50:10,355 | INFO | Video key: agentview
2026-08-09 08:50:10,355 | INFO | Using image observation keys: ['agentview']
[robosuite INFO] Loading controller configuration from: /mnt/data/users/haoyu/workspace/code/fpo-control/manipulation_experiments/thirdparty/robosuite/robosuite/controllers/config/robots/default_panda.json (composite_controller_factory.py:121)
2026-08-09 08:50:10,356 | INFO | Loading controller configuration from: /mnt/data/users/haoyu/workspace/code/fpo-control/manipulation_experiments/thirdparty/robosuite/robosuite/controllers/config/robots/default_panda.json
2026-08-09 08:50:10,414 | INFO | Video key: agentview
2026-08-09 08:50:10,414 | INFO | Using image observation keys: ['agentview']
[robosuite INFO] Loading controller configuration from: /mnt/data/users/haoyu/workspace/code/fpo-control/manipulation_experiments/thirdparty/robosuite/robosuite/controllers/config/robots/default_panda.json (composite_controller_factory.py:121)
2026-08-09 08:50:10,415 | INFO | Loading controller configuration from: /mnt/data/users/haoyu/workspace/code/fpo-control/manipulation_experiments/thirdparty/robosuite/robosuite/controllers/config/robots/default_panda.json
2026-08-09 08:50:10,435 | INFO | Video key: agentview
2026-08-09 08:50:10,435 | INFO | Using image observation keys: ['agentview']
[robosuite INFO] Loading controller configuration from: /mnt/data/users/haoyu/workspace/code/fpo-control/manipulation_experiments/thirdparty/robosuite/robosuite/controllers/config/robots/default_panda.json (composite_controller_factory.py:121)
2026-08-09 08:50:10,435 | INFO | Loading controller configuration from: /mnt/data/users/haoyu/workspace/code/fpo-control/manipulation_experiments/thirdparty/robosuite/robosuite/controllers/config/robots/default_panda.json
2026-08-09 08:50:10,478 | INFO | Video key: agentview
2026-08-09 08:50:10,478 | INFO | Using image observation keys: ['agentview']
[robosuite INFO] Loading controller configuration from: /mnt/data/users/haoyu/workspace/code/fpo-control/manipulation_experiments/thirdparty/robosuite/robosuite/controllers/config/robots/default_panda.json (composite_controller_factory.py:121)
2026-08-09 08:50:10,478 | INFO | Loading controller configuration from: /mnt/data/users/haoyu/workspace/code/fpo-control/manipulation_experiments/thirdparty/robosuite/robosuite/controllers/config/robots/default_panda.json
2026-08-09 08:50:10,485 | INFO | Video key: agentview
2026-08-09 08:50:10,485 | INFO | Using image observation keys: ['agentview']
[robosuite INFO] Loading controller configuration from: /mnt/data/users/haoyu/workspace/code/fpo-control/manipulation_experiments/thirdparty/robosuite/robosuite/controllers/config/robots/default_panda.json (composite_controller_factory.py:121)
2026-08-09 08:50:10,486 | INFO | Loading controller configuration from: /mnt/data/users/haoyu/workspace/code/fpo-control/manipulation_experiments/thirdparty/robosuite/robosuite/controllers/config/robots/default_panda.json
2026-08-09 08:50:10,492 | INFO | Video key: agentview
2026-08-09 08:50:10,492 | INFO | Using image observation keys: ['agentview']
[robosuite INFO] Loading controller configuration from: /mnt/data/users/haoyu/workspace/code/fpo-control/manipulation_experiments/thirdparty/robosuite/robosuite/controllers/config/robots/default_panda.json (composite_controller_factory.py:121)
2026-08-09 08:50:10,492 | INFO | Loading controller configuration from: /mnt/data/users/haoyu/workspace/code/fpo-control/manipulation_experiments/thirdparty/robosuite/robosuite/controllers/config/robots/default_panda.json
2026-08-09 08:50:10,500 | INFO | Video key: agentview
2026-08-09 08:50:10,500 | INFO | Using image observation keys: ['agentview']
[robosuite INFO] Loading controller configuration from: /mnt/data/users/haoyu/workspace/code/fpo-control/manipulation_experiments/thirdparty/robosuite/robosuite/controllers/config/robots/default_panda.json (composite_controller_factory.py:121)
2026-08-09 08:50:10,500 | INFO | Loading controller configuration from: /mnt/data/users/haoyu/workspace/code/fpo-control/manipulation_experiments/thirdparty/robosuite/robosuite/controllers/config/robots/default_panda.json
2026-08-09 08:50:10,509 | INFO | Video key: agentview
2026-08-09 08:50:10,509 | INFO | Using image observation keys: ['agentview']
[robosuite INFO] Loading controller configuration from: /mnt/data/users/haoyu/workspace/code/fpo-control/manipulation_experiments/thirdparty/robosuite/robosuite/controllers/config/robots/default_panda.json (composite_controller_factory.py:121)
2026-08-09 08:50:10,510 | INFO | Loading controller configuration from: /mnt/data/users/haoyu/workspace/code/fpo-control/manipulation_experiments/thirdparty/robosuite/robosuite/controllers/config/robots/default_panda.json
2026-08-09 08:50:10,526 | INFO | Video key: agentview
2026-08-09 08:50:10,527 | INFO | Using image observation keys: ['agentview']
[robosuite INFO] Loading controller configuration from: /mnt/data/users/haoyu/workspace/code/fpo-control/manipulation_experiments/thirdparty/robosuite/robosuite/controllers/config/robots/default_panda.json (composite_controller_factory.py:121)
2026-08-09 08:50:10,527 | INFO | Loading controller configuration from: /mnt/data/users/haoyu/workspace/code/fpo-control/manipulation_experiments/thirdparty/robosuite/robosuite/controllers/config/robots/default_panda.json
2026-08-09 08:50:10,541 | INFO | Video key: agentview
2026-08-09 08:50:10,542 | INFO | Using image observation keys: ['agentview']
[robosuite INFO] Loading controller configuration from: /mnt/data/users/haoyu/workspace/code/fpo-control/manipulation_experiments/thirdparty/robosuite/robosuite/controllers/config/robots/default_panda.json (composite_controller_factory.py:121)
2026-08-09 08:50:10,542 | INFO | Loading controller configuration from: /mnt/data/users/haoyu/workspace/code/fpo-control/manipulation_experiments/thirdparty/robosuite/robosuite/controllers/config/robots/default_panda.json
2026-08-09 08:50:10,548 | INFO | Video key: agentview
2026-08-09 08:50:10,548 | INFO | Using image observation keys: ['agentview']
[robosuite INFO] Loading controller configuration from: /mnt/data/users/haoyu/workspace/code/fpo-control/manipulation_experiments/thirdparty/robosuite/robosuite/controllers/config/robots/default_panda.json (composite_controller_factory.py:121)
2026-08-09 08:50:10,548 | INFO | Loading controller configuration from: /mnt/data/users/haoyu/workspace/code/fpo-control/manipulation_experiments/thirdparty/robosuite/robosuite/controllers/config/robots/default_panda.json
2026-08-09 08:50:10,561 | INFO | Video key: agentview
2026-08-09 08:50:10,561 | INFO | Using image observation keys: ['agentview']
[robosuite INFO] Loading controller configuration from: /mnt/data/users/haoyu/workspace/code/fpo-control/manipulation_experiments/thirdparty/robosuite/robosuite/controllers/config/robots/default_panda.json (composite_controller_factory.py:121)
2026-08-09 08:50:10,561 | INFO | Loading controller configuration from: /mnt/data/users/haoyu/workspace/code/fpo-control/manipulation_experiments/thirdparty/robosuite/robosuite/controllers/config/robots/default_panda.json
2026-08-09 08:50:10,870 | INFO | Video key: agentview
2026-08-09 08:50:10,871 | INFO | Using image observation keys: ['agentview']
[robosuite INFO] Loading controller configuration from: /mnt/data/users/haoyu/workspace/code/fpo-control/manipulation_experiments/thirdparty/robosuite/robosuite/controllers/config/robots/default_panda.json (composite_controller_factory.py:121)
2026-08-09 08:50:10,871 | INFO | Loading controller configuration from: /mnt/data/users/haoyu/workspace/code/fpo-control/manipulation_experiments/thirdparty/robosuite/robosuite/controllers/config/robots/default_panda.json
2026-08-09 08:50:10,889 | INFO | Video key: agentview
2026-08-09 08:50:10,889 | INFO | Using image observation keys: ['agentview']
[robosuite INFO] Loading controller configuration from: /mnt/data/users/haoyu/workspace/code/fpo-control/manipulation_experiments/thirdparty/robosuite/robosuite/controllers/config/robots/default_panda.json (composite_controller_factory.py:121)
2026-08-09 08:50:10,889 | INFO | Loading controller configuration from: /mnt/data/users/haoyu/workspace/code/fpo-control/manipulation_experiments/thirdparty/robosuite/robosuite/controllers/config/robots/default_panda.json
2026-08-09 08:50:12,118 | INFO | Successfully created NutAssemblySquare environment via robosuite.make() with cameras at 84x84
2026-08-09 08:50:12,118 | INFO | Configured cameras: ['agentview']
2026-08-09 08:50:12,166 | INFO | Successfully created NutAssemblySquare environment via robosuite.make() with cameras at 84x84
2026-08-09 08:50:12,166 | INFO | Configured cameras: ['agentview']
2026-08-09 08:50:12,284 | INFO | Successfully created NutAssemblySquare environment via robosuite.make() with cameras at 84x84
2026-08-09 08:50:12,284 | INFO | Configured cameras: ['agentview']
2026-08-09 08:50:12,295 | INFO | Successfully created NutAssemblySquare environment via robosuite.make() with cameras at 84x84
2026-08-09 08:50:12,295 | INFO | Configured cameras: ['agentview']
2026-08-09 08:50:12,389 | INFO | Successfully created NutAssemblySquare environment via robosuite.make() with cameras at 84x84
2026-08-09 08:50:12,389 | INFO | Configured cameras: ['agentview']
2026-08-09 08:50:12,391 | INFO | Successfully created NutAssemblySquare environment via robosuite.make() with cameras at 84x84
2026-08-09 08:50:12,391 | INFO | Configured cameras: ['agentview']
2026-08-09 08:50:12,395 | INFO | Successfully created NutAssemblySquare environment via robosuite.make() with cameras at 84x84
2026-08-09 08:50:12,395 | INFO | Configured cameras: ['agentview']
2026-08-09 08:50:12,407 | INFO | Successfully created NutAssemblySquare environment via robosuite.make() with cameras at 84x84
2026-08-09 08:50:12,407 | INFO | Configured cameras: ['agentview']
2026-08-09 08:50:12,449 | INFO | Successfully created NutAssemblySquare environment via robosuite.make() with cameras at 84x84
2026-08-09 08:50:12,449 | INFO | Configured cameras: ['agentview']
2026-08-09 08:50:12,465 | INFO | Successfully created NutAssemblySquare environment via robosuite.make() with cameras at 84x84
2026-08-09 08:50:12,465 | INFO | Configured cameras: ['agentview']
2026-08-09 08:50:12,474 | INFO | Successfully created NutAssemblySquare environment via robosuite.make() with cameras at 84x84
2026-08-09 08:50:12,474 | INFO | Configured cameras: ['agentview']
2026-08-09 08:50:12,502 | INFO | Successfully created NutAssemblySquare environment via robosuite.make() with cameras at 84x84
2026-08-09 08:50:12,502 | INFO | Configured cameras: ['agentview']
2026-08-09 08:50:12,624 | INFO | Successfully created NutAssemblySquare environment via robosuite.make() with cameras at 84x84
2026-08-09 08:50:12,624 | INFO | Configured cameras: ['agentview']
2026-08-09 08:50:12,715 | INFO | Successfully created NutAssemblySquare environment via robosuite.make() with cameras at 84x84
2026-08-09 08:50:12,715 | INFO | Configured cameras: ['agentview']
2026-08-09 08:50:12,806 | INFO | Successfully created NutAssemblySquare environment via robosuite.make() with cameras at 84x84
2026-08-09 08:50:12,806 | INFO | Configured cameras: ['agentview']
2026-08-09 08:50:14,126 | INFO | Created 20 vectorized Square environments
2026-08-09 08:50:14,126 | INFO | Set video key to 'agentview' for video recording
2026-08-09 08:50:14,127 | INFO | ================================================================================
2026-08-09 08:50:14,127 | INFO | Starting Evaluation
2026-08-09 08:50:14,127 | INFO | ================================================================================
2026-08-09 08:50:14,127 | INFO | Running rollouts with environment: Square
2026-08-09 08:50:14,127 | INFO | Starting evaluation: 20 episodes using 20 parallel environments
2026-08-09 08:50:15,233 | INFO | Created observation keys: ['observation.state', 'observation.images.agentview']
2026-08-09 08:50:15,237 | INFO | Created observation keys: ['observation.state', 'observation.images.agentview']
2026-08-09 08:50:15,239 | INFO | Created observation keys: ['observation.state', 'observation.images.agentview']
2026-08-09 08:50:15,247 | INFO | Created observation keys: ['observation.state', 'observation.images.agentview']
2026-08-09 08:50:15,250 | INFO | Created observation keys: ['observation.state', 'observation.images.agentview']
2026-08-09 08:50:15,255 | INFO | Created observation keys: ['observation.state', 'observation.images.agentview']
2026-08-09 08:50:15,260 | INFO | Created observation keys: ['observation.state', 'observation.images.agentview']
2026-08-09 08:50:15,269 | INFO | Created observation keys: ['observation.state', 'observation.images.agentview']
2026-08-09 08:50:15,271 | INFO | Created observation keys: ['observation.state', 'observation.images.agentview']
2026-08-09 08:50:15,274 | INFO | Created observation keys: ['observation.state', 'observation.images.agentview']
2026-08-09 08:50:15,287 | INFO | Created observation keys: ['observation.state', 'observation.images.agentview']
2026-08-09 08:50:15,300 | INFO | Created observation keys: ['observation.state', 'observation.images.agentview']
2026-08-09 08:50:15,308 | INFO | Created observation keys: ['observation.state', 'observation.images.agentview']
2026-08-09 08:50:15,310 | INFO | Created observation keys: ['observation.state', 'observation.images.agentview']
2026-08-09 08:50:15,314 | INFO | Created observation keys: ['observation.state', 'observation.images.agentview']
2026-08-09 08:50:15,335 | INFO | Created observation keys: ['observation.state', 'observation.images.agentview']
2026-08-09 08:50:15,345 | INFO | Created observation keys: ['observation.state', 'observation.images.agentview']
2026-08-09 08:50:15,359 | INFO | Created observation keys: ['observation.state', 'observation.images.agentview']
2026-08-09 08:50:15,431 | INFO | Created observation keys: ['observation.state', 'observation.images.agentview']
2026-08-09 08:50:15,490 | INFO | Created observation keys: ['observation.state', 'observation.images.agentview']
/home/haoyu/workspace/code/fpo-control/manipulation_experiments/thirdparty/miniconda3/envs/fpo_manipulation/lib/python3.10/contextlib.py:103: FutureWarning: `torch.backends.cuda.sdp_kernel()` is deprecated. In the future, this context manager will be removed. Please see `torch.nn.attention.sdpa_kernel()` for the new context manager, with updated signature.
  self.gen = func(*args, **kwds)
2026-08-09 08:50:23,988 | INFO | Total steps: 1000, done episodes: 0, successes: 0, FPS: 101.4
2026-08-09 08:50:28,066 | INFO | Total steps: 2000, done episodes: 0, successes: 0, FPS: 143.5
2026-08-09 08:50:32,168 | INFO | Total steps: 3000, done episodes: 0, successes: 0, FPS: 166.3
2026-08-09 08:50:39,839 | INFO | Total steps: 4000, done episodes: 3, successes: 3, FPS: 155.6
2026-08-09 08:50:45,188 | INFO | Total steps: 5000, done episodes: 4, successes: 4, FPS: 161.0
2026-08-09 08:50:53,938 | INFO | Total steps: 6000, done episodes: 8, successes: 8, FPS: 150.7
2026-08-09 08:50:59,269 | INFO | Total steps: 7000, done episodes: 9, successes: 9, FPS: 155.1
2026-08-09 08:51:06,267 | INFO | Evaluation completed: 20 episodes, 10 successes (50.0%) for task **Square**
2026-08-09 08:51:06,268 | INFO | Success stats across environments: mean=0.50 +/- 0.50
2026-08-09 08:51:06,268 | INFO | Average return: 0.500 +/- 0.500
2026-08-09 08:51:06,268 | INFO | Average episode length: 322.7 +/- 89.7
2026-08-09 08:51:06,268 | INFO | Performance: 8000 total steps in 52.1s
2026-08-09 08:51:06,268 | INFO | Average FPS: 153.4 frames/sec | Episodes/sec: 0.38
2026-08-09 08:51:06,268 | INFO | ================================================================================
2026-08-09 08:51:06,268 | INFO | Evaluation Summary
2026-08-09 08:51:06,268 | INFO | ================================================================================
2026-08-09 08:51:06,268 | INFO | Environment: Square
2026-08-09 08:51:06,268 | INFO | Checkpoint: latest
2026-08-09 08:51:06,268 | INFO | Episodes: 20
2026-08-09 08:51:06,268 | INFO | Success Rate: 50.00% +/- 50.00%
2026-08-09 08:51:06,268 | INFO | Average Return: 0.500 +/- 0.500
2026-08-09 08:51:06,268 | INFO | FPS: 153.4
2026-08-09 08:51:06,268 | INFO | ================================================================================
2026-08-09 08:51:06,269 | INFO | Summary saved to: /home/haoyu/workspace/outputs/fpo-control/results/square_h42_action16_zero_balanced20_seed20260915/eval_summary_Square_latest_zero.txt
render_gpu_device_id: 1
render_gpu_device_id: 1
render_gpu_device_id: 1
render_gpu_device_id: 1
render_gpu_device_id: 1
render_gpu_device_id: 1
render_gpu_device_id: 1
render_gpu_device_id: 1
render_gpu_device_id: 1
render_gpu_device_id: 1
render_gpu_device_id: 1
render_gpu_device_id: 1
render_gpu_device_id: 1
render_gpu_device_id: 1
render_gpu_device_id: 1
render_gpu_device_id: 1
render_gpu_device_id: 1
render_gpu_device_id: 1
render_gpu_device_id: 1
render_gpu_device_id: 1
2026-08-09 08:51:09,754 | INFO | Evaluation completed successfully!
