[robosuite WARNING] No private macro file found! (macros.py:57)
[robosuite WARNING] It is recommended to use a private macro file (macros.py:58)
[robosuite WARNING] To setup, run: python /mnt/data/users/haoyu/workspace/code/fpo-control/manipulation_experiments/thirdparty/robosuite/robosuite/scripts/setup_macros.py (macros.py:59)
[robosuite WARNING] Could not import robosuite_models. Some robots may not be available. If you want to use these robots, please install robosuite_models from source (https://github.com/ARISE-Initiative/robosuite_models) or through pip install. (__init__.py:30)
2026-08-09 08:51:17,072 | INFO | ================================================================================
2026-08-09 08:51:17,072 | INFO | Evaluation sampling mode: random
2026-08-09 08:51:17,073 | INFO | Checkpoint Evaluation
2026-08-09 08:51:17,073 | INFO | ================================================================================
2026-08-09 08:51:17,074 | INFO | Random seed set to 20260915
2026-08-09 08:51:17,074 | INFO | Output directory: /home/haoyu/workspace/outputs/fpo-control/results/square_h42_action16_random_balanced20_seed20260915
2026-08-09 08:51:17,074 | INFO | Using local checkpoint: /home/haoyu/workspace/outputs/fpo-control/results/square_h41_control_osmesa_seed20260913/checkpoints/latest
2026-08-09 08:51:17,074 | INFO | Loading policy from /home/haoyu/workspace/outputs/fpo-control/results/square_h41_control_osmesa_seed20260913/checkpoints/latest/policy...
2026-08-09 08:51:17,074 | INFO | Loading config from /home/haoyu/workspace/outputs/fpo-control/results/square_h41_control_osmesa_seed20260913/checkpoints/latest/policy/config.json...
2026-08-09 08:51:17,074 | INFO | Image features: ['observation.images.agentview']
2026-08-09 08:51:17,074 | INFO | State features: ['observation.state']
2026-08-09 08:51:17,074 | INFO | Constructing FlowMatchingPolicy from config...
2026-08-09 08:51:17,160 | INFO | Loading model weights from /home/haoyu/workspace/outputs/fpo-control/results/square_h41_control_osmesa_seed20260913/checkpoints/latest/policy/model.safetensors...
2026-08-09 08:51:17,489 | INFO | Policy loaded successfully
2026-08-09 08:51:17,489 | INFO | Policy config: horizon=16, n_action_steps=16, sampling_steps=10
2026-08-09 08:51:17,489 | INFO | Overriding integration steps: 10
2026-08-09 08:51:17,489 | INFO | Overriding executed action steps: 16
2026-08-09 08:51:17,489 | INFO | Creating evaluation environment: Square
2026-08-09 08:51:17,489 | INFO | Using image features from checkpoint config: ['observation.images.agentview']
2026-08-09 08:51:17,489 | INFO | Production mode: using gymnasium.vector.AsyncVectorEnv
2026-08-09 08:51:17,489 | INFO | Video key: agentview
2026-08-09 08:51:17,489 | INFO | Using image observation keys: ['agentview']
[robosuite INFO] Loading controller configuration from: /mnt/data/users/haoyu/workspace/code/fpo-control/manipulation_experiments/thirdparty/robosuite/robosuite/controllers/config/robots/default_panda.json (composite_controller_factory.py:121)
2026-08-09 08:51:17,489 | INFO | Loading controller configuration from: /mnt/data/users/haoyu/workspace/code/fpo-control/manipulation_experiments/thirdparty/robosuite/robosuite/controllers/config/robots/default_panda.json
2026-08-09 08:51:19,270 | INFO | Successfully created NutAssemblySquare environment via robosuite.make() with cameras at 84x84
2026-08-09 08:51:19,270 | INFO | Configured cameras: ['agentview']
[ViT Init] Inferred image size from dataset: 84x84
num_visible_gpus: 1 [1] render_override: 
render_gpu_device_id: 1
[robosuite WARNING] No private macro file found! (macros.py:57)
[robosuite WARNING] It is recommended to use a private macro file (macros.py:58)
[robosuite WARNING] To setup, run: python /mnt/data/users/haoyu/workspace/code/fpo-control/manipulation_experiments/thirdparty/robosuite/robosuite/scripts/setup_macros.py (macros.py:59)
[robosuite WARNING] No private macro file found! (macros.py:57)
[robosuite WARNING] No private macro file found! (macros.py:57)
[robosuite WARNING] It is recommended to use a private macro file (macros.py:58)
[robosuite WARNING] It is recommended to use a private macro file (macros.py:58)
[robosuite WARNING] To setup, run: python /mnt/data/users/haoyu/workspace/code/fpo-control/manipulation_experiments/thirdparty/robosuite/robosuite/scripts/setup_macros.py (macros.py:59)
[robosuite WARNING] To setup, run: python /mnt/data/users/haoyu/workspace/code/fpo-control/manipulation_experiments/thirdparty/robosuite/robosuite/scripts/setup_macros.py (macros.py:59)
[robosuite WARNING] No private macro file found! (macros.py:57)
[robosuite WARNING] It is recommended to use a private macro file (macros.py:58)
[robosuite WARNING] To setup, run: python /mnt/data/users/haoyu/workspace/code/fpo-control/manipulation_experiments/thirdparty/robosuite/robosuite/scripts/setup_macros.py (macros.py:59)
[robosuite WARNING] No private macro file found! (macros.py:57)
[robosuite WARNING] It is recommended to use a private macro file (macros.py:58)
[robosuite WARNING] To setup, run: python /mnt/data/users/haoyu/workspace/code/fpo-control/manipulation_experiments/thirdparty/robosuite/robosuite/scripts/setup_macros.py (macros.py:59)
[robosuite WARNING] No private macro file found! (macros.py:57)
[robosuite WARNING] It is recommended to use a private macro file (macros.py:58)
[robosuite WARNING] To setup, run: python /mnt/data/users/haoyu/workspace/code/fpo-control/manipulation_experiments/thirdparty/robosuite/robosuite/scripts/setup_macros.py (macros.py:59)
[robosuite WARNING] No private macro file found! (macros.py:57)
[robosuite WARNING] It is recommended to use a private macro file (macros.py:58)
[robosuite WARNING] To setup, run: python /mnt/data/users/haoyu/workspace/code/fpo-control/manipulation_experiments/thirdparty/robosuite/robosuite/scripts/setup_macros.py (macros.py:59)
[robosuite WARNING] No private macro file found! (macros.py:57)
[robosuite WARNING] It is recommended to use a private macro file (macros.py:58)
[robosuite WARNING] To setup, run: python /mnt/data/users/haoyu/workspace/code/fpo-control/manipulation_experiments/thirdparty/robosuite/robosuite/scripts/setup_macros.py (macros.py:59)
[robosuite WARNING] No private macro file found! (macros.py:57)
[robosuite WARNING] It is recommended to use a private macro file (macros.py:58)
[robosuite WARNING] To setup, run: python /mnt/data/users/haoyu/workspace/code/fpo-control/manipulation_experiments/thirdparty/robosuite/robosuite/scripts/setup_macros.py (macros.py:59)
[robosuite WARNING] No private macro file found! (macros.py:57)
[robosuite WARNING] It is recommended to use a private macro file (macros.py:58)
[robosuite WARNING] To setup, run: python /mnt/data/users/haoyu/workspace/code/fpo-control/manipulation_experiments/thirdparty/robosuite/robosuite/scripts/setup_macros.py (macros.py:59)
[robosuite WARNING] No private macro file found! (macros.py:57)
[robosuite WARNING] It is recommended to use a private macro file (macros.py:58)
[robosuite WARNING] To setup, run: python /mnt/data/users/haoyu/workspace/code/fpo-control/manipulation_experiments/thirdparty/robosuite/robosuite/scripts/setup_macros.py (macros.py:59)
[robosuite WARNING] No private macro file found! (macros.py:57)
[robosuite WARNING] It is recommended to use a private macro file (macros.py:58)
[robosuite WARNING] To setup, run: python /mnt/data/users/haoyu/workspace/code/fpo-control/manipulation_experiments/thirdparty/robosuite/robosuite/scripts/setup_macros.py (macros.py:59)
[robosuite WARNING] No private macro file found! (macros.py:57)
[robosuite WARNING] It is recommended to use a private macro file (macros.py:58)
[robosuite WARNING] To setup, run: python /mnt/data/users/haoyu/workspace/code/fpo-control/manipulation_experiments/thirdparty/robosuite/robosuite/scripts/setup_macros.py (macros.py:59)
[robosuite WARNING] No private macro file found! (macros.py:57)
[robosuite WARNING] It is recommended to use a private macro file (macros.py:58)
[robosuite WARNING] To setup, run: python /mnt/data/users/haoyu/workspace/code/fpo-control/manipulation_experiments/thirdparty/robosuite/robosuite/scripts/setup_macros.py (macros.py:59)
[robosuite WARNING] No private macro file found! (macros.py:57)
[robosuite WARNING] It is recommended to use a private macro file (macros.py:58)
[robosuite WARNING] To setup, run: python /mnt/data/users/haoyu/workspace/code/fpo-control/manipulation_experiments/thirdparty/robosuite/robosuite/scripts/setup_macros.py (macros.py:59)
[robosuite WARNING] No private macro file found! (macros.py:57)
[robosuite WARNING] It is recommended to use a private macro file (macros.py:58)
[robosuite WARNING] To setup, run: python /mnt/data/users/haoyu/workspace/code/fpo-control/manipulation_experiments/thirdparty/robosuite/robosuite/scripts/setup_macros.py (macros.py:59)
[robosuite WARNING] No private macro file found! (macros.py:57)
[robosuite WARNING] It is recommended to use a private macro file (macros.py:58)
[robosuite WARNING] To setup, run: python /mnt/data/users/haoyu/workspace/code/fpo-control/manipulation_experiments/thirdparty/robosuite/robosuite/scripts/setup_macros.py (macros.py:59)
[robosuite WARNING] No private macro file found! (macros.py:57)
[robosuite WARNING] It is recommended to use a private macro file (macros.py:58)
[robosuite WARNING] To setup, run: python /mnt/data/users/haoyu/workspace/code/fpo-control/manipulation_experiments/thirdparty/robosuite/robosuite/scripts/setup_macros.py (macros.py:59)
[robosuite WARNING] No private macro file found! (macros.py:57)
[robosuite WARNING] It is recommended to use a private macro file (macros.py:58)
[robosuite WARNING] To setup, run: python /mnt/data/users/haoyu/workspace/code/fpo-control/manipulation_experiments/thirdparty/robosuite/robosuite/scripts/setup_macros.py (macros.py:59)
[robosuite WARNING] No private macro file found! (macros.py:57)
[robosuite WARNING] It is recommended to use a private macro file (macros.py:58)
[robosuite WARNING] To setup, run: python /mnt/data/users/haoyu/workspace/code/fpo-control/manipulation_experiments/thirdparty/robosuite/robosuite/scripts/setup_macros.py (macros.py:59)
[robosuite WARNING] Could not import robosuite_models. Some robots may not be available. If you want to use these robots, please install robosuite_models from source (https://github.com/ARISE-Initiative/robosuite_models) or through pip install. (__init__.py:30)
[robosuite WARNING] Could not import robosuite_models. Some robots may not be available. If you want to use these robots, please install robosuite_models from source (https://github.com/ARISE-Initiative/robosuite_models) or through pip install. (__init__.py:30)
[robosuite WARNING] Could not import robosuite_models. Some robots may not be available. If you want to use these robots, please install robosuite_models from source (https://github.com/ARISE-Initiative/robosuite_models) or through pip install. (__init__.py:30)
[robosuite WARNING] Could not import robosuite_models. Some robots may not be available. If you want to use these robots, please install robosuite_models from source (https://github.com/ARISE-Initiative/robosuite_models) or through pip install. (__init__.py:30)
[robosuite WARNING] Could not import robosuite_models. Some robots may not be available. If you want to use these robots, please install robosuite_models from source (https://github.com/ARISE-Initiative/robosuite_models) or through pip install. (__init__.py:30)
[robosuite WARNING] Could not import robosuite_models. Some robots may not be available. If you want to use these robots, please install robosuite_models from source (https://github.com/ARISE-Initiative/robosuite_models) or through pip install. (__init__.py:30)
[robosuite WARNING] Could not import robosuite_models. Some robots may not be available. If you want to use these robots, please install robosuite_models from source (https://github.com/ARISE-Initiative/robosuite_models) or through pip install. (__init__.py:30)
[robosuite WARNING] Could not import robosuite_models. Some robots may not be available. If you want to use these robots, please install robosuite_models from source (https://github.com/ARISE-Initiative/robosuite_models) or through pip install. (__init__.py:30)
[robosuite WARNING] Could not import robosuite_models. Some robots may not be available. If you want to use these robots, please install robosuite_models from source (https://github.com/ARISE-Initiative/robosuite_models) or through pip install. (__init__.py:30)
[robosuite WARNING] Could not import robosuite_models. Some robots may not be available. If you want to use these robots, please install robosuite_models from source (https://github.com/ARISE-Initiative/robosuite_models) or through pip install. (__init__.py:30)
[robosuite WARNING] Could not import robosuite_models. Some robots may not be available. If you want to use these robots, please install robosuite_models from source (https://github.com/ARISE-Initiative/robosuite_models) or through pip install. (__init__.py:30)
[robosuite WARNING] Could not import robosuite_models. Some robots may not be available. If you want to use these robots, please install robosuite_models from source (https://github.com/ARISE-Initiative/robosuite_models) or through pip install. (__init__.py:30)
[robosuite WARNING] Could not import robosuite_models. Some robots may not be available. If you want to use these robots, please install robosuite_models from source (https://github.com/ARISE-Initiative/robosuite_models) or through pip install. (__init__.py:30)
[robosuite WARNING] Could not import robosuite_models. Some robots may not be available. If you want to use these robots, please install robosuite_models from source (https://github.com/ARISE-Initiative/robosuite_models) or through pip install. (__init__.py:30)
[robosuite WARNING] Could not import robosuite_models. Some robots may not be available. If you want to use these robots, please install robosuite_models from source (https://github.com/ARISE-Initiative/robosuite_models) or through pip install. (__init__.py:30)
[robosuite WARNING] Could not import robosuite_models. Some robots may not be available. If you want to use these robots, please install robosuite_models from source (https://github.com/ARISE-Initiative/robosuite_models) or through pip install. (__init__.py:30)
[robosuite WARNING] Could not import robosuite_models. Some robots may not be available. If you want to use these robots, please install robosuite_models from source (https://github.com/ARISE-Initiative/robosuite_models) or through pip install. (__init__.py:30)
[robosuite WARNING] Could not import robosuite_models. Some robots may not be available. If you want to use these robots, please install robosuite_models from source (https://github.com/ARISE-Initiative/robosuite_models) or through pip install. (__init__.py:30)
[robosuite WARNING] Could not import robosuite_models. Some robots may not be available. If you want to use these robots, please install robosuite_models from source (https://github.com/ARISE-Initiative/robosuite_models) or through pip install. (__init__.py:30)
[robosuite WARNING] Could not import robosuite_models. Some robots may not be available. If you want to use these robots, please install robosuite_models from source (https://github.com/ARISE-Initiative/robosuite_models) or through pip install. (__init__.py:30)
2026-08-09 08:51:28,308 | INFO | Video key: agentview
2026-08-09 08:51:28,309 | INFO | Using image observation keys: ['agentview']
[robosuite INFO] Loading controller configuration from: /mnt/data/users/haoyu/workspace/code/fpo-control/manipulation_experiments/thirdparty/robosuite/robosuite/controllers/config/robots/default_panda.json (composite_controller_factory.py:121)
2026-08-09 08:51:28,309 | INFO | Loading controller configuration from: /mnt/data/users/haoyu/workspace/code/fpo-control/manipulation_experiments/thirdparty/robosuite/robosuite/controllers/config/robots/default_panda.json
2026-08-09 08:51:28,634 | INFO | Video key: agentview
2026-08-09 08:51:28,634 | INFO | Using image observation keys: ['agentview']
[robosuite INFO] Loading controller configuration from: /mnt/data/users/haoyu/workspace/code/fpo-control/manipulation_experiments/thirdparty/robosuite/robosuite/controllers/config/robots/default_panda.json (composite_controller_factory.py:121)
2026-08-09 08:51:28,635 | INFO | Loading controller configuration from: /mnt/data/users/haoyu/workspace/code/fpo-control/manipulation_experiments/thirdparty/robosuite/robosuite/controllers/config/robots/default_panda.json
2026-08-09 08:51:29,000 | INFO | Video key: agentview
2026-08-09 08:51:29,000 | INFO | Using image observation keys: ['agentview']
[robosuite INFO] Loading controller configuration from: /mnt/data/users/haoyu/workspace/code/fpo-control/manipulation_experiments/thirdparty/robosuite/robosuite/controllers/config/robots/default_panda.json (composite_controller_factory.py:121)
2026-08-09 08:51:29,000 | INFO | Loading controller configuration from: /mnt/data/users/haoyu/workspace/code/fpo-control/manipulation_experiments/thirdparty/robosuite/robosuite/controllers/config/robots/default_panda.json
2026-08-09 08:51:29,519 | INFO | Video key: agentview
2026-08-09 08:51:29,519 | INFO | Using image observation keys: ['agentview']
[robosuite INFO] Loading controller configuration from: /mnt/data/users/haoyu/workspace/code/fpo-control/manipulation_experiments/thirdparty/robosuite/robosuite/controllers/config/robots/default_panda.json (composite_controller_factory.py:121)
2026-08-09 08:51:29,520 | INFO | Loading controller configuration from: /mnt/data/users/haoyu/workspace/code/fpo-control/manipulation_experiments/thirdparty/robosuite/robosuite/controllers/config/robots/default_panda.json
2026-08-09 08:51:30,293 | INFO | Successfully created NutAssemblySquare environment via robosuite.make() with cameras at 84x84
2026-08-09 08:51:30,293 | INFO | Configured cameras: ['agentview']
2026-08-09 08:51:30,509 | INFO | Successfully created NutAssemblySquare environment via robosuite.make() with cameras at 84x84
2026-08-09 08:51:30,509 | INFO | Configured cameras: ['agentview']
2026-08-09 08:51:30,798 | INFO | Successfully created NutAssemblySquare environment via robosuite.make() with cameras at 84x84
2026-08-09 08:51:30,798 | INFO | Configured cameras: ['agentview']
2026-08-09 08:51:30,815 | INFO | Video key: agentview
2026-08-09 08:51:30,815 | INFO | Using image observation keys: ['agentview']
[robosuite INFO] Loading controller configuration from: /mnt/data/users/haoyu/workspace/code/fpo-control/manipulation_experiments/thirdparty/robosuite/robosuite/controllers/config/robots/default_panda.json (composite_controller_factory.py:121)
2026-08-09 08:51:30,815 | INFO | Loading controller configuration from: /mnt/data/users/haoyu/workspace/code/fpo-control/manipulation_experiments/thirdparty/robosuite/robosuite/controllers/config/robots/default_panda.json
2026-08-09 08:51:30,930 | INFO | Video key: agentview
2026-08-09 08:51:30,930 | INFO | Using image observation keys: ['agentview']
[robosuite INFO] Loading controller configuration from: /mnt/data/users/haoyu/workspace/code/fpo-control/manipulation_experiments/thirdparty/robosuite/robosuite/controllers/config/robots/default_panda.json (composite_controller_factory.py:121)
2026-08-09 08:51:30,930 | INFO | Loading controller configuration from: /mnt/data/users/haoyu/workspace/code/fpo-control/manipulation_experiments/thirdparty/robosuite/robosuite/controllers/config/robots/default_panda.json
2026-08-09 08:51:31,320 | INFO | Successfully created NutAssemblySquare environment via robosuite.make() with cameras at 84x84
2026-08-09 08:51:31,321 | INFO | Configured cameras: ['agentview']
2026-08-09 08:51:32,592 | INFO | Video key: agentview
2026-08-09 08:51:32,592 | INFO | Using image observation keys: ['agentview']
[robosuite INFO] Loading controller configuration from: /mnt/data/users/haoyu/workspace/code/fpo-control/manipulation_experiments/thirdparty/robosuite/robosuite/controllers/config/robots/default_panda.json (composite_controller_factory.py:121)
2026-08-09 08:51:32,592 | INFO | Loading controller configuration from: /mnt/data/users/haoyu/workspace/code/fpo-control/manipulation_experiments/thirdparty/robosuite/robosuite/controllers/config/robots/default_panda.json
2026-08-09 08:51:32,616 | INFO | Successfully created NutAssemblySquare environment via robosuite.make() with cameras at 84x84
2026-08-09 08:51:32,616 | INFO | Configured cameras: ['agentview']
2026-08-09 08:51:32,776 | INFO | Successfully created NutAssemblySquare environment via robosuite.make() with cameras at 84x84
2026-08-09 08:51:32,776 | INFO | Configured cameras: ['agentview']
2026-08-09 08:51:32,838 | INFO | Video key: agentview
2026-08-09 08:51:32,838 | INFO | Using image observation keys: ['agentview']
[robosuite INFO] Loading controller configuration from: /mnt/data/users/haoyu/workspace/code/fpo-control/manipulation_experiments/thirdparty/robosuite/robosuite/controllers/config/robots/default_panda.json (composite_controller_factory.py:121)
2026-08-09 08:51:32,838 | INFO | Loading controller configuration from: /mnt/data/users/haoyu/workspace/code/fpo-control/manipulation_experiments/thirdparty/robosuite/robosuite/controllers/config/robots/default_panda.json
2026-08-09 08:51:32,845 | INFO | Video key: agentview
2026-08-09 08:51:32,845 | INFO | Using image observation keys: ['agentview']
[robosuite INFO] Loading controller configuration from: /mnt/data/users/haoyu/workspace/code/fpo-control/manipulation_experiments/thirdparty/robosuite/robosuite/controllers/config/robots/default_panda.json (composite_controller_factory.py:121)
2026-08-09 08:51:32,845 | INFO | Loading controller configuration from: /mnt/data/users/haoyu/workspace/code/fpo-control/manipulation_experiments/thirdparty/robosuite/robosuite/controllers/config/robots/default_panda.json
2026-08-09 08:51:32,857 | INFO | Video key: agentview
2026-08-09 08:51:32,857 | INFO | Using image observation keys: ['agentview']
[robosuite INFO] Loading controller configuration from: /mnt/data/users/haoyu/workspace/code/fpo-control/manipulation_experiments/thirdparty/robosuite/robosuite/controllers/config/robots/default_panda.json (composite_controller_factory.py:121)
2026-08-09 08:51:32,858 | INFO | Loading controller configuration from: /mnt/data/users/haoyu/workspace/code/fpo-control/manipulation_experiments/thirdparty/robosuite/robosuite/controllers/config/robots/default_panda.json
2026-08-09 08:51:32,866 | INFO | Video key: agentview
2026-08-09 08:51:32,866 | INFO | Using image observation keys: ['agentview']
[robosuite INFO] Loading controller configuration from: /mnt/data/users/haoyu/workspace/code/fpo-control/manipulation_experiments/thirdparty/robosuite/robosuite/controllers/config/robots/default_panda.json (composite_controller_factory.py:121)
2026-08-09 08:51:32,866 | INFO | Loading controller configuration from: /mnt/data/users/haoyu/workspace/code/fpo-control/manipulation_experiments/thirdparty/robosuite/robosuite/controllers/config/robots/default_panda.json
2026-08-09 08:51:32,867 | INFO | Video key: agentview
2026-08-09 08:51:32,867 | INFO | Using image observation keys: ['agentview']
[robosuite INFO] Loading controller configuration from: /mnt/data/users/haoyu/workspace/code/fpo-control/manipulation_experiments/thirdparty/robosuite/robosuite/controllers/config/robots/default_panda.json (composite_controller_factory.py:121)
2026-08-09 08:51:32,867 | INFO | Loading controller configuration from: /mnt/data/users/haoyu/workspace/code/fpo-control/manipulation_experiments/thirdparty/robosuite/robosuite/controllers/config/robots/default_panda.json
2026-08-09 08:51:32,879 | INFO | Video key: agentview
2026-08-09 08:51:32,880 | INFO | Using image observation keys: ['agentview']
[robosuite INFO] Loading controller configuration from: /mnt/data/users/haoyu/workspace/code/fpo-control/manipulation_experiments/thirdparty/robosuite/robosuite/controllers/config/robots/default_panda.json (composite_controller_factory.py:121)
2026-08-09 08:51:32,880 | INFO | Loading controller configuration from: /mnt/data/users/haoyu/workspace/code/fpo-control/manipulation_experiments/thirdparty/robosuite/robosuite/controllers/config/robots/default_panda.json
2026-08-09 08:51:32,900 | INFO | Video key: agentview
2026-08-09 08:51:32,900 | INFO | Using image observation keys: ['agentview']
[robosuite INFO] Loading controller configuration from: /mnt/data/users/haoyu/workspace/code/fpo-control/manipulation_experiments/thirdparty/robosuite/robosuite/controllers/config/robots/default_panda.json (composite_controller_factory.py:121)
2026-08-09 08:51:32,900 | INFO | Loading controller configuration from: /mnt/data/users/haoyu/workspace/code/fpo-control/manipulation_experiments/thirdparty/robosuite/robosuite/controllers/config/robots/default_panda.json
2026-08-09 08:51:33,027 | INFO | Video key: agentview
2026-08-09 08:51:33,027 | INFO | Using image observation keys: ['agentview']
[robosuite INFO] Loading controller configuration from: /mnt/data/users/haoyu/workspace/code/fpo-control/manipulation_experiments/thirdparty/robosuite/robosuite/controllers/config/robots/default_panda.json (composite_controller_factory.py:121)
2026-08-09 08:51:33,027 | INFO | Loading controller configuration from: /mnt/data/users/haoyu/workspace/code/fpo-control/manipulation_experiments/thirdparty/robosuite/robosuite/controllers/config/robots/default_panda.json
2026-08-09 08:51:33,040 | INFO | Video key: agentview
2026-08-09 08:51:33,040 | INFO | Using image observation keys: ['agentview']
[robosuite INFO] Loading controller configuration from: /mnt/data/users/haoyu/workspace/code/fpo-control/manipulation_experiments/thirdparty/robosuite/robosuite/controllers/config/robots/default_panda.json (composite_controller_factory.py:121)
2026-08-09 08:51:33,041 | INFO | Loading controller configuration from: /mnt/data/users/haoyu/workspace/code/fpo-control/manipulation_experiments/thirdparty/robosuite/robosuite/controllers/config/robots/default_panda.json
2026-08-09 08:51:33,052 | INFO | Video key: agentview
2026-08-09 08:51:33,053 | INFO | Using image observation keys: ['agentview']
[robosuite INFO] Loading controller configuration from: /mnt/data/users/haoyu/workspace/code/fpo-control/manipulation_experiments/thirdparty/robosuite/robosuite/controllers/config/robots/default_panda.json (composite_controller_factory.py:121)
2026-08-09 08:51:33,053 | INFO | Loading controller configuration from: /mnt/data/users/haoyu/workspace/code/fpo-control/manipulation_experiments/thirdparty/robosuite/robosuite/controllers/config/robots/default_panda.json
2026-08-09 08:51:33,060 | INFO | Video key: agentview
2026-08-09 08:51:33,060 | INFO | Using image observation keys: ['agentview']
[robosuite INFO] Loading controller configuration from: /mnt/data/users/haoyu/workspace/code/fpo-control/manipulation_experiments/thirdparty/robosuite/robosuite/controllers/config/robots/default_panda.json (composite_controller_factory.py:121)
2026-08-09 08:51:33,060 | INFO | Loading controller configuration from: /mnt/data/users/haoyu/workspace/code/fpo-control/manipulation_experiments/thirdparty/robosuite/robosuite/controllers/config/robots/default_panda.json
2026-08-09 08:51:33,066 | INFO | Video key: agentview
2026-08-09 08:51:33,066 | INFO | Using image observation keys: ['agentview']
[robosuite INFO] Loading controller configuration from: /mnt/data/users/haoyu/workspace/code/fpo-control/manipulation_experiments/thirdparty/robosuite/robosuite/controllers/config/robots/default_panda.json (composite_controller_factory.py:121)
2026-08-09 08:51:33,066 | INFO | Loading controller configuration from: /mnt/data/users/haoyu/workspace/code/fpo-control/manipulation_experiments/thirdparty/robosuite/robosuite/controllers/config/robots/default_panda.json
2026-08-09 08:51:33,084 | INFO | Video key: agentview
2026-08-09 08:51:33,084 | INFO | Using image observation keys: ['agentview']
[robosuite INFO] Loading controller configuration from: /mnt/data/users/haoyu/workspace/code/fpo-control/manipulation_experiments/thirdparty/robosuite/robosuite/controllers/config/robots/default_panda.json (composite_controller_factory.py:121)
2026-08-09 08:51:33,084 | INFO | Loading controller configuration from: /mnt/data/users/haoyu/workspace/code/fpo-control/manipulation_experiments/thirdparty/robosuite/robosuite/controllers/config/robots/default_panda.json
2026-08-09 08:51:34,428 | INFO | Successfully created NutAssemblySquare environment via robosuite.make() with cameras at 84x84
2026-08-09 08:51:34,428 | INFO | Configured cameras: ['agentview']
2026-08-09 08:51:34,666 | INFO | Successfully created NutAssemblySquare environment via robosuite.make() with cameras at 84x84
2026-08-09 08:51:34,666 | INFO | Configured cameras: ['agentview']
2026-08-09 08:51:34,667 | INFO | Successfully created NutAssemblySquare environment via robosuite.make() with cameras at 84x84
2026-08-09 08:51:34,667 | INFO | Configured cameras: ['agentview']
2026-08-09 08:51:34,671 | INFO | Successfully created NutAssemblySquare environment via robosuite.make() with cameras at 84x84
2026-08-09 08:51:34,672 | INFO | Configured cameras: ['agentview']
2026-08-09 08:51:34,692 | INFO | Successfully created NutAssemblySquare environment via robosuite.make() with cameras at 84x84
2026-08-09 08:51:34,692 | INFO | Configured cameras: ['agentview']
2026-08-09 08:51:34,705 | INFO | Successfully created NutAssemblySquare environment via robosuite.make() with cameras at 84x84
2026-08-09 08:51:34,705 | INFO | Configured cameras: ['agentview']
2026-08-09 08:51:34,750 | INFO | Successfully created NutAssemblySquare environment via robosuite.make() with cameras at 84x84
2026-08-09 08:51:34,750 | INFO | Configured cameras: ['agentview']
2026-08-09 08:51:34,818 | INFO | Successfully created NutAssemblySquare environment via robosuite.make() with cameras at 84x84
2026-08-09 08:51:34,818 | INFO | Configured cameras: ['agentview']
2026-08-09 08:51:34,854 | INFO | Successfully created NutAssemblySquare environment via robosuite.make() with cameras at 84x84
2026-08-09 08:51:34,854 | INFO | Configured cameras: ['agentview']
2026-08-09 08:51:34,887 | INFO | Successfully created NutAssemblySquare environment via robosuite.make() with cameras at 84x84
2026-08-09 08:51:34,887 | INFO | Configured cameras: ['agentview']
2026-08-09 08:51:34,910 | INFO | Successfully created NutAssemblySquare environment via robosuite.make() with cameras at 84x84
2026-08-09 08:51:34,910 | INFO | Configured cameras: ['agentview']
2026-08-09 08:51:34,920 | INFO | Successfully created NutAssemblySquare environment via robosuite.make() with cameras at 84x84
2026-08-09 08:51:34,921 | INFO | Configured cameras: ['agentview']
2026-08-09 08:51:34,934 | INFO | Successfully created NutAssemblySquare environment via robosuite.make() with cameras at 84x84
2026-08-09 08:51:34,934 | INFO | Configured cameras: ['agentview']
2026-08-09 08:51:34,971 | INFO | Successfully created NutAssemblySquare environment via robosuite.make() with cameras at 84x84
2026-08-09 08:51:34,971 | INFO | Configured cameras: ['agentview']
2026-08-09 08:51:36,189 | INFO | Created 20 vectorized Square environments
2026-08-09 08:51:36,189 | INFO | Set video key to 'agentview' for video recording
2026-08-09 08:51:36,189 | INFO | ================================================================================
2026-08-09 08:51:36,189 | INFO | Starting Evaluation
2026-08-09 08:51:36,189 | INFO | ================================================================================
2026-08-09 08:51:36,190 | INFO | Running rollouts with environment: Square
2026-08-09 08:51:36,190 | INFO | Starting evaluation: 20 episodes using 20 parallel environments
2026-08-09 08:51:37,266 | INFO | Created observation keys: ['observation.state', 'observation.images.agentview']
2026-08-09 08:51:37,270 | INFO | Created observation keys: ['observation.state', 'observation.images.agentview']
2026-08-09 08:51:37,272 | INFO | Created observation keys: ['observation.state', 'observation.images.agentview']
2026-08-09 08:51:37,288 | INFO | Created observation keys: ['observation.state', 'observation.images.agentview']
2026-08-09 08:51:37,301 | INFO | Created observation keys: ['observation.state', 'observation.images.agentview']
2026-08-09 08:51:37,302 | INFO | Created observation keys: ['observation.state', 'observation.images.agentview']
2026-08-09 08:51:37,306 | INFO | Created observation keys: ['observation.state', 'observation.images.agentview']
2026-08-09 08:51:37,309 | INFO | Created observation keys: ['observation.state', 'observation.images.agentview']
2026-08-09 08:51:37,327 | INFO | Created observation keys: ['observation.state', 'observation.images.agentview']
2026-08-09 08:51:37,327 | INFO | Created observation keys: ['observation.state', 'observation.images.agentview']
2026-08-09 08:51:37,329 | INFO | Created observation keys: ['observation.state', 'observation.images.agentview']
2026-08-09 08:51:37,331 | INFO | Created observation keys: ['observation.state', 'observation.images.agentview']
2026-08-09 08:51:37,336 | INFO | Created observation keys: ['observation.state', 'observation.images.agentview']
2026-08-09 08:51:37,343 | INFO | Created observation keys: ['observation.state', 'observation.images.agentview']
2026-08-09 08:51:37,362 | INFO | Created observation keys: ['observation.state', 'observation.images.agentview']
2026-08-09 08:51:37,371 | INFO | Created observation keys: ['observation.state', 'observation.images.agentview']
2026-08-09 08:51:37,381 | INFO | Created observation keys: ['observation.state', 'observation.images.agentview']
2026-08-09 08:51:37,388 | INFO | Created observation keys: ['observation.state', 'observation.images.agentview']
2026-08-09 08:51:37,405 | INFO | Created observation keys: ['observation.state', 'observation.images.agentview']
2026-08-09 08:51:37,434 | INFO | Created observation keys: ['observation.state', 'observation.images.agentview']
/home/haoyu/workspace/code/fpo-control/manipulation_experiments/thirdparty/miniconda3/envs/fpo_manipulation/lib/python3.10/contextlib.py:103: FutureWarning: `torch.backends.cuda.sdp_kernel()` is deprecated. In the future, this context manager will be removed. Please see `torch.nn.attention.sdpa_kernel()` for the new context manager, with updated signature.
  self.gen = func(*args, **kwds)
2026-08-09 08:51:45,960 | INFO | Total steps: 1000, done episodes: 0, successes: 0, FPS: 102.4
2026-08-09 08:51:49,778 | INFO | Total steps: 2000, done episodes: 0, successes: 0, FPS: 147.2
2026-08-09 08:51:53,738 | INFO | Total steps: 3000, done episodes: 0, successes: 0, FPS: 171.0
2026-08-09 08:52:00,548 | INFO | Total steps: 4000, done episodes: 2, successes: 2, FPS: 164.2
2026-08-09 08:52:04,577 | INFO | Total steps: 5000, done episodes: 2, successes: 2, FPS: 176.1
2026-08-09 08:52:09,806 | INFO | Total steps: 6000, done episodes: 3, successes: 3, FPS: 178.5
2026-08-09 08:52:16,301 | INFO | Total steps: 7000, done episodes: 5, successes: 5, FPS: 174.5
2026-08-09 08:52:24,174 | INFO | Evaluation completed: 20 episodes, 6 successes (30.0%) for task **Square**
2026-08-09 08:52:24,175 | INFO | Success stats across environments: mean=0.30 +/- 0.46
2026-08-09 08:52:24,175 | INFO | Average return: 0.300 +/- 0.458
2026-08-09 08:52:24,175 | INFO | Average episode length: 361.2 +/- 72.9
2026-08-09 08:52:24,175 | INFO | Performance: 8000 total steps in 48.0s
2026-08-09 08:52:24,175 | INFO | Average FPS: 166.7 frames/sec | Episodes/sec: 0.42
2026-08-09 08:52:24,175 | INFO | ================================================================================
2026-08-09 08:52:24,175 | INFO | Evaluation Summary
2026-08-09 08:52:24,175 | INFO | ================================================================================
2026-08-09 08:52:24,175 | INFO | Environment: Square
2026-08-09 08:52:24,175 | INFO | Checkpoint: latest
2026-08-09 08:52:24,175 | INFO | Episodes: 20
2026-08-09 08:52:24,175 | INFO | Success Rate: 30.00% +/- 45.83%
2026-08-09 08:52:24,175 | INFO | Average Return: 0.300 +/- 0.458
2026-08-09 08:52:24,175 | INFO | FPS: 166.7
2026-08-09 08:52:24,175 | INFO | ================================================================================
2026-08-09 08:52:24,176 | INFO | Summary saved to: /home/haoyu/workspace/outputs/fpo-control/results/square_h42_action16_random_balanced20_seed20260915/eval_summary_Square_latest_random.txt
render_gpu_device_id: 1
render_gpu_device_id: 1
render_gpu_device_id: 1
render_gpu_device_id: 1
render_gpu_device_id: 1
render_gpu_device_id: 1
render_gpu_device_id: 1
render_gpu_device_id: 1
render_gpu_device_id: 1
render_gpu_device_id: 1
render_gpu_device_id: 1
render_gpu_device_id: 1
render_gpu_device_id: 1
render_gpu_device_id: 1
render_gpu_device_id: 1
render_gpu_device_id: 1
render_gpu_device_id: 1
render_gpu_device_id: 1
render_gpu_device_id: 1
render_gpu_device_id: 1
2026-08-09 08:52:27,680 | INFO | Evaluation completed successfully!
