[robosuite WARNING] No private macro file found! (macros.py:57)
[robosuite WARNING] It is recommended to use a private macro file (macros.py:58)
[robosuite WARNING] To setup, run: python /mnt/data/users/haoyu/workspace/code/fpo-control/manipulation_experiments/thirdparty/robosuite/robosuite/scripts/setup_macros.py (macros.py:59)
[robosuite WARNING] Could not import robosuite_models. Some robots may not be available. If you want to use these robots, please install robosuite_models from source (https://github.com/ARISE-Initiative/robosuite_models) or through pip install. (__init__.py:30)
2026-08-09 05:38:18,607 | INFO | Loading policy from /home/haoyu/workspace/code/fpo-control/manipulation_experiments/downloaded_checkpoints/95j3noe4_step_6000/policy...
2026-08-09 05:38:18,607 | INFO | Loading config from /home/haoyu/workspace/code/fpo-control/manipulation_experiments/downloaded_checkpoints/95j3noe4_step_6000/policy/config.json...
2026-08-09 05:38:18,607 | INFO | Image features: ['observation.images.robot0_eye_in_hand']
2026-08-09 05:38:18,607 | INFO | State features: ['observation.state']
2026-08-09 05:38:18,607 | INFO | Constructing FlowMatchingPolicy from config...
2026-08-09 05:38:18,700 | INFO | Loading model weights from /home/haoyu/workspace/code/fpo-control/manipulation_experiments/downloaded_checkpoints/95j3noe4_step_6000/policy/model.safetensors...
2026-08-09 05:38:19,149 | INFO | Loaded and applied EMA weights from checkpoint
2026-08-09 05:38:19,149 | INFO | Policy loaded successfully
2026-08-09 05:38:19,149 | INFO | Policy config: horizon=16, n_action_steps=8, sampling_steps=10
2026-08-09 05:38:19,157 | INFO | Production mode: using gymnasium.vector.AsyncVectorEnv
2026-08-09 05:38:19,157 | INFO | Video key: agentview
2026-08-09 05:38:19,157 | INFO | Using image observation keys: ['robot0_eye_in_hand']
[robosuite INFO] Loading controller configuration from: /mnt/data/users/haoyu/workspace/code/fpo-control/manipulation_experiments/thirdparty/robosuite/robosuite/controllers/config/robots/default_panda.json (composite_controller_factory.py:121)
2026-08-09 05:38:19,158 | INFO | Loading controller configuration from: /mnt/data/users/haoyu/workspace/code/fpo-control/manipulation_experiments/thirdparty/robosuite/robosuite/controllers/config/robots/default_panda.json
2026-08-09 05:38:20,892 | INFO | Successfully created PickPlaceCan environment via robosuite.make() with cameras at 84x84
2026-08-09 05:38:20,892 | INFO | Configured cameras: ['robot0_eye_in_hand']
[ViT Init] Inferred image size from dataset: 84x84
num_visible_gpus: 1 [1] render_override: 
render_gpu_device_id: 1
[robosuite WARNING] No private macro file found! (macros.py:57)
[robosuite WARNING] It is recommended to use a private macro file (macros.py:58)
[robosuite WARNING] To setup, run: python /mnt/data/users/haoyu/workspace/code/fpo-control/manipulation_experiments/thirdparty/robosuite/robosuite/scripts/setup_macros.py (macros.py:59)
[robosuite WARNING] No private macro file found! (macros.py:57)
[robosuite WARNING] It is recommended to use a private macro file (macros.py:58)
[robosuite WARNING] To setup, run: python /mnt/data/users/haoyu/workspace/code/fpo-control/manipulation_experiments/thirdparty/robosuite/robosuite/scripts/setup_macros.py (macros.py:59)
[robosuite WARNING] No private macro file found! (macros.py:57)
[robosuite WARNING] It is recommended to use a private macro file (macros.py:58)
[robosuite WARNING] To setup, run: python /mnt/data/users/haoyu/workspace/code/fpo-control/manipulation_experiments/thirdparty/robosuite/robosuite/scripts/setup_macros.py (macros.py:59)
[robosuite WARNING] No private macro file found! (macros.py:57)
[robosuite WARNING] It is recommended to use a private macro file (macros.py:58)
[robosuite WARNING] To setup, run: python /mnt/data/users/haoyu/workspace/code/fpo-control/manipulation_experiments/thirdparty/robosuite/robosuite/scripts/setup_macros.py (macros.py:59)
[robosuite WARNING] No private macro file found! (macros.py:57)
[robosuite WARNING] It is recommended to use a private macro file (macros.py:58)
[robosuite WARNING] To setup, run: python /mnt/data/users/haoyu/workspace/code/fpo-control/manipulation_experiments/thirdparty/robosuite/robosuite/scripts/setup_macros.py (macros.py:59)
[robosuite WARNING] No private macro file found! (macros.py:57)
[robosuite WARNING] It is recommended to use a private macro file (macros.py:58)
[robosuite WARNING] To setup, run: python /mnt/data/users/haoyu/workspace/code/fpo-control/manipulation_experiments/thirdparty/robosuite/robosuite/scripts/setup_macros.py (macros.py:59)
[robosuite WARNING] No private macro file found! (macros.py:57)
[robosuite WARNING] No private macro file found! (macros.py:57)
[robosuite WARNING] It is recommended to use a private macro file (macros.py:58)
[robosuite WARNING] It is recommended to use a private macro file (macros.py:58)
[robosuite WARNING] To setup, run: python /mnt/data/users/haoyu/workspace/code/fpo-control/manipulation_experiments/thirdparty/robosuite/robosuite/scripts/setup_macros.py (macros.py:59)
[robosuite WARNING] To setup, run: python /mnt/data/users/haoyu/workspace/code/fpo-control/manipulation_experiments/thirdparty/robosuite/robosuite/scripts/setup_macros.py (macros.py:59)
[robosuite WARNING] No private macro file found! (macros.py:57)
[robosuite WARNING] It is recommended to use a private macro file (macros.py:58)
[robosuite WARNING] To setup, run: python /mnt/data/users/haoyu/workspace/code/fpo-control/manipulation_experiments/thirdparty/robosuite/robosuite/scripts/setup_macros.py (macros.py:59)
[robosuite WARNING] No private macro file found! (macros.py:57)
[robosuite WARNING] It is recommended to use a private macro file (macros.py:58)
[robosuite WARNING] To setup, run: python /mnt/data/users/haoyu/workspace/code/fpo-control/manipulation_experiments/thirdparty/robosuite/robosuite/scripts/setup_macros.py (macros.py:59)
[robosuite WARNING] No private macro file found! (macros.py:57)
[robosuite WARNING] It is recommended to use a private macro file (macros.py:58)
[robosuite WARNING] To setup, run: python /mnt/data/users/haoyu/workspace/code/fpo-control/manipulation_experiments/thirdparty/robosuite/robosuite/scripts/setup_macros.py (macros.py:59)
[robosuite WARNING] No private macro file found! (macros.py:57)
[robosuite WARNING] It is recommended to use a private macro file (macros.py:58)
[robosuite WARNING] To setup, run: python /mnt/data/users/haoyu/workspace/code/fpo-control/manipulation_experiments/thirdparty/robosuite/robosuite/scripts/setup_macros.py (macros.py:59)
[robosuite WARNING] No private macro file found! (macros.py:57)
[robosuite WARNING] No private macro file found! (macros.py:57)
[robosuite WARNING] It is recommended to use a private macro file (macros.py:58)
[robosuite WARNING] It is recommended to use a private macro file (macros.py:58)
[robosuite WARNING] To setup, run: python /mnt/data/users/haoyu/workspace/code/fpo-control/manipulation_experiments/thirdparty/robosuite/robosuite/scripts/setup_macros.py (macros.py:59)
[robosuite WARNING] To setup, run: python /mnt/data/users/haoyu/workspace/code/fpo-control/manipulation_experiments/thirdparty/robosuite/robosuite/scripts/setup_macros.py (macros.py:59)
[robosuite WARNING] No private macro file found! (macros.py:57)
[robosuite WARNING] It is recommended to use a private macro file (macros.py:58)
[robosuite WARNING] To setup, run: python /mnt/data/users/haoyu/workspace/code/fpo-control/manipulation_experiments/thirdparty/robosuite/robosuite/scripts/setup_macros.py (macros.py:59)
[robosuite WARNING] No private macro file found! (macros.py:57)
[robosuite WARNING] It is recommended to use a private macro file (macros.py:58)
[robosuite WARNING] To setup, run: python /mnt/data/users/haoyu/workspace/code/fpo-control/manipulation_experiments/thirdparty/robosuite/robosuite/scripts/setup_macros.py (macros.py:59)
[robosuite WARNING] Could not import robosuite_models. Some robots may not be available. If you want to use these robots, please install robosuite_models from source (https://github.com/ARISE-Initiative/robosuite_models) or through pip install. (__init__.py:30)
[robosuite WARNING] Could not import robosuite_models. Some robots may not be available. If you want to use these robots, please install robosuite_models from source (https://github.com/ARISE-Initiative/robosuite_models) or through pip install. (__init__.py:30)
[robosuite WARNING] Could not import robosuite_models. Some robots may not be available. If you want to use these robots, please install robosuite_models from source (https://github.com/ARISE-Initiative/robosuite_models) or through pip install. (__init__.py:30)
[robosuite WARNING] Could not import robosuite_models. Some robots may not be available. If you want to use these robots, please install robosuite_models from source (https://github.com/ARISE-Initiative/robosuite_models) or through pip install. (__init__.py:30)
[robosuite WARNING] Could not import robosuite_models. Some robots may not be available. If you want to use these robots, please install robosuite_models from source (https://github.com/ARISE-Initiative/robosuite_models) or through pip install. (__init__.py:30)
[robosuite WARNING] Could not import robosuite_models. Some robots may not be available. If you want to use these robots, please install robosuite_models from source (https://github.com/ARISE-Initiative/robosuite_models) or through pip install. (__init__.py:30)
[robosuite WARNING] Could not import robosuite_models. Some robots may not be available. If you want to use these robots, please install robosuite_models from source (https://github.com/ARISE-Initiative/robosuite_models) or through pip install. (__init__.py:30)
[robosuite WARNING] Could not import robosuite_models. Some robots may not be available. If you want to use these robots, please install robosuite_models from source (https://github.com/ARISE-Initiative/robosuite_models) or through pip install. (__init__.py:30)
[robosuite WARNING] Could not import robosuite_models. Some robots may not be available. If you want to use these robots, please install robosuite_models from source (https://github.com/ARISE-Initiative/robosuite_models) or through pip install. (__init__.py:30)
[robosuite WARNING] Could not import robosuite_models. Some robots may not be available. If you want to use these robots, please install robosuite_models from source (https://github.com/ARISE-Initiative/robosuite_models) or through pip install. (__init__.py:30)
[robosuite WARNING] Could not import robosuite_models. Some robots may not be available. If you want to use these robots, please install robosuite_models from source (https://github.com/ARISE-Initiative/robosuite_models) or through pip install. (__init__.py:30)
[robosuite WARNING] Could not import robosuite_models. Some robots may not be available. If you want to use these robots, please install robosuite_models from source (https://github.com/ARISE-Initiative/robosuite_models) or through pip install. (__init__.py:30)
[robosuite WARNING] Could not import robosuite_models. Some robots may not be available. If you want to use these robots, please install robosuite_models from source (https://github.com/ARISE-Initiative/robosuite_models) or through pip install. (__init__.py:30)
[robosuite WARNING] Could not import robosuite_models. Some robots may not be available. If you want to use these robots, please install robosuite_models from source (https://github.com/ARISE-Initiative/robosuite_models) or through pip install. (__init__.py:30)
[robosuite WARNING] Could not import robosuite_models. Some robots may not be available. If you want to use these robots, please install robosuite_models from source (https://github.com/ARISE-Initiative/robosuite_models) or through pip install. (__init__.py:30)
[robosuite WARNING] Could not import robosuite_models. Some robots may not be available. If you want to use these robots, please install robosuite_models from source (https://github.com/ARISE-Initiative/robosuite_models) or through pip install. (__init__.py:30)
2026-08-09 05:38:30,306 | INFO | Video key: agentview
2026-08-09 05:38:30,306 | INFO | Using image observation keys: ['robot0_eye_in_hand']
[robosuite INFO] Loading controller configuration from: /mnt/data/users/haoyu/workspace/code/fpo-control/manipulation_experiments/thirdparty/robosuite/robosuite/controllers/config/robots/default_panda.json (composite_controller_factory.py:121)
2026-08-09 05:38:30,306 | INFO | Loading controller configuration from: /mnt/data/users/haoyu/workspace/code/fpo-control/manipulation_experiments/thirdparty/robosuite/robosuite/controllers/config/robots/default_panda.json
2026-08-09 05:38:30,368 | INFO | Video key: agentview
2026-08-09 05:38:30,368 | INFO | Using image observation keys: ['robot0_eye_in_hand']
[robosuite INFO] Loading controller configuration from: /mnt/data/users/haoyu/workspace/code/fpo-control/manipulation_experiments/thirdparty/robosuite/robosuite/controllers/config/robots/default_panda.json (composite_controller_factory.py:121)
2026-08-09 05:38:30,369 | INFO | Loading controller configuration from: /mnt/data/users/haoyu/workspace/code/fpo-control/manipulation_experiments/thirdparty/robosuite/robosuite/controllers/config/robots/default_panda.json
2026-08-09 05:38:30,936 | INFO | Video key: agentview
2026-08-09 05:38:30,936 | INFO | Using image observation keys: ['robot0_eye_in_hand']
[robosuite INFO] Loading controller configuration from: /mnt/data/users/haoyu/workspace/code/fpo-control/manipulation_experiments/thirdparty/robosuite/robosuite/controllers/config/robots/default_panda.json (composite_controller_factory.py:121)
2026-08-09 05:38:30,937 | INFO | Loading controller configuration from: /mnt/data/users/haoyu/workspace/code/fpo-control/manipulation_experiments/thirdparty/robosuite/robosuite/controllers/config/robots/default_panda.json
2026-08-09 05:38:32,112 | INFO | Successfully created PickPlaceCan environment via robosuite.make() with cameras at 84x84
2026-08-09 05:38:32,112 | INFO | Successfully created PickPlaceCan environment via robosuite.make() with cameras at 84x84
2026-08-09 05:38:32,112 | INFO | Configured cameras: ['robot0_eye_in_hand']
2026-08-09 05:38:32,112 | INFO | Configured cameras: ['robot0_eye_in_hand']
2026-08-09 05:38:32,673 | INFO | Successfully created PickPlaceCan environment via robosuite.make() with cameras at 84x84
2026-08-09 05:38:32,673 | INFO | Configured cameras: ['robot0_eye_in_hand']
2026-08-09 05:38:32,758 | INFO | Video key: agentview
2026-08-09 05:38:32,758 | INFO | Using image observation keys: ['robot0_eye_in_hand']
[robosuite INFO] Loading controller configuration from: /mnt/data/users/haoyu/workspace/code/fpo-control/manipulation_experiments/thirdparty/robosuite/robosuite/controllers/config/robots/default_panda.json (composite_controller_factory.py:121)
2026-08-09 05:38:32,759 | INFO | Loading controller configuration from: /mnt/data/users/haoyu/workspace/code/fpo-control/manipulation_experiments/thirdparty/robosuite/robosuite/controllers/config/robots/default_panda.json
2026-08-09 05:38:33,120 | INFO | Video key: agentview
2026-08-09 05:38:33,120 | INFO | Using image observation keys: ['robot0_eye_in_hand']
[robosuite INFO] Loading controller configuration from: /mnt/data/users/haoyu/workspace/code/fpo-control/manipulation_experiments/thirdparty/robosuite/robosuite/controllers/config/robots/default_panda.json (composite_controller_factory.py:121)
2026-08-09 05:38:33,120 | INFO | Loading controller configuration from: /mnt/data/users/haoyu/workspace/code/fpo-control/manipulation_experiments/thirdparty/robosuite/robosuite/controllers/config/robots/default_panda.json
2026-08-09 05:38:33,358 | INFO | Video key: agentview
2026-08-09 05:38:33,358 | INFO | Using image observation keys: ['robot0_eye_in_hand']
[robosuite INFO] Loading controller configuration from: /mnt/data/users/haoyu/workspace/code/fpo-control/manipulation_experiments/thirdparty/robosuite/robosuite/controllers/config/robots/default_panda.json (composite_controller_factory.py:121)
2026-08-09 05:38:33,359 | INFO | Loading controller configuration from: /mnt/data/users/haoyu/workspace/code/fpo-control/manipulation_experiments/thirdparty/robosuite/robosuite/controllers/config/robots/default_panda.json
2026-08-09 05:38:33,422 | INFO | Video key: agentview
2026-08-09 05:38:33,422 | INFO | Using image observation keys: ['robot0_eye_in_hand']
[robosuite INFO] Loading controller configuration from: /mnt/data/users/haoyu/workspace/code/fpo-control/manipulation_experiments/thirdparty/robosuite/robosuite/controllers/config/robots/default_panda.json (composite_controller_factory.py:121)
2026-08-09 05:38:33,422 | INFO | Loading controller configuration from: /mnt/data/users/haoyu/workspace/code/fpo-control/manipulation_experiments/thirdparty/robosuite/robosuite/controllers/config/robots/default_panda.json
2026-08-09 05:38:33,462 | INFO | Video key: agentview
2026-08-09 05:38:33,462 | INFO | Using image observation keys: ['robot0_eye_in_hand']
[robosuite INFO] Loading controller configuration from: /mnt/data/users/haoyu/workspace/code/fpo-control/manipulation_experiments/thirdparty/robosuite/robosuite/controllers/config/robots/default_panda.json (composite_controller_factory.py:121)
2026-08-09 05:38:33,462 | INFO | Loading controller configuration from: /mnt/data/users/haoyu/workspace/code/fpo-control/manipulation_experiments/thirdparty/robosuite/robosuite/controllers/config/robots/default_panda.json
2026-08-09 05:38:33,466 | INFO | Video key: agentview
2026-08-09 05:38:33,467 | INFO | Using image observation keys: ['robot0_eye_in_hand']
[robosuite INFO] Loading controller configuration from: /mnt/data/users/haoyu/workspace/code/fpo-control/manipulation_experiments/thirdparty/robosuite/robosuite/controllers/config/robots/default_panda.json (composite_controller_factory.py:121)
2026-08-09 05:38:33,467 | INFO | Loading controller configuration from: /mnt/data/users/haoyu/workspace/code/fpo-control/manipulation_experiments/thirdparty/robosuite/robosuite/controllers/config/robots/default_panda.json
2026-08-09 05:38:33,572 | INFO | Video key: agentview
2026-08-09 05:38:33,572 | INFO | Using image observation keys: ['robot0_eye_in_hand']
[robosuite INFO] Loading controller configuration from: /mnt/data/users/haoyu/workspace/code/fpo-control/manipulation_experiments/thirdparty/robosuite/robosuite/controllers/config/robots/default_panda.json (composite_controller_factory.py:121)
2026-08-09 05:38:33,572 | INFO | Loading controller configuration from: /mnt/data/users/haoyu/workspace/code/fpo-control/manipulation_experiments/thirdparty/robosuite/robosuite/controllers/config/robots/default_panda.json
2026-08-09 05:38:33,577 | INFO | Video key: agentview
2026-08-09 05:38:33,577 | INFO | Using image observation keys: ['robot0_eye_in_hand']
[robosuite INFO] Loading controller configuration from: /mnt/data/users/haoyu/workspace/code/fpo-control/manipulation_experiments/thirdparty/robosuite/robosuite/controllers/config/robots/default_panda.json (composite_controller_factory.py:121)
2026-08-09 05:38:33,578 | INFO | Loading controller configuration from: /mnt/data/users/haoyu/workspace/code/fpo-control/manipulation_experiments/thirdparty/robosuite/robosuite/controllers/config/robots/default_panda.json
2026-08-09 05:38:33,582 | INFO | Video key: agentview
2026-08-09 05:38:33,582 | INFO | Using image observation keys: ['robot0_eye_in_hand']
[robosuite INFO] Loading controller configuration from: /mnt/data/users/haoyu/workspace/code/fpo-control/manipulation_experiments/thirdparty/robosuite/robosuite/controllers/config/robots/default_panda.json (composite_controller_factory.py:121)
2026-08-09 05:38:33,583 | INFO | Loading controller configuration from: /mnt/data/users/haoyu/workspace/code/fpo-control/manipulation_experiments/thirdparty/robosuite/robosuite/controllers/config/robots/default_panda.json
2026-08-09 05:38:33,587 | INFO | Video key: agentview
2026-08-09 05:38:33,587 | INFO | Using image observation keys: ['robot0_eye_in_hand']
[robosuite INFO] Loading controller configuration from: /mnt/data/users/haoyu/workspace/code/fpo-control/manipulation_experiments/thirdparty/robosuite/robosuite/controllers/config/robots/default_panda.json (composite_controller_factory.py:121)
2026-08-09 05:38:33,588 | INFO | Loading controller configuration from: /mnt/data/users/haoyu/workspace/code/fpo-control/manipulation_experiments/thirdparty/robosuite/robosuite/controllers/config/robots/default_panda.json
2026-08-09 05:38:33,591 | INFO | Video key: agentview
2026-08-09 05:38:33,591 | INFO | Using image observation keys: ['robot0_eye_in_hand']
[robosuite INFO] Loading controller configuration from: /mnt/data/users/haoyu/workspace/code/fpo-control/manipulation_experiments/thirdparty/robosuite/robosuite/controllers/config/robots/default_panda.json (composite_controller_factory.py:121)
2026-08-09 05:38:33,591 | INFO | Loading controller configuration from: /mnt/data/users/haoyu/workspace/code/fpo-control/manipulation_experiments/thirdparty/robosuite/robosuite/controllers/config/robots/default_panda.json
2026-08-09 05:38:33,596 | INFO | Video key: agentview
2026-08-09 05:38:33,596 | INFO | Using image observation keys: ['robot0_eye_in_hand']
[robosuite INFO] Loading controller configuration from: /mnt/data/users/haoyu/workspace/code/fpo-control/manipulation_experiments/thirdparty/robosuite/robosuite/controllers/config/robots/default_panda.json (composite_controller_factory.py:121)
2026-08-09 05:38:33,596 | INFO | Loading controller configuration from: /mnt/data/users/haoyu/workspace/code/fpo-control/manipulation_experiments/thirdparty/robosuite/robosuite/controllers/config/robots/default_panda.json
2026-08-09 05:38:33,597 | INFO | Video key: agentview
2026-08-09 05:38:33,597 | INFO | Using image observation keys: ['robot0_eye_in_hand']
[robosuite INFO] Loading controller configuration from: /mnt/data/users/haoyu/workspace/code/fpo-control/manipulation_experiments/thirdparty/robosuite/robosuite/controllers/config/robots/default_panda.json (composite_controller_factory.py:121)
2026-08-09 05:38:33,597 | INFO | Loading controller configuration from: /mnt/data/users/haoyu/workspace/code/fpo-control/manipulation_experiments/thirdparty/robosuite/robosuite/controllers/config/robots/default_panda.json
2026-08-09 05:38:34,516 | INFO | Successfully created PickPlaceCan environment via robosuite.make() with cameras at 84x84
2026-08-09 05:38:34,516 | INFO | Configured cameras: ['robot0_eye_in_hand']
2026-08-09 05:38:34,945 | INFO | Successfully created PickPlaceCan environment via robosuite.make() with cameras at 84x84
2026-08-09 05:38:34,946 | INFO | Configured cameras: ['robot0_eye_in_hand']
2026-08-09 05:38:35,140 | INFO | Successfully created PickPlaceCan environment via robosuite.make() with cameras at 84x84
2026-08-09 05:38:35,140 | INFO | Configured cameras: ['robot0_eye_in_hand']
2026-08-09 05:38:35,192 | INFO | Successfully created PickPlaceCan environment via robosuite.make() with cameras at 84x84
2026-08-09 05:38:35,192 | INFO | Configured cameras: ['robot0_eye_in_hand']
2026-08-09 05:38:35,229 | INFO | Successfully created PickPlaceCan environment via robosuite.make() with cameras at 84x84
2026-08-09 05:38:35,229 | INFO | Configured cameras: ['robot0_eye_in_hand']
2026-08-09 05:38:35,283 | INFO | Successfully created PickPlaceCan environment via robosuite.make() with cameras at 84x84
2026-08-09 05:38:35,283 | INFO | Configured cameras: ['robot0_eye_in_hand']
2026-08-09 05:38:35,363 | INFO | Successfully created PickPlaceCan environment via robosuite.make() with cameras at 84x84
2026-08-09 05:38:35,363 | INFO | Configured cameras: ['robot0_eye_in_hand']
2026-08-09 05:38:35,365 | INFO | Successfully created PickPlaceCan environment via robosuite.make() with cameras at 84x84
2026-08-09 05:38:35,365 | INFO | Configured cameras: ['robot0_eye_in_hand']
2026-08-09 05:38:35,373 | INFO | Successfully created PickPlaceCan environment via robosuite.make() with cameras at 84x84
2026-08-09 05:38:35,373 | INFO | Configured cameras: ['robot0_eye_in_hand']
2026-08-09 05:38:35,376 | INFO | Successfully created PickPlaceCan environment via robosuite.make() with cameras at 84x84
2026-08-09 05:38:35,376 | INFO | Configured cameras: ['robot0_eye_in_hand']
2026-08-09 05:38:35,377 | INFO | Successfully created PickPlaceCan environment via robosuite.make() with cameras at 84x84
2026-08-09 05:38:35,377 | INFO | Configured cameras: ['robot0_eye_in_hand']
2026-08-09 05:38:35,403 | INFO | Successfully created PickPlaceCan environment via robosuite.make() with cameras at 84x84
2026-08-09 05:38:35,404 | INFO | Configured cameras: ['robot0_eye_in_hand']
2026-08-09 05:38:35,406 | INFO | Successfully created PickPlaceCan environment via robosuite.make() with cameras at 84x84
2026-08-09 05:38:35,406 | INFO | Configured cameras: ['robot0_eye_in_hand']
2026-08-09 05:38:36,529 | INFO | Created 16 vectorized Can environments
2026-08-09 05:38:36,529 | INFO | Set video key to 'agentview' for video recording
2026-08-09 05:38:37,535 | INFO | Created observation keys: ['observation.state', 'observation.images.robot0_eye_in_hand']
2026-08-09 05:38:37,559 | INFO | Created observation keys: ['observation.state', 'observation.images.robot0_eye_in_hand']
2026-08-09 05:38:37,559 | INFO | Created observation keys: ['observation.state', 'observation.images.robot0_eye_in_hand']
2026-08-09 05:38:37,565 | INFO | Created observation keys: ['observation.state', 'observation.images.robot0_eye_in_hand']
2026-08-09 05:38:37,569 | INFO | Created observation keys: ['observation.state', 'observation.images.robot0_eye_in_hand']
2026-08-09 05:38:37,571 | INFO | Created observation keys: ['observation.state', 'observation.images.robot0_eye_in_hand']
2026-08-09 05:38:37,571 | INFO | Created observation keys: ['observation.state', 'observation.images.robot0_eye_in_hand']
2026-08-09 05:38:37,591 | INFO | Created observation keys: ['observation.state', 'observation.images.robot0_eye_in_hand']
2026-08-09 05:38:37,617 | INFO | Created observation keys: ['observation.state', 'observation.images.robot0_eye_in_hand']
2026-08-09 05:38:37,633 | INFO | Created observation keys: ['observation.state', 'observation.images.robot0_eye_in_hand']
2026-08-09 05:38:37,655 | INFO | Created observation keys: ['observation.state', 'observation.images.robot0_eye_in_hand']
2026-08-09 05:38:37,660 | INFO | Created observation keys: ['observation.state', 'observation.images.robot0_eye_in_hand']
2026-08-09 05:38:37,667 | INFO | Created observation keys: ['observation.state', 'observation.images.robot0_eye_in_hand']
2026-08-09 05:38:37,674 | INFO | Created observation keys: ['observation.state', 'observation.images.robot0_eye_in_hand']
2026-08-09 05:38:37,733 | INFO | Created observation keys: ['observation.state', 'observation.images.robot0_eye_in_hand']
2026-08-09 05:38:37,800 | INFO | Created observation keys: ['observation.state', 'observation.images.robot0_eye_in_hand']
render_gpu_device_id: 1
render_gpu_device_id: 1
render_gpu_device_id: 1
render_gpu_device_id: 1
render_gpu_device_id: 1
render_gpu_device_id: 1
render_gpu_device_id: 1
render_gpu_device_id: 1
render_gpu_device_id: 1
render_gpu_device_id: 1
render_gpu_device_id: 1
render_gpu_device_id: 1
render_gpu_device_id: 1
render_gpu_device_id: 1
render_gpu_device_id: 1
render_gpu_device_id: 1
/home/haoyu/workspace/code/fpo-control/manipulation_experiments/thirdparty/miniconda3/envs/fpo_manipulation/lib/python3.10/contextlib.py:103: FutureWarning: `torch.backends.cuda.sdp_kernel()` is deprecated. In the future, this context manager will be removed. Please see `torch.nn.attention.sdpa_kernel()` for the new context manager, with updated signature.
  self.gen = func(*args, **kwds)
{
  "config": {
    "checkpoint": "/home/haoyu/workspace/code/fpo-control/manipulation_experiments/downloaded_checkpoints/95j3noe4_step_6000",
    "output_json": "/home/haoyu/workspace/outputs/fpo-control/results/can_step6000_temporal_source_audit_osmesa_seed20260830/results.json",
    "device": "cuda",
    "seed": 20260830,
    "correlation": 0.9,
    "num_envs": 16,
    "observation_batches": 4,
    "sequence_steps": 33,
    "sampling_steps": 10,
    "scalar_samples": 16384
  },
  "source": {
    "mean": 0.004049573093652725,
    "std": 0.9989476799964905,
    "lag_one_correlation": 0.8998643159866333,
    "finite": true
  },
  "actions": {
    "fixed_observations": 64,
    "transitions_per_observation": 32,
    "iid_mean_chunk_change_l2": 2.5575428009033203,
    "correlated_mean_chunk_change_l2": 0.817650556564331,
    "relative_chunk_change": 0.319701611995697,
    "iid_diversity": 0.1404636651277542,
    "correlated_diversity": 0.10570379346609116,
    "diversity_retention": 0.752534806728363,
    "finite": true
  }
}
