[robosuite WARNING] No private macro file found! (macros.py:57)
[robosuite WARNING] It is recommended to use a private macro file (macros.py:58)
[robosuite WARNING] To setup, run: python /mnt/data/users/haoyu/workspace/code/fpo-control/manipulation_experiments/thirdparty/robosuite/robosuite/scripts/setup_macros.py (macros.py:59)
[robosuite WARNING] Could not import robosuite_models. Some robots may not be available. If you want to use these robots, please install robosuite_models from source (https://github.com/ARISE-Initiative/robosuite_models) or through pip install. (__init__.py:30)
2026-08-09 09:12:48,491 | INFO | ================================================================================
2026-08-09 09:12:48,491 | INFO | Evaluation sampling mode: zero
2026-08-09 09:12:48,492 | INFO | Checkpoint Evaluation
2026-08-09 09:12:48,492 | INFO | ================================================================================
2026-08-09 09:12:48,493 | INFO | Random seed set to 20260917
2026-08-09 09:12:48,493 | INFO | Output directory: /home/haoyu/workspace/outputs/fpo-control/results/square_h43_control_zero_balanced20_seed20260917
2026-08-09 09:12:48,493 | INFO | Using local checkpoint: /home/haoyu/workspace/outputs/fpo-control/results/square_h43_control_osmesa_seed20260916/checkpoints/latest
2026-08-09 09:12:48,493 | INFO | Loading policy from /home/haoyu/workspace/outputs/fpo-control/results/square_h43_control_osmesa_seed20260916/checkpoints/latest/policy...
2026-08-09 09:12:48,493 | INFO | Loading config from /home/haoyu/workspace/outputs/fpo-control/results/square_h43_control_osmesa_seed20260916/checkpoints/latest/policy/config.json...
2026-08-09 09:12:48,493 | INFO | Image features: ['observation.images.agentview']
2026-08-09 09:12:48,493 | INFO | State features: ['observation.state']
2026-08-09 09:12:48,493 | INFO | Constructing FlowMatchingPolicy from config...
2026-08-09 09:12:48,577 | INFO | Loading model weights from /home/haoyu/workspace/outputs/fpo-control/results/square_h43_control_osmesa_seed20260916/checkpoints/latest/policy/model.safetensors...
2026-08-09 09:12:48,913 | INFO | Policy loaded successfully
2026-08-09 09:12:48,913 | INFO | Policy config: horizon=16, n_action_steps=16, sampling_steps=10
2026-08-09 09:12:48,913 | INFO | Overriding integration steps: 10
2026-08-09 09:12:48,913 | INFO | Overriding executed action steps: 16
2026-08-09 09:12:48,913 | INFO | Creating evaluation environment: Square
2026-08-09 09:12:48,913 | INFO | Using image features from checkpoint config: ['observation.images.agentview']
2026-08-09 09:12:48,913 | INFO | Production mode: using gymnasium.vector.AsyncVectorEnv
2026-08-09 09:12:48,913 | INFO | Video key: agentview
2026-08-09 09:12:48,913 | INFO | Using image observation keys: ['agentview']
[robosuite INFO] Loading controller configuration from: /mnt/data/users/haoyu/workspace/code/fpo-control/manipulation_experiments/thirdparty/robosuite/robosuite/controllers/config/robots/default_panda.json (composite_controller_factory.py:121)
2026-08-09 09:12:48,913 | INFO | Loading controller configuration from: /mnt/data/users/haoyu/workspace/code/fpo-control/manipulation_experiments/thirdparty/robosuite/robosuite/controllers/config/robots/default_panda.json
2026-08-09 09:12:50,710 | INFO | Successfully created NutAssemblySquare environment via robosuite.make() with cameras at 84x84
2026-08-09 09:12:50,710 | INFO | Configured cameras: ['agentview']
[ViT Init] Inferred image size from dataset: 84x84
num_visible_gpus: 1 [1] render_override: 
render_gpu_device_id: 1
[robosuite WARNING] No private macro file found! (macros.py:57)
[robosuite WARNING] It is recommended to use a private macro file (macros.py:58)
[robosuite WARNING] To setup, run: python /mnt/data/users/haoyu/workspace/code/fpo-control/manipulation_experiments/thirdparty/robosuite/robosuite/scripts/setup_macros.py (macros.py:59)
[robosuite WARNING] No private macro file found! (macros.py:57)
[robosuite WARNING] It is recommended to use a private macro file (macros.py:58)
[robosuite WARNING] To setup, run: python /mnt/data/users/haoyu/workspace/code/fpo-control/manipulation_experiments/thirdparty/robosuite/robosuite/scripts/setup_macros.py (macros.py:59)
[robosuite WARNING] No private macro file found! (macros.py:57)
[robosuite WARNING] It is recommended to use a private macro file (macros.py:58)
[robosuite WARNING] To setup, run: python /mnt/data/users/haoyu/workspace/code/fpo-control/manipulation_experiments/thirdparty/robosuite/robosuite/scripts/setup_macros.py (macros.py:59)
[robosuite WARNING] No private macro file found! (macros.py:57)
[robosuite WARNING] It is recommended to use a private macro file (macros.py:58)
[robosuite WARNING] To setup, run: python /mnt/data/users/haoyu/workspace/code/fpo-control/manipulation_experiments/thirdparty/robosuite/robosuite/scripts/setup_macros.py (macros.py:59)
[robosuite WARNING] No private macro file found! (macros.py:57)
[robosuite WARNING] It is recommended to use a private macro file (macros.py:58)
[robosuite WARNING] To setup, run: python /mnt/data/users/haoyu/workspace/code/fpo-control/manipulation_experiments/thirdparty/robosuite/robosuite/scripts/setup_macros.py (macros.py:59)
[robosuite WARNING] No private macro file found! (macros.py:57)
[robosuite WARNING] It is recommended to use a private macro file (macros.py:58)
[robosuite WARNING] To setup, run: python /mnt/data/users/haoyu/workspace/code/fpo-control/manipulation_experiments/thirdparty/robosuite/robosuite/scripts/setup_macros.py (macros.py:59)
[robosuite WARNING] No private macro file found! (macros.py:57)
[robosuite WARNING] It is recommended to use a private macro file (macros.py:58)
[robosuite WARNING] To setup, run: python /mnt/data/users/haoyu/workspace/code/fpo-control/manipulation_experiments/thirdparty/robosuite/robosuite/scripts/setup_macros.py (macros.py:59)
[robosuite WARNING] No private macro file found! (macros.py:57)
[robosuite WARNING] It is recommended to use a private macro file (macros.py:58)
[robosuite WARNING] To setup, run: python /mnt/data/users/haoyu/workspace/code/fpo-control/manipulation_experiments/thirdparty/robosuite/robosuite/scripts/setup_macros.py (macros.py:59)
[robosuite WARNING] No private macro file found! (macros.py:57)
[robosuite WARNING] It is recommended to use a private macro file (macros.py:58)
[robosuite WARNING] To setup, run: python /mnt/data/users/haoyu/workspace/code/fpo-control/manipulation_experiments/thirdparty/robosuite/robosuite/scripts/setup_macros.py (macros.py:59)
[robosuite WARNING] No private macro file found! (macros.py:57)
[robosuite WARNING] It is recommended to use a private macro file (macros.py:58)
[robosuite WARNING] To setup, run: python /mnt/data/users/haoyu/workspace/code/fpo-control/manipulation_experiments/thirdparty/robosuite/robosuite/scripts/setup_macros.py (macros.py:59)
[robosuite WARNING] No private macro file found! (macros.py:57)
[robosuite WARNING] It is recommended to use a private macro file (macros.py:58)
[robosuite WARNING] To setup, run: python /mnt/data/users/haoyu/workspace/code/fpo-control/manipulation_experiments/thirdparty/robosuite/robosuite/scripts/setup_macros.py (macros.py:59)
[robosuite WARNING] No private macro file found! (macros.py:57)
[robosuite WARNING] It is recommended to use a private macro file (macros.py:58)
[robosuite WARNING] To setup, run: python /mnt/data/users/haoyu/workspace/code/fpo-control/manipulation_experiments/thirdparty/robosuite/robosuite/scripts/setup_macros.py (macros.py:59)
[robosuite WARNING] No private macro file found! (macros.py:57)
[robosuite WARNING] It is recommended to use a private macro file (macros.py:58)
[robosuite WARNING] To setup, run: python /mnt/data/users/haoyu/workspace/code/fpo-control/manipulation_experiments/thirdparty/robosuite/robosuite/scripts/setup_macros.py (macros.py:59)
[robosuite WARNING] No private macro file found! (macros.py:57)
[robosuite WARNING] It is recommended to use a private macro file (macros.py:58)
[robosuite WARNING] To setup, run: python /mnt/data/users/haoyu/workspace/code/fpo-control/manipulation_experiments/thirdparty/robosuite/robosuite/scripts/setup_macros.py (macros.py:59)
[robosuite WARNING] No private macro file found! (macros.py:57)
[robosuite WARNING] It is recommended to use a private macro file (macros.py:58)
[robosuite WARNING] To setup, run: python /mnt/data/users/haoyu/workspace/code/fpo-control/manipulation_experiments/thirdparty/robosuite/robosuite/scripts/setup_macros.py (macros.py:59)
[robosuite WARNING] No private macro file found! (macros.py:57)
[robosuite WARNING] No private macro file found! (macros.py:57)
[robosuite WARNING] It is recommended to use a private macro file (macros.py:58)
[robosuite WARNING] To setup, run: python /mnt/data/users/haoyu/workspace/code/fpo-control/manipulation_experiments/thirdparty/robosuite/robosuite/scripts/setup_macros.py (macros.py:59)
[robosuite WARNING] It is recommended to use a private macro file (macros.py:58)
[robosuite WARNING] To setup, run: python /mnt/data/users/haoyu/workspace/code/fpo-control/manipulation_experiments/thirdparty/robosuite/robosuite/scripts/setup_macros.py (macros.py:59)
[robosuite WARNING] No private macro file found! (macros.py:57)
[robosuite WARNING] It is recommended to use a private macro file (macros.py:58)
[robosuite WARNING] To setup, run: python /mnt/data/users/haoyu/workspace/code/fpo-control/manipulation_experiments/thirdparty/robosuite/robosuite/scripts/setup_macros.py (macros.py:59)
[robosuite WARNING] No private macro file found! (macros.py:57)
[robosuite WARNING] It is recommended to use a private macro file (macros.py:58)
[robosuite WARNING] To setup, run: python /mnt/data/users/haoyu/workspace/code/fpo-control/manipulation_experiments/thirdparty/robosuite/robosuite/scripts/setup_macros.py (macros.py:59)
[robosuite WARNING] Could not import robosuite_models. Some robots may not be available. If you want to use these robots, please install robosuite_models from source (https://github.com/ARISE-Initiative/robosuite_models) or through pip install. (__init__.py:30)
[robosuite WARNING] Could not import robosuite_models. Some robots may not be available. If you want to use these robots, please install robosuite_models from source (https://github.com/ARISE-Initiative/robosuite_models) or through pip install. (__init__.py:30)
[robosuite WARNING] No private macro file found! (macros.py:57)
[robosuite WARNING] It is recommended to use a private macro file (macros.py:58)
[robosuite WARNING] To setup, run: python /mnt/data/users/haoyu/workspace/code/fpo-control/manipulation_experiments/thirdparty/robosuite/robosuite/scripts/setup_macros.py (macros.py:59)
[robosuite WARNING] Could not import robosuite_models. Some robots may not be available. If you want to use these robots, please install robosuite_models from source (https://github.com/ARISE-Initiative/robosuite_models) or through pip install. (__init__.py:30)
[robosuite WARNING] Could not import robosuite_models. Some robots may not be available. If you want to use these robots, please install robosuite_models from source (https://github.com/ARISE-Initiative/robosuite_models) or through pip install. (__init__.py:30)
[robosuite WARNING] Could not import robosuite_models. Some robots may not be available. If you want to use these robots, please install robosuite_models from source (https://github.com/ARISE-Initiative/robosuite_models) or through pip install. (__init__.py:30)
[robosuite WARNING] Could not import robosuite_models. Some robots may not be available. If you want to use these robots, please install robosuite_models from source (https://github.com/ARISE-Initiative/robosuite_models) or through pip install. (__init__.py:30)
[robosuite WARNING] Could not import robosuite_models. Some robots may not be available. If you want to use these robots, please install robosuite_models from source (https://github.com/ARISE-Initiative/robosuite_models) or through pip install. (__init__.py:30)
[robosuite WARNING] Could not import robosuite_models. Some robots may not be available. If you want to use these robots, please install robosuite_models from source (https://github.com/ARISE-Initiative/robosuite_models) or through pip install. (__init__.py:30)
[robosuite WARNING] Could not import robosuite_models. Some robots may not be available. If you want to use these robots, please install robosuite_models from source (https://github.com/ARISE-Initiative/robosuite_models) or through pip install. (__init__.py:30)
[robosuite WARNING] Could not import robosuite_models. Some robots may not be available. If you want to use these robots, please install robosuite_models from source (https://github.com/ARISE-Initiative/robosuite_models) or through pip install. (__init__.py:30)
[robosuite WARNING] Could not import robosuite_models. Some robots may not be available. If you want to use these robots, please install robosuite_models from source (https://github.com/ARISE-Initiative/robosuite_models) or through pip install. (__init__.py:30)
[robosuite WARNING] Could not import robosuite_models. Some robots may not be available. If you want to use these robots, please install robosuite_models from source (https://github.com/ARISE-Initiative/robosuite_models) or through pip install. (__init__.py:30)
[robosuite WARNING] Could not import robosuite_models. Some robots may not be available. If you want to use these robots, please install robosuite_models from source (https://github.com/ARISE-Initiative/robosuite_models) or through pip install. (__init__.py:30)
[robosuite WARNING] Could not import robosuite_models. Some robots may not be available. If you want to use these robots, please install robosuite_models from source (https://github.com/ARISE-Initiative/robosuite_models) or through pip install. (__init__.py:30)
[robosuite WARNING] Could not import robosuite_models. Some robots may not be available. If you want to use these robots, please install robosuite_models from source (https://github.com/ARISE-Initiative/robosuite_models) or through pip install. (__init__.py:30)
[robosuite WARNING] Could not import robosuite_models. Some robots may not be available. If you want to use these robots, please install robosuite_models from source (https://github.com/ARISE-Initiative/robosuite_models) or through pip install. (__init__.py:30)
[robosuite WARNING] Could not import robosuite_models. Some robots may not be available. If you want to use these robots, please install robosuite_models from source (https://github.com/ARISE-Initiative/robosuite_models) or through pip install. (__init__.py:30)
[robosuite WARNING] Could not import robosuite_models. Some robots may not be available. If you want to use these robots, please install robosuite_models from source (https://github.com/ARISE-Initiative/robosuite_models) or through pip install. (__init__.py:30)
[robosuite WARNING] Could not import robosuite_models. Some robots may not be available. If you want to use these robots, please install robosuite_models from source (https://github.com/ARISE-Initiative/robosuite_models) or through pip install. (__init__.py:30)
[robosuite WARNING] Could not import robosuite_models. Some robots may not be available. If you want to use these robots, please install robosuite_models from source (https://github.com/ARISE-Initiative/robosuite_models) or through pip install. (__init__.py:30)
2026-08-09 09:12:59,648 | INFO | Video key: agentview
2026-08-09 09:12:59,648 | INFO | Using image observation keys: ['agentview']
[robosuite INFO] Loading controller configuration from: /mnt/data/users/haoyu/workspace/code/fpo-control/manipulation_experiments/thirdparty/robosuite/robosuite/controllers/config/robots/default_panda.json (composite_controller_factory.py:121)
2026-08-09 09:12:59,648 | INFO | Loading controller configuration from: /mnt/data/users/haoyu/workspace/code/fpo-control/manipulation_experiments/thirdparty/robosuite/robosuite/controllers/config/robots/default_panda.json
2026-08-09 09:13:00,681 | INFO | Video key: agentview
2026-08-09 09:13:00,681 | INFO | Using image observation keys: ['agentview']
[robosuite INFO] Loading controller configuration from: /mnt/data/users/haoyu/workspace/code/fpo-control/manipulation_experiments/thirdparty/robosuite/robosuite/controllers/config/robots/default_panda.json (composite_controller_factory.py:121)
2026-08-09 09:13:00,682 | INFO | Loading controller configuration from: /mnt/data/users/haoyu/workspace/code/fpo-control/manipulation_experiments/thirdparty/robosuite/robosuite/controllers/config/robots/default_panda.json
2026-08-09 09:13:00,728 | INFO | Video key: agentview
2026-08-09 09:13:00,728 | INFO | Using image observation keys: ['agentview']
[robosuite INFO] Loading controller configuration from: /mnt/data/users/haoyu/workspace/code/fpo-control/manipulation_experiments/thirdparty/robosuite/robosuite/controllers/config/robots/default_panda.json (composite_controller_factory.py:121)
2026-08-09 09:13:00,728 | INFO | Loading controller configuration from: /mnt/data/users/haoyu/workspace/code/fpo-control/manipulation_experiments/thirdparty/robosuite/robosuite/controllers/config/robots/default_panda.json
2026-08-09 09:13:00,985 | INFO | Video key: agentview
2026-08-09 09:13:00,985 | INFO | Using image observation keys: ['agentview']
[robosuite INFO] Loading controller configuration from: /mnt/data/users/haoyu/workspace/code/fpo-control/manipulation_experiments/thirdparty/robosuite/robosuite/controllers/config/robots/default_panda.json (composite_controller_factory.py:121)
2026-08-09 09:13:00,986 | INFO | Loading controller configuration from: /mnt/data/users/haoyu/workspace/code/fpo-control/manipulation_experiments/thirdparty/robosuite/robosuite/controllers/config/robots/default_panda.json
2026-08-09 09:13:01,449 | INFO | Successfully created NutAssemblySquare environment via robosuite.make() with cameras at 84x84
2026-08-09 09:13:01,449 | INFO | Configured cameras: ['agentview']
2026-08-09 09:13:02,496 | INFO | Successfully created NutAssemblySquare environment via robosuite.make() with cameras at 84x84
2026-08-09 09:13:02,496 | INFO | Configured cameras: ['agentview']
2026-08-09 09:13:02,554 | INFO | Successfully created NutAssemblySquare environment via robosuite.make() with cameras at 84x84
2026-08-09 09:13:02,554 | INFO | Configured cameras: ['agentview']
2026-08-09 09:13:02,805 | INFO | Successfully created NutAssemblySquare environment via robosuite.make() with cameras at 84x84
2026-08-09 09:13:02,805 | INFO | Configured cameras: ['agentview']
2026-08-09 09:13:03,807 | INFO | Video key: agentview
2026-08-09 09:13:03,807 | INFO | Using image observation keys: ['agentview']
[robosuite INFO] Loading controller configuration from: /mnt/data/users/haoyu/workspace/code/fpo-control/manipulation_experiments/thirdparty/robosuite/robosuite/controllers/config/robots/default_panda.json (composite_controller_factory.py:121)
2026-08-09 09:13:03,807 | INFO | Loading controller configuration from: /mnt/data/users/haoyu/workspace/code/fpo-control/manipulation_experiments/thirdparty/robosuite/robosuite/controllers/config/robots/default_panda.json
2026-08-09 09:13:04,216 | INFO | Video key: agentview
2026-08-09 09:13:04,216 | INFO | Using image observation keys: ['agentview']
[robosuite INFO] Loading controller configuration from: /mnt/data/users/haoyu/workspace/code/fpo-control/manipulation_experiments/thirdparty/robosuite/robosuite/controllers/config/robots/default_panda.json (composite_controller_factory.py:121)
2026-08-09 09:13:04,216 | INFO | Loading controller configuration from: /mnt/data/users/haoyu/workspace/code/fpo-control/manipulation_experiments/thirdparty/robosuite/robosuite/controllers/config/robots/default_panda.json
2026-08-09 09:13:04,228 | INFO | Video key: agentview
2026-08-09 09:13:04,228 | INFO | Using image observation keys: ['agentview']
[robosuite INFO] Loading controller configuration from: /mnt/data/users/haoyu/workspace/code/fpo-control/manipulation_experiments/thirdparty/robosuite/robosuite/controllers/config/robots/default_panda.json (composite_controller_factory.py:121)
2026-08-09 09:13:04,228 | INFO | Loading controller configuration from: /mnt/data/users/haoyu/workspace/code/fpo-control/manipulation_experiments/thirdparty/robosuite/robosuite/controllers/config/robots/default_panda.json
2026-08-09 09:13:04,242 | INFO | Video key: agentview
2026-08-09 09:13:04,242 | INFO | Using image observation keys: ['agentview']
[robosuite INFO] Loading controller configuration from: /mnt/data/users/haoyu/workspace/code/fpo-control/manipulation_experiments/thirdparty/robosuite/robosuite/controllers/config/robots/default_panda.json (composite_controller_factory.py:121)
2026-08-09 09:13:04,242 | INFO | Loading controller configuration from: /mnt/data/users/haoyu/workspace/code/fpo-control/manipulation_experiments/thirdparty/robosuite/robosuite/controllers/config/robots/default_panda.json
2026-08-09 09:13:04,257 | INFO | Video key: agentview
2026-08-09 09:13:04,257 | INFO | Using image observation keys: ['agentview']
[robosuite INFO] Loading controller configuration from: /mnt/data/users/haoyu/workspace/code/fpo-control/manipulation_experiments/thirdparty/robosuite/robosuite/controllers/config/robots/default_panda.json (composite_controller_factory.py:121)
2026-08-09 09:13:04,257 | INFO | Loading controller configuration from: /mnt/data/users/haoyu/workspace/code/fpo-control/manipulation_experiments/thirdparty/robosuite/robosuite/controllers/config/robots/default_panda.json
2026-08-09 09:13:04,260 | INFO | Video key: agentview
2026-08-09 09:13:04,260 | INFO | Using image observation keys: ['agentview']
[robosuite INFO] Loading controller configuration from: /mnt/data/users/haoyu/workspace/code/fpo-control/manipulation_experiments/thirdparty/robosuite/robosuite/controllers/config/robots/default_panda.json (composite_controller_factory.py:121)
2026-08-09 09:13:04,260 | INFO | Loading controller configuration from: /mnt/data/users/haoyu/workspace/code/fpo-control/manipulation_experiments/thirdparty/robosuite/robosuite/controllers/config/robots/default_panda.json
2026-08-09 09:13:04,268 | INFO | Video key: agentview
2026-08-09 09:13:04,268 | INFO | Using image observation keys: ['agentview']
[robosuite INFO] Loading controller configuration from: /mnt/data/users/haoyu/workspace/code/fpo-control/manipulation_experiments/thirdparty/robosuite/robosuite/controllers/config/robots/default_panda.json (composite_controller_factory.py:121)
2026-08-09 09:13:04,268 | INFO | Loading controller configuration from: /mnt/data/users/haoyu/workspace/code/fpo-control/manipulation_experiments/thirdparty/robosuite/robosuite/controllers/config/robots/default_panda.json
2026-08-09 09:13:04,271 | INFO | Video key: agentview
2026-08-09 09:13:04,271 | INFO | Using image observation keys: ['agentview']
[robosuite INFO] Loading controller configuration from: /mnt/data/users/haoyu/workspace/code/fpo-control/manipulation_experiments/thirdparty/robosuite/robosuite/controllers/config/robots/default_panda.json (composite_controller_factory.py:121)
2026-08-09 09:13:04,271 | INFO | Video key: agentview
2026-08-09 09:13:04,271 | INFO | Loading controller configuration from: /mnt/data/users/haoyu/workspace/code/fpo-control/manipulation_experiments/thirdparty/robosuite/robosuite/controllers/config/robots/default_panda.json
2026-08-09 09:13:04,272 | INFO | Using image observation keys: ['agentview']
[robosuite INFO] Loading controller configuration from: /mnt/data/users/haoyu/workspace/code/fpo-control/manipulation_experiments/thirdparty/robosuite/robosuite/controllers/config/robots/default_panda.json (composite_controller_factory.py:121)
2026-08-09 09:13:04,272 | INFO | Loading controller configuration from: /mnt/data/users/haoyu/workspace/code/fpo-control/manipulation_experiments/thirdparty/robosuite/robosuite/controllers/config/robots/default_panda.json
2026-08-09 09:13:04,281 | INFO | Video key: agentview
2026-08-09 09:13:04,281 | INFO | Using image observation keys: ['agentview']
[robosuite INFO] Loading controller configuration from: /mnt/data/users/haoyu/workspace/code/fpo-control/manipulation_experiments/thirdparty/robosuite/robosuite/controllers/config/robots/default_panda.json (composite_controller_factory.py:121)
2026-08-09 09:13:04,281 | INFO | Loading controller configuration from: /mnt/data/users/haoyu/workspace/code/fpo-control/manipulation_experiments/thirdparty/robosuite/robosuite/controllers/config/robots/default_panda.json
2026-08-09 09:13:04,283 | INFO | Video key: agentview
2026-08-09 09:13:04,283 | INFO | Using image observation keys: ['agentview']
[robosuite INFO] Loading controller configuration from: /mnt/data/users/haoyu/workspace/code/fpo-control/manipulation_experiments/thirdparty/robosuite/robosuite/controllers/config/robots/default_panda.json (composite_controller_factory.py:121)
2026-08-09 09:13:04,283 | INFO | Loading controller configuration from: /mnt/data/users/haoyu/workspace/code/fpo-control/manipulation_experiments/thirdparty/robosuite/robosuite/controllers/config/robots/default_panda.json
2026-08-09 09:13:04,289 | INFO | Video key: agentview
2026-08-09 09:13:04,289 | INFO | Using image observation keys: ['agentview']
[robosuite INFO] Loading controller configuration from: /mnt/data/users/haoyu/workspace/code/fpo-control/manipulation_experiments/thirdparty/robosuite/robosuite/controllers/config/robots/default_panda.json (composite_controller_factory.py:121)
2026-08-09 09:13:04,290 | INFO | Loading controller configuration from: /mnt/data/users/haoyu/workspace/code/fpo-control/manipulation_experiments/thirdparty/robosuite/robosuite/controllers/config/robots/default_panda.json
2026-08-09 09:13:04,292 | INFO | Video key: agentview
2026-08-09 09:13:04,292 | INFO | Using image observation keys: ['agentview']
[robosuite INFO] Loading controller configuration from: /mnt/data/users/haoyu/workspace/code/fpo-control/manipulation_experiments/thirdparty/robosuite/robosuite/controllers/config/robots/default_panda.json (composite_controller_factory.py:121)
2026-08-09 09:13:04,293 | INFO | Loading controller configuration from: /mnt/data/users/haoyu/workspace/code/fpo-control/manipulation_experiments/thirdparty/robosuite/robosuite/controllers/config/robots/default_panda.json
2026-08-09 09:13:04,299 | INFO | Video key: agentview
2026-08-09 09:13:04,299 | INFO | Using image observation keys: ['agentview']
[robosuite INFO] Loading controller configuration from: /mnt/data/users/haoyu/workspace/code/fpo-control/manipulation_experiments/thirdparty/robosuite/robosuite/controllers/config/robots/default_panda.json (composite_controller_factory.py:121)
2026-08-09 09:13:04,299 | INFO | Loading controller configuration from: /mnt/data/users/haoyu/workspace/code/fpo-control/manipulation_experiments/thirdparty/robosuite/robosuite/controllers/config/robots/default_panda.json
2026-08-09 09:13:04,302 | INFO | Video key: agentview
2026-08-09 09:13:04,303 | INFO | Using image observation keys: ['agentview']
[robosuite INFO] Loading controller configuration from: /mnt/data/users/haoyu/workspace/code/fpo-control/manipulation_experiments/thirdparty/robosuite/robosuite/controllers/config/robots/default_panda.json (composite_controller_factory.py:121)
2026-08-09 09:13:04,303 | INFO | Loading controller configuration from: /mnt/data/users/haoyu/workspace/code/fpo-control/manipulation_experiments/thirdparty/robosuite/robosuite/controllers/config/robots/default_panda.json
2026-08-09 09:13:04,303 | INFO | Video key: agentview
2026-08-09 09:13:04,303 | INFO | Using image observation keys: ['agentview']
[robosuite INFO] Loading controller configuration from: /mnt/data/users/haoyu/workspace/code/fpo-control/manipulation_experiments/thirdparty/robosuite/robosuite/controllers/config/robots/default_panda.json (composite_controller_factory.py:121)
2026-08-09 09:13:04,303 | INFO | Loading controller configuration from: /mnt/data/users/haoyu/workspace/code/fpo-control/manipulation_experiments/thirdparty/robosuite/robosuite/controllers/config/robots/default_panda.json
2026-08-09 09:13:05,626 | INFO | Successfully created NutAssemblySquare environment via robosuite.make() with cameras at 84x84
2026-08-09 09:13:05,626 | INFO | Configured cameras: ['agentview']
2026-08-09 09:13:06,109 | INFO | Successfully created NutAssemblySquare environment via robosuite.make() with cameras at 84x84
2026-08-09 09:13:06,109 | INFO | Configured cameras: ['agentview']
2026-08-09 09:13:06,110 | INFO | Successfully created NutAssemblySquare environment via robosuite.make() with cameras at 84x84
2026-08-09 09:13:06,110 | INFO | Configured cameras: ['agentview']
2026-08-09 09:13:06,130 | INFO | Successfully created NutAssemblySquare environment via robosuite.make() with cameras at 84x84
2026-08-09 09:13:06,130 | INFO | Configured cameras: ['agentview']
2026-08-09 09:13:06,140 | INFO | Successfully created NutAssemblySquare environment via robosuite.make() with cameras at 84x84
2026-08-09 09:13:06,141 | INFO | Configured cameras: ['agentview']
2026-08-09 09:13:06,163 | INFO | Successfully created NutAssemblySquare environment via robosuite.make() with cameras at 84x84
2026-08-09 09:13:06,163 | INFO | Configured cameras: ['agentview']
2026-08-09 09:13:06,177 | INFO | Successfully created NutAssemblySquare environment via robosuite.make() with cameras at 84x84
2026-08-09 09:13:06,177 | INFO | Configured cameras: ['agentview']
2026-08-09 09:13:06,204 | INFO | Successfully created NutAssemblySquare environment via robosuite.make() with cameras at 84x84
2026-08-09 09:13:06,204 | INFO | Configured cameras: ['agentview']
2026-08-09 09:13:06,211 | INFO | Successfully created NutAssemblySquare environment via robosuite.make() with cameras at 84x84
2026-08-09 09:13:06,211 | INFO | Configured cameras: ['agentview']
2026-08-09 09:13:06,232 | INFO | Successfully created NutAssemblySquare environment via robosuite.make() with cameras at 84x84
2026-08-09 09:13:06,232 | INFO | Configured cameras: ['agentview']
2026-08-09 09:13:06,234 | INFO | Successfully created NutAssemblySquare environment via robosuite.make() with cameras at 84x84
2026-08-09 09:13:06,234 | INFO | Configured cameras: ['agentview']
2026-08-09 09:13:06,257 | INFO | Successfully created NutAssemblySquare environment via robosuite.make() with cameras at 84x84
2026-08-09 09:13:06,257 | INFO | Configured cameras: ['agentview']
2026-08-09 09:13:06,265 | INFO | Successfully created NutAssemblySquare environment via robosuite.make() with cameras at 84x84
2026-08-09 09:13:06,266 | INFO | Configured cameras: ['agentview']
2026-08-09 09:13:06,270 | INFO | Successfully created NutAssemblySquare environment via robosuite.make() with cameras at 84x84
2026-08-09 09:13:06,270 | INFO | Configured cameras: ['agentview']
2026-08-09 09:13:06,274 | INFO | Successfully created NutAssemblySquare environment via robosuite.make() with cameras at 84x84
2026-08-09 09:13:06,274 | INFO | Configured cameras: ['agentview']
2026-08-09 09:13:06,295 | INFO | Successfully created NutAssemblySquare environment via robosuite.make() with cameras at 84x84
2026-08-09 09:13:06,295 | INFO | Configured cameras: ['agentview']
2026-08-09 09:13:07,850 | INFO | Created 20 vectorized Square environments
2026-08-09 09:13:07,855 | INFO | Set video key to 'agentview' for video recording
2026-08-09 09:13:07,855 | INFO | ================================================================================
2026-08-09 09:13:07,855 | INFO | Starting Evaluation
2026-08-09 09:13:07,855 | INFO | ================================================================================
2026-08-09 09:13:07,856 | INFO | Running rollouts with environment: Square
2026-08-09 09:13:07,856 | INFO | Starting evaluation: 20 episodes using 20 parallel environments
2026-08-09 09:13:08,939 | INFO | Created observation keys: ['observation.state', 'observation.images.agentview']
2026-08-09 09:13:08,978 | INFO | Created observation keys: ['observation.state', 'observation.images.agentview']
2026-08-09 09:13:08,996 | INFO | Created observation keys: ['observation.state', 'observation.images.agentview']
2026-08-09 09:13:09,013 | INFO | Created observation keys: ['observation.state', 'observation.images.agentview']
2026-08-09 09:13:09,030 | INFO | Created observation keys: ['observation.state', 'observation.images.agentview']
2026-08-09 09:13:09,036 | INFO | Created observation keys: ['observation.state', 'observation.images.agentview']
2026-08-09 09:13:09,038 | INFO | Created observation keys: ['observation.state', 'observation.images.agentview']
2026-08-09 09:13:09,044 | INFO | Created observation keys: ['observation.state', 'observation.images.agentview']
2026-08-09 09:13:09,045 | INFO | Created observation keys: ['observation.state', 'observation.images.agentview']
2026-08-09 09:13:09,047 | INFO | Created observation keys: ['observation.state', 'observation.images.agentview']
2026-08-09 09:13:09,056 | INFO | Created observation keys: ['observation.state', 'observation.images.agentview']
2026-08-09 09:13:09,056 | INFO | Created observation keys: ['observation.state', 'observation.images.agentview']
2026-08-09 09:13:09,063 | INFO | Created observation keys: ['observation.state', 'observation.images.agentview']
2026-08-09 09:13:09,070 | INFO | Created observation keys: ['observation.state', 'observation.images.agentview']
2026-08-09 09:13:09,071 | INFO | Created observation keys: ['observation.state', 'observation.images.agentview']
2026-08-09 09:13:09,085 | INFO | Created observation keys: ['observation.state', 'observation.images.agentview']
2026-08-09 09:13:09,091 | INFO | Created observation keys: ['observation.state', 'observation.images.agentview']
2026-08-09 09:13:09,111 | INFO | Created observation keys: ['observation.state', 'observation.images.agentview']
2026-08-09 09:13:09,114 | INFO | Created observation keys: ['observation.state', 'observation.images.agentview']
2026-08-09 09:13:09,159 | INFO | Created observation keys: ['observation.state', 'observation.images.agentview']
/home/haoyu/workspace/code/fpo-control/manipulation_experiments/thirdparty/miniconda3/envs/fpo_manipulation/lib/python3.10/contextlib.py:103: FutureWarning: `torch.backends.cuda.sdp_kernel()` is deprecated. In the future, this context manager will be removed. Please see `torch.nn.attention.sdpa_kernel()` for the new context manager, with updated signature.
  self.gen = func(*args, **kwds)
2026-08-09 09:13:17,743 | INFO | Total steps: 1000, done episodes: 0, successes: 0, FPS: 101.1
2026-08-09 09:13:21,753 | INFO | Total steps: 2000, done episodes: 0, successes: 0, FPS: 143.9
2026-08-09 09:13:25,817 | INFO | Total steps: 3000, done episodes: 0, successes: 0, FPS: 167.0
2026-08-09 09:13:31,210 | INFO | Total steps: 4000, done episodes: 1, successes: 1, FPS: 171.3
2026-08-09 09:13:36,678 | INFO | Total steps: 5000, done episodes: 2, successes: 2, FPS: 173.5
2026-08-09 09:13:42,335 | INFO | Total steps: 6000, done episodes: 3, successes: 3, FPS: 174.0
2026-08-09 09:13:48,789 | INFO | Total steps: 7000, done episodes: 5, successes: 5, FPS: 171.0
2026-08-09 09:13:54,448 | INFO | Evaluation completed: 20 episodes, 5 successes (25.0%) for task **Square**
2026-08-09 09:13:54,448 | INFO | Success stats across environments: mean=0.25 +/- 0.43
2026-08-09 09:13:54,448 | INFO | Average return: 0.250 +/- 0.433
2026-08-09 09:13:54,448 | INFO | Average episode length: 365.8 +/- 63.4
2026-08-09 09:13:54,448 | INFO | Performance: 8000 total steps in 46.6s
2026-08-09 09:13:54,448 | INFO | Average FPS: 171.7 frames/sec | Episodes/sec: 0.43
2026-08-09 09:13:54,449 | INFO | ================================================================================
2026-08-09 09:13:54,449 | INFO | Evaluation Summary
2026-08-09 09:13:54,449 | INFO | ================================================================================
2026-08-09 09:13:54,449 | INFO | Environment: Square
2026-08-09 09:13:54,449 | INFO | Checkpoint: latest
2026-08-09 09:13:54,449 | INFO | Episodes: 20
2026-08-09 09:13:54,449 | INFO | Success Rate: 25.00% +/- 43.30%
2026-08-09 09:13:54,449 | INFO | Average Return: 0.250 +/- 0.433
2026-08-09 09:13:54,449 | INFO | FPS: 171.7
2026-08-09 09:13:54,449 | INFO | ================================================================================
2026-08-09 09:13:54,449 | INFO | Summary saved to: /home/haoyu/workspace/outputs/fpo-control/results/square_h43_control_zero_balanced20_seed20260917/eval_summary_Square_latest_zero.txt
render_gpu_device_id: 1
render_gpu_device_id: 1
render_gpu_device_id: 1
render_gpu_device_id: 1
render_gpu_device_id: 1
render_gpu_device_id: 1
render_gpu_device_id: 1
render_gpu_device_id: 1
render_gpu_device_id: 1
render_gpu_device_id: 1
render_gpu_device_id: 1
render_gpu_device_id: 1
render_gpu_device_id: 1
render_gpu_device_id: 1
render_gpu_device_id: 1
render_gpu_device_id: 1
render_gpu_device_id: 1
render_gpu_device_id: 1
render_gpu_device_id: 1
render_gpu_device_id: 1
2026-08-09 09:13:57,980 | INFO | Evaluation completed successfully!
