[robosuite WARNING] No private macro file found! (macros.py:57)
[robosuite WARNING] It is recommended to use a private macro file (macros.py:58)
[robosuite WARNING] To setup, run: python /mnt/data/users/haoyu/workspace/code/fpo-control/manipulation_experiments/thirdparty/robosuite/robosuite/scripts/setup_macros.py (macros.py:59)
[robosuite WARNING] Could not import robosuite_models. Some robots may not be available. If you want to use these robots, please install robosuite_models from source (https://github.com/ARISE-Initiative/robosuite_models) or through pip install. (__init__.py:30)
2026-08-09 09:14:05,236 | INFO | ================================================================================
2026-08-09 09:14:05,236 | INFO | Evaluation sampling mode: random
2026-08-09 09:14:05,236 | INFO | Checkpoint Evaluation
2026-08-09 09:14:05,236 | INFO | ================================================================================
2026-08-09 09:14:05,237 | INFO | Random seed set to 20260917
2026-08-09 09:14:05,238 | INFO | Output directory: /home/haoyu/workspace/outputs/fpo-control/results/square_h43_control_random_balanced20_seed20260917
2026-08-09 09:14:05,238 | INFO | Using local checkpoint: /home/haoyu/workspace/outputs/fpo-control/results/square_h43_control_osmesa_seed20260916/checkpoints/latest
2026-08-09 09:14:05,238 | INFO | Loading policy from /home/haoyu/workspace/outputs/fpo-control/results/square_h43_control_osmesa_seed20260916/checkpoints/latest/policy...
2026-08-09 09:14:05,238 | INFO | Loading config from /home/haoyu/workspace/outputs/fpo-control/results/square_h43_control_osmesa_seed20260916/checkpoints/latest/policy/config.json...
2026-08-09 09:14:05,238 | INFO | Image features: ['observation.images.agentview']
2026-08-09 09:14:05,238 | INFO | State features: ['observation.state']
2026-08-09 09:14:05,238 | INFO | Constructing FlowMatchingPolicy from config...
2026-08-09 09:14:05,320 | INFO | Loading model weights from /home/haoyu/workspace/outputs/fpo-control/results/square_h43_control_osmesa_seed20260916/checkpoints/latest/policy/model.safetensors...
2026-08-09 09:14:05,652 | INFO | Policy loaded successfully
2026-08-09 09:14:05,652 | INFO | Policy config: horizon=16, n_action_steps=16, sampling_steps=10
2026-08-09 09:14:05,652 | INFO | Overriding integration steps: 10
2026-08-09 09:14:05,652 | INFO | Overriding executed action steps: 16
2026-08-09 09:14:05,652 | INFO | Creating evaluation environment: Square
2026-08-09 09:14:05,652 | INFO | Using image features from checkpoint config: ['observation.images.agentview']
2026-08-09 09:14:05,652 | INFO | Production mode: using gymnasium.vector.AsyncVectorEnv
2026-08-09 09:14:05,652 | INFO | Video key: agentview
2026-08-09 09:14:05,652 | INFO | Using image observation keys: ['agentview']
[robosuite INFO] Loading controller configuration from: /mnt/data/users/haoyu/workspace/code/fpo-control/manipulation_experiments/thirdparty/robosuite/robosuite/controllers/config/robots/default_panda.json (composite_controller_factory.py:121)
2026-08-09 09:14:05,652 | INFO | Loading controller configuration from: /mnt/data/users/haoyu/workspace/code/fpo-control/manipulation_experiments/thirdparty/robosuite/robosuite/controllers/config/robots/default_panda.json
2026-08-09 09:14:07,440 | INFO | Successfully created NutAssemblySquare environment via robosuite.make() with cameras at 84x84
2026-08-09 09:14:07,441 | INFO | Configured cameras: ['agentview']
[ViT Init] Inferred image size from dataset: 84x84
num_visible_gpus: 1 [1] render_override: 
render_gpu_device_id: 1
[robosuite WARNING] No private macro file found! (macros.py:57)
[robosuite WARNING] It is recommended to use a private macro file (macros.py:58)
[robosuite WARNING] To setup, run: python /mnt/data/users/haoyu/workspace/code/fpo-control/manipulation_experiments/thirdparty/robosuite/robosuite/scripts/setup_macros.py (macros.py:59)
[robosuite WARNING] No private macro file found! (macros.py:57)
[robosuite WARNING] No private macro file found! (macros.py:57)
[robosuite WARNING] It is recommended to use a private macro file (macros.py:58)
[robosuite WARNING] It is recommended to use a private macro file (macros.py:58)
[robosuite WARNING] To setup, run: python /mnt/data/users/haoyu/workspace/code/fpo-control/manipulation_experiments/thirdparty/robosuite/robosuite/scripts/setup_macros.py (macros.py:59)
[robosuite WARNING] To setup, run: python /mnt/data/users/haoyu/workspace/code/fpo-control/manipulation_experiments/thirdparty/robosuite/robosuite/scripts/setup_macros.py (macros.py:59)
[robosuite WARNING] No private macro file found! (macros.py:57)
[robosuite WARNING] It is recommended to use a private macro file (macros.py:58)
[robosuite WARNING] To setup, run: python /mnt/data/users/haoyu/workspace/code/fpo-control/manipulation_experiments/thirdparty/robosuite/robosuite/scripts/setup_macros.py (macros.py:59)
[robosuite WARNING] No private macro file found! (macros.py:57)
[robosuite WARNING] It is recommended to use a private macro file (macros.py:58)
[robosuite WARNING] To setup, run: python /mnt/data/users/haoyu/workspace/code/fpo-control/manipulation_experiments/thirdparty/robosuite/robosuite/scripts/setup_macros.py (macros.py:59)
[robosuite WARNING] No private macro file found! (macros.py:57)
[robosuite WARNING] It is recommended to use a private macro file (macros.py:58)
[robosuite WARNING] To setup, run: python /mnt/data/users/haoyu/workspace/code/fpo-control/manipulation_experiments/thirdparty/robosuite/robosuite/scripts/setup_macros.py (macros.py:59)
[robosuite WARNING] No private macro file found! (macros.py:57)
[robosuite WARNING] It is recommended to use a private macro file (macros.py:58)
[robosuite WARNING] To setup, run: python /mnt/data/users/haoyu/workspace/code/fpo-control/manipulation_experiments/thirdparty/robosuite/robosuite/scripts/setup_macros.py (macros.py:59)
[robosuite WARNING] No private macro file found! (macros.py:57)
[robosuite WARNING] It is recommended to use a private macro file (macros.py:58)
[robosuite WARNING] To setup, run: python /mnt/data/users/haoyu/workspace/code/fpo-control/manipulation_experiments/thirdparty/robosuite/robosuite/scripts/setup_macros.py (macros.py:59)
[robosuite WARNING] No private macro file found! (macros.py:57)
[robosuite WARNING] It is recommended to use a private macro file (macros.py:58)
[robosuite WARNING] To setup, run: python /mnt/data/users/haoyu/workspace/code/fpo-control/manipulation_experiments/thirdparty/robosuite/robosuite/scripts/setup_macros.py (macros.py:59)
[robosuite WARNING] No private macro file found! (macros.py:57)
[robosuite WARNING] It is recommended to use a private macro file (macros.py:58)
[robosuite WARNING] To setup, run: python /mnt/data/users/haoyu/workspace/code/fpo-control/manipulation_experiments/thirdparty/robosuite/robosuite/scripts/setup_macros.py (macros.py:59)
[robosuite WARNING] No private macro file found! (macros.py:57)
[robosuite WARNING] It is recommended to use a private macro file (macros.py:58)
[robosuite WARNING] To setup, run: python /mnt/data/users/haoyu/workspace/code/fpo-control/manipulation_experiments/thirdparty/robosuite/robosuite/scripts/setup_macros.py (macros.py:59)
[robosuite WARNING] No private macro file found! (macros.py:57)
[robosuite WARNING] It is recommended to use a private macro file (macros.py:58)
[robosuite WARNING] To setup, run: python /mnt/data/users/haoyu/workspace/code/fpo-control/manipulation_experiments/thirdparty/robosuite/robosuite/scripts/setup_macros.py (macros.py:59)
[robosuite WARNING] No private macro file found! (macros.py:57)
[robosuite WARNING] It is recommended to use a private macro file (macros.py:58)
[robosuite WARNING] To setup, run: python /mnt/data/users/haoyu/workspace/code/fpo-control/manipulation_experiments/thirdparty/robosuite/robosuite/scripts/setup_macros.py (macros.py:59)
[robosuite WARNING] No private macro file found! (macros.py:57)
[robosuite WARNING] It is recommended to use a private macro file (macros.py:58)
[robosuite WARNING] To setup, run: python /mnt/data/users/haoyu/workspace/code/fpo-control/manipulation_experiments/thirdparty/robosuite/robosuite/scripts/setup_macros.py (macros.py:59)
[robosuite WARNING] No private macro file found! (macros.py:57)
[robosuite WARNING] It is recommended to use a private macro file (macros.py:58)
[robosuite WARNING] To setup, run: python /mnt/data/users/haoyu/workspace/code/fpo-control/manipulation_experiments/thirdparty/robosuite/robosuite/scripts/setup_macros.py (macros.py:59)
[robosuite WARNING] No private macro file found! (macros.py:57)
[robosuite WARNING] It is recommended to use a private macro file (macros.py:58)
[robosuite WARNING] To setup, run: python /mnt/data/users/haoyu/workspace/code/fpo-control/manipulation_experiments/thirdparty/robosuite/robosuite/scripts/setup_macros.py (macros.py:59)
[robosuite WARNING] No private macro file found! (macros.py:57)
[robosuite WARNING] No private macro file found! (macros.py:57)
[robosuite WARNING] It is recommended to use a private macro file (macros.py:58)
[robosuite WARNING] To setup, run: python /mnt/data/users/haoyu/workspace/code/fpo-control/manipulation_experiments/thirdparty/robosuite/robosuite/scripts/setup_macros.py (macros.py:59)
[robosuite WARNING] It is recommended to use a private macro file (macros.py:58)
[robosuite WARNING] To setup, run: python /mnt/data/users/haoyu/workspace/code/fpo-control/manipulation_experiments/thirdparty/robosuite/robosuite/scripts/setup_macros.py (macros.py:59)
[robosuite WARNING] No private macro file found! (macros.py:57)
[robosuite WARNING] It is recommended to use a private macro file (macros.py:58)
[robosuite WARNING] To setup, run: python /mnt/data/users/haoyu/workspace/code/fpo-control/manipulation_experiments/thirdparty/robosuite/robosuite/scripts/setup_macros.py (macros.py:59)
[robosuite WARNING] No private macro file found! (macros.py:57)
[robosuite WARNING] It is recommended to use a private macro file (macros.py:58)
[robosuite WARNING] To setup, run: python /mnt/data/users/haoyu/workspace/code/fpo-control/manipulation_experiments/thirdparty/robosuite/robosuite/scripts/setup_macros.py (macros.py:59)
[robosuite WARNING] Could not import robosuite_models. Some robots may not be available. If you want to use these robots, please install robosuite_models from source (https://github.com/ARISE-Initiative/robosuite_models) or through pip install. (__init__.py:30)
[robosuite WARNING] Could not import robosuite_models. Some robots may not be available. If you want to use these robots, please install robosuite_models from source (https://github.com/ARISE-Initiative/robosuite_models) or through pip install. (__init__.py:30)
[robosuite WARNING] Could not import robosuite_models. Some robots may not be available. If you want to use these robots, please install robosuite_models from source (https://github.com/ARISE-Initiative/robosuite_models) or through pip install. (__init__.py:30)
[robosuite WARNING] Could not import robosuite_models. Some robots may not be available. If you want to use these robots, please install robosuite_models from source (https://github.com/ARISE-Initiative/robosuite_models) or through pip install. (__init__.py:30)
[robosuite WARNING] Could not import robosuite_models. Some robots may not be available. If you want to use these robots, please install robosuite_models from source (https://github.com/ARISE-Initiative/robosuite_models) or through pip install. (__init__.py:30)
[robosuite WARNING] Could not import robosuite_models. Some robots may not be available. If you want to use these robots, please install robosuite_models from source (https://github.com/ARISE-Initiative/robosuite_models) or through pip install. (__init__.py:30)
[robosuite WARNING] Could not import robosuite_models. Some robots may not be available. If you want to use these robots, please install robosuite_models from source (https://github.com/ARISE-Initiative/robosuite_models) or through pip install. (__init__.py:30)
[robosuite WARNING] Could not import robosuite_models. Some robots may not be available. If you want to use these robots, please install robosuite_models from source (https://github.com/ARISE-Initiative/robosuite_models) or through pip install. (__init__.py:30)
[robosuite WARNING] Could not import robosuite_models. Some robots may not be available. If you want to use these robots, please install robosuite_models from source (https://github.com/ARISE-Initiative/robosuite_models) or through pip install. (__init__.py:30)
[robosuite WARNING] Could not import robosuite_models. Some robots may not be available. If you want to use these robots, please install robosuite_models from source (https://github.com/ARISE-Initiative/robosuite_models) or through pip install. (__init__.py:30)
[robosuite WARNING] Could not import robosuite_models. Some robots may not be available. If you want to use these robots, please install robosuite_models from source (https://github.com/ARISE-Initiative/robosuite_models) or through pip install. (__init__.py:30)
[robosuite WARNING] Could not import robosuite_models. Some robots may not be available. If you want to use these robots, please install robosuite_models from source (https://github.com/ARISE-Initiative/robosuite_models) or through pip install. (__init__.py:30)
[robosuite WARNING] Could not import robosuite_models. Some robots may not be available. If you want to use these robots, please install robosuite_models from source (https://github.com/ARISE-Initiative/robosuite_models) or through pip install. (__init__.py:30)
[robosuite WARNING] Could not import robosuite_models. Some robots may not be available. If you want to use these robots, please install robosuite_models from source (https://github.com/ARISE-Initiative/robosuite_models) or through pip install. (__init__.py:30)
[robosuite WARNING] Could not import robosuite_models. Some robots may not be available. If you want to use these robots, please install robosuite_models from source (https://github.com/ARISE-Initiative/robosuite_models) or through pip install. (__init__.py:30)
[robosuite WARNING] Could not import robosuite_models. Some robots may not be available. If you want to use these robots, please install robosuite_models from source (https://github.com/ARISE-Initiative/robosuite_models) or through pip install. (__init__.py:30)
[robosuite WARNING] Could not import robosuite_models. Some robots may not be available. If you want to use these robots, please install robosuite_models from source (https://github.com/ARISE-Initiative/robosuite_models) or through pip install. (__init__.py:30)
[robosuite WARNING] Could not import robosuite_models. Some robots may not be available. If you want to use these robots, please install robosuite_models from source (https://github.com/ARISE-Initiative/robosuite_models) or through pip install. (__init__.py:30)
[robosuite WARNING] Could not import robosuite_models. Some robots may not be available. If you want to use these robots, please install robosuite_models from source (https://github.com/ARISE-Initiative/robosuite_models) or through pip install. (__init__.py:30)
[robosuite WARNING] Could not import robosuite_models. Some robots may not be available. If you want to use these robots, please install robosuite_models from source (https://github.com/ARISE-Initiative/robosuite_models) or through pip install. (__init__.py:30)
2026-08-09 09:14:17,352 | INFO | Video key: agentview
2026-08-09 09:14:17,352 | INFO | Using image observation keys: ['agentview']
[robosuite INFO] Loading controller configuration from: /mnt/data/users/haoyu/workspace/code/fpo-control/manipulation_experiments/thirdparty/robosuite/robosuite/controllers/config/robots/default_panda.json (composite_controller_factory.py:121)
2026-08-09 09:14:17,352 | INFO | Loading controller configuration from: /mnt/data/users/haoyu/workspace/code/fpo-control/manipulation_experiments/thirdparty/robosuite/robosuite/controllers/config/robots/default_panda.json
2026-08-09 09:14:17,596 | INFO | Video key: agentview
2026-08-09 09:14:17,596 | INFO | Using image observation keys: ['agentview']
[robosuite INFO] Loading controller configuration from: /mnt/data/users/haoyu/workspace/code/fpo-control/manipulation_experiments/thirdparty/robosuite/robosuite/controllers/config/robots/default_panda.json (composite_controller_factory.py:121)
2026-08-09 09:14:17,596 | INFO | Loading controller configuration from: /mnt/data/users/haoyu/workspace/code/fpo-control/manipulation_experiments/thirdparty/robosuite/robosuite/controllers/config/robots/default_panda.json
2026-08-09 09:14:17,753 | INFO | Video key: agentview
2026-08-09 09:14:17,754 | INFO | Using image observation keys: ['agentview']
[robosuite INFO] Loading controller configuration from: /mnt/data/users/haoyu/workspace/code/fpo-control/manipulation_experiments/thirdparty/robosuite/robosuite/controllers/config/robots/default_panda.json (composite_controller_factory.py:121)
2026-08-09 09:14:17,754 | INFO | Loading controller configuration from: /mnt/data/users/haoyu/workspace/code/fpo-control/manipulation_experiments/thirdparty/robosuite/robosuite/controllers/config/robots/default_panda.json
2026-08-09 09:14:19,146 | INFO | Successfully created NutAssemblySquare environment via robosuite.make() with cameras at 84x84
2026-08-09 09:14:19,146 | INFO | Configured cameras: ['agentview']
2026-08-09 09:14:19,392 | INFO | Successfully created NutAssemblySquare environment via robosuite.make() with cameras at 84x84
2026-08-09 09:14:19,392 | INFO | Configured cameras: ['agentview']
2026-08-09 09:14:19,568 | INFO | Successfully created NutAssemblySquare environment via robosuite.make() with cameras at 84x84
2026-08-09 09:14:19,568 | INFO | Configured cameras: ['agentview']
2026-08-09 09:14:19,653 | INFO | Video key: agentview
2026-08-09 09:14:19,653 | INFO | Using image observation keys: ['agentview']
[robosuite INFO] Loading controller configuration from: /mnt/data/users/haoyu/workspace/code/fpo-control/manipulation_experiments/thirdparty/robosuite/robosuite/controllers/config/robots/default_panda.json (composite_controller_factory.py:121)
2026-08-09 09:14:19,653 | INFO | Loading controller configuration from: /mnt/data/users/haoyu/workspace/code/fpo-control/manipulation_experiments/thirdparty/robosuite/robosuite/controllers/config/robots/default_panda.json
2026-08-09 09:14:19,901 | INFO | Video key: agentview
2026-08-09 09:14:19,901 | INFO | Using image observation keys: ['agentview']
[robosuite INFO] Loading controller configuration from: /mnt/data/users/haoyu/workspace/code/fpo-control/manipulation_experiments/thirdparty/robosuite/robosuite/controllers/config/robots/default_panda.json (composite_controller_factory.py:121)
2026-08-09 09:14:19,902 | INFO | Loading controller configuration from: /mnt/data/users/haoyu/workspace/code/fpo-control/manipulation_experiments/thirdparty/robosuite/robosuite/controllers/config/robots/default_panda.json
2026-08-09 09:14:21,118 | INFO | Video key: agentview
2026-08-09 09:14:21,119 | INFO | Using image observation keys: ['agentview']
[robosuite INFO] Loading controller configuration from: /mnt/data/users/haoyu/workspace/code/fpo-control/manipulation_experiments/thirdparty/robosuite/robosuite/controllers/config/robots/default_panda.json (composite_controller_factory.py:121)
2026-08-09 09:14:21,119 | INFO | Loading controller configuration from: /mnt/data/users/haoyu/workspace/code/fpo-control/manipulation_experiments/thirdparty/robosuite/robosuite/controllers/config/robots/default_panda.json
2026-08-09 09:14:21,443 | INFO | Successfully created NutAssemblySquare environment via robosuite.make() with cameras at 84x84
2026-08-09 09:14:21,443 | INFO | Configured cameras: ['agentview']
2026-08-09 09:14:21,638 | INFO | Video key: agentview
2026-08-09 09:14:21,638 | INFO | Using image observation keys: ['agentview']
[robosuite INFO] Loading controller configuration from: /mnt/data/users/haoyu/workspace/code/fpo-control/manipulation_experiments/thirdparty/robosuite/robosuite/controllers/config/robots/default_panda.json (composite_controller_factory.py:121)
2026-08-09 09:14:21,638 | INFO | Loading controller configuration from: /mnt/data/users/haoyu/workspace/code/fpo-control/manipulation_experiments/thirdparty/robosuite/robosuite/controllers/config/robots/default_panda.json
2026-08-09 09:14:21,707 | INFO | Video key: agentview
2026-08-09 09:14:21,707 | INFO | Using image observation keys: ['agentview']
[robosuite INFO] Loading controller configuration from: /mnt/data/users/haoyu/workspace/code/fpo-control/manipulation_experiments/thirdparty/robosuite/robosuite/controllers/config/robots/default_panda.json (composite_controller_factory.py:121)
2026-08-09 09:14:21,707 | INFO | Loading controller configuration from: /mnt/data/users/haoyu/workspace/code/fpo-control/manipulation_experiments/thirdparty/robosuite/robosuite/controllers/config/robots/default_panda.json
2026-08-09 09:14:21,726 | INFO | Successfully created NutAssemblySquare environment via robosuite.make() with cameras at 84x84
2026-08-09 09:14:21,726 | INFO | Configured cameras: ['agentview']
2026-08-09 09:14:21,822 | INFO | Video key: agentview
2026-08-09 09:14:21,822 | INFO | Using image observation keys: ['agentview']
[robosuite INFO] Loading controller configuration from: /mnt/data/users/haoyu/workspace/code/fpo-control/manipulation_experiments/thirdparty/robosuite/robosuite/controllers/config/robots/default_panda.json (composite_controller_factory.py:121)
2026-08-09 09:14:21,823 | INFO | Loading controller configuration from: /mnt/data/users/haoyu/workspace/code/fpo-control/manipulation_experiments/thirdparty/robosuite/robosuite/controllers/config/robots/default_panda.json
2026-08-09 09:14:21,871 | INFO | Video key: agentview
2026-08-09 09:14:21,871 | INFO | Using image observation keys: ['agentview']
[robosuite INFO] Loading controller configuration from: /mnt/data/users/haoyu/workspace/code/fpo-control/manipulation_experiments/thirdparty/robosuite/robosuite/controllers/config/robots/default_panda.json (composite_controller_factory.py:121)
2026-08-09 09:14:21,872 | INFO | Loading controller configuration from: /mnt/data/users/haoyu/workspace/code/fpo-control/manipulation_experiments/thirdparty/robosuite/robosuite/controllers/config/robots/default_panda.json
2026-08-09 09:14:21,902 | INFO | Video key: agentview
2026-08-09 09:14:21,902 | INFO | Using image observation keys: ['agentview']
[robosuite INFO] Loading controller configuration from: /mnt/data/users/haoyu/workspace/code/fpo-control/manipulation_experiments/thirdparty/robosuite/robosuite/controllers/config/robots/default_panda.json (composite_controller_factory.py:121)
2026-08-09 09:14:21,903 | INFO | Loading controller configuration from: /mnt/data/users/haoyu/workspace/code/fpo-control/manipulation_experiments/thirdparty/robosuite/robosuite/controllers/config/robots/default_panda.json
2026-08-09 09:14:21,916 | INFO | Video key: agentview
2026-08-09 09:14:21,916 | INFO | Using image observation keys: ['agentview']
[robosuite INFO] Loading controller configuration from: /mnt/data/users/haoyu/workspace/code/fpo-control/manipulation_experiments/thirdparty/robosuite/robosuite/controllers/config/robots/default_panda.json (composite_controller_factory.py:121)
2026-08-09 09:14:21,916 | INFO | Loading controller configuration from: /mnt/data/users/haoyu/workspace/code/fpo-control/manipulation_experiments/thirdparty/robosuite/robosuite/controllers/config/robots/default_panda.json
2026-08-09 09:14:21,931 | INFO | Video key: agentview
2026-08-09 09:14:21,931 | INFO | Using image observation keys: ['agentview']
[robosuite INFO] Loading controller configuration from: /mnt/data/users/haoyu/workspace/code/fpo-control/manipulation_experiments/thirdparty/robosuite/robosuite/controllers/config/robots/default_panda.json (composite_controller_factory.py:121)
2026-08-09 09:14:21,931 | INFO | Loading controller configuration from: /mnt/data/users/haoyu/workspace/code/fpo-control/manipulation_experiments/thirdparty/robosuite/robosuite/controllers/config/robots/default_panda.json
2026-08-09 09:14:21,944 | INFO | Video key: agentview
2026-08-09 09:14:21,944 | INFO | Using image observation keys: ['agentview']
[robosuite INFO] Loading controller configuration from: /mnt/data/users/haoyu/workspace/code/fpo-control/manipulation_experiments/thirdparty/robosuite/robosuite/controllers/config/robots/default_panda.json (composite_controller_factory.py:121)
2026-08-09 09:14:21,944 | INFO | Loading controller configuration from: /mnt/data/users/haoyu/workspace/code/fpo-control/manipulation_experiments/thirdparty/robosuite/robosuite/controllers/config/robots/default_panda.json
2026-08-09 09:14:21,954 | INFO | Video key: agentview
2026-08-09 09:14:21,954 | INFO | Using image observation keys: ['agentview']
[robosuite INFO] Loading controller configuration from: /mnt/data/users/haoyu/workspace/code/fpo-control/manipulation_experiments/thirdparty/robosuite/robosuite/controllers/config/robots/default_panda.json (composite_controller_factory.py:121)
2026-08-09 09:14:21,955 | INFO | Loading controller configuration from: /mnt/data/users/haoyu/workspace/code/fpo-control/manipulation_experiments/thirdparty/robosuite/robosuite/controllers/config/robots/default_panda.json
2026-08-09 09:14:21,964 | INFO | Video key: agentview
2026-08-09 09:14:21,964 | INFO | Using image observation keys: ['agentview']
[robosuite INFO] Loading controller configuration from: /mnt/data/users/haoyu/workspace/code/fpo-control/manipulation_experiments/thirdparty/robosuite/robosuite/controllers/config/robots/default_panda.json (composite_controller_factory.py:121)
2026-08-09 09:14:21,964 | INFO | Loading controller configuration from: /mnt/data/users/haoyu/workspace/code/fpo-control/manipulation_experiments/thirdparty/robosuite/robosuite/controllers/config/robots/default_panda.json
2026-08-09 09:14:21,964 | INFO | Video key: agentview
2026-08-09 09:14:21,965 | INFO | Using image observation keys: ['agentview']
[robosuite INFO] Loading controller configuration from: /mnt/data/users/haoyu/workspace/code/fpo-control/manipulation_experiments/thirdparty/robosuite/robosuite/controllers/config/robots/default_panda.json (composite_controller_factory.py:121)
2026-08-09 09:14:21,965 | INFO | Loading controller configuration from: /mnt/data/users/haoyu/workspace/code/fpo-control/manipulation_experiments/thirdparty/robosuite/robosuite/controllers/config/robots/default_panda.json
2026-08-09 09:14:21,970 | INFO | Video key: agentview
2026-08-09 09:14:21,970 | INFO | Using image observation keys: ['agentview']
[robosuite INFO] Loading controller configuration from: /mnt/data/users/haoyu/workspace/code/fpo-control/manipulation_experiments/thirdparty/robosuite/robosuite/controllers/config/robots/default_panda.json (composite_controller_factory.py:121)
2026-08-09 09:14:21,971 | INFO | Loading controller configuration from: /mnt/data/users/haoyu/workspace/code/fpo-control/manipulation_experiments/thirdparty/robosuite/robosuite/controllers/config/robots/default_panda.json
2026-08-09 09:14:21,975 | INFO | Video key: agentview
2026-08-09 09:14:21,975 | INFO | Using image observation keys: ['agentview']
[robosuite INFO] Loading controller configuration from: /mnt/data/users/haoyu/workspace/code/fpo-control/manipulation_experiments/thirdparty/robosuite/robosuite/controllers/config/robots/default_panda.json (composite_controller_factory.py:121)
2026-08-09 09:14:21,975 | INFO | Loading controller configuration from: /mnt/data/users/haoyu/workspace/code/fpo-control/manipulation_experiments/thirdparty/robosuite/robosuite/controllers/config/robots/default_panda.json
2026-08-09 09:14:21,982 | INFO | Video key: agentview
2026-08-09 09:14:21,982 | INFO | Using image observation keys: ['agentview']
[robosuite INFO] Loading controller configuration from: /mnt/data/users/haoyu/workspace/code/fpo-control/manipulation_experiments/thirdparty/robosuite/robosuite/controllers/config/robots/default_panda.json (composite_controller_factory.py:121)
2026-08-09 09:14:21,983 | INFO | Loading controller configuration from: /mnt/data/users/haoyu/workspace/code/fpo-control/manipulation_experiments/thirdparty/robosuite/robosuite/controllers/config/robots/default_panda.json
2026-08-09 09:14:22,937 | INFO | Successfully created NutAssemblySquare environment via robosuite.make() with cameras at 84x84
2026-08-09 09:14:22,937 | INFO | Configured cameras: ['agentview']
2026-08-09 09:14:23,513 | INFO | Successfully created NutAssemblySquare environment via robosuite.make() with cameras at 84x84
2026-08-09 09:14:23,513 | INFO | Configured cameras: ['agentview']
2026-08-09 09:14:23,565 | INFO | Successfully created NutAssemblySquare environment via robosuite.make() with cameras at 84x84
2026-08-09 09:14:23,566 | INFO | Configured cameras: ['agentview']
2026-08-09 09:14:23,682 | INFO | Successfully created NutAssemblySquare environment via robosuite.make() with cameras at 84x84
2026-08-09 09:14:23,683 | INFO | Configured cameras: ['agentview']
2026-08-09 09:14:23,705 | INFO | Successfully created NutAssemblySquare environment via robosuite.make() with cameras at 84x84
2026-08-09 09:14:23,705 | INFO | Configured cameras: ['agentview']
2026-08-09 09:14:23,762 | INFO | Successfully created NutAssemblySquare environment via robosuite.make() with cameras at 84x84
2026-08-09 09:14:23,762 | INFO | Configured cameras: ['agentview']
2026-08-09 09:14:23,765 | INFO | Successfully created NutAssemblySquare environment via robosuite.make() with cameras at 84x84
2026-08-09 09:14:23,765 | INFO | Configured cameras: ['agentview']
2026-08-09 09:14:23,790 | INFO | Successfully created NutAssemblySquare environment via robosuite.make() with cameras at 84x84
2026-08-09 09:14:23,790 | INFO | Configured cameras: ['agentview']
2026-08-09 09:14:23,795 | INFO | Successfully created NutAssemblySquare environment via robosuite.make() with cameras at 84x84
2026-08-09 09:14:23,795 | INFO | Configured cameras: ['agentview']
2026-08-09 09:14:23,797 | INFO | Successfully created NutAssemblySquare environment via robosuite.make() with cameras at 84x84
2026-08-09 09:14:23,798 | INFO | Configured cameras: ['agentview']
2026-08-09 09:14:23,800 | INFO | Successfully created NutAssemblySquare environment via robosuite.make() with cameras at 84x84
2026-08-09 09:14:23,800 | INFO | Configured cameras: ['agentview']
2026-08-09 09:14:23,802 | INFO | Successfully created NutAssemblySquare environment via robosuite.make() with cameras at 84x84
2026-08-09 09:14:23,802 | INFO | Configured cameras: ['agentview']
2026-08-09 09:14:23,802 | INFO | Successfully created NutAssemblySquare environment via robosuite.make() with cameras at 84x84
2026-08-09 09:14:23,802 | INFO | Configured cameras: ['agentview']
2026-08-09 09:14:23,802 | INFO | Successfully created NutAssemblySquare environment via robosuite.make() with cameras at 84x84
2026-08-09 09:14:23,802 | INFO | Configured cameras: ['agentview']
2026-08-09 09:14:23,867 | INFO | Successfully created NutAssemblySquare environment via robosuite.make() with cameras at 84x84
2026-08-09 09:14:23,867 | INFO | Configured cameras: ['agentview']
2026-08-09 09:14:25,048 | INFO | Created 20 vectorized Square environments
2026-08-09 09:14:25,049 | INFO | Set video key to 'agentview' for video recording
2026-08-09 09:14:25,049 | INFO | ================================================================================
2026-08-09 09:14:25,049 | INFO | Starting Evaluation
2026-08-09 09:14:25,049 | INFO | ================================================================================
2026-08-09 09:14:25,050 | INFO | Running rollouts with environment: Square
2026-08-09 09:14:25,053 | INFO | Starting evaluation: 20 episodes using 20 parallel environments
2026-08-09 09:14:26,155 | INFO | Created observation keys: ['observation.state', 'observation.images.agentview']
2026-08-09 09:14:26,165 | INFO | Created observation keys: ['observation.state', 'observation.images.agentview']
2026-08-09 09:14:26,179 | INFO | Created observation keys: ['observation.state', 'observation.images.agentview']
2026-08-09 09:14:26,189 | INFO | Created observation keys: ['observation.state', 'observation.images.agentview']
2026-08-09 09:14:26,191 | INFO | Created observation keys: ['observation.state', 'observation.images.agentview']
2026-08-09 09:14:26,194 | INFO | Created observation keys: ['observation.state', 'observation.images.agentview']
2026-08-09 09:14:26,199 | INFO | Created observation keys: ['observation.state', 'observation.images.agentview']
2026-08-09 09:14:26,206 | INFO | Created observation keys: ['observation.state', 'observation.images.agentview']
2026-08-09 09:14:26,216 | INFO | Created observation keys: ['observation.state', 'observation.images.agentview']
2026-08-09 09:14:26,218 | INFO | Created observation keys: ['observation.state', 'observation.images.agentview']
2026-08-09 09:14:26,220 | INFO | Created observation keys: ['observation.state', 'observation.images.agentview']
2026-08-09 09:14:26,223 | INFO | Created observation keys: ['observation.state', 'observation.images.agentview']
2026-08-09 09:14:26,224 | INFO | Created observation keys: ['observation.state', 'observation.images.agentview']
2026-08-09 09:14:26,230 | INFO | Created observation keys: ['observation.state', 'observation.images.agentview']
2026-08-09 09:14:26,232 | INFO | Created observation keys: ['observation.state', 'observation.images.agentview']
2026-08-09 09:14:26,234 | INFO | Created observation keys: ['observation.state', 'observation.images.agentview']
2026-08-09 09:14:26,247 | INFO | Created observation keys: ['observation.state', 'observation.images.agentview']
2026-08-09 09:14:26,248 | INFO | Created observation keys: ['observation.state', 'observation.images.agentview']
2026-08-09 09:14:26,298 | INFO | Created observation keys: ['observation.state', 'observation.images.agentview']
2026-08-09 09:14:26,329 | INFO | Created observation keys: ['observation.state', 'observation.images.agentview']
/home/haoyu/workspace/code/fpo-control/manipulation_experiments/thirdparty/miniconda3/envs/fpo_manipulation/lib/python3.10/contextlib.py:103: FutureWarning: `torch.backends.cuda.sdp_kernel()` is deprecated. In the future, this context manager will be removed. Please see `torch.nn.attention.sdpa_kernel()` for the new context manager, with updated signature.
  self.gen = func(*args, **kwds)
2026-08-09 09:14:34,815 | INFO | Total steps: 1000, done episodes: 0, successes: 0, FPS: 102.4
2026-08-09 09:14:38,822 | INFO | Total steps: 2000, done episodes: 0, successes: 0, FPS: 145.2
2026-08-09 09:14:43,022 | INFO | Total steps: 3000, done episodes: 0, successes: 0, FPS: 166.9
2026-08-09 09:14:48,394 | INFO | Total steps: 4000, done episodes: 1, successes: 1, FPS: 171.3
2026-08-09 09:14:54,924 | INFO | Total steps: 5000, done episodes: 3, successes: 3, FPS: 167.4
2026-08-09 09:15:05,546 | INFO | Total steps: 6000, done episodes: 8, successes: 8, FPS: 148.2
2026-08-09 09:15:09,755 | INFO | Total steps: 7000, done episodes: 8, successes: 8, FPS: 156.6
2026-08-09 09:15:15,772 | INFO | Evaluation completed: 20 episodes, 8 successes (40.0%) for task **Square**
2026-08-09 09:15:15,772 | INFO | Success stats across environments: mean=0.40 +/- 0.49
2026-08-09 09:15:15,772 | INFO | Average return: 0.400 +/- 0.490
2026-08-09 09:15:15,772 | INFO | Average episode length: 339.8 +/- 77.9
2026-08-09 09:15:15,772 | INFO | Performance: 8000 total steps in 50.7s
2026-08-09 09:15:15,772 | INFO | Average FPS: 157.7 frames/sec | Episodes/sec: 0.39
2026-08-09 09:15:15,772 | INFO | ================================================================================
2026-08-09 09:15:15,772 | INFO | Evaluation Summary
2026-08-09 09:15:15,772 | INFO | ================================================================================
2026-08-09 09:15:15,772 | INFO | Environment: Square
2026-08-09 09:15:15,772 | INFO | Checkpoint: latest
2026-08-09 09:15:15,772 | INFO | Episodes: 20
2026-08-09 09:15:15,772 | INFO | Success Rate: 40.00% +/- 48.99%
2026-08-09 09:15:15,772 | INFO | Average Return: 0.400 +/- 0.490
2026-08-09 09:15:15,772 | INFO | FPS: 157.7
2026-08-09 09:15:15,772 | INFO | ================================================================================
2026-08-09 09:15:15,773 | INFO | Summary saved to: /home/haoyu/workspace/outputs/fpo-control/results/square_h43_control_random_balanced20_seed20260917/eval_summary_Square_latest_random.txt
render_gpu_device_id: 1
render_gpu_device_id: 1
render_gpu_device_id: 1
render_gpu_device_id: 1
render_gpu_device_id: 1
render_gpu_device_id: 1
render_gpu_device_id: 1
render_gpu_device_id: 1
render_gpu_device_id: 1
render_gpu_device_id: 1
render_gpu_device_id: 1
render_gpu_device_id: 1
render_gpu_device_id: 1
render_gpu_device_id: 1
render_gpu_device_id: 1
render_gpu_device_id: 1
render_gpu_device_id: 1
render_gpu_device_id: 1
render_gpu_device_id: 1
render_gpu_device_id: 1
2026-08-09 09:15:19,222 | INFO | Evaluation completed successfully!
