[Warning] [simulation_app.simulation_app] Modules: ['omni.kit_app'] were loaded before SimulationApp was started and might not be loaded correctly.
[Warning] [simulation_app.simulation_app] Please check to make sure no extra omniverse or pxr modules are imported before the call to SimulationApp(...)
Loading user config located at: '/mnt/data/users/haoyu/workspace/code/fpo-control/isaaclab_experiments/thirdparty/miniconda3/envs/isaaclab_fpo/lib/python3.10/site-packages/omni/data/Kit/Isaac-Sim/4.5/user.config.json'
[Info] [carb] Logging to file: /mnt/data/users/haoyu/workspace/code/fpo-control/isaaclab_experiments/thirdparty/miniconda3/envs/isaaclab_fpo/lib/python3.10/site-packages/omni/logs/Kit/Isaac-Sim/4.5/kit_20260809_184225.log
2026-08-09 10:42:25 [0ms] [Warning] [omni.kit.app.plugin] No crash reporter present, dumps uploading isn't available.
2026-08-09 10:42:25 [10ms] [Warning] [omni.ext.plugin] [ext: rendering_modes] Extensions config 'extension.toml' doesn't exist '/mnt/data/users/haoyu/workspace/code/fpo-control/isaaclab_experiments/thirdparty/IsaacLab/apps/rendering_modes' or '/mnt/data/users/haoyu/workspace/code/fpo-control/isaaclab_experiments/thirdparty/IsaacLab/apps/rendering_modes/config'
2026-08-09 10:42:26 [1,488ms] [Warning] [omni.usd_config.extension] Enable omni.materialx.libs extension to use MaterialX
2026-08-09 10:42:27 [1,927ms] [Warning] [omni.platforminfo.plugin] failed to open the default display.  Can't verify X Server version.
2026-08-09 10:42:27 [2,466ms] [Warning] [omni.datastore] OmniHub is inaccessible
2026-08-09 10:42:27 [2,554ms] [Warning] [omni.isaac.dynamic_control] omni.isaac.dynamic_control is deprecated as of Isaac Sim 4.5. No action is needed from end-users.
2026-08-09 10:42:36 [11,177ms] [Warning] [carb.cudainterop.plugin] CUDA_VISIBLE_DEVICES environment variable is set.
2026-08-09 10:42:36 [11,177ms] [Warning] [carb.cudainterop.plugin] Note CUDA device enumeration and Omniverse device enumeration are different.
2026-08-09 10:42:36 [11,177ms] [Warning] [carb.cudainterop.plugin] Setting CUDA_VISIBLE_DEVICES can lead to undesired behavior or crashes.
2026-08-09 10:42:36 [11,211ms] [Warning] [gpu.foundation.plugin] Skipping NVIDIA GPU due CUDA being in bad state: NVIDIA H200
2026-08-09 10:42:36 [11,211ms] [Warning] [gpu.foundation.plugin] Please restart your system if CUDA is known to work in your system.
2026-08-09 10:42:36 [11,257ms] [Warning] [gpu.foundation.plugin] Skipping NVIDIA GPU due CUDA being in bad state: NVIDIA H200
2026-08-09 10:42:36 [11,257ms] [Warning] [gpu.foundation.plugin] Please restart your system if CUDA is known to work in your system.
2026-08-09 10:42:36 [11,277ms] [Warning] [gpu.foundation.plugin] Skipping NVIDIA GPU due CUDA being in bad state: NVIDIA H200
2026-08-09 10:42:36 [11,277ms] [Warning] [gpu.foundation.plugin] Please restart your system if CUDA is known to work in your system.
2026-08-09 10:42:36 [11,292ms] [Warning] [gpu.foundation.plugin] Skipping NVIDIA GPU due CUDA being in bad state: NVIDIA H200
2026-08-09 10:42:36 [11,292ms] [Warning] [gpu.foundation.plugin] Please restart your system if CUDA is known to work in your system.
2026-08-09 10:42:36 [11,316ms] [Warning] [gpu.foundation.plugin] Skipping NVIDIA GPU due CUDA being in bad state: NVIDIA H200
2026-08-09 10:42:36 [11,316ms] [Warning] [gpu.foundation.plugin] Please restart your system if CUDA is known to work in your system.
2026-08-09 10:42:36 [11,334ms] [Warning] [gpu.foundation.plugin] Skipping NVIDIA GPU due CUDA being in bad state: NVIDIA H200
2026-08-09 10:42:36 [11,334ms] [Warning] [gpu.foundation.plugin] Please restart your system if CUDA is known to work in your system.
2026-08-09 10:42:36 [11,351ms] [Warning] [gpu.foundation.plugin] Skipping NVIDIA GPU due CUDA being in bad state: NVIDIA H200
2026-08-09 10:42:36 [11,351ms] [Warning] [gpu.foundation.plugin] Please restart your system if CUDA is known to work in your system.
2026-08-09 10:42:36 [11,351ms] [Warning] [gpu.foundation.plugin] Skipping NVIDIA GPU due CUDA being in bad state: NVIDIA H200
2026-08-09 10:42:36 [11,351ms] [Warning] [gpu.foundation.plugin] Please restart your system if CUDA is known to work in your system.
2026-08-09 10:42:36 [11,351ms] [Warning] [gpu.foundation.plugin] Skipping NVIDIA GPU due CUDA being in bad state: NVIDIA H200
2026-08-09 10:42:36 [11,351ms] [Warning] [gpu.foundation.plugin] Please restart your system if CUDA is known to work in your system.
2026-08-09 10:42:36 [11,351ms] [Warning] [gpu.foundation.plugin] Skipping NVIDIA GPU due CUDA being in bad state: NVIDIA H200
2026-08-09 10:42:36 [11,351ms] [Warning] [gpu.foundation.plugin] Please restart your system if CUDA is known to work in your system.
2026-08-09 10:42:36 [11,351ms] [Warning] [gpu.foundation.plugin] Skipping NVIDIA GPU due CUDA being in bad state: NVIDIA H200
2026-08-09 10:42:36 [11,351ms] [Warning] [gpu.foundation.plugin] Please restart your system if CUDA is known to work in your system.
2026-08-09 10:42:36 [11,351ms] [Warning] [gpu.foundation.plugin] Skipping NVIDIA GPU due CUDA being in bad state: NVIDIA H200
2026-08-09 10:42:36 [11,351ms] [Warning] [gpu.foundation.plugin] Please restart your system if CUDA is known to work in your system.
2026-08-09 10:42:36 [11,351ms] [Warning] [gpu.foundation.plugin] Skipping NVIDIA GPU due CUDA being in bad state: NVIDIA H200
2026-08-09 10:42:36 [11,351ms] [Warning] [gpu.foundation.plugin] Please restart your system if CUDA is known to work in your system.
2026-08-09 10:42:36 [11,351ms] [Warning] [gpu.foundation.plugin] Skipping NVIDIA GPU due CUDA being in bad state: NVIDIA H200
2026-08-09 10:42:36 [11,351ms] [Warning] [gpu.foundation.plugin] Please restart your system if CUDA is known to work in your system.

|---------------------------------------------------------------------------------------------|
| Driver Version: 580.126.20    | Graphics API: Vulkan
|=============================================================================================|
| GPU | Name                             | Active | LDA | GPU Memory | Vendor-ID | LUID       |
|     |                                  |        |     |            | Device-ID | UUID       |
|     |                                  |        |     |            | Bus-ID    |            |
|---------------------------------------------------------------------------------------------|
| 0   | NVIDIA H200                      |        |     | 143771  MB | 10de      | 0          |
|     |                                  |        |     |            | 2335      | cde2e28e.. |
|     |                                  |        |     |            | 16        |            |
|---------------------------------------------------------------------------------------------|
| 1   | NVIDIA H200                      | Yes: 0 |     | 143771  MB | 10de      | 0          |
|     |                                  |        |     |            | 2335      | 04a9a9be.. |
|     |                                  |        |     |            | 17        |            |
|---------------------------------------------------------------------------------------------|
| 2   | NVIDIA H200                      |        |     | 143771  MB | 10de      | 0          |
|     |                                  |        |     |            | 2335      | f8cd977f.. |
|     |                                  |        |     |            | 40        |            |
|---------------------------------------------------------------------------------------------|
| 3   | NVIDIA H200                      |        |     | 143771  MB | 10de      | 0          |
|     |                                  |        |     |            | 2335      | eba08ce9.. |
|     |                                  |        |     |            | 41        |            |
|---------------------------------------------------------------------------------------------|
| 4   | NVIDIA H200                      |        |     | 143771  MB | 10de      | 0          |
|     |                                  |        |     |            | 2335      | 38095f57.. |
|     |                                  |        |     |            | 96        |            |
|---------------------------------------------------------------------------------------------|
| 5   | NVIDIA H200                      |        |     | 143771  MB | 10de      | 0          |
|     |                                  |        |     |            | 2335      | cbbbe2fc.. |
|     |                                  |        |     |            | 97        |            |
|---------------------------------------------------------------------------------------------|
| 6   | NVIDIA H200                      |        |     | 143771  MB | 10de      | 0          |
|     |                                  |        |     |            | 2335      | d832ca5c.. |
|     |                                  |        |     |            | c0        |            |
|---------------------------------------------------------------------------------------------|
| 7   | NVIDIA H200                      |        |     | 143771  MB | 10de      | 0          |
|     |                                  |        |     |            | 2335      | c97fbf11.. |
|     |                                  |        |     |            | c1        |            |
|=============================================================================================|
| OS: 22.04.5 LTS (Jammy Jellyfish) ubuntu, Version: 22.04.5, Kernel: 5.15.0-126-generic
| Processor: Intel(R) Xeon(R) Platinum 8468
| Bare Metal Cores: 96 | Bare Metal Logical Cores: 192
| Core Usage Quota: 144
|---------------------------------------------------------------------------------------------|
| Total Memory (MB): 1638400 | Free Memory: 1593195
| Total Page/Swap (MB): 0 | Free Page/Swap: 0
|---------------------------------------------------------------------------------------------|
2026-08-09 10:42:38 [12,846ms] [Warning] [gpu.foundation.plugin] ECC is enabled on physical device 1
2026-08-09 10:42:38 [12,935ms] [Warning] [omni.kvdb.plugin] Disabling key-value database because another kit process is locking it
2026-08-09 10:42:40 [15,011ms] [Warning] [isaaclab.terrains.terrain_importer] Visual material specified for ground plane but no diffuse color found. Using default color: (0.0, 0.0, 0.0)
2026-08-09 10:42:43 [17,925ms] [Warning] [omni.usd] Warning: in GetNodeDiscoveryResults at line 136 of /builds/omniverse/usd-ci/USD/pxr/usd/usdShade/shaderDefUtils.cpp -- Unable to resolve info:sourceAsset </UsdPreviewSurface.info:mdl:sourceAsset> with value @UsdPreviewSurface.mdl@.

2026-08-09 10:42:43 [17,925ms] [Warning] [omni.usd] Warning: in GetNodeDiscoveryResults at line 136 of /builds/omniverse/usd-ci/USD/pxr/usd/usdShade/shaderDefUtils.cpp -- Unable to resolve info:sourceAsset </UsdUVTexture.info:mdl:sourceAsset> with value @UsdPreviewSurface.mdl@.

2026-08-09 10:42:43 [17,925ms] [Warning] [omni.usd] Warning: in GetNodeDiscoveryResults at line 136 of /builds/omniverse/usd-ci/USD/pxr/usd/usdShade/shaderDefUtils.cpp -- Unable to resolve info:sourceAsset </UsdPrimvarReader_float.info:mdl:sourceAsset> with value @UsdPreviewSurface.mdl@.

2026-08-09 10:42:43 [17,925ms] [Warning] [omni.usd] Warning: in GetNodeDiscoveryResults at line 136 of /builds/omniverse/usd-ci/USD/pxr/usd/usdShade/shaderDefUtils.cpp -- Unable to resolve info:sourceAsset </UsdPrimvarReader_float2.info:mdl:sourceAsset> with value @UsdPreviewSurface.mdl@.

2026-08-09 10:42:43 [17,925ms] [Warning] [omni.usd] Warning: in GetNodeDiscoveryResults at line 136 of /builds/omniverse/usd-ci/USD/pxr/usd/usdShade/shaderDefUtils.cpp -- Unable to resolve info:sourceAsset </UsdPrimvarReader_float3.info:mdl:sourceAsset> with value @UsdPreviewSurface.mdl@.

2026-08-09 10:42:43 [17,926ms] [Warning] [omni.usd] Warning: in GetNodeDiscoveryResults at line 136 of /builds/omniverse/usd-ci/USD/pxr/usd/usdShade/shaderDefUtils.cpp -- Unable to resolve info:sourceAsset </UsdPrimvarReader_float4.info:mdl:sourceAsset> with value @UsdPreviewSurface.mdl@.

2026-08-09 10:42:43 [17,926ms] [Warning] [omni.usd] Warning: in GetNodeDiscoveryResults at line 136 of /builds/omniverse/usd-ci/USD/pxr/usd/usdShade/shaderDefUtils.cpp -- Unable to re[INFO][AppLauncher]: Using device: cuda:0
[INFO][AppLauncher]: Loading experience file: /mnt/data/users/haoyu/workspace/code/fpo-control/isaaclab_experiments/thirdparty/IsaacLab/apps/isaaclab.python.headless.kit
[INFO]: Parsing configuration from: isaaclab_tasks.manager_based.locomotion.velocity.config.go2.flat_env_cfg:UnitreeGo2FlatEnvCfg
Setting seed: 20261090
[INFO]: Base environment:
	Environment device    : cuda:0
	Environment seed      : 20261090
	Physics step-size     : 0.005
	Rendering step-size   : 0.02
	Environment step-size : 0.02
[INFO]: Time taken for scene creation : 2.929411 seconds
[INFO]: Scene manager:  <class InteractiveScene>
	Number of environments: 256
	Environment spacing   : 2.5
	Source prim name      : /World/envs/env_0
	Global prim paths     : ['/World/ground']
	Replicate physics     : True
[INFO]: Starting the simulation. This may take a few seconds. Please wait...
[INFO]: Time taken for simulation start : 1.289651 seconds
[INFO] Command Manager:  <CommandManager> contains 1 active terms.
+------------------------------------------------+
|              Active Command Terms              |
+-------+---------------+------------------------+
| Index | Name          |          Type          |
+-------+---------------+------------------------+
|   0   | base_velocity | UniformVelocityCommand |
+-------+---------------+------------------------+

[INFO] Event Manager:  <EventManager> contains 2 active terms.
+--------------------------------------+
| Active Event Terms in Mode: 'startup' |
+----------+---------------------------+
|  Index   | Name                      |
+----------+---------------------------+
|    0     | physics_material          |
|    1     | add_base_mass             |
+----------+---------------------------+
+---------------------------------------+
|  Active Event Terms in Mode: 'reset'  |
+--------+------------------------------+
| Index  | Name                         |
+--------+------------------------------+
|   0    | base_external_force_torque   |
|   1    | reset_base                   |
|   2    | reset_robot_joints           |
+--------+------------------------------+

[INFO] Recorder Manager:  <RecorderManager> contains 0 active terms.
+---------------------+
| Active Recorder Terms |
+-----------+---------+
|   Index   | Name    |
+-----------+---------+
+-----------+---------+

[INFO] Action Manager:  <ActionManager> contains 1 active terms.
+------------------------------------+
|  Active Action Terms (shape: 12)   |
+--------+-------------+-------------+
| Index  | Name        |   Dimension |
+--------+-------------+-------------+
|   0    | joint_pos   |          12 |
+--------+-------------+-------------+

[INFO] Observation Manager: <ObservationManager> contains 1 groups.
+---------------------------------------------------------+
| Active Observation Terms in Group: 'policy' (shape: (48,)) |
+-----------+---------------------------------+-----------+
|   Index   | Name                            |   Shape   |
+-----------+---------------------------------+-----------+
|     0     | base_lin_vel                    |    (3,)   |
|     1     | base_ang_vel                    |    (3,)   |
|     2     | projected_gravity               |    (3,)   |
|     3     | velocity_commands               |    (3,)   |
|     4     | joint_pos                       |   (12,)   |
|     5     | joint_vel                       |   (12,)   |
|     6     | actions                         |   (12,)   |
+-----------+---------------------------------+-----------+

[INFO] Termination Manager:  <TerminationManager> contains 2 active terms.
+---------------------------------+
|     Active Termination Terms    |
+-------+--------------+----------+
| Index | Name         | Time Out |
+-------+--------------+----------+
|   0   | time_out     |   True   |
|   1   | base_contact |  False   |
+-------+--------------+----------+

[INFO] Reward Manager:  <RewardManager> contains 10 active terms.
+-----------------------------------------+
|           Active Reward Terms           |
+-------+----------------------+----------+
| Index | Name                 |   Weight |
+-------+----------------------+----------+
|   0   | track_lin_vel_xy_exp |      1.5 |
|   1   | track_ang_vel_z_exp  |     0.75 |
|   2   | lin_vel_z_l2         |     -2.0 |
|   3   | ang_vel_xy_l2        |    -0.05 |
|   4   | dof_torques_l2       |  -0.0002 |
|   5   | dof_acc_l2           | -2.5e-07 |
|   6   | action_rate_l2       |    -0.01 |
|   7   | feet_air_time        |     0.25 |
|   8   | flat_orientation_l2  |     -2.5 |
|   9   | dof_pos_limits       |      0.0 |
+-------+----------------------+----------+

[INFO] Curriculum Manager:  <CurriculumManager> contains 0 active terms.
+----------------------+
| Active Curriculum Terms |
+-----------+----------+
|   Index   | Name     |
+-----------+----------+
+-----------+----------+

[INFO]: Completed setting up the environment...
Actor MLP: Sequential(
  (0): Linear(in_features=68, out_features=256, bias=True)
  (1): ELU(alpha=1.0)
  (2): Linear(in_features=256, out_features=256, bias=True)
  (3): ELU(alpha=1.0)
  (4): Linear(in_features=256, out_features=256, bias=True)
  (5): ELU(alpha=1.0)
  (6): Linear(in_features=256, out_features=12, bias=True)
)
Critic MLP: Sequential(
  (0): Linear(in_features=48, out_features=768, bias=True)
  (1): ELU(alpha=1.0)
  (2): Linear(in_features=768, out_features=768, bias=True)
  (3): ELU(alpha=1.0)
  (4): Linear(in_features=768, out_features=768, bias=True)
  (5): ELU(alpha=1.0)
  (6): Linear(in_features=768, out_features=1, bias=True)
)
EMA enabled with decay=0.95, warmup_steps=500
[INFO] Loaded EMA state from checkpoint
[INFO] Restored common_step_counter to 9209856 based on iteration 1499
{
  "checkpoint": "/mnt/data/users/haoyu/workspace/code/fpo-control/isaaclab_experiments/logs/isaaclab_fpo/unitree_go2_flat_flow/2026-08-08_16-24-22_go2_official_seed42_20260808/model_1499.pt",
  "task": "Isaac-Velocity-Flat-Unitree-Go2-v0",
  "seed": 20261090,
  "source_seed": 20261091,
  "num_envs": 256,
  "episodes_per_mode": 256,
  "integration_method": "euler",
  "sampling_steps": 64,
  "nfe": 64,
  "modes": {
    "random": {
      "episode_returns": [
        39.063133239746094,
        39.66468048095703,
        40.27376174926758,
        40.888771057128906,
        41.429412841796875,
        41.95864486694336,
        40.414154052734375,
        40.98737716674805,
        40.81597900390625,
        39.07001876831055,
        40.811458587646484,
        40.578338623046875,
        40.50006866455078,
        41.4371337890625,
        40.08419418334961,
        40.85380172729492,
        41.16193389892578,
        41.20961380004883,
        39.69814682006836,
        39.998348236083984,
        38.836761474609375,
        40.384521484375,
        40.918460845947266,
        40.77484893798828,
        40.2047119140625,
        40.720603942871094,
        39.8272590637207,
        41.0932502746582,
        39.091609954833984,
        39.90256881713867,
        41.606807708740234,
        40.19770431518555,
        40.59873962402344,
        41.08729553222656,
        40.49786376953125,
        40.78276443481445,
        41.17302703857422,
        40.32593536376953,
        40.88332748413086,
        41.10905456542969,
        38.732200622558594,
        39.20379638671875,
        41.85247039794922,
        40.54652786254883,
        40.787662506103516,
        40.23597717285156,
        39.843143463134766,
        39.28673553466797,
        40.348175048828125,
        39.471805572509766,
        40.32856369018555,
        40.59492492675781,
        40.26088333129883,
        40.33268737792969,
        41.4150390625,
        40.63631057739258,
        41.36764907836914,
        40.27418518066406,
        40.8016357421875,
        40.8173713684082,
        40.82797622680664,
        40.344173431396484,
        39.91978454589844,
        40.17530059814453,
        40.58561706542969,
        40.4914436340332,
        41.4212646484375,
        39.9241828918457,
        41.013877868652344,
        39.72198486328125,
        40.448516845703125,
        39.32305908203125,
        39.789878845214844,
        40.86875534057617,
        40.828834533691406,
        41.82183074951172,
        41.31003189086914,
        40.89417266845703,
        41.79873275756836,
        39.738677978515625,
        40.96468734741211,
        41.015777587890625,
        41.69364929199219,
        40.55207061767578,
        41.64500045776367,
        40.1640625,
        39.86606216430664,
        40.37038040161133,
        40.51360321044922,
        41.021400451660156,
        40.551795959472656,
        41.05525588989258,
        40.78937911987305,
        42.08790969848633,
        40.112552642822266,
        40.82714080810547,
        41.5321159362793,
        40.55997085571289,
        39.6485710144043,
        40.15721130371094,
        38.33596420288086,
        41.14118957519531,
        40.15907669067383,
        40.1487922668457,
        40.992000579833984,
        39.29623031616211,
        42.238197326660156,
        41.07406234741211,
        42.24079895019531,
        40.404476165771484,
        41.049171447753906,
        41.18561553955078,
        40.97356033325195,
        39.42936325073242,
        41.88639450073242,
        39.69088363647461,
        40.29897689819336,
        40.52293014526367,
        40.73124313354492,
        40.98595428466797,
        41.63993835449219,
        42.216373443603516,
        41.03702163696289,
        40.42551040649414,
        41.21895217895508,
        42.094539642333984,
        40.769569396972656,
        41.2526969909668,
        39.831016540527344,
        41.529273986816406,
        40.32292938232422,
        40.85031509399414,
        40.22708511352539,
        40.11924743652344,
        40.07493591308594,
        39.6126708984375,
        40.36817169189453,
        40.453311920166016,
        40.12448501586914,
        40.78818893432617,
        41.16958236694336,
        41.39816665649414,
        41.32860565185547,
        39.21476745605469,
        40.39812088012695,
        40.60319900512695,
        41.92690658569336,
        41.65476989746094,
        40.31095504760742,
        41.000362396240234,
        40.62152862548828,
        40.588539123535156,
        41.1710319519043,
        40.888004302978516,
        39.60701370239258,
        40.97827911376953,
        39.63859176635742,
        40.32636642456055,
        40.75897979736328,
        41.82442855834961,
        41.27890396118164,
        41.77961349487305,
        41.23920822143555,
        41.68477249145508,
        42.14040756225586,
        40.42429733276367,
        39.16074752807617,
        39.41815185546875,
        42.14982986450195,
        41.73503112792969,
        40.81246566772461,
        40.07754898071289,
        40.505775451660156,
        41.24427795410156,
        39.12779998779297,
        40.69813537597656,
        41.25314712524414,
        41.34531021118164,
        41.1812744140625,
        38.68467712402344,
        39.5959587097168,
        40.43920135498047,
        40.47306442260742,
        42.4679069519043,
        41.4604606628418,
        40.598934173583984,
        40.49473571777344,
        42.326873779296875,
        40.423988342285156,
        40.18769836425781,
        41.429656982421875,
        39.90177917480469,
        41.578250885009766,
        41.343502044677734,
        41.688941955566406,
        40.60818862915039,
        41.11600112915039,
        38.879852294921875,
        41.25965118408203,
        40.89302444458008,
        42.42355728149414,
        40.03954315185547,
        39.84090042114258,
        40.231666564941406,
        40.75395584106445,
        40.352256774902344,
        39.557151794433594,
        41.715396881103516,
        40.70100021362305,
        38.7843017578125,
        39.52306365966797,
        40.00605392456055,
        40.71466827392578,
        40.37608337402344,
        40.61049270629883,
        40.44245529174805,
        41.138912200927734,
        40.42364501953125,
        40.91476821899414,
        41.10642623901367,
        40.6818733215332,
        41.485782623291016,
        40.27402877807617,
        41.95025634765625,
        40.8262939453125,
        40.275875091552734,
        40.174713134765625,
        40.66766357421875,
        38.83953094482422,
        41.266719818115234,
        39.73866653442383,
        40.2264404296875,
        40.48374557495117,
        41.15229415893555,
        41.673377990722656,
        41.71086502075195,
        40.726470947265625,
        40.9124641418457,
        40.102481842041016,
        41.18260192871094,
        40.40159225463867,
        39.855072021484375,
        18.14010238647461,
        41.22425079345703,
        40.130882263183594,
        40.601478576660156,
        41.775238037109375,
        42.20457077026367,
        41.21303939819336,
        39.2525520324707,
        40.20371627807617,
        41.125370025634766,
        41.44462585449219,
        40.37770080566406,
        39.860801696777344,
        42.13190841674805
      ],
      "episode_lengths": [
        1000,
        1000,
        1000,
        1000,
        1000,
        1000,
        1000,
        1000,
        1000,
        1000,
        1000,
        1000,
        1000,
        1000,
        1000,
        1000,
        1000,
        1000,
        1000,
        1000,
        1000,
        1000,
        1000,
        1000,
        1000,
        1000,
        1000,
        1000,
        1000,
        1000,
        1000,
        1000,
        1000,
        1000,
        1000,
        1000,
        1000,
        1000,
        1000,
        1000,
        1000,
        1000,
        1000,
        1000,
        1000,
        1000,
        1000,
        1000,
        1000,
        1000,
        1000,
        1000,
        1000,
        1000,
        1000,
        1000,
        1000,
        1000,
        1000,
        1000,
        1000,
        1000,
        1000,
        1000,
        1000,
        1000,
        1000,
        1000,
        1000,
        1000,
        1000,
        1000,
        1000,
        1000,
        1000,
        1000,
        1000,
        1000,
        1000,
        1000,
        1000,
        1000,
        1000,
        1000,
        1000,
        1000,
        1000,
        1000,
        1000,
        1000,
        1000,
        1000,
        1000,
        1000,
        1000,
        1000,
        1000,
        1000,
        1000,
        1000,
        1000,
        1000,
        1000,
        1000,
        1000,
        1000,
        1000,
        1000,
        1000,
        1000,
        1000,
        1000,
        1000,
        1000,
        1000,
        1000,
        1000,
        1000,
        1000,
        1000,
        1000,
        1000,
        1000,
        1000,
        1000,
        1000,
        1000,
        1000,
        1000,
        1000,
        1000,
        1000,
        1000,
        1000,
        1000,
        1000,
        1000,
        1000,
        1000,
        1000,
        1000,
        1000,
        1000,
        1000,
        1000,
        1000,
        1000,
        1000,
        1000,
        1000,
        1000,
        1000,
        1000,
        1000,
        1000,
        1000,
        1000,
        1000,
        1000,
        1000,
        1000,
        1000,
        1000,
        1000,
        1000,
        1000,
        1000,
        1000,
        1000,
        1000,
        1000,
        1000,
        1000,
        1000,
        1000,
        1000,
        1000,
        1000,
        1000,
        1000,
        1000,
        1000,
        1000,
        1000,
        1000,
        1000,
        1000,
        1000,
        1000,
        1000,
        1000,
        1000,
        1000,
        1000,
        1000,
        1000,
        1000,
        1000,
        1000,
        1000,
        1000,
        1000,
        1000,
        1000,
        1000,
        1000,
        1000,
        1000,
        1000,
        1000,
        1000,
        1000,
        1000,
        1000,
        1000,
        1000,
        1000,
        1000,
        1000,
        1000,
        1000,
        1000,
        1000,
        1000,
        1000,
        1000,
        1000,
        1000,
        1000,
        1000,
        1000,
        1000,
        1000,
        1000,
        1000,
        1000,
        1000,
        1000,
        1000,
        1000,
        1000,
        1000,
        548,
        1000,
        1000,
        1000,
        1000,
        1000,
        1000,
        1000,
        1000,
        1000,
        1000,
        1000,
        1000,
        1000
      ],
      "mean_reward": 40.56500244140625,
      "std_reward": 1.6163188219070435,
      "sem_reward": 0.10101992636919022,
      "mean_length": 998.234375,
      "actions_finite": true,
      "episodes": 256,
      "initial_observation_sha256": "9b26e737a8a9b0b384917a8e1e13dad3e07beec72a4f4f3f8d7d6d19db6cbfca"
    }
  }
}solve info:sourceAsset </UsdPrimvarReader_int.info:mdl:sourceAsset> with value @UsdPreviewSurface.mdl@.

2026-08-09 10:42:43 [17,926ms] [Warning] [omni.usd] Warning: in GetNodeDiscoveryResults at line 136 of /builds/omniverse/usd-ci/USD/pxr/usd/usdShade/shaderDefUtils.cpp -- Unable to resolve info:sourceAsset </UsdPrimvarReader_string.info:mdl:sourceAsset> with value @UsdPreviewSurface.mdl@.

2026-08-09 10:42:43 [17,926ms] [Warning] [omni.usd] Warning: in GetNodeDiscoveryResults at line 136 of /builds/omniverse/usd-ci/USD/pxr/usd/usdShade/shaderDefUtils.cpp -- Unable to resolve info:sourceAsset </UsdPrimvarReader_normal.info:mdl:sourceAsset> with value @UsdPreviewSurface.mdl@.

2026-08-09 10:42:43 [17,926ms] [Warning] [omni.usd] Warning: in GetNodeDiscoveryResults at line 136 of /builds/omniverse/usd-ci/USD/pxr/usd/usdShade/shaderDefUtils.cpp -- Unable to resolve info:sourceAsset </UsdPrimvarReader_point.info:mdl:sourceAsset> with value @UsdPreviewSurface.mdl@.

2026-08-09 10:42:43 [17,926ms] [Warning] [omni.usd] Warning: in GetNodeDiscoveryResults at line 136 of /builds/omniverse/usd-ci/USD/pxr/usd/usdShade/shaderDefUtils.cpp -- Unable to resolve info:sourceAsset </UsdPrimvarReader_vector.info:mdl:sourceAsset> with value @UsdPreviewSurface.mdl@.

2026-08-09 10:42:43 [17,927ms] [Warning] [omni.usd] Warning: in GetNodeDiscoveryResults at line 136 of /builds/omniverse/usd-ci/USD/pxr/usd/usdShade/shaderDefUtils.cpp -- Unable to resolve info:sourceAsset </UsdPrimvarReader_matrix.info:mdl:sourceAsset> with value @UsdPreviewSurface.mdl@.

2026-08-09 10:42:43 [17,927ms] [Warning] [omni.usd] Warning: in GetNodeDiscoveryResults at line 136 of /builds/omniverse/usd-ci/USD/pxr/usd/usdShade/shaderDefUtils.cpp -- Unable to resolve info:sourceAsset </UsdTransform2d.info:mdl:sourceAsset> with value @UsdPreviewSurface.mdl@.

