[robosuite WARNING] No private macro file found! (macros.py:57)
[robosuite WARNING] It is recommended to use a private macro file (macros.py:58)
[robosuite WARNING] To setup, run: python /mnt/data/users/haoyu/workspace/code/fpo-control/manipulation_experiments/thirdparty/robosuite/robosuite/scripts/setup_macros.py (macros.py:59)
[robosuite WARNING] Could not import robosuite_models. Some robots may not be available. If you want to use these robots, please install robosuite_models from source (https://github.com/ARISE-Initiative/robosuite_models) or through pip install. (__init__.py:30)
[ViT Init] Inferred image size from dataset: 84x84
2026-08-09 18:04:55,908 | INFO | Running episode batch 0 with 4 lanes
num_visible_gpus: 1 [3] render_override: 3
2026-08-09 18:04:55,908 | INFO | Production mode: using gymnasium.vector.AsyncVectorEnv
2026-08-09 18:04:55,908 | INFO | Video key: agentview
2026-08-09 18:04:55,908 | INFO | Using image observation keys: ['agentview']
[robosuite INFO] Loading controller configuration from: /mnt/data/users/haoyu/workspace/code/fpo-control/manipulation_experiments/thirdparty/robosuite/robosuite/controllers/config/robots/default_panda.json (composite_controller_factory.py:121)
2026-08-09 18:04:55,908 | INFO | Loading controller configuration from: /mnt/data/users/haoyu/workspace/code/fpo-control/manipulation_experiments/thirdparty/robosuite/robosuite/controllers/config/robots/default_panda.json
render_gpu_device_id: 3
2026-08-09 18:04:57,838 | INFO | Successfully created NutAssemblySquare environment via robosuite.make() with cameras at 84x84
2026-08-09 18:04:57,838 | INFO | Configured cameras: ['agentview']
[robosuite WARNING] No private macro file found! (macros.py:57)
[robosuite WARNING] It is recommended to use a private macro file (macros.py:58)
[robosuite WARNING] To setup, run: python /mnt/data/users/haoyu/workspace/code/fpo-control/manipulation_experiments/thirdparty/robosuite/robosuite/scripts/setup_macros.py (macros.py:59)
[robosuite WARNING] No private macro file found! (macros.py:57)
[robosuite WARNING] It is recommended to use a private macro file (macros.py:58)
[robosuite WARNING] To setup, run: python /mnt/data/users/haoyu/workspace/code/fpo-control/manipulation_experiments/thirdparty/robosuite/robosuite/scripts/setup_macros.py (macros.py:59)
[robosuite WARNING] No private macro file found! (macros.py:57)
[robosuite WARNING] It is recommended to use a private macro file (macros.py:58)
[robosuite WARNING] To setup, run: python /mnt/data/users/haoyu/workspace/code/fpo-control/manipulation_experiments/thirdparty/robosuite/robosuite/scripts/setup_macros.py (macros.py:59)
[robosuite WARNING] No private macro file found! (macros.py:57)
[robosuite WARNING] It is recommended to use a private macro file (macros.py:58)
[robosuite WARNING] To setup, run: python /mnt/data/users/haoyu/workspace/code/fpo-control/manipulation_experiments/thirdparty/robosuite/robosuite/scripts/setup_macros.py (macros.py:59)
[robosuite WARNING] Could not import robosuite_models. Some robots may not be available. If you want to use these robots, please install robosuite_models from source (https://github.com/ARISE-Initiative/robosuite_models) or through pip install. (__init__.py:30)
[robosuite WARNING] Could not import robosuite_models. Some robots may not be available. If you want to use these robots, please install robosuite_models from source (https://github.com/ARISE-Initiative/robosuite_models) or through pip install. (__init__.py:30)
[robosuite WARNING] Could not import robosuite_models. Some robots may not be available. If you want to use these robots, please install robosuite_models from source (https://github.com/ARISE-Initiative/robosuite_models) or through pip install. (__init__.py:30)
[robosuite WARNING] Could not import robosuite_models. Some robots may not be available. If you want to use these robots, please install robosuite_models from source (https://github.com/ARISE-Initiative/robosuite_models) or through pip install. (__init__.py:30)
2026-08-09 18:05:03,728 | INFO | Video key: agentview
2026-08-09 18:05:03,728 | INFO | Using image observation keys: ['agentview']
[robosuite INFO] Loading controller configuration from: /mnt/data/users/haoyu/workspace/code/fpo-control/manipulation_experiments/thirdparty/robosuite/robosuite/controllers/config/robots/default_panda.json (composite_controller_factory.py:121)
2026-08-09 18:05:03,728 | INFO | Loading controller configuration from: /mnt/data/users/haoyu/workspace/code/fpo-control/manipulation_experiments/thirdparty/robosuite/robosuite/controllers/config/robots/default_panda.json
render_gpu_device_id: 3
2026-08-09 18:05:03,755 | INFO | Video key: agentview
2026-08-09 18:05:03,755 | INFO | Using image observation keys: ['agentview']
[robosuite INFO] Loading controller configuration from: /mnt/data/users/haoyu/workspace/code/fpo-control/manipulation_experiments/thirdparty/robosuite/robosuite/controllers/config/robots/default_panda.json (composite_controller_factory.py:121)
2026-08-09 18:05:03,756 | INFO | Loading controller configuration from: /mnt/data/users/haoyu/workspace/code/fpo-control/manipulation_experiments/thirdparty/robosuite/robosuite/controllers/config/robots/default_panda.json
render_gpu_device_id: 3
2026-08-09 18:05:03,768 | INFO | Video key: agentview
2026-08-09 18:05:03,768 | INFO | Using image observation keys: ['agentview']
[robosuite INFO] Loading controller configuration from: /mnt/data/users/haoyu/workspace/code/fpo-control/manipulation_experiments/thirdparty/robosuite/robosuite/controllers/config/robots/default_panda.json (composite_controller_factory.py:121)
2026-08-09 18:05:03,768 | INFO | Loading controller configuration from: /mnt/data/users/haoyu/workspace/code/fpo-control/manipulation_experiments/thirdparty/robosuite/robosuite/controllers/config/robots/default_panda.json
render_gpu_device_id: 3
2026-08-09 18:05:03,824 | INFO | Video key: agentview
2026-08-09 18:05:03,824 | INFO | Using image observation keys: ['agentview']
[robosuite INFO] Loading controller configuration from: /mnt/data/users/haoyu/workspace/code/fpo-control/manipulation_experiments/thirdparty/robosuite/robosuite/controllers/config/robots/default_panda.json (composite_controller_factory.py:121)
2026-08-09 18:05:03,824 | INFO | Loading controller configuration from: /mnt/data/users/haoyu/workspace/code/fpo-control/manipulation_experiments/thirdparty/robosuite/robosuite/controllers/config/robots/default_panda.json
render_gpu_device_id: 3
2026-08-09 18:05:05,526 | INFO | Successfully created NutAssemblySquare environment via robosuite.make() with cameras at 84x84
2026-08-09 18:05:05,526 | INFO | Configured cameras: ['agentview']
2026-08-09 18:05:05,592 | INFO | Successfully created NutAssemblySquare environment via robosuite.make() with cameras at 84x84
2026-08-09 18:05:05,592 | INFO | Configured cameras: ['agentview']
2026-08-09 18:05:05,618 | INFO | Successfully created NutAssemblySquare environment via robosuite.make() with cameras at 84x84
2026-08-09 18:05:05,618 | INFO | Configured cameras: ['agentview']
2026-08-09 18:05:05,630 | INFO | Successfully created NutAssemblySquare environment via robosuite.make() with cameras at 84x84
2026-08-09 18:05:05,630 | INFO | Configured cameras: ['agentview']
2026-08-09 18:05:06,885 | INFO | Created 4 vectorized Square environments
2026-08-09 18:05:06,885 | INFO | Set video key to 'agentview' for video recording
2026-08-09 18:05:07,914 | INFO | Created observation keys: ['observation.state', 'observation.images.agentview']
2026-08-09 18:05:07,924 | INFO | Created observation keys: ['observation.state', 'observation.images.agentview']
2026-08-09 18:05:07,929 | INFO | Created observation keys: ['observation.state', 'observation.images.agentview']
2026-08-09 18:05:08,053 | INFO | Created observation keys: ['observation.state', 'observation.images.agentview']
/home/haoyu/workspace/code/fpo-control/manipulation_experiments/thirdparty/miniconda3/envs/fpo_manipulation/lib/python3.10/contextlib.py:103: FutureWarning: `torch.backends.cuda.sdp_kernel()` is deprecated. In the future, this context manager will be removed. Please see `torch.nn.attention.sdpa_kernel()` for the new context manager, with updated signature.
  self.gen = func(*args, **kwds)
2026-08-09 18:05:38,571 | INFO | results={
  "absolute_weight_ess": 2.0,
  "failures": 3,
  "formal": false,
  "group_size": 2,
  "groups": [
    {
      "leave_one_out_advantages": [
        1.0,
        -1.0
      ],
      "lengths": [
        237,
        400
      ],
      "outcomes": [
        1,
        0
      ],
      "root_seed": 20261080
    },
    {
      "leave_one_out_advantages": [
        0.0,
        0.0
      ],
      "lengths": [
        400,
        400
      ],
      "outcomes": [
        0,
        0
      ],
      "root_seed": 20261081
    }
  ],
  "maximum_group_advantage_sum_residual": 0.0,
  "median_first_chunk_pairwise_normalized_rms": 0.41509722890845796,
  "mixed_groups": 1,
  "nonzero_advantages": 2,
  "num_episodes": 4,
  "num_groups": 2,
  "passed": true,
  "signal": {
    "gates": {
      "absolute_weight_ess": false,
      "mixed_group_count": false,
      "nonzero_advantage_count": false,
      "success_and_failure_support": false
    },
    "passed": null
  },
  "source_mean": 0.011364434564385437,
  "source_std": 0.9876730775277781,
  "source_value_count": 10080,
  "successes": 1,
  "validity": {
    "gates": {
      "candidate_source_distribution": true,
      "episodes_complete_binary": true,
      "first_chunk_action_diversity": true,
      "initial_observations_exact_within_group": true,
      "initial_privileged_states_exact_within_group": true,
      "leave_one_out_zero_sum": true,
      "policy_parameters_bitwise_unchanged": true
    },
    "passed": true
  }
}
