[robosuite WARNING] No private macro file found! (macros.py:57)
[robosuite WARNING] It is recommended to use a private macro file (macros.py:58)
[robosuite WARNING] To setup, run: python /mnt/data/users/haoyu/workspace/code/fpo-control/manipulation_experiments/thirdparty/robosuite/robosuite/scripts/setup_macros.py (macros.py:59)
[robosuite WARNING] Could not import robosuite_models. Some robots may not be available. If you want to use these robots, please install robosuite_models from source (https://github.com/ARISE-Initiative/robosuite_models) or through pip install. (__init__.py:30)
2026-08-09 14:58:30,419 | INFO | Loading policy from downloaded_checkpoints/95j3noe4_step_1000/policy...
2026-08-09 14:58:30,419 | INFO | Loading config from downloaded_checkpoints/95j3noe4_step_1000/policy/config.json...
2026-08-09 14:58:30,420 | INFO | Image features: ['observation.images.robot0_eye_in_hand']
2026-08-09 14:58:30,420 | INFO | State features: ['observation.state']
2026-08-09 14:58:30,420 | INFO | Constructing FlowMatchingPolicy from config...
2026-08-09 14:58:30,502 | INFO | Loading model weights from downloaded_checkpoints/95j3noe4_step_1000/policy/model.safetensors...
2026-08-09 14:58:31,074 | INFO | Loaded and applied EMA weights from checkpoint
2026-08-09 14:58:31,074 | INFO | Policy loaded successfully
2026-08-09 14:58:31,074 | INFO | Policy config: horizon=16, n_action_steps=8, sampling_steps=10
2026-08-09 14:58:31,082 | INFO | Production mode: using gymnasium.vector.AsyncVectorEnv
2026-08-09 14:58:31,082 | INFO | Video key: agentview
2026-08-09 14:58:31,082 | INFO | Using image observation keys: ['robot0_eye_in_hand']
[robosuite INFO] Loading controller configuration from: /mnt/data/users/haoyu/workspace/code/fpo-control/manipulation_experiments/thirdparty/robosuite/robosuite/controllers/config/robots/default_panda.json (composite_controller_factory.py:121)
2026-08-09 14:58:31,083 | INFO | Loading controller configuration from: /mnt/data/users/haoyu/workspace/code/fpo-control/manipulation_experiments/thirdparty/robosuite/robosuite/controllers/config/robots/default_panda.json
2026-08-09 14:58:33,004 | INFO | Successfully created PickPlaceCan environment via robosuite.make() with cameras at 84x84
2026-08-09 14:58:33,004 | INFO | Configured cameras: ['robot0_eye_in_hand']
[ViT Init] Inferred image size from dataset: 84x84
num_visible_gpus: 1 [1] render_override: None
render_gpu_device_id: 1
[robosuite WARNING] No private macro file found! (macros.py:57)
[robosuite WARNING] It is recommended to use a private macro file (macros.py:58)
[robosuite WARNING] To setup, run: python /mnt/data/users/haoyu/workspace/code/fpo-control/manipulation_experiments/thirdparty/robosuite/robosuite/scripts/setup_macros.py (macros.py:59)
[robosuite WARNING] No private macro file found! (macros.py:57)
[robosuite WARNING] It is recommended to use a private macro file (macros.py:58)
[robosuite WARNING] To setup, run: python /mnt/data/users/haoyu/workspace/code/fpo-control/manipulation_experiments/thirdparty/robosuite/robosuite/scripts/setup_macros.py (macros.py:59)
[robosuite WARNING] Could not import robosuite_models. Some robots may not be available. If you want to use these robots, please install robosuite_models from source (https://github.com/ARISE-Initiative/robosuite_models) or through pip install. (__init__.py:30)
[robosuite WARNING] Could not import robosuite_models. Some robots may not be available. If you want to use these robots, please install robosuite_models from source (https://github.com/ARISE-Initiative/robosuite_models) or through pip install. (__init__.py:30)
2026-08-09 14:58:39,923 | INFO | Video key: agentview
2026-08-09 14:58:39,923 | INFO | Using image observation keys: ['robot0_eye_in_hand']
[robosuite INFO] Loading controller configuration from: /mnt/data/users/haoyu/workspace/code/fpo-control/manipulation_experiments/thirdparty/robosuite/robosuite/controllers/config/robots/default_panda.json (composite_controller_factory.py:121)
2026-08-09 14:58:39,923 | INFO | Loading controller configuration from: /mnt/data/users/haoyu/workspace/code/fpo-control/manipulation_experiments/thirdparty/robosuite/robosuite/controllers/config/robots/default_panda.json
2026-08-09 14:58:40,179 | INFO | Video key: agentview
2026-08-09 14:58:40,179 | INFO | Using image observation keys: ['robot0_eye_in_hand']
[robosuite INFO] Loading controller configuration from: /mnt/data/users/haoyu/workspace/code/fpo-control/manipulation_experiments/thirdparty/robosuite/robosuite/controllers/config/robots/default_panda.json (composite_controller_factory.py:121)
2026-08-09 14:58:40,179 | INFO | Loading controller configuration from: /mnt/data/users/haoyu/workspace/code/fpo-control/manipulation_experiments/thirdparty/robosuite/robosuite/controllers/config/robots/default_panda.json
2026-08-09 14:58:41,698 | INFO | Successfully created PickPlaceCan environment via robosuite.make() with cameras at 84x84
2026-08-09 14:58:41,698 | INFO | Configured cameras: ['robot0_eye_in_hand']
2026-08-09 14:58:41,995 | INFO | Successfully created PickPlaceCan environment via robosuite.make() with cameras at 84x84
2026-08-09 14:58:41,995 | INFO | Configured cameras: ['robot0_eye_in_hand']
2026-08-09 14:58:43,004 | INFO | Created 2 vectorized Can environments
2026-08-09 14:58:43,005 | INFO | Set video key to 'agentview' for video recording
2026-08-09 14:58:43,999 | INFO | Created observation keys: ['observation.state', 'observation.images.robot0_eye_in_hand']
2026-08-09 14:58:44,011 | INFO | Created observation keys: ['observation.state', 'observation.images.robot0_eye_in_hand']
/home/haoyu/workspace/code/fpo-control/manipulation_experiments/thirdparty/miniconda3/envs/fpo_manipulation/lib/python3.10/contextlib.py:103: FutureWarning: `torch.backends.cuda.sdp_kernel()` is deprecated. In the future, this context manager will be removed. Please see `torch.nn.attention.sdpa_kernel()` for the new context manager, with updated signature.
  self.gen = func(*args, **kwds)
render_gpu_device_id: 1
render_gpu_device_id: 1
2026-08-09 14:59:00,514 | INFO | analysis={'episode_count': 2, 'successes': 2, 'success_rate': 1.0, 'executed_action_count': 301, 'arm_coordinates_bitwise_exact': True, 'projected_gripper_support_exact': True, 'materially_changed_gripper_count': 195, 'materially_changed_gripper_fraction': 0.6478405315614618, 'mean_absolute_gripper_change': 0.21422240138053894, 'max_absolute_gripper_change': 0.9815031290054321, 'raw_gripper_min': -1.2359880208969116, 'raw_gripper_max': 1.205476999282837, 'initial_observation_hashes_exact': True, 'validity_passed': True, 'reward_gate': None, 'passed': True}
