{
  "hypothesis": "H77",
  "training_seed": 42,
  "environments_per_mode": 256,
  "total_episodes": 1024,
  "bootstrap_seed": 20261653,
  "bootstrap_samples": 20000,
  "mean_returns": {
    "zero": 41.4467461630702,
    "random": 40.54607763141394,
    "negative_random": 40.45083577558398,
    "secondary_random": 40.45158630236983
  },
  "statistics": {
    "mirrored_deviation_covariance": 6.254649366005897,
    "iid_deviation_covariance": 6.791179907248832,
    "mirrored_deviation_correlation": 0.47888844254271357,
    "iid_deviation_correlation": 0.44961096875575146,
    "mirrored_pair_residual_variance": 9.676120993935964,
    "iid_pair_residual_variance": 10.966547375408561,
    "variance_ratio": 0.8823306609365263,
    "variance_ratio_bootstrap_95": [
      0.41375364510608326,
      1.4754192780735034
    ]
  },
  "gates": {
    "all_validity_checks": true,
    "mirrored_covariance_lower_than_iid": true,
    "variance_ratio_at_most_0_80": false,
    "variance_ratio_bootstrap_upper_below_1": false
  },
  "passed": false
}
