[robosuite WARNING] No private macro file found! (macros.py:57)
[robosuite WARNING] It is recommended to use a private macro file (macros.py:58)
[robosuite WARNING] To setup, run: python /mnt/data/users/haoyu/workspace/code/fpo-control/manipulation_experiments/thirdparty/robosuite/robosuite/scripts/setup_macros.py (macros.py:59)
[robosuite WARNING] Could not import robosuite_models. Some robots may not be available. If you want to use these robots, please install robosuite_models from source (https://github.com/ARISE-Initiative/robosuite_models) or through pip install. (__init__.py:30)
2026-08-09 10:12:39,160 | INFO | ================================================================================
2026-08-09 10:12:39,161 | INFO | Evaluation sampling mode: curvature_best_of_two
2026-08-09 10:12:39,161 | INFO | Checkpoint Evaluation
2026-08-09 10:12:39,161 | INFO | ================================================================================
2026-08-09 10:12:39,162 | INFO | Random seed set to 20260921
2026-08-09 10:12:39,162 | INFO | Output directory: /home/haoyu/workspace/outputs/fpo-control/results/square_h46_smoke_osmesa_seed20260921
2026-08-09 10:12:39,162 | INFO | Using local checkpoint: /home/haoyu/workspace/outputs/fpo-control/results/square_h43_control_osmesa_seed20260916/checkpoints/step_25600
2026-08-09 10:12:39,162 | INFO | Loading policy from /home/haoyu/workspace/outputs/fpo-control/results/square_h43_control_osmesa_seed20260916/checkpoints/step_25600/policy...
2026-08-09 10:12:39,162 | INFO | Loading config from /home/haoyu/workspace/outputs/fpo-control/results/square_h43_control_osmesa_seed20260916/checkpoints/step_25600/policy/config.json...
2026-08-09 10:12:39,162 | INFO | Image features: ['observation.images.agentview']
2026-08-09 10:12:39,163 | INFO | State features: ['observation.state']
2026-08-09 10:12:39,163 | INFO | Constructing FlowMatchingPolicy from config...
2026-08-09 10:12:39,248 | INFO | Loading model weights from /home/haoyu/workspace/outputs/fpo-control/results/square_h43_control_osmesa_seed20260916/checkpoints/step_25600/policy/model.safetensors...
2026-08-09 10:12:39,584 | INFO | Policy loaded successfully
2026-08-09 10:12:39,584 | INFO | Policy config: horizon=16, n_action_steps=16, sampling_steps=10
2026-08-09 10:12:39,584 | INFO | Overriding integration steps: 10
2026-08-09 10:12:39,584 | INFO | Overriding executed action steps: 16
2026-08-09 10:12:39,584 | INFO | Creating evaluation environment: Square
2026-08-09 10:12:39,584 | INFO | Using image features from checkpoint config: ['observation.images.agentview']
2026-08-09 10:12:39,584 | INFO | Production mode: using gymnasium.vector.AsyncVectorEnv
2026-08-09 10:12:39,584 | INFO | Video key: agentview
2026-08-09 10:12:39,584 | INFO | Using image observation keys: ['agentview']
[robosuite INFO] Loading controller configuration from: /mnt/data/users/haoyu/workspace/code/fpo-control/manipulation_experiments/thirdparty/robosuite/robosuite/controllers/config/robots/default_panda.json (composite_controller_factory.py:121)
2026-08-09 10:12:39,584 | INFO | Loading controller configuration from: /mnt/data/users/haoyu/workspace/code/fpo-control/manipulation_experiments/thirdparty/robosuite/robosuite/controllers/config/robots/default_panda.json
2026-08-09 10:12:41,376 | INFO | Successfully created NutAssemblySquare environment via robosuite.make() with cameras at 84x84
2026-08-09 10:12:41,376 | INFO | Configured cameras: ['agentview']
[ViT Init] Inferred image size from dataset: 84x84
num_visible_gpus: 1 [1] render_override: 
render_gpu_device_id: 1
[robosuite WARNING] No private macro file found! (macros.py:57)
[robosuite WARNING] It is recommended to use a private macro file (macros.py:58)
[robosuite WARNING] To setup, run: python /mnt/data/users/haoyu/workspace/code/fpo-control/manipulation_experiments/thirdparty/robosuite/robosuite/scripts/setup_macros.py (macros.py:59)
[robosuite WARNING] No private macro file found! (macros.py:57)
[robosuite WARNING] It is recommended to use a private macro file (macros.py:58)
[robosuite WARNING] To setup, run: python /mnt/data/users/haoyu/workspace/code/fpo-control/manipulation_experiments/thirdparty/robosuite/robosuite/scripts/setup_macros.py (macros.py:59)
[robosuite WARNING] No private macro file found! (macros.py:57)
[robosuite WARNING] It is recommended to use a private macro file (macros.py:58)
[robosuite WARNING] To setup, run: python /mnt/data/users/haoyu/workspace/code/fpo-control/manipulation_experiments/thirdparty/robosuite/robosuite/scripts/setup_macros.py (macros.py:59)
[robosuite WARNING] No private macro file found! (macros.py:57)
[robosuite WARNING] It is recommended to use a private macro file (macros.py:58)
[robosuite WARNING] To setup, run: python /mnt/data/users/haoyu/workspace/code/fpo-control/manipulation_experiments/thirdparty/robosuite/robosuite/scripts/setup_macros.py (macros.py:59)
[robosuite WARNING] No private macro file found! (macros.py:57)
[robosuite WARNING] It is recommended to use a private macro file (macros.py:58)
[robosuite WARNING] To setup, run: python /mnt/data/users/haoyu/workspace/code/fpo-control/manipulation_experiments/thirdparty/robosuite/robosuite/scripts/setup_macros.py (macros.py:59)
[robosuite WARNING] No private macro file found! (macros.py:57)
[robosuite WARNING] It is recommended to use a private macro file (macros.py:58)
[robosuite WARNING] To setup, run: python /mnt/data/users/haoyu/workspace/code/fpo-control/manipulation_experiments/thirdparty/robosuite/robosuite/scripts/setup_macros.py (macros.py:59)
[robosuite WARNING] No private macro file found! (macros.py:57)
[robosuite WARNING] It is recommended to use a private macro file (macros.py:58)
[robosuite WARNING] To setup, run: python /mnt/data/users/haoyu/workspace/code/fpo-control/manipulation_experiments/thirdparty/robosuite/robosuite/scripts/setup_macros.py (macros.py:59)
[robosuite WARNING] No private macro file found! (macros.py:57)
[robosuite WARNING] It is recommended to use a private macro file (macros.py:58)
[robosuite WARNING] To setup, run: python /mnt/data/users/haoyu/workspace/code/fpo-control/manipulation_experiments/thirdparty/robosuite/robosuite/scripts/setup_macros.py (macros.py:59)
[robosuite WARNING] Could not import robosuite_models. Some robots may not be available. If you want to use these robots, please install robosuite_models from source (https://github.com/ARISE-Initiative/robosuite_models) or through pip install. (__init__.py:30)
[robosuite WARNING] Could not import robosuite_models. Some robots may not be available. If you want to use these robots, please install robosuite_models from source (https://github.com/ARISE-Initiative/robosuite_models) or through pip install. (__init__.py:30)
[robosuite WARNING] Could not import robosuite_models. Some robots may not be available. If you want to use these robots, please install robosuite_models from source (https://github.com/ARISE-Initiative/robosuite_models) or through pip install. (__init__.py:30)
[robosuite WARNING] Could not import robosuite_models. Some robots may not be available. If you want to use these robots, please install robosuite_models from source (https://github.com/ARISE-Initiative/robosuite_models) or through pip install. (__init__.py:30)
[robosuite WARNING] Could not import robosuite_models. Some robots may not be available. If you want to use these robots, please install robosuite_models from source (https://github.com/ARISE-Initiative/robosuite_models) or through pip install. (__init__.py:30)
[robosuite WARNING] Could not import robosuite_models. Some robots may not be available. If you want to use these robots, please install robosuite_models from source (https://github.com/ARISE-Initiative/robosuite_models) or through pip install. (__init__.py:30)
[robosuite WARNING] Could not import robosuite_models. Some robots may not be available. If you want to use these robots, please install robosuite_models from source (https://github.com/ARISE-Initiative/robosuite_models) or through pip install. (__init__.py:30)
[robosuite WARNING] Could not import robosuite_models. Some robots may not be available. If you want to use these robots, please install robosuite_models from source (https://github.com/ARISE-Initiative/robosuite_models) or through pip install. (__init__.py:30)
2026-08-09 10:12:48,919 | INFO | Video key: agentview
2026-08-09 10:12:48,919 | INFO | Using image observation keys: ['agentview']
[robosuite INFO] Loading controller configuration from: /mnt/data/users/haoyu/workspace/code/fpo-control/manipulation_experiments/thirdparty/robosuite/robosuite/controllers/config/robots/default_panda.json (composite_controller_factory.py:121)
2026-08-09 10:12:48,919 | INFO | Loading controller configuration from: /mnt/data/users/haoyu/workspace/code/fpo-control/manipulation_experiments/thirdparty/robosuite/robosuite/controllers/config/robots/default_panda.json
2026-08-09 10:12:50,107 | INFO | Video key: agentview
2026-08-09 10:12:50,107 | INFO | Using image observation keys: ['agentview']
[robosuite INFO] Loading controller configuration from: /mnt/data/users/haoyu/workspace/code/fpo-control/manipulation_experiments/thirdparty/robosuite/robosuite/controllers/config/robots/default_panda.json (composite_controller_factory.py:121)
2026-08-09 10:12:50,108 | INFO | Loading controller configuration from: /mnt/data/users/haoyu/workspace/code/fpo-control/manipulation_experiments/thirdparty/robosuite/robosuite/controllers/config/robots/default_panda.json
2026-08-09 10:12:50,116 | INFO | Video key: agentview
2026-08-09 10:12:50,116 | INFO | Using image observation keys: ['agentview']
[robosuite INFO] Loading controller configuration from: /mnt/data/users/haoyu/workspace/code/fpo-control/manipulation_experiments/thirdparty/robosuite/robosuite/controllers/config/robots/default_panda.json (composite_controller_factory.py:121)
2026-08-09 10:12:50,117 | INFO | Loading controller configuration from: /mnt/data/users/haoyu/workspace/code/fpo-control/manipulation_experiments/thirdparty/robosuite/robosuite/controllers/config/robots/default_panda.json
2026-08-09 10:12:50,400 | INFO | Video key: agentview
2026-08-09 10:12:50,401 | INFO | Using image observation keys: ['agentview']
[robosuite INFO] Loading controller configuration from: /mnt/data/users/haoyu/workspace/code/fpo-control/manipulation_experiments/thirdparty/robosuite/robosuite/controllers/config/robots/default_panda.json (composite_controller_factory.py:121)
2026-08-09 10:12:50,401 | INFO | Loading controller configuration from: /mnt/data/users/haoyu/workspace/code/fpo-control/manipulation_experiments/thirdparty/robosuite/robosuite/controllers/config/robots/default_panda.json
2026-08-09 10:12:50,554 | INFO | Video key: agentview
2026-08-09 10:12:50,554 | INFO | Using image observation keys: ['agentview']
[robosuite INFO] Loading controller configuration from: /mnt/data/users/haoyu/workspace/code/fpo-control/manipulation_experiments/thirdparty/robosuite/robosuite/controllers/config/robots/default_panda.json (composite_controller_factory.py:121)
2026-08-09 10:12:50,554 | INFO | Loading controller configuration from: /mnt/data/users/haoyu/workspace/code/fpo-control/manipulation_experiments/thirdparty/robosuite/robosuite/controllers/config/robots/default_panda.json
2026-08-09 10:12:50,589 | INFO | Video key: agentview
2026-08-09 10:12:50,589 | INFO | Using image observation keys: ['agentview']
[robosuite INFO] Loading controller configuration from: /mnt/data/users/haoyu/workspace/code/fpo-control/manipulation_experiments/thirdparty/robosuite/robosuite/controllers/config/robots/default_panda.json (composite_controller_factory.py:121)
2026-08-09 10:12:50,589 | INFO | Loading controller configuration from: /mnt/data/users/haoyu/workspace/code/fpo-control/manipulation_experiments/thirdparty/robosuite/robosuite/controllers/config/robots/default_panda.json
2026-08-09 10:12:50,607 | INFO | Video key: agentview
2026-08-09 10:12:50,607 | INFO | Using image observation keys: ['agentview']
[robosuite INFO] Loading controller configuration from: /mnt/data/users/haoyu/workspace/code/fpo-control/manipulation_experiments/thirdparty/robosuite/robosuite/controllers/config/robots/default_panda.json (composite_controller_factory.py:121)
2026-08-09 10:12:50,607 | INFO | Loading controller configuration from: /mnt/data/users/haoyu/workspace/code/fpo-control/manipulation_experiments/thirdparty/robosuite/robosuite/controllers/config/robots/default_panda.json
2026-08-09 10:12:50,612 | INFO | Video key: agentview
2026-08-09 10:12:50,612 | INFO | Using image observation keys: ['agentview']
[robosuite INFO] Loading controller configuration from: /mnt/data/users/haoyu/workspace/code/fpo-control/manipulation_experiments/thirdparty/robosuite/robosuite/controllers/config/robots/default_panda.json (composite_controller_factory.py:121)
2026-08-09 10:12:50,612 | INFO | Loading controller configuration from: /mnt/data/users/haoyu/workspace/code/fpo-control/manipulation_experiments/thirdparty/robosuite/robosuite/controllers/config/robots/default_panda.json
2026-08-09 10:12:50,694 | INFO | Successfully created NutAssemblySquare environment via robosuite.make() with cameras at 84x84
2026-08-09 10:12:50,694 | INFO | Configured cameras: ['agentview']
2026-08-09 10:12:51,907 | INFO | Successfully created NutAssemblySquare environment via robosuite.make() with cameras at 84x84
2026-08-09 10:12:51,908 | INFO | Configured cameras: ['agentview']
2026-08-09 10:12:51,938 | INFO | Successfully created NutAssemblySquare environment via robosuite.make() with cameras at 84x84
2026-08-09 10:12:51,938 | INFO | Configured cameras: ['agentview']
2026-08-09 10:12:52,252 | INFO | Successfully created NutAssemblySquare environment via robosuite.make() with cameras at 84x84
2026-08-09 10:12:52,252 | INFO | Configured cameras: ['agentview']
2026-08-09 10:12:52,434 | INFO | Successfully created NutAssemblySquare environment via robosuite.make() with cameras at 84x84
2026-08-09 10:12:52,434 | INFO | Configured cameras: ['agentview']
2026-08-09 10:12:52,434 | INFO | Successfully created NutAssemblySquare environment via robosuite.make() with cameras at 84x84
2026-08-09 10:12:52,434 | INFO | Configured cameras: ['agentview']
2026-08-09 10:12:52,480 | INFO | Successfully created NutAssemblySquare environment via robosuite.make() with cameras at 84x84
2026-08-09 10:12:52,480 | INFO | Configured cameras: ['agentview']
2026-08-09 10:12:52,550 | INFO | Successfully created NutAssemblySquare environment via robosuite.make() with cameras at 84x84
2026-08-09 10:12:52,550 | INFO | Configured cameras: ['agentview']
2026-08-09 10:12:53,985 | INFO | Created 8 vectorized Square environments
2026-08-09 10:12:53,985 | INFO | Set video key to 'agentview' for video recording
2026-08-09 10:12:53,985 | INFO | ================================================================================
2026-08-09 10:12:53,985 | INFO | Starting Evaluation
2026-08-09 10:12:53,985 | INFO | ================================================================================
2026-08-09 10:12:53,986 | INFO | Running rollouts with environment: Square
2026-08-09 10:12:53,986 | INFO | Starting evaluation: 8 episodes using 8 parallel environments
2026-08-09 10:12:55,040 | INFO | Created observation keys: ['observation.state', 'observation.images.agentview']
2026-08-09 10:12:55,043 | INFO | Created observation keys: ['observation.state', 'observation.images.agentview']
2026-08-09 10:12:55,057 | INFO | Created observation keys: ['observation.state', 'observation.images.agentview']
2026-08-09 10:12:55,064 | INFO | Created observation keys: ['observation.state', 'observation.images.agentview']
2026-08-09 10:12:55,070 | INFO | Created observation keys: ['observation.state', 'observation.images.agentview']
2026-08-09 10:12:55,111 | INFO | Created observation keys: ['observation.state', 'observation.images.agentview']
2026-08-09 10:12:55,131 | INFO | Created observation keys: ['observation.state', 'observation.images.agentview']
2026-08-09 10:12:55,355 | INFO | Created observation keys: ['observation.state', 'observation.images.agentview']
/home/haoyu/workspace/code/fpo-control/manipulation_experiments/thirdparty/miniconda3/envs/fpo_manipulation/lib/python3.10/contextlib.py:103: FutureWarning: `torch.backends.cuda.sdp_kernel()` is deprecated. In the future, this context manager will be removed. Please see `torch.nn.attention.sdpa_kernel()` for the new context manager, with updated signature.
  self.gen = func(*args, **kwds)
2026-08-09 10:13:05,076 | INFO | Total steps: 1000, done episodes: 0, successes: 0, FPS: 90.2
2026-08-09 10:13:14,443 | INFO | Total steps: 2000, done episodes: 1, successes: 1, FPS: 97.8
2026-08-09 10:13:24,241 | INFO | Total steps: 3000, done episodes: 2, successes: 2, FPS: 99.2
2026-08-09 10:13:27,517 | INFO | Evaluation completed: 8 episodes, 2 successes (25.0%) for task **Square**
2026-08-09 10:13:27,517 | INFO | Success stats across environments: mean=0.25 +/- 0.43
2026-08-09 10:13:27,517 | INFO | Average return: 0.250 +/- 0.433
2026-08-09 10:13:27,517 | INFO | Average episode length: 370.1 +/- 57.9
2026-08-09 10:13:27,517 | INFO | Performance: 3200 total steps in 33.5s
2026-08-09 10:13:27,517 | INFO | Average FPS: 95.4 frames/sec | Episodes/sec: 0.24
2026-08-09 10:13:27,517 | INFO | ================================================================================
2026-08-09 10:13:27,517 | INFO | Evaluation Summary
2026-08-09 10:13:27,517 | INFO | ================================================================================
2026-08-09 10:13:27,518 | INFO | Environment: Square
2026-08-09 10:13:27,518 | INFO | Checkpoint: latest
2026-08-09 10:13:27,518 | INFO | Episodes: 8
2026-08-09 10:13:27,518 | INFO | Success Rate: 25.00% +/- 43.30%
2026-08-09 10:13:27,518 | INFO | Average Return: 0.250 +/- 0.433
2026-08-09 10:13:27,518 | INFO | FPS: 95.4
2026-08-09 10:13:27,518 | INFO | ================================================================================
2026-08-09 10:13:27,518 | INFO | Summary saved to: /home/haoyu/workspace/outputs/fpo-control/results/square_h46_smoke_osmesa_seed20260921/eval_summary_Square_latest_curvature_best_of_two.txt
2026-08-09 10:13:27,524 | INFO | Curvature selection audit saved to: /home/haoyu/workspace/outputs/fpo-control/results/square_h46_smoke_osmesa_seed20260921/curvature_best_of_two.json
render_gpu_device_id: 1
render_gpu_device_id: 1
render_gpu_device_id: 1
render_gpu_device_id: 1
render_gpu_device_id: 1
render_gpu_device_id: 1
render_gpu_device_id: 1
render_gpu_device_id: 1
2026-08-09 10:13:29,638 | INFO | Evaluation completed successfully!
