[robosuite WARNING] No private macro file found! (macros.py:57)
[robosuite WARNING] It is recommended to use a private macro file (macros.py:58)
[robosuite WARNING] To setup, run: python /mnt/data/users/haoyu/workspace/code/fpo-control/manipulation_experiments/thirdparty/robosuite/robosuite/scripts/setup_macros.py (macros.py:59)
[robosuite WARNING] Could not import robosuite_models. Some robots may not be available. If you want to use these robots, please install robosuite_models from source (https://github.com/ARISE-Initiative/robosuite_models) or through pip install. (__init__.py:30)
[ViT Init] Inferred image size from dataset: 84x84
num_visible_gpus: 1 [3] render_override: 3
2026-08-09 18:26:15,040 | INFO | Production mode: using gymnasium.vector.AsyncVectorEnv
2026-08-09 18:26:15,040 | INFO | Video key: agentview
2026-08-09 18:26:15,040 | INFO | Using image observation keys: ['agentview']
[robosuite INFO] Loading controller configuration from: /mnt/data/users/haoyu/workspace/code/fpo-control/manipulation_experiments/thirdparty/robosuite/robosuite/controllers/config/robots/default_panda.json (composite_controller_factory.py:121)
2026-08-09 18:26:15,041 | INFO | Loading controller configuration from: /mnt/data/users/haoyu/workspace/code/fpo-control/manipulation_experiments/thirdparty/robosuite/robosuite/controllers/config/robots/default_panda.json
render_gpu_device_id: 3
2026-08-09 18:26:16,822 | INFO | Successfully created NutAssemblySquare environment via robosuite.make() with cameras at 84x84
2026-08-09 18:26:16,823 | INFO | Configured cameras: ['agentview']
[robosuite WARNING] No private macro file found! (macros.py:57)
[robosuite WARNING] It is recommended to use a private macro file (macros.py:58)
[robosuite WARNING] To setup, run: python /mnt/data/users/haoyu/workspace/code/fpo-control/manipulation_experiments/thirdparty/robosuite/robosuite/scripts/setup_macros.py (macros.py:59)
[robosuite WARNING] No private macro file found! (macros.py:57)
[robosuite WARNING] It is recommended to use a private macro file (macros.py:58)
[robosuite WARNING] To setup, run: python /mnt/data/users/haoyu/workspace/code/fpo-control/manipulation_experiments/thirdparty/robosuite/robosuite/scripts/setup_macros.py (macros.py:59)
[robosuite WARNING] No private macro file found! (macros.py:57)
[robosuite WARNING] It is recommended to use a private macro file (macros.py:58)
[robosuite WARNING] To setup, run: python /mnt/data/users/haoyu/workspace/code/fpo-control/manipulation_experiments/thirdparty/robosuite/robosuite/scripts/setup_macros.py (macros.py:59)
[robosuite WARNING] No private macro file found! (macros.py:57)
[robosuite WARNING] It is recommended to use a private macro file (macros.py:58)
[robosuite WARNING] To setup, run: python /mnt/data/users/haoyu/workspace/code/fpo-control/manipulation_experiments/thirdparty/robosuite/robosuite/scripts/setup_macros.py (macros.py:59)
[robosuite WARNING] No private macro file found! (macros.py:57)
[robosuite WARNING] It is recommended to use a private macro file (macros.py:58)
[robosuite WARNING] To setup, run: python /mnt/data/users/haoyu/workspace/code/fpo-control/manipulation_experiments/thirdparty/robosuite/robosuite/scripts/setup_macros.py (macros.py:59)
[robosuite WARNING] No private macro file found! (macros.py:57)
[robosuite WARNING] It is recommended to use a private macro file (macros.py:58)
[robosuite WARNING] To setup, run: python /mnt/data/users/haoyu/workspace/code/fpo-control/manipulation_experiments/thirdparty/robosuite/robosuite/scripts/setup_macros.py (macros.py:59)
[robosuite WARNING] No private macro file found! (macros.py:57)
[robosuite WARNING] It is recommended to use a private macro file (macros.py:58)
[robosuite WARNING] To setup, run: python /mnt/data/users/haoyu/workspace/code/fpo-control/manipulation_experiments/thirdparty/robosuite/robosuite/scripts/setup_macros.py (macros.py:59)
[robosuite WARNING] No private macro file found! (macros.py:57)
[robosuite WARNING] It is recommended to use a private macro file (macros.py:58)
[robosuite WARNING] To setup, run: python /mnt/data/users/haoyu/workspace/code/fpo-control/manipulation_experiments/thirdparty/robosuite/robosuite/scripts/setup_macros.py (macros.py:59)
[robosuite WARNING] Could not import robosuite_models. Some robots may not be available. If you want to use these robots, please install robosuite_models from source (https://github.com/ARISE-Initiative/robosuite_models) or through pip install. (__init__.py:30)
[robosuite WARNING] Could not import robosuite_models. Some robots may not be available. If you want to use these robots, please install robosuite_models from source (https://github.com/ARISE-Initiative/robosuite_models) or through pip install. (__init__.py:30)
[robosuite WARNING] Could not import robosuite_models. Some robots may not be available. If you want to use these robots, please install robosuite_models from source (https://github.com/ARISE-Initiative/robosuite_models) or through pip install. (__init__.py:30)
[robosuite WARNING] Could not import robosuite_models. Some robots may not be available. If you want to use these robots, please install robosuite_models from source (https://github.com/ARISE-Initiative/robosuite_models) or through pip install. (__init__.py:30)
[robosuite WARNING] Could not import robosuite_models. Some robots may not be available. If you want to use these robots, please install robosuite_models from source (https://github.com/ARISE-Initiative/robosuite_models) or through pip install. (__init__.py:30)
[robosuite WARNING] Could not import robosuite_models. Some robots may not be available. If you want to use these robots, please install robosuite_models from source (https://github.com/ARISE-Initiative/robosuite_models) or through pip install. (__init__.py:30)
[robosuite WARNING] Could not import robosuite_models. Some robots may not be available. If you want to use these robots, please install robosuite_models from source (https://github.com/ARISE-Initiative/robosuite_models) or through pip install. (__init__.py:30)
[robosuite WARNING] Could not import robosuite_models. Some robots may not be available. If you want to use these robots, please install robosuite_models from source (https://github.com/ARISE-Initiative/robosuite_models) or through pip install. (__init__.py:30)
2026-08-09 18:26:23,332 | INFO | Video key: agentview
2026-08-09 18:26:23,332 | INFO | Video key: agentview
2026-08-09 18:26:23,332 | INFO | Video key: agentview
2026-08-09 18:26:23,332 | INFO | Using image observation keys: ['agentview']
2026-08-09 18:26:23,332 | INFO | Using image observation keys: ['agentview']
2026-08-09 18:26:23,332 | INFO | Using image observation keys: ['agentview']
[robosuite INFO] Loading controller configuration from: /mnt/data/users/haoyu/workspace/code/fpo-control/manipulation_experiments/thirdparty/robosuite/robosuite/controllers/config/robots/default_panda.json (composite_controller_factory.py:121)
[robosuite INFO] Loading controller configuration from: /mnt/data/users/haoyu/workspace/code/fpo-control/manipulation_experiments/thirdparty/robosuite/robosuite/controllers/config/robots/default_panda.json (composite_controller_factory.py:121)
[robosuite INFO] Loading controller configuration from: /mnt/data/users/haoyu/workspace/code/fpo-control/manipulation_experiments/thirdparty/robosuite/robosuite/controllers/config/robots/default_panda.json (composite_controller_factory.py:121)
2026-08-09 18:26:23,333 | INFO | Loading controller configuration from: /mnt/data/users/haoyu/workspace/code/fpo-control/manipulation_experiments/thirdparty/robosuite/robosuite/controllers/config/robots/default_panda.json
2026-08-09 18:26:23,333 | INFO | Loading controller configuration from: /mnt/data/users/haoyu/workspace/code/fpo-control/manipulation_experiments/thirdparty/robosuite/robosuite/controllers/config/robots/default_panda.json
2026-08-09 18:26:23,333 | INFO | Loading controller configuration from: /mnt/data/users/haoyu/workspace/code/fpo-control/manipulation_experiments/thirdparty/robosuite/robosuite/controllers/config/robots/default_panda.json
render_gpu_device_id: 3render_gpu_device_id: 3

render_gpu_device_id: 3
2026-08-09 18:26:23,628 | INFO | Video key: agentview
2026-08-09 18:26:23,628 | INFO | Using image observation keys: ['agentview']
[robosuite INFO] Loading controller configuration from: /mnt/data/users/haoyu/workspace/code/fpo-control/manipulation_experiments/thirdparty/robosuite/robosuite/controllers/config/robots/default_panda.json (composite_controller_factory.py:121)
2026-08-09 18:26:23,628 | INFO | Loading controller configuration from: /mnt/data/users/haoyu/workspace/code/fpo-control/manipulation_experiments/thirdparty/robosuite/robosuite/controllers/config/robots/default_panda.json
render_gpu_device_id: 3
2026-08-09 18:26:23,633 | INFO | Video key: agentview
2026-08-09 18:26:23,634 | INFO | Using image observation keys: ['agentview']
[robosuite INFO] Loading controller configuration from: /mnt/data/users/haoyu/workspace/code/fpo-control/manipulation_experiments/thirdparty/robosuite/robosuite/controllers/config/robots/default_panda.json (composite_controller_factory.py:121)
2026-08-09 18:26:23,634 | INFO | Loading controller configuration from: /mnt/data/users/haoyu/workspace/code/fpo-control/manipulation_experiments/thirdparty/robosuite/robosuite/controllers/config/robots/default_panda.json
render_gpu_device_id: 3
2026-08-09 18:26:23,659 | INFO | Video key: agentview
2026-08-09 18:26:23,659 | INFO | Using image observation keys: ['agentview']
[robosuite INFO] Loading controller configuration from: /mnt/data/users/haoyu/workspace/code/fpo-control/manipulation_experiments/thirdparty/robosuite/robosuite/controllers/config/robots/default_panda.json (composite_controller_factory.py:121)
2026-08-09 18:26:23,659 | INFO | Loading controller configuration from: /mnt/data/users/haoyu/workspace/code/fpo-control/manipulation_experiments/thirdparty/robosuite/robosuite/controllers/config/robots/default_panda.json
render_gpu_device_id: 3
2026-08-09 18:26:23,662 | INFO | Video key: agentview
2026-08-09 18:26:23,662 | INFO | Using image observation keys: ['agentview']
[robosuite INFO] Loading controller configuration from: /mnt/data/users/haoyu/workspace/code/fpo-control/manipulation_experiments/thirdparty/robosuite/robosuite/controllers/config/robots/default_panda.json (composite_controller_factory.py:121)
2026-08-09 18:26:23,662 | INFO | Loading controller configuration from: /mnt/data/users/haoyu/workspace/code/fpo-control/manipulation_experiments/thirdparty/robosuite/robosuite/controllers/config/robots/default_panda.json
render_gpu_device_id: 3
2026-08-09 18:26:23,734 | INFO | Video key: agentview
2026-08-09 18:26:23,734 | INFO | Using image observation keys: ['agentview']
[robosuite INFO] Loading controller configuration from: /mnt/data/users/haoyu/workspace/code/fpo-control/manipulation_experiments/thirdparty/robosuite/robosuite/controllers/config/robots/default_panda.json (composite_controller_factory.py:121)
2026-08-09 18:26:23,734 | INFO | Loading controller configuration from: /mnt/data/users/haoyu/workspace/code/fpo-control/manipulation_experiments/thirdparty/robosuite/robosuite/controllers/config/robots/default_panda.json
render_gpu_device_id: 3
2026-08-09 18:26:25,142 | INFO | Successfully created NutAssemblySquare environment via robosuite.make() with cameras at 84x84
2026-08-09 18:26:25,142 | INFO | Configured cameras: ['agentview']
2026-08-09 18:26:25,147 | INFO | Successfully created NutAssemblySquare environment via robosuite.make() with cameras at 84x84
2026-08-09 18:26:25,147 | INFO | Configured cameras: ['agentview']
2026-08-09 18:26:25,152 | INFO | Successfully created NutAssemblySquare environment via robosuite.make() with cameras at 84x84
2026-08-09 18:26:25,153 | INFO | Configured cameras: ['agentview']
2026-08-09 18:26:25,463 | INFO | Successfully created NutAssemblySquare environment via robosuite.make() with cameras at 84x84
2026-08-09 18:26:25,463 | INFO | Configured cameras: ['agentview']
2026-08-09 18:26:25,518 | INFO | Successfully created NutAssemblySquare environment via robosuite.make() with cameras at 84x84
2026-08-09 18:26:25,518 | INFO | Configured cameras: ['agentview']
2026-08-09 18:26:25,551 | INFO | Successfully created NutAssemblySquare environment via robosuite.make() with cameras at 84x84
2026-08-09 18:26:25,551 | INFO | Configured cameras: ['agentview']
2026-08-09 18:26:25,564 | INFO | Successfully created NutAssemblySquare environment via robosuite.make() with cameras at 84x84
2026-08-09 18:26:25,565 | INFO | Configured cameras: ['agentview']
2026-08-09 18:26:25,577 | INFO | Successfully created NutAssemblySquare environment via robosuite.make() with cameras at 84x84
2026-08-09 18:26:25,577 | INFO | Configured cameras: ['agentview']
2026-08-09 18:26:26,731 | INFO | Created 8 vectorized Square environments
2026-08-09 18:26:26,732 | INFO | Set video key to 'agentview' for video recording
2026-08-09 18:26:27,767 | INFO | Created observation keys: ['observation.state', 'observation.images.agentview']
2026-08-09 18:26:27,785 | INFO | Created observation keys: ['observation.state', 'observation.images.agentview']
2026-08-09 18:26:27,792 | INFO | Created observation keys: ['observation.state', 'observation.images.agentview']
2026-08-09 18:26:27,828 | INFO | Created observation keys: ['observation.state', 'observation.images.agentview']
2026-08-09 18:26:27,839 | INFO | Created observation keys: ['observation.state', 'observation.images.agentview']
2026-08-09 18:26:27,845 | INFO | Created observation keys: ['observation.state', 'observation.images.agentview']
2026-08-09 18:26:27,854 | INFO | Created observation keys: ['observation.state', 'observation.images.agentview']
2026-08-09 18:26:27,920 | INFO | Created observation keys: ['observation.state', 'observation.images.agentview']
/home/haoyu/workspace/code/fpo-control/manipulation_experiments/thirdparty/miniconda3/envs/fpo_manipulation/lib/python3.10/contextlib.py:103: FutureWarning: `torch.backends.cuda.sdp_kernel()` is deprecated. In the future, this context manager will be removed. Please see `torch.nn.attention.sdpa_kernel()` for the new context manager, with updated signature.
  self.gen = func(*args, **kwds)
2026-08-09 18:27:06,644 | INFO | results={
  "absolute_weight_ess": 8.0,
  "archived_records_sha256": "d6e6568f2117f88ebb15239a589853882b1653a48471591abac20689b249003c",
  "formal": true,
  "negative_advantages": 5,
  "nonzero_advantages": 8,
  "num_gaussian_episodes": 32,
  "num_scenes": 8,
  "num_zero_reference_episodes": 8,
  "passed": false,
  "positive_advantages": 3,
  "scenes": [
    {
      "gaussian_outcomes": [
        0,
        0,
        0,
        0
      ],
      "reference_relative_advantages": [
        0.0,
        0.0,
        0.0,
        0.0
      ],
      "root_seed": 20261080,
      "zero_reference_length": 400,
      "zero_reference_success": 0
    },
    {
      "gaussian_outcomes": [
        0,
        0,
        0,
        0
      ],
      "reference_relative_advantages": [
        0.0,
        0.0,
        0.0,
        0.0
      ],
      "root_seed": 20261081,
      "zero_reference_length": 400,
      "zero_reference_success": 0
    },
    {
      "gaussian_outcomes": [
        1,
        1,
        0,
        1
      ],
      "reference_relative_advantages": [
        0.0,
        0.0,
        -1.0,
        0.0
      ],
      "root_seed": 20261082,
      "zero_reference_length": 298,
      "zero_reference_success": 1
    },
    {
      "gaussian_outcomes": [
        1,
        1,
        1,
        1
      ],
      "reference_relative_advantages": [
        0.0,
        0.0,
        0.0,
        0.0
      ],
      "root_seed": 20261083,
      "zero_reference_length": 154,
      "zero_reference_success": 1
    },
    {
      "gaussian_outcomes": [
        1,
        0,
        1,
        1
      ],
      "reference_relative_advantages": [
        0.0,
        -1.0,
        0.0,
        0.0
      ],
      "root_seed": 20261084,
      "zero_reference_length": 264,
      "zero_reference_success": 1
    },
    {
      "gaussian_outcomes": [
        0,
        0,
        0,
        0
      ],
      "reference_relative_advantages": [
        0.0,
        0.0,
        0.0,
        0.0
      ],
      "root_seed": 20261085,
      "zero_reference_length": 400,
      "zero_reference_success": 0
    },
    {
      "gaussian_outcomes": [
        0,
        1,
        1,
        1
      ],
      "reference_relative_advantages": [
        0.0,
        1.0,
        1.0,
        1.0
      ],
      "root_seed": 20261086,
      "zero_reference_length": 400,
      "zero_reference_success": 0
    },
    {
      "gaussian_outcomes": [
        0,
        1,
        0,
        0
      ],
      "reference_relative_advantages": [
        -1.0,
        0.0,
        -1.0,
        -1.0
      ],
      "root_seed": 20261087,
      "zero_reference_length": 237,
      "zero_reference_success": 1
    }
  ],
  "signal": {
    "gates": {
      "absolute_weight_ess": false,
      "negative_advantage_count": true,
      "nonzero_advantage_count": false,
      "positive_advantage_count": false,
      "zero_reference_failure_support": true,
      "zero_reference_success_support": true
    },
    "passed": false
  },
  "source_nonzero_count": 0,
  "source_value_count": 18032,
  "validity": {
    "gates": {
      "archive_checksum_and_manifest_exact": true,
      "first_action_chunks_finite": true,
      "initial_observations_exact": true,
      "initial_privileged_states_exact": true,
      "policy_parameters_bitwise_unchanged": true,
      "reference_advantages_valid": true,
      "reference_episodes_complete_binary": true,
      "zero_sources_bitwise_exact": true
    },
    "passed": true
  },
  "zero_reference_failures": 4,
  "zero_reference_successes": 4
}
