[robosuite WARNING] No private macro file found! (macros.py:57)
[robosuite WARNING] It is recommended to use a private macro file (macros.py:58)
[robosuite WARNING] To setup, run: python /mnt/data/users/haoyu/workspace/code/fpo-control/manipulation_experiments/thirdparty/robosuite/robosuite/scripts/setup_macros.py (macros.py:59)
[robosuite WARNING] Could not import robosuite_models. Some robots may not be available. If you want to use these robots, please install robosuite_models from source (https://github.com/ARISE-Initiative/robosuite_models) or through pip install. (__init__.py:30)
[ViT Init] Inferred image size from dataset: 84x84
num_visible_gpus: 1 [3] render_override: 3
2026-08-09 18:25:19,052 | INFO | Production mode: using gymnasium.vector.AsyncVectorEnv
2026-08-09 18:25:19,052 | INFO | Video key: agentview
2026-08-09 18:25:19,052 | INFO | Using image observation keys: ['agentview']
[robosuite INFO] Loading controller configuration from: /mnt/data/users/haoyu/workspace/code/fpo-control/manipulation_experiments/thirdparty/robosuite/robosuite/controllers/config/robots/default_panda.json (composite_controller_factory.py:121)
2026-08-09 18:25:19,052 | INFO | Loading controller configuration from: /mnt/data/users/haoyu/workspace/code/fpo-control/manipulation_experiments/thirdparty/robosuite/robosuite/controllers/config/robots/default_panda.json
render_gpu_device_id: 3
2026-08-09 18:25:20,862 | INFO | Successfully created NutAssemblySquare environment via robosuite.make() with cameras at 84x84
2026-08-09 18:25:20,862 | INFO | Configured cameras: ['agentview']
[robosuite WARNING] No private macro file found! (macros.py:57)
[robosuite WARNING] It is recommended to use a private macro file (macros.py:58)
[robosuite WARNING] To setup, run: python /mnt/data/users/haoyu/workspace/code/fpo-control/manipulation_experiments/thirdparty/robosuite/robosuite/scripts/setup_macros.py (macros.py:59)
[robosuite WARNING] No private macro file found! (macros.py:57)
[robosuite WARNING] It is recommended to use a private macro file (macros.py:58)
[robosuite WARNING] To setup, run: python /mnt/data/users/haoyu/workspace/code/fpo-control/manipulation_experiments/thirdparty/robosuite/robosuite/scripts/setup_macros.py (macros.py:59)
[robosuite WARNING] Could not import robosuite_models. Some robots may not be available. If you want to use these robots, please install robosuite_models from source (https://github.com/ARISE-Initiative/robosuite_models) or through pip install. (__init__.py:30)
[robosuite WARNING] Could not import robosuite_models. Some robots may not be available. If you want to use these robots, please install robosuite_models from source (https://github.com/ARISE-Initiative/robosuite_models) or through pip install. (__init__.py:30)
2026-08-09 18:25:26,496 | INFO | Video key: agentview
2026-08-09 18:25:26,496 | INFO | Using image observation keys: ['agentview']
[robosuite INFO] Loading controller configuration from: /mnt/data/users/haoyu/workspace/code/fpo-control/manipulation_experiments/thirdparty/robosuite/robosuite/controllers/config/robots/default_panda.json (composite_controller_factory.py:121)
2026-08-09 18:25:26,496 | INFO | Loading controller configuration from: /mnt/data/users/haoyu/workspace/code/fpo-control/manipulation_experiments/thirdparty/robosuite/robosuite/controllers/config/robots/default_panda.json
render_gpu_device_id: 3
2026-08-09 18:25:26,501 | INFO | Video key: agentview
2026-08-09 18:25:26,501 | INFO | Using image observation keys: ['agentview']
[robosuite INFO] Loading controller configuration from: /mnt/data/users/haoyu/workspace/code/fpo-control/manipulation_experiments/thirdparty/robosuite/robosuite/controllers/config/robots/default_panda.json (composite_controller_factory.py:121)
2026-08-09 18:25:26,501 | INFO | Loading controller configuration from: /mnt/data/users/haoyu/workspace/code/fpo-control/manipulation_experiments/thirdparty/robosuite/robosuite/controllers/config/robots/default_panda.json
render_gpu_device_id: 3
2026-08-09 18:25:28,304 | INFO | Successfully created NutAssemblySquare environment via robosuite.make() with cameras at 84x84
2026-08-09 18:25:28,304 | INFO | Configured cameras: ['agentview']
2026-08-09 18:25:28,329 | INFO | Successfully created NutAssemblySquare environment via robosuite.make() with cameras at 84x84
2026-08-09 18:25:28,329 | INFO | Configured cameras: ['agentview']
2026-08-09 18:25:29,626 | INFO | Created 2 vectorized Square environments
2026-08-09 18:25:29,626 | INFO | Set video key to 'agentview' for video recording
2026-08-09 18:25:30,605 | INFO | Created observation keys: ['observation.state', 'observation.images.agentview']
2026-08-09 18:25:30,611 | INFO | Created observation keys: ['observation.state', 'observation.images.agentview']
/home/haoyu/workspace/code/fpo-control/manipulation_experiments/thirdparty/miniconda3/envs/fpo_manipulation/lib/python3.10/contextlib.py:103: FutureWarning: `torch.backends.cuda.sdp_kernel()` is deprecated. In the future, this context manager will be removed. Please see `torch.nn.attention.sdpa_kernel()` for the new context manager, with updated signature.
  self.gen = func(*args, **kwds)
2026-08-09 18:25:56,966 | INFO | results={
  "absolute_weight_ess": 0.0,
  "archived_records_sha256": "d6e6568f2117f88ebb15239a589853882b1653a48471591abac20689b249003c",
  "formal": false,
  "negative_advantages": 0,
  "nonzero_advantages": 0,
  "num_gaussian_episodes": 8,
  "num_scenes": 2,
  "num_zero_reference_episodes": 2,
  "passed": true,
  "positive_advantages": 0,
  "scenes": [
    {
      "gaussian_outcomes": [
        0,
        0,
        0,
        0
      ],
      "reference_relative_advantages": [
        0.0,
        0.0,
        0.0,
        0.0
      ],
      "root_seed": 20261080,
      "zero_reference_length": 400,
      "zero_reference_success": 0
    },
    {
      "gaussian_outcomes": [
        0,
        0,
        0,
        0
      ],
      "reference_relative_advantages": [
        0.0,
        0.0,
        0.0,
        0.0
      ],
      "root_seed": 20261081,
      "zero_reference_length": 400,
      "zero_reference_success": 0
    }
  ],
  "signal": {
    "gates": {
      "absolute_weight_ess": false,
      "negative_advantage_count": false,
      "nonzero_advantage_count": false,
      "positive_advantage_count": false,
      "zero_reference_failure_support": true,
      "zero_reference_success_support": false
    },
    "passed": null
  },
  "source_nonzero_count": 0,
  "source_value_count": 5600,
  "validity": {
    "gates": {
      "archive_checksum_and_manifest_exact": true,
      "first_action_chunks_finite": true,
      "initial_observations_exact": true,
      "initial_privileged_states_exact": true,
      "policy_parameters_bitwise_unchanged": true,
      "reference_advantages_valid": true,
      "reference_episodes_complete_binary": true,
      "zero_sources_bitwise_exact": true
    },
    "passed": true
  },
  "zero_reference_failures": 2,
  "zero_reference_successes": 0
}
