[robosuite WARNING] No private macro file found! (macros.py:57)
[robosuite WARNING] It is recommended to use a private macro file (macros.py:58)
[robosuite WARNING] To setup, run: python /mnt/data/users/haoyu/workspace/code/fpo-control/manipulation_experiments/thirdparty/robosuite/robosuite/scripts/setup_macros.py (macros.py:59)
[robosuite WARNING] Could not import robosuite_models. Some robots may not be available. If you want to use these robots, please install robosuite_models from source (https://github.com/ARISE-Initiative/robosuite_models) or through pip install. (__init__.py:30)
2026-08-09 12:41:26,645 | INFO | ================================================================================
2026-08-09 12:41:26,645 | INFO | Evaluation sampling mode: zero
2026-08-09 12:41:26,645 | INFO | Checkpoint Evaluation
2026-08-09 12:41:26,645 | INFO | ================================================================================
2026-08-09 12:41:26,646 | INFO | Random seed set to 20260978
2026-08-09 12:41:26,647 | INFO | Output directory: /home/haoyu/workspace/outputs/fpo-control/results/square_h51_confirmation_candidate_zero_balanced50_seed20260978
2026-08-09 12:41:26,647 | INFO | Using local checkpoint: /home/haoyu/workspace/outputs/fpo-control/results/square_h51_confirmation_candidate_osmesa_seed20260977/checkpoints/step_25600
2026-08-09 12:41:26,647 | INFO | Loading policy from /home/haoyu/workspace/outputs/fpo-control/results/square_h51_confirmation_candidate_osmesa_seed20260977/checkpoints/step_25600/policy...
2026-08-09 12:41:26,647 | INFO | Loading config from /home/haoyu/workspace/outputs/fpo-control/results/square_h51_confirmation_candidate_osmesa_seed20260977/checkpoints/step_25600/policy/config.json...
2026-08-09 12:41:26,647 | INFO | Image features: ['observation.images.agentview']
2026-08-09 12:41:26,647 | INFO | State features: ['observation.state']
2026-08-09 12:41:26,647 | INFO | Constructing FlowMatchingPolicy from config...
2026-08-09 12:41:26,731 | INFO | Loading model weights from /home/haoyu/workspace/outputs/fpo-control/results/square_h51_confirmation_candidate_osmesa_seed20260977/checkpoints/step_25600/policy/model.safetensors...
2026-08-09 12:41:27,092 | INFO | Policy loaded successfully
2026-08-09 12:41:27,092 | INFO | Policy config: horizon=16, n_action_steps=16, sampling_steps=10
2026-08-09 12:41:27,092 | INFO | Overriding integration steps: 10
2026-08-09 12:41:27,092 | INFO | Overriding executed action steps: 16
2026-08-09 12:41:27,092 | INFO | Creating evaluation environment: Square
2026-08-09 12:41:27,092 | INFO | Using image features from checkpoint config: ['observation.images.agentview']
2026-08-09 12:41:27,092 | INFO | Production mode: using gymnasium.vector.AsyncVectorEnv
2026-08-09 12:41:27,092 | INFO | Video key: agentview
2026-08-09 12:41:27,092 | INFO | Using image observation keys: ['agentview']
[robosuite INFO] Loading controller configuration from: /mnt/data/users/haoyu/workspace/code/fpo-control/manipulation_experiments/thirdparty/robosuite/robosuite/controllers/config/robots/default_panda.json (composite_controller_factory.py:121)
2026-08-09 12:41:27,093 | INFO | Loading controller configuration from: /mnt/data/users/haoyu/workspace/code/fpo-control/manipulation_experiments/thirdparty/robosuite/robosuite/controllers/config/robots/default_panda.json
2026-08-09 12:41:28,971 | INFO | Successfully created NutAssemblySquare environment via robosuite.make() with cameras at 84x84
2026-08-09 12:41:28,971 | INFO | Configured cameras: ['agentview']
[ViT Init] Inferred image size from dataset: 84x84
num_visible_gpus: 1 [1] render_override: 
render_gpu_device_id: 1
[robosuite WARNING] No private macro file found! (macros.py:57)
[robosuite WARNING] It is recommended to use a private macro file (macros.py:58)
[robosuite WARNING] To setup, run: python /mnt/data/users/haoyu/workspace/code/fpo-control/manipulation_experiments/thirdparty/robosuite/robosuite/scripts/setup_macros.py (macros.py:59)
[robosuite WARNING] No private macro file found! (macros.py:57)
[robosuite WARNING] It is recommended to use a private macro file (macros.py:58)
[robosuite WARNING] To setup, run: python /mnt/data/users/haoyu/workspace/code/fpo-control/manipulation_experiments/thirdparty/robosuite/robosuite/scripts/setup_macros.py (macros.py:59)
[robosuite WARNING] No private macro file found! (macros.py:57)
[robosuite WARNING] It is recommended to use a private macro file (macros.py:58)
[robosuite WARNING] To setup, run: python /mnt/data/users/haoyu/workspace/code/fpo-control/manipulation_experiments/thirdparty/robosuite/robosuite/scripts/setup_macros.py (macros.py:59)
[robosuite WARNING] No private macro file found! (macros.py:57)
[robosuite WARNING] It is recommended to use a private macro file (macros.py:58)
[robosuite WARNING] To setup, run: python /mnt/data/users/haoyu/workspace/code/fpo-control/manipulation_experiments/thirdparty/robosuite/robosuite/scripts/setup_macros.py (macros.py:59)
[robosuite WARNING] No private macro file found! (macros.py:57)
[robosuite WARNING] It is recommended to use a private macro file (macros.py:58)
[robosuite WARNING] To setup, run: python /mnt/data/users/haoyu/workspace/code/fpo-control/manipulation_experiments/thirdparty/robosuite/robosuite/scripts/setup_macros.py (macros.py:59)
[robosuite WARNING] No private macro file found! (macros.py:57)
[robosuite WARNING] It is recommended to use a private macro file (macros.py:58)
[robosuite WARNING] To setup, run: python /mnt/data/users/haoyu/workspace/code/fpo-control/manipulation_experiments/thirdparty/robosuite/robosuite/scripts/setup_macros.py (macros.py:59)
[robosuite WARNING] No private macro file found! (macros.py:57)
[robosuite WARNING] It is recommended to use a private macro file (macros.py:58)
[robosuite WARNING] To setup, run: python /mnt/data/users/haoyu/workspace/code/fpo-control/manipulation_experiments/thirdparty/robosuite/robosuite/scripts/setup_macros.py (macros.py:59)
[robosuite WARNING] No private macro file found! (macros.py:57)
[robosuite WARNING] It is recommended to use a private macro file (macros.py:58)
[robosuite WARNING] To setup, run: python /mnt/data/users/haoyu/workspace/code/fpo-control/manipulation_experiments/thirdparty/robosuite/robosuite/scripts/setup_macros.py (macros.py:59)
[robosuite WARNING] No private macro file found! (macros.py:57)
[robosuite WARNING] It is recommended to use a private macro file (macros.py:58)
[robosuite WARNING] To setup, run: python /mnt/data/users/haoyu/workspace/code/fpo-control/manipulation_experiments/thirdparty/robosuite/robosuite/scripts/setup_macros.py (macros.py:59)
[robosuite WARNING] No private macro file found! (macros.py:57)
[robosuite WARNING] It is recommended to use a private macro file (macros.py:58)
[robosuite WARNING] To setup, run: python /mnt/data/users/haoyu/workspace/code/fpo-control/manipulation_experiments/thirdparty/robosuite/robosuite/scripts/setup_macros.py (macros.py:59)
[robosuite WARNING] No private macro file found! (macros.py:57)
[robosuite WARNING] It is recommended to use a private macro file (macros.py:58)
[robosuite WARNING] To setup, run: python /mnt/data/users/haoyu/workspace/code/fpo-control/manipulation_experiments/thirdparty/robosuite/robosuite/scripts/setup_macros.py (macros.py:59)
[robosuite WARNING] No private macro file found! (macros.py:57)
[robosuite WARNING] It is recommended to use a private macro file (macros.py:58)
[robosuite WARNING] To setup, run: python /mnt/data/users/haoyu/workspace/code/fpo-control/manipulation_experiments/thirdparty/robosuite/robosuite/scripts/setup_macros.py (macros.py:59)
[robosuite WARNING] No private macro file found! (macros.py:57)
[robosuite WARNING] It is recommended to use a private macro file (macros.py:58)
[robosuite WARNING] To setup, run: python /mnt/data/users/haoyu/workspace/code/fpo-control/manipulation_experiments/thirdparty/robosuite/robosuite/scripts/setup_macros.py (macros.py:59)
[robosuite WARNING] No private macro file found! (macros.py:57)
[robosuite WARNING] It is recommended to use a private macro file (macros.py:58)
[robosuite WARNING] To setup, run: python /mnt/data/users/haoyu/workspace/code/fpo-control/manipulation_experiments/thirdparty/robosuite/robosuite/scripts/setup_macros.py (macros.py:59)
[robosuite WARNING] No private macro file found! (macros.py:57)
[robosuite WARNING] It is recommended to use a private macro file (macros.py:58)
[robosuite WARNING] To setup, run: python /mnt/data/users/haoyu/workspace/code/fpo-control/manipulation_experiments/thirdparty/robosuite/robosuite/scripts/setup_macros.py (macros.py:59)
[robosuite WARNING] No private macro file found! (macros.py:57)
[robosuite WARNING] It is recommended to use a private macro file (macros.py:58)
[robosuite WARNING] To setup, run: python /mnt/data/users/haoyu/workspace/code/fpo-control/manipulation_experiments/thirdparty/robosuite/robosuite/scripts/setup_macros.py (macros.py:59)
[robosuite WARNING] No private macro file found! (macros.py:57)
[robosuite WARNING] It is recommended to use a private macro file (macros.py:58)
[robosuite WARNING] To setup, run: python /mnt/data/users/haoyu/workspace/code/fpo-control/manipulation_experiments/thirdparty/robosuite/robosuite/scripts/setup_macros.py (macros.py:59)
[robosuite WARNING] No private macro file found! (macros.py:57)
[robosuite WARNING] It is recommended to use a private macro file (macros.py:58)
[robosuite WARNING] To setup, run: python /mnt/data/users/haoyu/workspace/code/fpo-control/manipulation_experiments/thirdparty/robosuite/robosuite/scripts/setup_macros.py (macros.py:59)
[robosuite WARNING] No private macro file found! (macros.py:57)
[robosuite WARNING] It is recommended to use a private macro file (macros.py:58)
[robosuite WARNING] To setup, run: python /mnt/data/users/haoyu/workspace/code/fpo-control/manipulation_experiments/thirdparty/robosuite/robosuite/scripts/setup_macros.py (macros.py:59)
[robosuite WARNING] No private macro file found! (macros.py:57)
[robosuite WARNING] It is recommended to use a private macro file (macros.py:58)
[robosuite WARNING] To setup, run: python /mnt/data/users/haoyu/workspace/code/fpo-control/manipulation_experiments/thirdparty/robosuite/robosuite/scripts/setup_macros.py (macros.py:59)
[robosuite WARNING] No private macro file found! (macros.py:57)
[robosuite WARNING] It is recommended to use a private macro file (macros.py:58)
[robosuite WARNING] To setup, run: python /mnt/data/users/haoyu/workspace/code/fpo-control/manipulation_experiments/thirdparty/robosuite/robosuite/scripts/setup_macros.py (macros.py:59)
[robosuite WARNING] No private macro file found! (macros.py:57)
[robosuite WARNING] It is recommended to use a private macro file (macros.py:58)
[robosuite WARNING] To setup, run: python /mnt/data/users/haoyu/workspace/code/fpo-control/manipulation_experiments/thirdparty/robosuite/robosuite/scripts/setup_macros.py (macros.py:59)
[robosuite WARNING] No private macro file found! (macros.py:57)
[robosuite WARNING] It is recommended to use a private macro file (macros.py:58)
[robosuite WARNING] To setup, run: python /mnt/data/users/haoyu/workspace/code/fpo-control/manipulation_experiments/thirdparty/robosuite/robosuite/scripts/setup_macros.py (macros.py:59)
[robosuite WARNING] No private macro file found! (macros.py:57)
[robosuite WARNING] It is recommended to use a private macro file (macros.py:58)
[robosuite WARNING] To setup, run: python /mnt/data/users/haoyu/workspace/code/fpo-control/manipulation_experiments/thirdparty/robosuite/robosuite/scripts/setup_macros.py (macros.py:59)
[robosuite WARNING] No private macro file found! (macros.py:57)
[robosuite WARNING] It is recommended to use a private macro file (macros.py:58)
[robosuite WARNING] To setup, run: python /mnt/data/users/haoyu/workspace/code/fpo-control/manipulation_experiments/thirdparty/robosuite/robosuite/scripts/setup_macros.py (macros.py:59)
[robosuite WARNING] Could not import robosuite_models. Some robots may not be available. If you want to use these robots, please install robosuite_models from source (https://github.com/ARISE-Initiative/robosuite_models) or through pip install. (__init__.py:30)
[robosuite WARNING] Could not import robosuite_models. Some robots may not be available. If you want to use these robots, please install robosuite_models from source (https://github.com/ARISE-Initiative/robosuite_models) or through pip install. (__init__.py:30)
[robosuite WARNING] Could not import robosuite_models. Some robots may not be available. If you want to use these robots, please install robosuite_models from source (https://github.com/ARISE-Initiative/robosuite_models) or through pip install. (__init__.py:30)
[robosuite WARNING] Could not import robosuite_models. Some robots may not be available. If you want to use these robots, please install robosuite_models from source (https://github.com/ARISE-Initiative/robosuite_models) or through pip install. (__init__.py:30)
[robosuite WARNING] Could not import robosuite_models. Some robots may not be available. If you want to use these robots, please install robosuite_models from source (https://github.com/ARISE-Initiative/robosuite_models) or through pip install. (__init__.py:30)
[robosuite WARNING] Could not import robosuite_models. Some robots may not be available. If you want to use these robots, please install robosuite_models from source (https://github.com/ARISE-Initiative/robosuite_models) or through pip install. (__init__.py:30)
[robosuite WARNING] Could not import robosuite_models. Some robots may not be available. If you want to use these robots, please install robosuite_models from source (https://github.com/ARISE-Initiative/robosuite_models) or through pip install. (__init__.py:30)
[robosuite WARNING] Could not import robosuite_models. Some robots may not be available. If you want to use these robots, please install robosuite_models from source (https://github.com/ARISE-Initiative/robosuite_models) or through pip install. (__init__.py:30)
[robosuite WARNING] Could not import robosuite_models. Some robots may not be available. If you want to use these robots, please install robosuite_models from source (https://github.com/ARISE-Initiative/robosuite_models) or through pip install. (__init__.py:30)
[robosuite WARNING] Could not import robosuite_models. Some robots may not be available. If you want to use these robots, please install robosuite_models from source (https://github.com/ARISE-Initiative/robosuite_models) or through pip install. (__init__.py:30)
[robosuite WARNING] Could not import robosuite_models. Some robots may not be available. If you want to use these robots, please install robosuite_models from source (https://github.com/ARISE-Initiative/robosuite_models) or through pip install. (__init__.py:30)
[robosuite WARNING] Could not import robosuite_models. Some robots may not be available. If you want to use these robots, please install robosuite_models from source (https://github.com/ARISE-Initiative/robosuite_models) or through pip install. (__init__.py:30)
[robosuite WARNING] Could not import robosuite_models. Some robots may not be available. If you want to use these robots, please install robosuite_models from source (https://github.com/ARISE-Initiative/robosuite_models) or through pip install. (__init__.py:30)
[robosuite WARNING] Could not import robosuite_models. Some robots may not be available. If you want to use these robots, please install robosuite_models from source (https://github.com/ARISE-Initiative/robosuite_models) or through pip install. (__init__.py:30)
[robosuite WARNING] Could not import robosuite_models. Some robots may not be available. If you want to use these robots, please install robosuite_models from source (https://github.com/ARISE-Initiative/robosuite_models) or through pip install. (__init__.py:30)
[robosuite WARNING] Could not import robosuite_models. Some robots may not be available. If you want to use these robots, please install robosuite_models from source (https://github.com/ARISE-Initiative/robosuite_models) or through pip install. (__init__.py:30)
[robosuite WARNING] Could not import robosuite_models. Some robots may not be available. If you want to use these robots, please install robosuite_models from source (https://github.com/ARISE-Initiative/robosuite_models) or through pip install. (__init__.py:30)
[robosuite WARNING] Could not import robosuite_models. Some robots may not be available. If you want to use these robots, please install robosuite_models from source (https://github.com/ARISE-Initiative/robosuite_models) or through pip install. (__init__.py:30)
[robosuite WARNING] Could not import robosuite_models. Some robots may not be available. If you want to use these robots, please install robosuite_models from source (https://github.com/ARISE-Initiative/robosuite_models) or through pip install. (__init__.py:30)
[robosuite WARNING] Could not import robosuite_models. Some robots may not be available. If you want to use these robots, please install robosuite_models from source (https://github.com/ARISE-Initiative/robosuite_models) or through pip install. (__init__.py:30)
[robosuite WARNING] Could not import robosuite_models. Some robots may not be available. If you want to use these robots, please install robosuite_models from source (https://github.com/ARISE-Initiative/robosuite_models) or through pip install. (__init__.py:30)
[robosuite WARNING] Could not import robosuite_models. Some robots may not be available. If you want to use these robots, please install robosuite_models from source (https://github.com/ARISE-Initiative/robosuite_models) or through pip install. (__init__.py:30)
[robosuite WARNING] Could not import robosuite_models. Some robots may not be available. If you want to use these robots, please install robosuite_models from source (https://github.com/ARISE-Initiative/robosuite_models) or through pip install. (__init__.py:30)
[robosuite WARNING] Could not import robosuite_models. Some robots may not be available. If you want to use these robots, please install robosuite_models from source (https://github.com/ARISE-Initiative/robosuite_models) or through pip install. (__init__.py:30)
[robosuite WARNING] Could not import robosuite_models. Some robots may not be available. If you want to use these robots, please install robosuite_models from source (https://github.com/ARISE-Initiative/robosuite_models) or through pip install. (__init__.py:30)
2026-08-09 12:41:38,988 | INFO | Video key: agentview
2026-08-09 12:41:38,988 | INFO | Using image observation keys: ['agentview']
[robosuite INFO] Loading controller configuration from: /mnt/data/users/haoyu/workspace/code/fpo-control/manipulation_experiments/thirdparty/robosuite/robosuite/controllers/config/robots/default_panda.json (composite_controller_factory.py:121)
2026-08-09 12:41:38,988 | INFO | Loading controller configuration from: /mnt/data/users/haoyu/workspace/code/fpo-control/manipulation_experiments/thirdparty/robosuite/robosuite/controllers/config/robots/default_panda.json
2026-08-09 12:41:39,228 | INFO | Video key: agentview
2026-08-09 12:41:39,228 | INFO | Using image observation keys: ['agentview']
[robosuite INFO] Loading controller configuration from: /mnt/data/users/haoyu/workspace/code/fpo-control/manipulation_experiments/thirdparty/robosuite/robosuite/controllers/config/robots/default_panda.json (composite_controller_factory.py:121)
2026-08-09 12:41:39,228 | INFO | Loading controller configuration from: /mnt/data/users/haoyu/workspace/code/fpo-control/manipulation_experiments/thirdparty/robosuite/robosuite/controllers/config/robots/default_panda.json
2026-08-09 12:41:39,351 | INFO | Video key: agentview
2026-08-09 12:41:39,351 | INFO | Using image observation keys: ['agentview']
[robosuite INFO] Loading controller configuration from: /mnt/data/users/haoyu/workspace/code/fpo-control/manipulation_experiments/thirdparty/robosuite/robosuite/controllers/config/robots/default_panda.json (composite_controller_factory.py:121)
2026-08-09 12:41:39,351 | INFO | Loading controller configuration from: /mnt/data/users/haoyu/workspace/code/fpo-control/manipulation_experiments/thirdparty/robosuite/robosuite/controllers/config/robots/default_panda.json
2026-08-09 12:41:40,787 | INFO | Successfully created NutAssemblySquare environment via robosuite.make() with cameras at 84x84
2026-08-09 12:41:40,787 | INFO | Configured cameras: ['agentview']
2026-08-09 12:41:41,007 | INFO | Video key: agentview
2026-08-09 12:41:41,007 | INFO | Using image observation keys: ['agentview']
[robosuite INFO] Loading controller configuration from: /mnt/data/users/haoyu/workspace/code/fpo-control/manipulation_experiments/thirdparty/robosuite/robosuite/controllers/config/robots/default_panda.json (composite_controller_factory.py:121)
2026-08-09 12:41:41,007 | INFO | Loading controller configuration from: /mnt/data/users/haoyu/workspace/code/fpo-control/manipulation_experiments/thirdparty/robosuite/robosuite/controllers/config/robots/default_panda.json
2026-08-09 12:41:41,062 | INFO | Video key: agentview
2026-08-09 12:41:41,062 | INFO | Using image observation keys: ['agentview']
[robosuite INFO] Loading controller configuration from: /mnt/data/users/haoyu/workspace/code/fpo-control/manipulation_experiments/thirdparty/robosuite/robosuite/controllers/config/robots/default_panda.json (composite_controller_factory.py:121)
2026-08-09 12:41:41,062 | INFO | Loading controller configuration from: /mnt/data/users/haoyu/workspace/code/fpo-control/manipulation_experiments/thirdparty/robosuite/robosuite/controllers/config/robots/default_panda.json
2026-08-09 12:41:41,077 | INFO | Successfully created NutAssemblySquare environment via robosuite.make() with cameras at 84x84
2026-08-09 12:41:41,077 | INFO | Configured cameras: ['agentview']
2026-08-09 12:41:41,154 | INFO | Successfully created NutAssemblySquare environment via robosuite.make() with cameras at 84x84
2026-08-09 12:41:41,154 | INFO | Configured cameras: ['agentview']
2026-08-09 12:41:41,534 | INFO | Video key: agentview
2026-08-09 12:41:41,534 | INFO | Using image observation keys: ['agentview']
[robosuite INFO] Loading controller configuration from: /mnt/data/users/haoyu/workspace/code/fpo-control/manipulation_experiments/thirdparty/robosuite/robosuite/controllers/config/robots/default_panda.json (composite_controller_factory.py:121)
2026-08-09 12:41:41,535 | INFO | Loading controller configuration from: /mnt/data/users/haoyu/workspace/code/fpo-control/manipulation_experiments/thirdparty/robosuite/robosuite/controllers/config/robots/default_panda.json
2026-08-09 12:41:42,250 | INFO | Video key: agentview
2026-08-09 12:41:42,250 | INFO | Using image observation keys: ['agentview']
[robosuite INFO] Loading controller configuration from: /mnt/data/users/haoyu/workspace/code/fpo-control/manipulation_experiments/thirdparty/robosuite/robosuite/controllers/config/robots/default_panda.json (composite_controller_factory.py:121)
2026-08-09 12:41:42,250 | INFO | Loading controller configuration from: /mnt/data/users/haoyu/workspace/code/fpo-control/manipulation_experiments/thirdparty/robosuite/robosuite/controllers/config/robots/default_panda.json
2026-08-09 12:41:42,603 | INFO | Video key: agentview
2026-08-09 12:41:42,603 | INFO | Using image observation keys: ['agentview']
[robosuite INFO] Loading controller configuration from: /mnt/data/users/haoyu/workspace/code/fpo-control/manipulation_experiments/thirdparty/robosuite/robosuite/controllers/config/robots/default_panda.json (composite_controller_factory.py:121)
2026-08-09 12:41:42,603 | INFO | Loading controller configuration from: /mnt/data/users/haoyu/workspace/code/fpo-control/manipulation_experiments/thirdparty/robosuite/robosuite/controllers/config/robots/default_panda.json
2026-08-09 12:41:42,819 | INFO | Successfully created NutAssemblySquare environment via robosuite.make() with cameras at 84x84
2026-08-09 12:41:42,819 | INFO | Configured cameras: ['agentview']
2026-08-09 12:41:43,051 | INFO | Successfully created NutAssemblySquare environment via robosuite.make() with cameras at 84x84
2026-08-09 12:41:43,052 | INFO | Configured cameras: ['agentview']
2026-08-09 12:41:43,339 | INFO | Successfully created NutAssemblySquare environment via robosuite.make() with cameras at 84x84
2026-08-09 12:41:43,339 | INFO | Configured cameras: ['agentview']
2026-08-09 12:41:44,080 | INFO | Successfully created NutAssemblySquare environment via robosuite.make() with cameras at 84x84
2026-08-09 12:41:44,080 | INFO | Configured cameras: ['agentview']
2026-08-09 12:41:44,290 | INFO | Video key: agentview
2026-08-09 12:41:44,290 | INFO | Using image observation keys: ['agentview']
[robosuite INFO] Loading controller configuration from: /mnt/data/users/haoyu/workspace/code/fpo-control/manipulation_experiments/thirdparty/robosuite/robosuite/controllers/config/robots/default_panda.json (composite_controller_factory.py:121)
2026-08-09 12:41:44,290 | INFO | Loading controller configuration from: /mnt/data/users/haoyu/workspace/code/fpo-control/manipulation_experiments/thirdparty/robosuite/robosuite/controllers/config/robots/default_panda.json
2026-08-09 12:41:44,380 | INFO | Video key: agentview
2026-08-09 12:41:44,380 | INFO | Using image observation keys: ['agentview']
[robosuite INFO] Loading controller configuration from: /mnt/data/users/haoyu/workspace/code/fpo-control/manipulation_experiments/thirdparty/robosuite/robosuite/controllers/config/robots/default_panda.json (composite_controller_factory.py:121)
2026-08-09 12:41:44,380 | INFO | Loading controller configuration from: /mnt/data/users/haoyu/workspace/code/fpo-control/manipulation_experiments/thirdparty/robosuite/robosuite/controllers/config/robots/default_panda.json
2026-08-09 12:41:44,397 | INFO | Video key: agentview
2026-08-09 12:41:44,398 | INFO | Using image observation keys: ['agentview']
[robosuite INFO] Loading controller configuration from: /mnt/data/users/haoyu/workspace/code/fpo-control/manipulation_experiments/thirdparty/robosuite/robosuite/controllers/config/robots/default_panda.json (composite_controller_factory.py:121)
2026-08-09 12:41:44,398 | INFO | Loading controller configuration from: /mnt/data/users/haoyu/workspace/code/fpo-control/manipulation_experiments/thirdparty/robosuite/robosuite/controllers/config/robots/default_panda.json
2026-08-09 12:41:44,464 | INFO | Successfully created NutAssemblySquare environment via robosuite.make() with cameras at 84x84
2026-08-09 12:41:44,465 | INFO | Configured cameras: ['agentview']
2026-08-09 12:41:44,527 | INFO | Video key: agentview
2026-08-09 12:41:44,528 | INFO | Using image observation keys: ['agentview']
[robosuite INFO] Loading controller configuration from: /mnt/data/users/haoyu/workspace/code/fpo-control/manipulation_experiments/thirdparty/robosuite/robosuite/controllers/config/robots/default_panda.json (composite_controller_factory.py:121)
2026-08-09 12:41:44,528 | INFO | Loading controller configuration from: /mnt/data/users/haoyu/workspace/code/fpo-control/manipulation_experiments/thirdparty/robosuite/robosuite/controllers/config/robots/default_panda.json
2026-08-09 12:41:44,566 | INFO | Video key: agentview
2026-08-09 12:41:44,566 | INFO | Using image observation keys: ['agentview']
[robosuite INFO] Loading controller configuration from: /mnt/data/users/haoyu/workspace/code/fpo-control/manipulation_experiments/thirdparty/robosuite/robosuite/controllers/config/robots/default_panda.json (composite_controller_factory.py:121)
2026-08-09 12:41:44,566 | INFO | Loading controller configuration from: /mnt/data/users/haoyu/workspace/code/fpo-control/manipulation_experiments/thirdparty/robosuite/robosuite/controllers/config/robots/default_panda.json
2026-08-09 12:41:44,574 | INFO | Video key: agentview
2026-08-09 12:41:44,575 | INFO | Using image observation keys: ['agentview']
[robosuite INFO] Loading controller configuration from: /mnt/data/users/haoyu/workspace/code/fpo-control/manipulation_experiments/thirdparty/robosuite/robosuite/controllers/config/robots/default_panda.json (composite_controller_factory.py:121)
2026-08-09 12:41:44,575 | INFO | Loading controller configuration from: /mnt/data/users/haoyu/workspace/code/fpo-control/manipulation_experiments/thirdparty/robosuite/robosuite/controllers/config/robots/default_panda.json
2026-08-09 12:41:44,580 | INFO | Video key: agentview
2026-08-09 12:41:44,580 | INFO | Using image observation keys: ['agentview']
[robosuite INFO] Loading controller configuration from: /mnt/data/users/haoyu/workspace/code/fpo-control/manipulation_experiments/thirdparty/robosuite/robosuite/controllers/config/robots/default_panda.json (composite_controller_factory.py:121)
2026-08-09 12:41:44,580 | INFO | Loading controller configuration from: /mnt/data/users/haoyu/workspace/code/fpo-control/manipulation_experiments/thirdparty/robosuite/robosuite/controllers/config/robots/default_panda.json
2026-08-09 12:41:44,595 | INFO | Video key: agentview
2026-08-09 12:41:44,596 | INFO | Using image observation keys: ['agentview']
[robosuite INFO] Loading controller configuration from: /mnt/data/users/haoyu/workspace/code/fpo-control/manipulation_experiments/thirdparty/robosuite/robosuite/controllers/config/robots/default_panda.json (composite_controller_factory.py:121)
2026-08-09 12:41:44,596 | INFO | Loading controller configuration from: /mnt/data/users/haoyu/workspace/code/fpo-control/manipulation_experiments/thirdparty/robosuite/robosuite/controllers/config/robots/default_panda.json
2026-08-09 12:41:44,607 | INFO | Video key: agentview
2026-08-09 12:41:44,607 | INFO | Using image observation keys: ['agentview']
[robosuite INFO] Loading controller configuration from: /mnt/data/users/haoyu/workspace/code/fpo-control/manipulation_experiments/thirdparty/robosuite/robosuite/controllers/config/robots/default_panda.json (composite_controller_factory.py:121)
2026-08-09 12:41:44,607 | INFO | Loading controller configuration from: /mnt/data/users/haoyu/workspace/code/fpo-control/manipulation_experiments/thirdparty/robosuite/robosuite/controllers/config/robots/default_panda.json
2026-08-09 12:41:44,608 | INFO | Video key: agentview
2026-08-09 12:41:44,609 | INFO | Using image observation keys: ['agentview']
[robosuite INFO] Loading controller configuration from: /mnt/data/users/haoyu/workspace/code/fpo-control/manipulation_experiments/thirdparty/robosuite/robosuite/controllers/config/robots/default_panda.json (composite_controller_factory.py:121)
2026-08-09 12:41:44,609 | INFO | Loading controller configuration from: /mnt/data/users/haoyu/workspace/code/fpo-control/manipulation_experiments/thirdparty/robosuite/robosuite/controllers/config/robots/default_panda.json
2026-08-09 12:41:44,613 | INFO | Video key: agentview
2026-08-09 12:41:44,613 | INFO | Using image observation keys: ['agentview']
[robosuite INFO] Loading controller configuration from: /mnt/data/users/haoyu/workspace/code/fpo-control/manipulation_experiments/thirdparty/robosuite/robosuite/controllers/config/robots/default_panda.json (composite_controller_factory.py:121)
2026-08-09 12:41:44,613 | INFO | Loading controller configuration from: /mnt/data/users/haoyu/workspace/code/fpo-control/manipulation_experiments/thirdparty/robosuite/robosuite/controllers/config/robots/default_panda.json
2026-08-09 12:41:44,630 | INFO | Video key: agentview
2026-08-09 12:41:44,630 | INFO | Using image observation keys: ['agentview']
[robosuite INFO] Loading controller configuration from: /mnt/data/users/haoyu/workspace/code/fpo-control/manipulation_experiments/thirdparty/robosuite/robosuite/controllers/config/robots/default_panda.json (composite_controller_factory.py:121)
2026-08-09 12:41:44,630 | INFO | Loading controller configuration from: /mnt/data/users/haoyu/workspace/code/fpo-control/manipulation_experiments/thirdparty/robosuite/robosuite/controllers/config/robots/default_panda.json
2026-08-09 12:41:44,631 | INFO | Video key: agentview
2026-08-09 12:41:44,632 | INFO | Using image observation keys: ['agentview']
[robosuite INFO] Loading controller configuration from: /mnt/data/users/haoyu/workspace/code/fpo-control/manipulation_experiments/thirdparty/robosuite/robosuite/controllers/config/robots/default_panda.json (composite_controller_factory.py:121)
2026-08-09 12:41:44,632 | INFO | Loading controller configuration from: /mnt/data/users/haoyu/workspace/code/fpo-control/manipulation_experiments/thirdparty/robosuite/robosuite/controllers/config/robots/default_panda.json
2026-08-09 12:41:44,639 | INFO | Video key: agentview
2026-08-09 12:41:44,639 | INFO | Using image observation keys: ['agentview']
[robosuite INFO] Loading controller configuration from: /mnt/data/users/haoyu/workspace/code/fpo-control/manipulation_experiments/thirdparty/robosuite/robosuite/controllers/config/robots/default_panda.json (composite_controller_factory.py:121)
2026-08-09 12:41:44,639 | INFO | Loading controller configuration from: /mnt/data/users/haoyu/workspace/code/fpo-control/manipulation_experiments/thirdparty/robosuite/robosuite/controllers/config/robots/default_panda.json
2026-08-09 12:41:44,641 | INFO | Video key: agentview
2026-08-09 12:41:44,641 | INFO | Using image observation keys: ['agentview']
[robosuite INFO] Loading controller configuration from: /mnt/data/users/haoyu/workspace/code/fpo-control/manipulation_experiments/thirdparty/robosuite/robosuite/controllers/config/robots/default_panda.json (composite_controller_factory.py:121)
2026-08-09 12:41:44,641 | INFO | Loading controller configuration from: /mnt/data/users/haoyu/workspace/code/fpo-control/manipulation_experiments/thirdparty/robosuite/robosuite/controllers/config/robots/default_panda.json
2026-08-09 12:41:44,647 | INFO | Video key: agentview
2026-08-09 12:41:44,647 | INFO | Using image observation keys: ['agentview']
[robosuite INFO] Loading controller configuration from: /mnt/data/users/haoyu/workspace/code/fpo-control/manipulation_experiments/thirdparty/robosuite/robosuite/controllers/config/robots/default_panda.json (composite_controller_factory.py:121)
2026-08-09 12:41:44,647 | INFO | Loading controller configuration from: /mnt/data/users/haoyu/workspace/code/fpo-control/manipulation_experiments/thirdparty/robosuite/robosuite/controllers/config/robots/default_panda.json
2026-08-09 12:41:44,648 | INFO | Video key: agentview
2026-08-09 12:41:44,648 | INFO | Using image observation keys: ['agentview']
[robosuite INFO] Loading controller configuration from: /mnt/data/users/haoyu/workspace/code/fpo-control/manipulation_experiments/thirdparty/robosuite/robosuite/controllers/config/robots/default_panda.json (composite_controller_factory.py:121)
2026-08-09 12:41:44,648 | INFO | Loading controller configuration from: /mnt/data/users/haoyu/workspace/code/fpo-control/manipulation_experiments/thirdparty/robosuite/robosuite/controllers/config/robots/default_panda.json
2026-08-09 12:41:46,144 | INFO | Successfully created NutAssemblySquare environment via robosuite.make() with cameras at 84x84
2026-08-09 12:41:46,145 | INFO | Configured cameras: ['agentview']
2026-08-09 12:41:46,319 | INFO | Successfully created NutAssemblySquare environment via robosuite.make() with cameras at 84x84
2026-08-09 12:41:46,319 | INFO | Configured cameras: ['agentview']
2026-08-09 12:41:46,330 | INFO | Successfully created NutAssemblySquare environment via robosuite.make() with cameras at 84x84
2026-08-09 12:41:46,330 | INFO | Configured cameras: ['agentview']
2026-08-09 12:41:46,396 | INFO | Successfully created NutAssemblySquare environment via robosuite.make() with cameras at 84x84
2026-08-09 12:41:46,396 | INFO | Configured cameras: ['agentview']
2026-08-09 12:41:46,418 | INFO | Successfully created NutAssemblySquare environment via robosuite.make() with cameras at 84x84
2026-08-09 12:41:46,419 | INFO | Configured cameras: ['agentview']
2026-08-09 12:41:46,434 | INFO | Successfully created NutAssemblySquare environment via robosuite.make() with cameras at 84x84
2026-08-09 12:41:46,434 | INFO | Configured cameras: ['agentview']
2026-08-09 12:41:46,438 | INFO | Successfully created NutAssemblySquare environment via robosuite.make() with cameras at 84x84
2026-08-09 12:41:46,438 | INFO | Configured cameras: ['agentview']
2026-08-09 12:41:46,440 | INFO | Successfully created NutAssemblySquare environment via robosuite.make() with cameras at 84x84
2026-08-09 12:41:46,440 | INFO | Configured cameras: ['agentview']
2026-08-09 12:41:46,468 | INFO | Successfully created NutAssemblySquare environment via robosuite.make() with cameras at 84x84
2026-08-09 12:41:46,468 | INFO | Configured cameras: ['agentview']
2026-08-09 12:41:46,471 | INFO | Successfully created NutAssemblySquare environment via robosuite.make() with cameras at 84x84
2026-08-09 12:41:46,471 | INFO | Configured cameras: ['agentview']
2026-08-09 12:41:46,475 | INFO | Successfully created NutAssemblySquare environment via robosuite.make() with cameras at 84x84
2026-08-09 12:41:46,475 | INFO | Configured cameras: ['agentview']
2026-08-09 12:41:46,489 | INFO | Successfully created NutAssemblySquare environment via robosuite.make() with cameras at 84x84
2026-08-09 12:41:46,490 | INFO | Configured cameras: ['agentview']
2026-08-09 12:41:46,496 | INFO | Successfully created NutAssemblySquare environment via robosuite.make() with cameras at 84x84
2026-08-09 12:41:46,496 | INFO | Configured cameras: ['agentview']
2026-08-09 12:41:46,501 | INFO | Successfully created NutAssemblySquare environment via robosuite.make() with cameras at 84x84
2026-08-09 12:41:46,501 | INFO | Configured cameras: ['agentview']
2026-08-09 12:41:46,539 | INFO | Successfully created NutAssemblySquare environment via robosuite.make() with cameras at 84x84
2026-08-09 12:41:46,539 | INFO | Configured cameras: ['agentview']
2026-08-09 12:41:46,547 | INFO | Successfully created NutAssemblySquare environment via robosuite.make() with cameras at 84x84
2026-08-09 12:41:46,547 | INFO | Configured cameras: ['agentview']
2026-08-09 12:41:46,638 | INFO | Successfully created NutAssemblySquare environment via robosuite.make() with cameras at 84x84
2026-08-09 12:41:46,639 | INFO | Configured cameras: ['agentview']
2026-08-09 12:41:47,885 | INFO | Created 25 vectorized Square environments
2026-08-09 12:41:47,886 | INFO | Set video key to 'agentview' for video recording
2026-08-09 12:41:47,886 | INFO | ================================================================================
2026-08-09 12:41:47,886 | INFO | Starting Evaluation
2026-08-09 12:41:47,886 | INFO | ================================================================================
2026-08-09 12:41:47,886 | INFO | Running rollouts with environment: Square
2026-08-09 12:41:47,886 | INFO | Starting evaluation: 50 episodes using 25 parallel environments
2026-08-09 12:41:48,934 | INFO | Created observation keys: ['observation.state', 'observation.images.agentview']
2026-08-09 12:41:49,029 | INFO | Created observation keys: ['observation.state', 'observation.images.agentview']
2026-08-09 12:41:49,059 | INFO | Created observation keys: ['observation.state', 'observation.images.agentview']
2026-08-09 12:41:49,065 | INFO | Created observation keys: ['observation.state', 'observation.images.agentview']
2026-08-09 12:41:49,093 | INFO | Created observation keys: ['observation.state', 'observation.images.agentview']
2026-08-09 12:41:49,101 | INFO | Created observation keys: ['observation.state', 'observation.images.agentview']
2026-08-09 12:41:49,108 | INFO | Created observation keys: ['observation.state', 'observation.images.agentview']
2026-08-09 12:41:49,109 | INFO | Created observation keys: ['observation.state', 'observation.images.agentview']
2026-08-09 12:41:49,112 | INFO | Created observation keys: ['observation.state', 'observation.images.agentview']
2026-08-09 12:41:49,115 | INFO | Created observation keys: ['observation.state', 'observation.images.agentview']
2026-08-09 12:41:49,121 | INFO | Created observation keys: ['observation.state', 'observation.images.agentview']
2026-08-09 12:41:49,140 | INFO | Created observation keys: ['observation.state', 'observation.images.agentview']
2026-08-09 12:41:49,157 | INFO | Created observation keys: ['observation.state', 'observation.images.agentview']
2026-08-09 12:41:49,158 | INFO | Created observation keys: ['observation.state', 'observation.images.agentview']
2026-08-09 12:41:49,162 | INFO | Created observation keys: ['observation.state', 'observation.images.agentview']
2026-08-09 12:41:49,205 | INFO | Created observation keys: ['observation.state', 'observation.images.agentview']
2026-08-09 12:41:49,213 | INFO | Created observation keys: ['observation.state', 'observation.images.agentview']
2026-08-09 12:41:49,246 | INFO | Created observation keys: ['observation.state', 'observation.images.agentview']
2026-08-09 12:41:49,247 | INFO | Created observation keys: ['observation.state', 'observation.images.agentview']
2026-08-09 12:41:49,285 | INFO | Created observation keys: ['observation.state', 'observation.images.agentview']
2026-08-09 12:41:49,305 | INFO | Created observation keys: ['observation.state', 'observation.images.agentview']
2026-08-09 12:41:49,319 | INFO | Created observation keys: ['observation.state', 'observation.images.agentview']
2026-08-09 12:41:49,322 | INFO | Created observation keys: ['observation.state', 'observation.images.agentview']
2026-08-09 12:41:49,328 | INFO | Created observation keys: ['observation.state', 'observation.images.agentview']
2026-08-09 12:41:49,390 | INFO | Created observation keys: ['observation.state', 'observation.images.agentview']
/home/haoyu/workspace/code/fpo-control/manipulation_experiments/thirdparty/miniconda3/envs/fpo_manipulation/lib/python3.10/contextlib.py:103: FutureWarning: `torch.backends.cuda.sdp_kernel()` is deprecated. In the future, this context manager will be removed. Please see `torch.nn.attention.sdpa_kernel()` for the new context manager, with updated signature.
  self.gen = func(*args, **kwds)
2026-08-09 12:41:58,408 | INFO | Total steps: 1000, done episodes: 0, successes: 0, FPS: 95.0
2026-08-09 12:42:01,783 | INFO | Total steps: 2000, done episodes: 0, successes: 0, FPS: 143.9
2026-08-09 12:42:05,105 | INFO | Total steps: 3000, done episodes: 0, successes: 0, FPS: 174.2
2026-08-09 12:42:09,734 | INFO | Total steps: 4000, done episodes: 1, successes: 1, FPS: 183.1
2026-08-09 12:42:13,261 | INFO | Total steps: 5000, done episodes: 1, successes: 1, FPS: 197.1
2026-08-09 12:42:17,839 | INFO | Total steps: 6000, done episodes: 2, successes: 2, FPS: 200.3
2026-08-09 12:42:25,852 | INFO | Total steps: 7000, done episodes: 6, successes: 6, FPS: 184.4
2026-08-09 12:42:33,920 | INFO | Total steps: 8000, done episodes: 10, successes: 10, FPS: 173.8
2026-08-09 12:42:37,291 | INFO | Total steps: 9000, done episodes: 10, successes: 10, FPS: 182.2
2026-08-09 12:42:42,486 | INFO | Total steps: 10000, done episodes: 25, successes: 10, FPS: 183.2
2026-08-09 12:42:45,846 | INFO | Total steps: 11000, done episodes: 25, successes: 10, FPS: 189.8
2026-08-09 12:42:50,440 | INFO | Total steps: 12000, done episodes: 26, successes: 11, FPS: 191.8
2026-08-09 12:42:57,566 | INFO | Total steps: 13000, done episodes: 29, successes: 14, FPS: 186.6
2026-08-09 12:43:02,133 | INFO | Total steps: 14000, done episodes: 30, successes: 15, FPS: 188.6
2026-08-09 12:43:05,632 | INFO | Total steps: 15000, done episodes: 30, successes: 15, FPS: 192.9
2026-08-09 12:43:11,408 | INFO | Total steps: 16000, done episodes: 32, successes: 16, FPS: 191.6
2026-08-09 12:43:18,699 | INFO | Total steps: 17000, done episodes: 35, successes: 16, FPS: 187.2
2026-08-09 12:43:24,541 | INFO | Total steps: 18000, done episodes: 37, successes: 16, FPS: 186.2
2026-08-09 12:43:29,221 | INFO | Total steps: 19000, done episodes: 38, successes: 17, FPS: 187.5
2026-08-09 12:43:34,325 | INFO | Evaluation completed: 50 episodes, 17 successes (34.0%) for task **Square**
2026-08-09 12:43:34,325 | INFO | Success stats across environments: mean=0.34 +/- 0.37
2026-08-09 12:43:34,325 | INFO | Average return: 0.340 +/- 0.474
2026-08-09 12:43:34,325 | INFO | Average episode length: 347.2 +/- 80.1
2026-08-09 12:43:34,325 | INFO | Performance: 20000 total steps in 106.4s
2026-08-09 12:43:34,325 | INFO | Average FPS: 187.9 frames/sec | Episodes/sec: 0.47
2026-08-09 12:43:34,325 | INFO | ================================================================================
2026-08-09 12:43:34,325 | INFO | Evaluation Summary
2026-08-09 12:43:34,325 | INFO | ================================================================================
2026-08-09 12:43:34,325 | INFO | Environment: Square
2026-08-09 12:43:34,325 | INFO | Checkpoint: latest
2026-08-09 12:43:34,325 | INFO | Episodes: 50
2026-08-09 12:43:34,325 | INFO | Success Rate: 34.00% +/- 36.66%
2026-08-09 12:43:34,325 | INFO | Average Return: 0.340 +/- 0.474
2026-08-09 12:43:34,325 | INFO | FPS: 187.9
2026-08-09 12:43:34,325 | INFO | ================================================================================
2026-08-09 12:43:34,326 | INFO | Summary saved to: /home/haoyu/workspace/outputs/fpo-control/results/square_h51_confirmation_candidate_zero_balanced50_seed20260978/eval_summary_Square_latest_zero.txt
render_gpu_device_id: 1
render_gpu_device_id: 1
render_gpu_device_id: 1
render_gpu_device_id: 1
render_gpu_device_id: 1
render_gpu_device_id: 1
render_gpu_device_id: 1
render_gpu_device_id: 1
render_gpu_device_id: 1
render_gpu_device_id: 1
render_gpu_device_id: 1
render_gpu_device_id: 1
render_gpu_device_id: 1
render_gpu_device_id: 1
render_gpu_device_id: 1
render_gpu_device_id: 1
render_gpu_device_id: 1
render_gpu_device_id: 1
render_gpu_device_id: 1
render_gpu_device_id: 1
render_gpu_device_id: 1
render_gpu_device_id: 1
render_gpu_device_id: 1
render_gpu_device_id: 1
render_gpu_device_id: 1
2026-08-09 12:43:38,404 | INFO | Evaluation completed successfully!
