[robosuite WARNING] No private macro file found! (macros.py:57)
[robosuite WARNING] It is recommended to use a private macro file (macros.py:58)
[robosuite WARNING] To setup, run: python /mnt/data/users/haoyu/workspace/code/fpo-control/manipulation_experiments/thirdparty/robosuite/robosuite/scripts/setup_macros.py (macros.py:59)
[robosuite WARNING] Could not import robosuite_models. Some robots may not be available. If you want to use these robots, please install robosuite_models from source (https://github.com/ARISE-Initiative/robosuite_models) or through pip install. (__init__.py:30)
2026-08-09 12:36:13,794 | INFO | ================================================================================
2026-08-09 12:36:13,795 | INFO | Evaluation sampling mode: zero
2026-08-09 12:36:13,795 | INFO | Checkpoint Evaluation
2026-08-09 12:36:13,795 | INFO | ================================================================================
2026-08-09 12:36:13,796 | INFO | Random seed set to 20260978
2026-08-09 12:36:13,796 | INFO | Output directory: /home/haoyu/workspace/outputs/fpo-control/results/square_h51_confirmation_control_zero_balanced50_seed20260978
2026-08-09 12:36:13,796 | INFO | Using local checkpoint: /home/haoyu/workspace/outputs/fpo-control/results/square_h51_confirmation_control_osmesa_seed20260977/checkpoints/step_25600
2026-08-09 12:36:13,796 | INFO | Loading policy from /home/haoyu/workspace/outputs/fpo-control/results/square_h51_confirmation_control_osmesa_seed20260977/checkpoints/step_25600/policy...
2026-08-09 12:36:13,796 | INFO | Loading config from /home/haoyu/workspace/outputs/fpo-control/results/square_h51_confirmation_control_osmesa_seed20260977/checkpoints/step_25600/policy/config.json...
2026-08-09 12:36:13,796 | INFO | Image features: ['observation.images.agentview']
2026-08-09 12:36:13,796 | INFO | State features: ['observation.state']
2026-08-09 12:36:13,796 | INFO | Constructing FlowMatchingPolicy from config...
2026-08-09 12:36:13,878 | INFO | Loading model weights from /home/haoyu/workspace/outputs/fpo-control/results/square_h51_confirmation_control_osmesa_seed20260977/checkpoints/step_25600/policy/model.safetensors...
2026-08-09 12:36:14,247 | INFO | Policy loaded successfully
2026-08-09 12:36:14,247 | INFO | Policy config: horizon=16, n_action_steps=16, sampling_steps=10
2026-08-09 12:36:14,247 | INFO | Overriding integration steps: 10
2026-08-09 12:36:14,247 | INFO | Overriding executed action steps: 16
2026-08-09 12:36:14,247 | INFO | Creating evaluation environment: Square
2026-08-09 12:36:14,247 | INFO | Using image features from checkpoint config: ['observation.images.agentview']
2026-08-09 12:36:14,248 | INFO | Production mode: using gymnasium.vector.AsyncVectorEnv
2026-08-09 12:36:14,248 | INFO | Video key: agentview
2026-08-09 12:36:14,248 | INFO | Using image observation keys: ['agentview']
[robosuite INFO] Loading controller configuration from: /mnt/data/users/haoyu/workspace/code/fpo-control/manipulation_experiments/thirdparty/robosuite/robosuite/controllers/config/robots/default_panda.json (composite_controller_factory.py:121)
2026-08-09 12:36:14,248 | INFO | Loading controller configuration from: /mnt/data/users/haoyu/workspace/code/fpo-control/manipulation_experiments/thirdparty/robosuite/robosuite/controllers/config/robots/default_panda.json
2026-08-09 12:36:16,053 | INFO | Successfully created NutAssemblySquare environment via robosuite.make() with cameras at 84x84
2026-08-09 12:36:16,053 | INFO | Configured cameras: ['agentview']
[ViT Init] Inferred image size from dataset: 84x84
num_visible_gpus: 1 [1] render_override: 
render_gpu_device_id: 1
[robosuite WARNING] No private macro file found! (macros.py:57)
[robosuite WARNING] It is recommended to use a private macro file (macros.py:58)
[robosuite WARNING] To setup, run: python /mnt/data/users/haoyu/workspace/code/fpo-control/manipulation_experiments/thirdparty/robosuite/robosuite/scripts/setup_macros.py (macros.py:59)
[robosuite WARNING] No private macro file found! (macros.py:57)
[robosuite WARNING] It is recommended to use a private macro file (macros.py:58)
[robosuite WARNING] To setup, run: python /mnt/data/users/haoyu/workspace/code/fpo-control/manipulation_experiments/thirdparty/robosuite/robosuite/scripts/setup_macros.py (macros.py:59)
[robosuite WARNING] No private macro file found! (macros.py:57)
[robosuite WARNING] It is recommended to use a private macro file (macros.py:58)
[robosuite WARNING] To setup, run: python /mnt/data/users/haoyu/workspace/code/fpo-control/manipulation_experiments/thirdparty/robosuite/robosuite/scripts/setup_macros.py (macros.py:59)
[robosuite WARNING] No private macro file found! (macros.py:57)
[robosuite WARNING] It is recommended to use a private macro file (macros.py:58)
[robosuite WARNING] To setup, run: python /mnt/data/users/haoyu/workspace/code/fpo-control/manipulation_experiments/thirdparty/robosuite/robosuite/scripts/setup_macros.py (macros.py:59)
[robosuite WARNING] No private macro file found! (macros.py:57)
[robosuite WARNING] It is recommended to use a private macro file (macros.py:58)
[robosuite WARNING] To setup, run: python /mnt/data/users/haoyu/workspace/code/fpo-control/manipulation_experiments/thirdparty/robosuite/robosuite/scripts/setup_macros.py (macros.py:59)
[robosuite WARNING] No private macro file found! (macros.py:57)
[robosuite WARNING] It is recommended to use a private macro file (macros.py:58)
[robosuite WARNING] To setup, run: python /mnt/data/users/haoyu/workspace/code/fpo-control/manipulation_experiments/thirdparty/robosuite/robosuite/scripts/setup_macros.py (macros.py:59)
[robosuite WARNING] No private macro file found! (macros.py:57)
[robosuite WARNING] It is recommended to use a private macro file (macros.py:58)
[robosuite WARNING] To setup, run: python /mnt/data/users/haoyu/workspace/code/fpo-control/manipulation_experiments/thirdparty/robosuite/robosuite/scripts/setup_macros.py (macros.py:59)
[robosuite WARNING] No private macro file found! (macros.py:57)
[robosuite WARNING] It is recommended to use a private macro file (macros.py:58)
[robosuite WARNING] To setup, run: python /mnt/data/users/haoyu/workspace/code/fpo-control/manipulation_experiments/thirdparty/robosuite/robosuite/scripts/setup_macros.py (macros.py:59)
[robosuite WARNING] Could not import robosuite_models. Some robots may not be available. If you want to use these robots, please install robosuite_models from source (https://github.com/ARISE-Initiative/robosuite_models) or through pip install. (__init__.py:30)
[robosuite WARNING] No private macro file found! (macros.py:57)
[robosuite WARNING] It is recommended to use a private macro file (macros.py:58)
[robosuite WARNING] To setup, run: python /mnt/data/users/haoyu/workspace/code/fpo-control/manipulation_experiments/thirdparty/robosuite/robosuite/scripts/setup_macros.py (macros.py:59)
[robosuite WARNING] No private macro file found! (macros.py:57)
[robosuite WARNING] It is recommended to use a private macro file (macros.py:58)
[robosuite WARNING] To setup, run: python /mnt/data/users/haoyu/workspace/code/fpo-control/manipulation_experiments/thirdparty/robosuite/robosuite/scripts/setup_macros.py (macros.py:59)
[robosuite WARNING] No private macro file found! (macros.py:57)
[robosuite WARNING] It is recommended to use a private macro file (macros.py:58)
[robosuite WARNING] To setup, run: python /mnt/data/users/haoyu/workspace/code/fpo-control/manipulation_experiments/thirdparty/robosuite/robosuite/scripts/setup_macros.py (macros.py:59)
[robosuite WARNING] No private macro file found! (macros.py:57)
[robosuite WARNING] It is recommended to use a private macro file (macros.py:58)
[robosuite WARNING] To setup, run: python /mnt/data/users/haoyu/workspace/code/fpo-control/manipulation_experiments/thirdparty/robosuite/robosuite/scripts/setup_macros.py (macros.py:59)
[robosuite WARNING] No private macro file found! (macros.py:57)
[robosuite WARNING] It is recommended to use a private macro file (macros.py:58)
[robosuite WARNING] To setup, run: python /mnt/data/users/haoyu/workspace/code/fpo-control/manipulation_experiments/thirdparty/robosuite/robosuite/scripts/setup_macros.py (macros.py:59)
[robosuite WARNING] No private macro file found! (macros.py:57)
[robosuite WARNING] It is recommended to use a private macro file (macros.py:58)
[robosuite WARNING] To setup, run: python /mnt/data/users/haoyu/workspace/code/fpo-control/manipulation_experiments/thirdparty/robosuite/robosuite/scripts/setup_macros.py (macros.py:59)
[robosuite WARNING] No private macro file found! (macros.py:57)
[robosuite WARNING] It is recommended to use a private macro file (macros.py:58)
[robosuite WARNING] To setup, run: python /mnt/data/users/haoyu/workspace/code/fpo-control/manipulation_experiments/thirdparty/robosuite/robosuite/scripts/setup_macros.py (macros.py:59)
[robosuite WARNING] No private macro file found! (macros.py:57)
[robosuite WARNING] It is recommended to use a private macro file (macros.py:58)
[robosuite WARNING] To setup, run: python /mnt/data/users/haoyu/workspace/code/fpo-control/manipulation_experiments/thirdparty/robosuite/robosuite/scripts/setup_macros.py (macros.py:59)
[robosuite WARNING] No private macro file found! (macros.py:57)
[robosuite WARNING] It is recommended to use a private macro file (macros.py:58)
[robosuite WARNING] To setup, run: python /mnt/data/users/haoyu/workspace/code/fpo-control/manipulation_experiments/thirdparty/robosuite/robosuite/scripts/setup_macros.py (macros.py:59)
[robosuite WARNING] No private macro file found! (macros.py:57)
[robosuite WARNING] It is recommended to use a private macro file (macros.py:58)
[robosuite WARNING] To setup, run: python /mnt/data/users/haoyu/workspace/code/fpo-control/manipulation_experiments/thirdparty/robosuite/robosuite/scripts/setup_macros.py (macros.py:59)
[robosuite WARNING] No private macro file found! (macros.py:57)
[robosuite WARNING] It is recommended to use a private macro file (macros.py:58)
[robosuite WARNING] To setup, run: python /mnt/data/users/haoyu/workspace/code/fpo-control/manipulation_experiments/thirdparty/robosuite/robosuite/scripts/setup_macros.py (macros.py:59)
[robosuite WARNING] No private macro file found! (macros.py:57)
[robosuite WARNING] It is recommended to use a private macro file (macros.py:58)
[robosuite WARNING] To setup, run: python /mnt/data/users/haoyu/workspace/code/fpo-control/manipulation_experiments/thirdparty/robosuite/robosuite/scripts/setup_macros.py (macros.py:59)
[robosuite WARNING] No private macro file found! (macros.py:57)
[robosuite WARNING] It is recommended to use a private macro file (macros.py:58)
[robosuite WARNING] To setup, run: python /mnt/data/users/haoyu/workspace/code/fpo-control/manipulation_experiments/thirdparty/robosuite/robosuite/scripts/setup_macros.py (macros.py:59)
[robosuite WARNING] No private macro file found! (macros.py:57)
[robosuite WARNING] It is recommended to use a private macro file (macros.py:58)
[robosuite WARNING] To setup, run: python /mnt/data/users/haoyu/workspace/code/fpo-control/manipulation_experiments/thirdparty/robosuite/robosuite/scripts/setup_macros.py (macros.py:59)
[robosuite WARNING] No private macro file found! (macros.py:57)
[robosuite WARNING] It is recommended to use a private macro file (macros.py:58)
[robosuite WARNING] To setup, run: python /mnt/data/users/haoyu/workspace/code/fpo-control/manipulation_experiments/thirdparty/robosuite/robosuite/scripts/setup_macros.py (macros.py:59)
[robosuite WARNING] No private macro file found! (macros.py:57)
[robosuite WARNING] It is recommended to use a private macro file (macros.py:58)
[robosuite WARNING] To setup, run: python /mnt/data/users/haoyu/workspace/code/fpo-control/manipulation_experiments/thirdparty/robosuite/robosuite/scripts/setup_macros.py (macros.py:59)
[robosuite WARNING] Could not import robosuite_models. Some robots may not be available. If you want to use these robots, please install robosuite_models from source (https://github.com/ARISE-Initiative/robosuite_models) or through pip install. (__init__.py:30)
[robosuite WARNING] No private macro file found! (macros.py:57)
[robosuite WARNING] It is recommended to use a private macro file (macros.py:58)
[robosuite WARNING] To setup, run: python /mnt/data/users/haoyu/workspace/code/fpo-control/manipulation_experiments/thirdparty/robosuite/robosuite/scripts/setup_macros.py (macros.py:59)
[robosuite WARNING] Could not import robosuite_models. Some robots may not be available. If you want to use these robots, please install robosuite_models from source (https://github.com/ARISE-Initiative/robosuite_models) or through pip install. (__init__.py:30)
[robosuite WARNING] Could not import robosuite_models. Some robots may not be available. If you want to use these robots, please install robosuite_models from source (https://github.com/ARISE-Initiative/robosuite_models) or through pip install. (__init__.py:30)
[robosuite WARNING] Could not import robosuite_models. Some robots may not be available. If you want to use these robots, please install robosuite_models from source (https://github.com/ARISE-Initiative/robosuite_models) or through pip install. (__init__.py:30)
[robosuite WARNING] Could not import robosuite_models. Some robots may not be available. If you want to use these robots, please install robosuite_models from source (https://github.com/ARISE-Initiative/robosuite_models) or through pip install. (__init__.py:30)
[robosuite WARNING] Could not import robosuite_models. Some robots may not be available. If you want to use these robots, please install robosuite_models from source (https://github.com/ARISE-Initiative/robosuite_models) or through pip install. (__init__.py:30)
[robosuite WARNING] Could not import robosuite_models. Some robots may not be available. If you want to use these robots, please install robosuite_models from source (https://github.com/ARISE-Initiative/robosuite_models) or through pip install. (__init__.py:30)
[robosuite WARNING] Could not import robosuite_models. Some robots may not be available. If you want to use these robots, please install robosuite_models from source (https://github.com/ARISE-Initiative/robosuite_models) or through pip install. (__init__.py:30)
[robosuite WARNING] Could not import robosuite_models. Some robots may not be available. If you want to use these robots, please install robosuite_models from source (https://github.com/ARISE-Initiative/robosuite_models) or through pip install. (__init__.py:30)
[robosuite WARNING] Could not import robosuite_models. Some robots may not be available. If you want to use these robots, please install robosuite_models from source (https://github.com/ARISE-Initiative/robosuite_models) or through pip install. (__init__.py:30)
[robosuite WARNING] Could not import robosuite_models. Some robots may not be available. If you want to use these robots, please install robosuite_models from source (https://github.com/ARISE-Initiative/robosuite_models) or through pip install. (__init__.py:30)
[robosuite WARNING] Could not import robosuite_models. Some robots may not be available. If you want to use these robots, please install robosuite_models from source (https://github.com/ARISE-Initiative/robosuite_models) or through pip install. (__init__.py:30)
[robosuite WARNING] Could not import robosuite_models. Some robots may not be available. If you want to use these robots, please install robosuite_models from source (https://github.com/ARISE-Initiative/robosuite_models) or through pip install. (__init__.py:30)
[robosuite WARNING] Could not import robosuite_models. Some robots may not be available. If you want to use these robots, please install robosuite_models from source (https://github.com/ARISE-Initiative/robosuite_models) or through pip install. (__init__.py:30)
[robosuite WARNING] Could not import robosuite_models. Some robots may not be available. If you want to use these robots, please install robosuite_models from source (https://github.com/ARISE-Initiative/robosuite_models) or through pip install. (__init__.py:30)
[robosuite WARNING] Could not import robosuite_models. Some robots may not be available. If you want to use these robots, please install robosuite_models from source (https://github.com/ARISE-Initiative/robosuite_models) or through pip install. (__init__.py:30)
[robosuite WARNING] Could not import robosuite_models. Some robots may not be available. If you want to use these robots, please install robosuite_models from source (https://github.com/ARISE-Initiative/robosuite_models) or through pip install. (__init__.py:30)
[robosuite WARNING] Could not import robosuite_models. Some robots may not be available. If you want to use these robots, please install robosuite_models from source (https://github.com/ARISE-Initiative/robosuite_models) or through pip install. (__init__.py:30)
[robosuite WARNING] Could not import robosuite_models. Some robots may not be available. If you want to use these robots, please install robosuite_models from source (https://github.com/ARISE-Initiative/robosuite_models) or through pip install. (__init__.py:30)
[robosuite WARNING] Could not import robosuite_models. Some robots may not be available. If you want to use these robots, please install robosuite_models from source (https://github.com/ARISE-Initiative/robosuite_models) or through pip install. (__init__.py:30)
[robosuite WARNING] Could not import robosuite_models. Some robots may not be available. If you want to use these robots, please install robosuite_models from source (https://github.com/ARISE-Initiative/robosuite_models) or through pip install. (__init__.py:30)
[robosuite WARNING] Could not import robosuite_models. Some robots may not be available. If you want to use these robots, please install robosuite_models from source (https://github.com/ARISE-Initiative/robosuite_models) or through pip install. (__init__.py:30)
[robosuite WARNING] Could not import robosuite_models. Some robots may not be available. If you want to use these robots, please install robosuite_models from source (https://github.com/ARISE-Initiative/robosuite_models) or through pip install. (__init__.py:30)
[robosuite WARNING] Could not import robosuite_models. Some robots may not be available. If you want to use these robots, please install robosuite_models from source (https://github.com/ARISE-Initiative/robosuite_models) or through pip install. (__init__.py:30)
2026-08-09 12:36:26,921 | INFO | Video key: agentview
2026-08-09 12:36:26,921 | INFO | Using image observation keys: ['agentview']
[robosuite INFO] Loading controller configuration from: /mnt/data/users/haoyu/workspace/code/fpo-control/manipulation_experiments/thirdparty/robosuite/robosuite/controllers/config/robots/default_panda.json (composite_controller_factory.py:121)
2026-08-09 12:36:26,921 | INFO | Loading controller configuration from: /mnt/data/users/haoyu/workspace/code/fpo-control/manipulation_experiments/thirdparty/robosuite/robosuite/controllers/config/robots/default_panda.json
2026-08-09 12:36:27,159 | INFO | Video key: agentview
2026-08-09 12:36:27,159 | INFO | Using image observation keys: ['agentview']
[robosuite INFO] Loading controller configuration from: /mnt/data/users/haoyu/workspace/code/fpo-control/manipulation_experiments/thirdparty/robosuite/robosuite/controllers/config/robots/default_panda.json (composite_controller_factory.py:121)
2026-08-09 12:36:27,159 | INFO | Loading controller configuration from: /mnt/data/users/haoyu/workspace/code/fpo-control/manipulation_experiments/thirdparty/robosuite/robosuite/controllers/config/robots/default_panda.json
2026-08-09 12:36:27,238 | INFO | Video key: agentview
2026-08-09 12:36:27,238 | INFO | Using image observation keys: ['agentview']
[robosuite INFO] Loading controller configuration from: /mnt/data/users/haoyu/workspace/code/fpo-control/manipulation_experiments/thirdparty/robosuite/robosuite/controllers/config/robots/default_panda.json (composite_controller_factory.py:121)
2026-08-09 12:36:27,239 | INFO | Loading controller configuration from: /mnt/data/users/haoyu/workspace/code/fpo-control/manipulation_experiments/thirdparty/robosuite/robosuite/controllers/config/robots/default_panda.json
2026-08-09 12:36:27,400 | INFO | Video key: agentview
2026-08-09 12:36:27,400 | INFO | Using image observation keys: ['agentview']
[robosuite INFO] Loading controller configuration from: /mnt/data/users/haoyu/workspace/code/fpo-control/manipulation_experiments/thirdparty/robosuite/robosuite/controllers/config/robots/default_panda.json (composite_controller_factory.py:121)
2026-08-09 12:36:27,400 | INFO | Loading controller configuration from: /mnt/data/users/haoyu/workspace/code/fpo-control/manipulation_experiments/thirdparty/robosuite/robosuite/controllers/config/robots/default_panda.json
2026-08-09 12:36:28,707 | INFO | Successfully created NutAssemblySquare environment via robosuite.make() with cameras at 84x84
2026-08-09 12:36:28,707 | INFO | Configured cameras: ['agentview']
2026-08-09 12:36:28,989 | INFO | Successfully created NutAssemblySquare environment via robosuite.make() with cameras at 84x84
2026-08-09 12:36:28,989 | INFO | Configured cameras: ['agentview']
2026-08-09 12:36:29,060 | INFO | Successfully created NutAssemblySquare environment via robosuite.make() with cameras at 84x84
2026-08-09 12:36:29,061 | INFO | Configured cameras: ['agentview']
2026-08-09 12:36:29,194 | INFO | Successfully created NutAssemblySquare environment via robosuite.make() with cameras at 84x84
2026-08-09 12:36:29,194 | INFO | Configured cameras: ['agentview']
2026-08-09 12:36:30,875 | INFO | Video key: agentview
2026-08-09 12:36:30,875 | INFO | Using image observation keys: ['agentview']
[robosuite INFO] Loading controller configuration from: /mnt/data/users/haoyu/workspace/code/fpo-control/manipulation_experiments/thirdparty/robosuite/robosuite/controllers/config/robots/default_panda.json (composite_controller_factory.py:121)
2026-08-09 12:36:30,876 | INFO | Loading controller configuration from: /mnt/data/users/haoyu/workspace/code/fpo-control/manipulation_experiments/thirdparty/robosuite/robosuite/controllers/config/robots/default_panda.json
2026-08-09 12:36:31,050 | INFO | Video key: agentview
2026-08-09 12:36:31,050 | INFO | Using image observation keys: ['agentview']
[robosuite INFO] Loading controller configuration from: /mnt/data/users/haoyu/workspace/code/fpo-control/manipulation_experiments/thirdparty/robosuite/robosuite/controllers/config/robots/default_panda.json (composite_controller_factory.py:121)
2026-08-09 12:36:31,050 | INFO | Loading controller configuration from: /mnt/data/users/haoyu/workspace/code/fpo-control/manipulation_experiments/thirdparty/robosuite/robosuite/controllers/config/robots/default_panda.json
2026-08-09 12:36:31,335 | INFO | Video key: agentview
2026-08-09 12:36:31,335 | INFO | Using image observation keys: ['agentview']
[robosuite INFO] Loading controller configuration from: /mnt/data/users/haoyu/workspace/code/fpo-control/manipulation_experiments/thirdparty/robosuite/robosuite/controllers/config/robots/default_panda.json (composite_controller_factory.py:121)
2026-08-09 12:36:31,335 | INFO | Loading controller configuration from: /mnt/data/users/haoyu/workspace/code/fpo-control/manipulation_experiments/thirdparty/robosuite/robosuite/controllers/config/robots/default_panda.json
2026-08-09 12:36:31,514 | INFO | Video key: agentview
2026-08-09 12:36:31,514 | INFO | Using image observation keys: ['agentview']
[robosuite INFO] Loading controller configuration from: /mnt/data/users/haoyu/workspace/code/fpo-control/manipulation_experiments/thirdparty/robosuite/robosuite/controllers/config/robots/default_panda.json (composite_controller_factory.py:121)
2026-08-09 12:36:31,515 | INFO | Loading controller configuration from: /mnt/data/users/haoyu/workspace/code/fpo-control/manipulation_experiments/thirdparty/robosuite/robosuite/controllers/config/robots/default_panda.json
2026-08-09 12:36:31,601 | INFO | Video key: agentview
2026-08-09 12:36:31,601 | INFO | Using image observation keys: ['agentview']
[robosuite INFO] Loading controller configuration from: /mnt/data/users/haoyu/workspace/code/fpo-control/manipulation_experiments/thirdparty/robosuite/robosuite/controllers/config/robots/default_panda.json (composite_controller_factory.py:121)
2026-08-09 12:36:31,602 | INFO | Loading controller configuration from: /mnt/data/users/haoyu/workspace/code/fpo-control/manipulation_experiments/thirdparty/robosuite/robosuite/controllers/config/robots/default_panda.json
2026-08-09 12:36:31,756 | INFO | Video key: agentview
2026-08-09 12:36:31,756 | INFO | Using image observation keys: ['agentview']
[robosuite INFO] Loading controller configuration from: /mnt/data/users/haoyu/workspace/code/fpo-control/manipulation_experiments/thirdparty/robosuite/robosuite/controllers/config/robots/default_panda.json (composite_controller_factory.py:121)
2026-08-09 12:36:31,757 | INFO | Loading controller configuration from: /mnt/data/users/haoyu/workspace/code/fpo-control/manipulation_experiments/thirdparty/robosuite/robosuite/controllers/config/robots/default_panda.json
2026-08-09 12:36:31,836 | INFO | Video key: agentview
2026-08-09 12:36:31,836 | INFO | Using image observation keys: ['agentview']
[robosuite INFO] Loading controller configuration from: /mnt/data/users/haoyu/workspace/code/fpo-control/manipulation_experiments/thirdparty/robosuite/robosuite/controllers/config/robots/default_panda.json (composite_controller_factory.py:121)
2026-08-09 12:36:31,836 | INFO | Loading controller configuration from: /mnt/data/users/haoyu/workspace/code/fpo-control/manipulation_experiments/thirdparty/robosuite/robosuite/controllers/config/robots/default_panda.json
2026-08-09 12:36:31,849 | INFO | Video key: agentview
2026-08-09 12:36:31,849 | INFO | Using image observation keys: ['agentview']
[robosuite INFO] Loading controller configuration from: /mnt/data/users/haoyu/workspace/code/fpo-control/manipulation_experiments/thirdparty/robosuite/robosuite/controllers/config/robots/default_panda.json (composite_controller_factory.py:121)
2026-08-09 12:36:31,849 | INFO | Loading controller configuration from: /mnt/data/users/haoyu/workspace/code/fpo-control/manipulation_experiments/thirdparty/robosuite/robosuite/controllers/config/robots/default_panda.json
2026-08-09 12:36:31,860 | INFO | Video key: agentview
2026-08-09 12:36:31,860 | INFO | Using image observation keys: ['agentview']
[robosuite INFO] Loading controller configuration from: /mnt/data/users/haoyu/workspace/code/fpo-control/manipulation_experiments/thirdparty/robosuite/robosuite/controllers/config/robots/default_panda.json (composite_controller_factory.py:121)
2026-08-09 12:36:31,860 | INFO | Loading controller configuration from: /mnt/data/users/haoyu/workspace/code/fpo-control/manipulation_experiments/thirdparty/robosuite/robosuite/controllers/config/robots/default_panda.json
2026-08-09 12:36:31,898 | INFO | Video key: agentview
2026-08-09 12:36:31,898 | INFO | Using image observation keys: ['agentview']
[robosuite INFO] Loading controller configuration from: /mnt/data/users/haoyu/workspace/code/fpo-control/manipulation_experiments/thirdparty/robosuite/robosuite/controllers/config/robots/default_panda.json (composite_controller_factory.py:121)
2026-08-09 12:36:31,898 | INFO | Loading controller configuration from: /mnt/data/users/haoyu/workspace/code/fpo-control/manipulation_experiments/thirdparty/robosuite/robosuite/controllers/config/robots/default_panda.json
2026-08-09 12:36:31,913 | INFO | Video key: agentview
2026-08-09 12:36:31,913 | INFO | Using image observation keys: ['agentview']
[robosuite INFO] Loading controller configuration from: /mnt/data/users/haoyu/workspace/code/fpo-control/manipulation_experiments/thirdparty/robosuite/robosuite/controllers/config/robots/default_panda.json (composite_controller_factory.py:121)
2026-08-09 12:36:31,913 | INFO | Loading controller configuration from: /mnt/data/users/haoyu/workspace/code/fpo-control/manipulation_experiments/thirdparty/robosuite/robosuite/controllers/config/robots/default_panda.json
2026-08-09 12:36:31,933 | INFO | Video key: agentview
2026-08-09 12:36:31,933 | INFO | Using image observation keys: ['agentview']
[robosuite INFO] Loading controller configuration from: /mnt/data/users/haoyu/workspace/code/fpo-control/manipulation_experiments/thirdparty/robosuite/robosuite/controllers/config/robots/default_panda.json (composite_controller_factory.py:121)
2026-08-09 12:36:31,933 | INFO | Loading controller configuration from: /mnt/data/users/haoyu/workspace/code/fpo-control/manipulation_experiments/thirdparty/robosuite/robosuite/controllers/config/robots/default_panda.json
2026-08-09 12:36:31,934 | INFO | Video key: agentview
2026-08-09 12:36:31,934 | INFO | Using image observation keys: ['agentview']
[robosuite INFO] Loading controller configuration from: /mnt/data/users/haoyu/workspace/code/fpo-control/manipulation_experiments/thirdparty/robosuite/robosuite/controllers/config/robots/default_panda.json (composite_controller_factory.py:121)
2026-08-09 12:36:31,935 | INFO | Loading controller configuration from: /mnt/data/users/haoyu/workspace/code/fpo-control/manipulation_experiments/thirdparty/robosuite/robosuite/controllers/config/robots/default_panda.json
2026-08-09 12:36:31,945 | INFO | Video key: agentview
2026-08-09 12:36:31,945 | INFO | Using image observation keys: ['agentview']
[robosuite INFO] Loading controller configuration from: /mnt/data/users/haoyu/workspace/code/fpo-control/manipulation_experiments/thirdparty/robosuite/robosuite/controllers/config/robots/default_panda.json (composite_controller_factory.py:121)
2026-08-09 12:36:31,945 | INFO | Loading controller configuration from: /mnt/data/users/haoyu/workspace/code/fpo-control/manipulation_experiments/thirdparty/robosuite/robosuite/controllers/config/robots/default_panda.json
2026-08-09 12:36:31,957 | INFO | Video key: agentview
2026-08-09 12:36:31,957 | INFO | Using image observation keys: ['agentview']
[robosuite INFO] Loading controller configuration from: /mnt/data/users/haoyu/workspace/code/fpo-control/manipulation_experiments/thirdparty/robosuite/robosuite/controllers/config/robots/default_panda.json (composite_controller_factory.py:121)
2026-08-09 12:36:31,958 | INFO | Loading controller configuration from: /mnt/data/users/haoyu/workspace/code/fpo-control/manipulation_experiments/thirdparty/robosuite/robosuite/controllers/config/robots/default_panda.json
2026-08-09 12:36:31,959 | INFO | Video key: agentview
2026-08-09 12:36:31,959 | INFO | Using image observation keys: ['agentview']
[robosuite INFO] Loading controller configuration from: /mnt/data/users/haoyu/workspace/code/fpo-control/manipulation_experiments/thirdparty/robosuite/robosuite/controllers/config/robots/default_panda.json (composite_controller_factory.py:121)
2026-08-09 12:36:31,959 | INFO | Loading controller configuration from: /mnt/data/users/haoyu/workspace/code/fpo-control/manipulation_experiments/thirdparty/robosuite/robosuite/controllers/config/robots/default_panda.json
2026-08-09 12:36:31,964 | INFO | Video key: agentview
2026-08-09 12:36:31,964 | INFO | Using image observation keys: ['agentview']
[robosuite INFO] Loading controller configuration from: /mnt/data/users/haoyu/workspace/code/fpo-control/manipulation_experiments/thirdparty/robosuite/robosuite/controllers/config/robots/default_panda.json (composite_controller_factory.py:121)
2026-08-09 12:36:31,964 | INFO | Loading controller configuration from: /mnt/data/users/haoyu/workspace/code/fpo-control/manipulation_experiments/thirdparty/robosuite/robosuite/controllers/config/robots/default_panda.json
2026-08-09 12:36:31,968 | INFO | Video key: agentview
2026-08-09 12:36:31,968 | INFO | Using image observation keys: ['agentview']
[robosuite INFO] Loading controller configuration from: /mnt/data/users/haoyu/workspace/code/fpo-control/manipulation_experiments/thirdparty/robosuite/robosuite/controllers/config/robots/default_panda.json (composite_controller_factory.py:121)
2026-08-09 12:36:31,969 | INFO | Loading controller configuration from: /mnt/data/users/haoyu/workspace/code/fpo-control/manipulation_experiments/thirdparty/robosuite/robosuite/controllers/config/robots/default_panda.json
2026-08-09 12:36:31,973 | INFO | Video key: agentview
2026-08-09 12:36:31,973 | INFO | Using image observation keys: ['agentview']
[robosuite INFO] Loading controller configuration from: /mnt/data/users/haoyu/workspace/code/fpo-control/manipulation_experiments/thirdparty/robosuite/robosuite/controllers/config/robots/default_panda.json (composite_controller_factory.py:121)
2026-08-09 12:36:31,973 | INFO | Loading controller configuration from: /mnt/data/users/haoyu/workspace/code/fpo-control/manipulation_experiments/thirdparty/robosuite/robosuite/controllers/config/robots/default_panda.json
2026-08-09 12:36:31,977 | INFO | Video key: agentview
2026-08-09 12:36:31,977 | INFO | Using image observation keys: ['agentview']
[robosuite INFO] Loading controller configuration from: /mnt/data/users/haoyu/workspace/code/fpo-control/manipulation_experiments/thirdparty/robosuite/robosuite/controllers/config/robots/default_panda.json (composite_controller_factory.py:121)
2026-08-09 12:36:31,977 | INFO | Loading controller configuration from: /mnt/data/users/haoyu/workspace/code/fpo-control/manipulation_experiments/thirdparty/robosuite/robosuite/controllers/config/robots/default_panda.json
2026-08-09 12:36:31,981 | INFO | Video key: agentview
2026-08-09 12:36:31,981 | INFO | Using image observation keys: ['agentview']
[robosuite INFO] Loading controller configuration from: /mnt/data/users/haoyu/workspace/code/fpo-control/manipulation_experiments/thirdparty/robosuite/robosuite/controllers/config/robots/default_panda.json (composite_controller_factory.py:121)
2026-08-09 12:36:31,981 | INFO | Loading controller configuration from: /mnt/data/users/haoyu/workspace/code/fpo-control/manipulation_experiments/thirdparty/robosuite/robosuite/controllers/config/robots/default_panda.json
2026-08-09 12:36:32,675 | INFO | Successfully created NutAssemblySquare environment via robosuite.make() with cameras at 84x84
2026-08-09 12:36:32,675 | INFO | Configured cameras: ['agentview']
2026-08-09 12:36:32,957 | INFO | Successfully created NutAssemblySquare environment via robosuite.make() with cameras at 84x84
2026-08-09 12:36:32,957 | INFO | Configured cameras: ['agentview']
2026-08-09 12:36:33,165 | INFO | Successfully created NutAssemblySquare environment via robosuite.make() with cameras at 84x84
2026-08-09 12:36:33,165 | INFO | Configured cameras: ['agentview']
2026-08-09 12:36:33,453 | INFO | Successfully created NutAssemblySquare environment via robosuite.make() with cameras at 84x84
2026-08-09 12:36:33,454 | INFO | Configured cameras: ['agentview']
2026-08-09 12:36:33,502 | INFO | Successfully created NutAssemblySquare environment via robosuite.make() with cameras at 84x84
2026-08-09 12:36:33,502 | INFO | Configured cameras: ['agentview']
2026-08-09 12:36:33,589 | INFO | Successfully created NutAssemblySquare environment via robosuite.make() with cameras at 84x84
2026-08-09 12:36:33,589 | INFO | Configured cameras: ['agentview']
2026-08-09 12:36:33,693 | INFO | Successfully created NutAssemblySquare environment via robosuite.make() with cameras at 84x84
2026-08-09 12:36:33,693 | INFO | Configured cameras: ['agentview']
2026-08-09 12:36:33,708 | INFO | Successfully created NutAssemblySquare environment via robosuite.make() with cameras at 84x84
2026-08-09 12:36:33,708 | INFO | Configured cameras: ['agentview']
2026-08-09 12:36:33,735 | INFO | Successfully created NutAssemblySquare environment via robosuite.make() with cameras at 84x84
2026-08-09 12:36:33,736 | INFO | Configured cameras: ['agentview']
2026-08-09 12:36:33,768 | INFO | Successfully created NutAssemblySquare environment via robosuite.make() with cameras at 84x84
2026-08-09 12:36:33,769 | INFO | Configured cameras: ['agentview']
2026-08-09 12:36:33,809 | INFO | Successfully created NutAssemblySquare environment via robosuite.make() with cameras at 84x84
2026-08-09 12:36:33,809 | INFO | Configured cameras: ['agentview']
2026-08-09 12:36:33,811 | INFO | Successfully created NutAssemblySquare environment via robosuite.make() with cameras at 84x84
2026-08-09 12:36:33,811 | INFO | Configured cameras: ['agentview']
2026-08-09 12:36:33,815 | INFO | Successfully created NutAssemblySquare environment via robosuite.make() with cameras at 84x84
2026-08-09 12:36:33,815 | INFO | Configured cameras: ['agentview']
2026-08-09 12:36:33,824 | INFO | Successfully created NutAssemblySquare environment via robosuite.make() with cameras at 84x84
2026-08-09 12:36:33,824 | INFO | Configured cameras: ['agentview']
2026-08-09 12:36:33,831 | INFO | Successfully created NutAssemblySquare environment via robosuite.make() with cameras at 84x84
2026-08-09 12:36:33,831 | INFO | Configured cameras: ['agentview']
2026-08-09 12:36:33,832 | INFO | Successfully created NutAssemblySquare environment via robosuite.make() with cameras at 84x84
2026-08-09 12:36:33,833 | INFO | Configured cameras: ['agentview']
2026-08-09 12:36:33,834 | INFO | Successfully created NutAssemblySquare environment via robosuite.make() with cameras at 84x84
2026-08-09 12:36:33,834 | INFO | Configured cameras: ['agentview']
2026-08-09 12:36:33,868 | INFO | Successfully created NutAssemblySquare environment via robosuite.make() with cameras at 84x84
2026-08-09 12:36:33,868 | INFO | Configured cameras: ['agentview']
2026-08-09 12:36:33,872 | INFO | Successfully created NutAssemblySquare environment via robosuite.make() with cameras at 84x84
2026-08-09 12:36:33,872 | INFO | Configured cameras: ['agentview']
2026-08-09 12:36:33,874 | INFO | Successfully created NutAssemblySquare environment via robosuite.make() with cameras at 84x84
2026-08-09 12:36:33,874 | INFO | Configured cameras: ['agentview']
2026-08-09 12:36:33,925 | INFO | Successfully created NutAssemblySquare environment via robosuite.make() with cameras at 84x84
2026-08-09 12:36:33,925 | INFO | Configured cameras: ['agentview']
2026-08-09 12:36:35,169 | INFO | Created 25 vectorized Square environments
2026-08-09 12:36:35,169 | INFO | Set video key to 'agentview' for video recording
2026-08-09 12:36:35,169 | INFO | ================================================================================
2026-08-09 12:36:35,169 | INFO | Starting Evaluation
2026-08-09 12:36:35,169 | INFO | ================================================================================
2026-08-09 12:36:35,170 | INFO | Running rollouts with environment: Square
2026-08-09 12:36:35,170 | INFO | Starting evaluation: 50 episodes using 25 parallel environments
2026-08-09 12:36:36,259 | INFO | Created observation keys: ['observation.state', 'observation.images.agentview']
2026-08-09 12:36:36,299 | INFO | Created observation keys: ['observation.state', 'observation.images.agentview']
2026-08-09 12:36:36,302 | INFO | Created observation keys: ['observation.state', 'observation.images.agentview']
2026-08-09 12:36:36,303 | INFO | Created observation keys: ['observation.state', 'observation.images.agentview']
2026-08-09 12:36:36,309 | INFO | Created observation keys: ['observation.state', 'observation.images.agentview']
2026-08-09 12:36:36,309 | INFO | Created observation keys: ['observation.state', 'observation.images.agentview']
2026-08-09 12:36:36,311 | INFO | Created observation keys: ['observation.state', 'observation.images.agentview']
2026-08-09 12:36:36,337 | INFO | Created observation keys: ['observation.state', 'observation.images.agentview']
2026-08-09 12:36:36,345 | INFO | Created observation keys: ['observation.state', 'observation.images.agentview']
2026-08-09 12:36:36,367 | INFO | Created observation keys: ['observation.state', 'observation.images.agentview']
2026-08-09 12:36:36,368 | INFO | Created observation keys: ['observation.state', 'observation.images.agentview']
2026-08-09 12:36:36,394 | INFO | Created observation keys: ['observation.state', 'observation.images.agentview']
2026-08-09 12:36:36,398 | INFO | Created observation keys: ['observation.state', 'observation.images.agentview']
2026-08-09 12:36:36,399 | INFO | Created observation keys: ['observation.state', 'observation.images.agentview']
2026-08-09 12:36:36,401 | INFO | Created observation keys: ['observation.state', 'observation.images.agentview']
2026-08-09 12:36:36,408 | INFO | Created observation keys: ['observation.state', 'observation.images.agentview']
2026-08-09 12:36:36,415 | INFO | Created observation keys: ['observation.state', 'observation.images.agentview']
2026-08-09 12:36:36,431 | INFO | Created observation keys: ['observation.state', 'observation.images.agentview']
2026-08-09 12:36:36,462 | INFO | Created observation keys: ['observation.state', 'observation.images.agentview']
2026-08-09 12:36:36,468 | INFO | Created observation keys: ['observation.state', 'observation.images.agentview']
2026-08-09 12:36:36,477 | INFO | Created observation keys: ['observation.state', 'observation.images.agentview']
2026-08-09 12:36:36,477 | INFO | Created observation keys: ['observation.state', 'observation.images.agentview']
2026-08-09 12:36:36,499 | INFO | Created observation keys: ['observation.state', 'observation.images.agentview']
2026-08-09 12:36:36,562 | INFO | Created observation keys: ['observation.state', 'observation.images.agentview']
2026-08-09 12:36:36,579 | INFO | Created observation keys: ['observation.state', 'observation.images.agentview']
/home/haoyu/workspace/code/fpo-control/manipulation_experiments/thirdparty/miniconda3/envs/fpo_manipulation/lib/python3.10/contextlib.py:103: FutureWarning: `torch.backends.cuda.sdp_kernel()` is deprecated. In the future, this context manager will be removed. Please see `torch.nn.attention.sdpa_kernel()` for the new context manager, with updated signature.
  self.gen = func(*args, **kwds)
2026-08-09 12:36:45,665 | INFO | Total steps: 1000, done episodes: 0, successes: 0, FPS: 95.3
2026-08-09 12:36:49,019 | INFO | Total steps: 2000, done episodes: 0, successes: 0, FPS: 144.4
2026-08-09 12:36:52,400 | INFO | Total steps: 3000, done episodes: 0, successes: 0, FPS: 174.1
2026-08-09 12:36:56,945 | INFO | Total steps: 4000, done episodes: 1, successes: 1, FPS: 183.7
2026-08-09 12:37:01,497 | INFO | Total steps: 5000, done episodes: 2, successes: 2, FPS: 189.9
2026-08-09 12:37:04,910 | INFO | Total steps: 6000, done episodes: 2, successes: 2, FPS: 201.7
2026-08-09 12:37:09,521 | INFO | Total steps: 7000, done episodes: 3, successes: 3, FPS: 203.8
2026-08-09 12:37:15,307 | INFO | Total steps: 8000, done episodes: 5, successes: 5, FPS: 199.3
2026-08-09 12:37:23,257 | INFO | Total steps: 9000, done episodes: 9, successes: 9, FPS: 187.2
2026-08-09 12:37:29,498 | INFO | Total steps: 10000, done episodes: 25, successes: 10, FPS: 184.1
2026-08-09 12:37:32,821 | INFO | Total steps: 11000, done episodes: 25, successes: 10, FPS: 190.8
2026-08-09 12:37:36,261 | INFO | Total steps: 12000, done episodes: 25, successes: 10, FPS: 196.4
2026-08-09 12:37:42,027 | INFO | Total steps: 13000, done episodes: 27, successes: 12, FPS: 194.4
2026-08-09 12:37:46,593 | INFO | Total steps: 14000, done episodes: 28, successes: 12, FPS: 196.0
2026-08-09 12:37:53,428 | INFO | Total steps: 15000, done episodes: 31, successes: 14, FPS: 191.7
2026-08-09 12:37:58,036 | INFO | Total steps: 16000, done episodes: 32, successes: 15, FPS: 193.1
2026-08-09 12:38:02,621 | INFO | Total steps: 17000, done episodes: 33, successes: 15, FPS: 194.4
2026-08-09 12:38:07,232 | INFO | Total steps: 18000, done episodes: 34, successes: 15, FPS: 195.5
2026-08-09 12:38:15,236 | INFO | Total steps: 19000, done episodes: 38, successes: 16, FPS: 189.9
2026-08-09 12:38:22,417 | INFO | Evaluation completed: 50 episodes, 16 successes (32.0%) for task **Square**
2026-08-09 12:38:22,417 | INFO | Success stats across environments: mean=0.32 +/- 0.31
2026-08-09 12:38:22,417 | INFO | Average return: 0.320 +/- 0.466
2026-08-09 12:38:22,417 | INFO | Average episode length: 355.4 +/- 77.1
2026-08-09 12:38:22,417 | INFO | Performance: 20000 total steps in 107.2s
2026-08-09 12:38:22,417 | INFO | Average FPS: 186.5 frames/sec | Episodes/sec: 0.47
2026-08-09 12:38:22,417 | INFO | ================================================================================
2026-08-09 12:38:22,417 | INFO | Evaluation Summary
2026-08-09 12:38:22,417 | INFO | ================================================================================
2026-08-09 12:38:22,417 | INFO | Environment: Square
2026-08-09 12:38:22,417 | INFO | Checkpoint: latest
2026-08-09 12:38:22,417 | INFO | Episodes: 50
2026-08-09 12:38:22,417 | INFO | Success Rate: 32.00% +/- 31.24%
2026-08-09 12:38:22,417 | INFO | Average Return: 0.320 +/- 0.466
2026-08-09 12:38:22,417 | INFO | FPS: 186.5
2026-08-09 12:38:22,417 | INFO | ================================================================================
2026-08-09 12:38:22,418 | INFO | Summary saved to: /home/haoyu/workspace/outputs/fpo-control/results/square_h51_confirmation_control_zero_balanced50_seed20260978/eval_summary_Square_latest_zero.txt
render_gpu_device_id: 1
render_gpu_device_id: 1
render_gpu_device_id: 1
render_gpu_device_id: 1
render_gpu_device_id: 1
render_gpu_device_id: 1
render_gpu_device_id: 1
render_gpu_device_id: 1
render_gpu_device_id: 1
render_gpu_device_id: 1
render_gpu_device_id: 1
render_gpu_device_id: 1
render_gpu_device_id: 1
render_gpu_device_id: 1
render_gpu_device_id: 1
render_gpu_device_id: 1
render_gpu_device_id: 1
render_gpu_device_id: 1
render_gpu_device_id: 1
render_gpu_device_id: 1
render_gpu_device_id: 1
render_gpu_device_id: 1
render_gpu_device_id: 1
render_gpu_device_id: 1
render_gpu_device_id: 1
2026-08-09 12:38:26,451 | INFO | Evaluation completed successfully!
