[robosuite WARNING] No private macro file found! (macros.py:57)
[robosuite WARNING] It is recommended to use a private macro file (macros.py:58)
[robosuite WARNING] To setup, run: python /mnt/data/users/haoyu/workspace/code/fpo-control/manipulation_experiments/thirdparty/robosuite/robosuite/scripts/setup_macros.py (macros.py:59)
[robosuite WARNING] Could not import robosuite_models. Some robots may not be available. If you want to use these robots, please install robosuite_models from source (https://github.com/ARISE-Initiative/robosuite_models) or through pip install. (__init__.py:30)
2026-08-09 12:38:46,369 | INFO | ================================================================================
2026-08-09 12:38:46,369 | INFO | Evaluation sampling mode: random
2026-08-09 12:38:46,369 | INFO | Checkpoint Evaluation
2026-08-09 12:38:46,369 | INFO | ================================================================================
2026-08-09 12:38:46,370 | INFO | Random seed set to 20260978
2026-08-09 12:38:46,371 | INFO | Output directory: /home/haoyu/workspace/outputs/fpo-control/results/square_h51_confirmation_control_random_balanced50_seed20260978
2026-08-09 12:38:46,371 | INFO | Using local checkpoint: /home/haoyu/workspace/outputs/fpo-control/results/square_h51_confirmation_control_osmesa_seed20260977/checkpoints/step_25600
2026-08-09 12:38:46,371 | INFO | Loading policy from /home/haoyu/workspace/outputs/fpo-control/results/square_h51_confirmation_control_osmesa_seed20260977/checkpoints/step_25600/policy...
2026-08-09 12:38:46,371 | INFO | Loading config from /home/haoyu/workspace/outputs/fpo-control/results/square_h51_confirmation_control_osmesa_seed20260977/checkpoints/step_25600/policy/config.json...
2026-08-09 12:38:46,371 | INFO | Image features: ['observation.images.agentview']
2026-08-09 12:38:46,371 | INFO | State features: ['observation.state']
2026-08-09 12:38:46,371 | INFO | Constructing FlowMatchingPolicy from config...
2026-08-09 12:38:46,458 | INFO | Loading model weights from /home/haoyu/workspace/outputs/fpo-control/results/square_h51_confirmation_control_osmesa_seed20260977/checkpoints/step_25600/policy/model.safetensors...
2026-08-09 12:38:46,790 | INFO | Policy loaded successfully
2026-08-09 12:38:46,790 | INFO | Policy config: horizon=16, n_action_steps=16, sampling_steps=10
2026-08-09 12:38:46,790 | INFO | Overriding integration steps: 10
2026-08-09 12:38:46,790 | INFO | Overriding executed action steps: 16
2026-08-09 12:38:46,790 | INFO | Creating evaluation environment: Square
2026-08-09 12:38:46,790 | INFO | Using image features from checkpoint config: ['observation.images.agentview']
2026-08-09 12:38:46,790 | INFO | Production mode: using gymnasium.vector.AsyncVectorEnv
2026-08-09 12:38:46,790 | INFO | Video key: agentview
2026-08-09 12:38:46,790 | INFO | Using image observation keys: ['agentview']
[robosuite INFO] Loading controller configuration from: /mnt/data/users/haoyu/workspace/code/fpo-control/manipulation_experiments/thirdparty/robosuite/robosuite/controllers/config/robots/default_panda.json (composite_controller_factory.py:121)
2026-08-09 12:38:46,790 | INFO | Loading controller configuration from: /mnt/data/users/haoyu/workspace/code/fpo-control/manipulation_experiments/thirdparty/robosuite/robosuite/controllers/config/robots/default_panda.json
2026-08-09 12:38:48,631 | INFO | Successfully created NutAssemblySquare environment via robosuite.make() with cameras at 84x84
2026-08-09 12:38:48,631 | INFO | Configured cameras: ['agentview']
[ViT Init] Inferred image size from dataset: 84x84
num_visible_gpus: 1 [1] render_override: 
render_gpu_device_id: 1
[robosuite WARNING] No private macro file found! (macros.py:57)
[robosuite WARNING] It is recommended to use a private macro file (macros.py:58)
[robosuite WARNING] To setup, run: python /mnt/data/users/haoyu/workspace/code/fpo-control/manipulation_experiments/thirdparty/robosuite/robosuite/scripts/setup_macros.py (macros.py:59)
[robosuite WARNING] No private macro file found! (macros.py:57)
[robosuite WARNING] It is recommended to use a private macro file (macros.py:58)
[robosuite WARNING] To setup, run: python /mnt/data/users/haoyu/workspace/code/fpo-control/manipulation_experiments/thirdparty/robosuite/robosuite/scripts/setup_macros.py (macros.py:59)
[robosuite WARNING] No private macro file found! (macros.py:57)
[robosuite WARNING] It is recommended to use a private macro file (macros.py:58)
[robosuite WARNING] To setup, run: python /mnt/data/users/haoyu/workspace/code/fpo-control/manipulation_experiments/thirdparty/robosuite/robosuite/scripts/setup_macros.py (macros.py:59)
[robosuite WARNING] No private macro file found! (macros.py:57)
[robosuite WARNING] It is recommended to use a private macro file (macros.py:58)
[robosuite WARNING] To setup, run: python /mnt/data/users/haoyu/workspace/code/fpo-control/manipulation_experiments/thirdparty/robosuite/robosuite/scripts/setup_macros.py (macros.py:59)
[robosuite WARNING] No private macro file found! (macros.py:57)
[robosuite WARNING] It is recommended to use a private macro file (macros.py:58)
[robosuite WARNING] To setup, run: python /mnt/data/users/haoyu/workspace/code/fpo-control/manipulation_experiments/thirdparty/robosuite/robosuite/scripts/setup_macros.py (macros.py:59)
[robosuite WARNING] No private macro file found! (macros.py:57)
[robosuite WARNING] It is recommended to use a private macro file (macros.py:58)
[robosuite WARNING] To setup, run: python /mnt/data/users/haoyu/workspace/code/fpo-control/manipulation_experiments/thirdparty/robosuite/robosuite/scripts/setup_macros.py (macros.py:59)
[robosuite WARNING] No private macro file found! (macros.py:57)
[robosuite WARNING] It is recommended to use a private macro file (macros.py:58)
[robosuite WARNING] To setup, run: python /mnt/data/users/haoyu/workspace/code/fpo-control/manipulation_experiments/thirdparty/robosuite/robosuite/scripts/setup_macros.py (macros.py:59)
[robosuite WARNING] No private macro file found! (macros.py:57)
[robosuite WARNING] It is recommended to use a private macro file (macros.py:58)
[robosuite WARNING] To setup, run: python /mnt/data/users/haoyu/workspace/code/fpo-control/manipulation_experiments/thirdparty/robosuite/robosuite/scripts/setup_macros.py (macros.py:59)
[robosuite WARNING] No private macro file found! (macros.py:57)
[robosuite WARNING] It is recommended to use a private macro file (macros.py:58)
[robosuite WARNING] To setup, run: python /mnt/data/users/haoyu/workspace/code/fpo-control/manipulation_experiments/thirdparty/robosuite/robosuite/scripts/setup_macros.py (macros.py:59)
[robosuite WARNING] No private macro file found! (macros.py:57)
[robosuite WARNING] It is recommended to use a private macro file (macros.py:58)
[robosuite WARNING] To setup, run: python /mnt/data/users/haoyu/workspace/code/fpo-control/manipulation_experiments/thirdparty/robosuite/robosuite/scripts/setup_macros.py (macros.py:59)
[robosuite WARNING] No private macro file found! (macros.py:57)
[robosuite WARNING] It is recommended to use a private macro file (macros.py:58)
[robosuite WARNING] To setup, run: python /mnt/data/users/haoyu/workspace/code/fpo-control/manipulation_experiments/thirdparty/robosuite/robosuite/scripts/setup_macros.py (macros.py:59)
[robosuite WARNING] No private macro file found! (macros.py:57)
[robosuite WARNING] It is recommended to use a private macro file (macros.py:58)
[robosuite WARNING] To setup, run: python /mnt/data/users/haoyu/workspace/code/fpo-control/manipulation_experiments/thirdparty/robosuite/robosuite/scripts/setup_macros.py (macros.py:59)
[robosuite WARNING] No private macro file found! (macros.py:57)
[robosuite WARNING] It is recommended to use a private macro file (macros.py:58)
[robosuite WARNING] To setup, run: python /mnt/data/users/haoyu/workspace/code/fpo-control/manipulation_experiments/thirdparty/robosuite/robosuite/scripts/setup_macros.py (macros.py:59)
[robosuite WARNING] No private macro file found! (macros.py:57)
[robosuite WARNING] It is recommended to use a private macro file (macros.py:58)
[robosuite WARNING] To setup, run: python /mnt/data/users/haoyu/workspace/code/fpo-control/manipulation_experiments/thirdparty/robosuite/robosuite/scripts/setup_macros.py (macros.py:59)
[robosuite WARNING] No private macro file found! (macros.py:57)
[robosuite WARNING] No private macro file found! (macros.py:57)
[robosuite WARNING] It is recommended to use a private macro file (macros.py:58)
[robosuite WARNING] To setup, run: python /mnt/data/users/haoyu/workspace/code/fpo-control/manipulation_experiments/thirdparty/robosuite/robosuite/scripts/setup_macros.py (macros.py:59)
[robosuite WARNING] It is recommended to use a private macro file (macros.py:58)
[robosuite WARNING] To setup, run: python /mnt/data/users/haoyu/workspace/code/fpo-control/manipulation_experiments/thirdparty/robosuite/robosuite/scripts/setup_macros.py (macros.py:59)
[robosuite WARNING] No private macro file found! (macros.py:57)
[robosuite WARNING] It is recommended to use a private macro file (macros.py:58)
[robosuite WARNING] To setup, run: python /mnt/data/users/haoyu/workspace/code/fpo-control/manipulation_experiments/thirdparty/robosuite/robosuite/scripts/setup_macros.py (macros.py:59)
[robosuite WARNING] No private macro file found! (macros.py:57)
[robosuite WARNING] It is recommended to use a private macro file (macros.py:58)
[robosuite WARNING] To setup, run: python /mnt/data/users/haoyu/workspace/code/fpo-control/manipulation_experiments/thirdparty/robosuite/robosuite/scripts/setup_macros.py (macros.py:59)
[robosuite WARNING] No private macro file found! (macros.py:57)
[robosuite WARNING] It is recommended to use a private macro file (macros.py:58)
[robosuite WARNING] To setup, run: python /mnt/data/users/haoyu/workspace/code/fpo-control/manipulation_experiments/thirdparty/robosuite/robosuite/scripts/setup_macros.py (macros.py:59)
[robosuite WARNING] No private macro file found! (macros.py:57)
[robosuite WARNING] It is recommended to use a private macro file (macros.py:58)
[robosuite WARNING] To setup, run: python /mnt/data/users/haoyu/workspace/code/fpo-control/manipulation_experiments/thirdparty/robosuite/robosuite/scripts/setup_macros.py (macros.py:59)
[robosuite WARNING] No private macro file found! (macros.py:57)
[robosuite WARNING] It is recommended to use a private macro file (macros.py:58)
[robosuite WARNING] To setup, run: python /mnt/data/users/haoyu/workspace/code/fpo-control/manipulation_experiments/thirdparty/robosuite/robosuite/scripts/setup_macros.py (macros.py:59)
[robosuite WARNING] No private macro file found! (macros.py:57)
[robosuite WARNING] It is recommended to use a private macro file (macros.py:58)
[robosuite WARNING] To setup, run: python /mnt/data/users/haoyu/workspace/code/fpo-control/manipulation_experiments/thirdparty/robosuite/robosuite/scripts/setup_macros.py (macros.py:59)
[robosuite WARNING] No private macro file found! (macros.py:57)
[robosuite WARNING] It is recommended to use a private macro file (macros.py:58)
[robosuite WARNING] To setup, run: python /mnt/data/users/haoyu/workspace/code/fpo-control/manipulation_experiments/thirdparty/robosuite/robosuite/scripts/setup_macros.py (macros.py:59)
[robosuite WARNING] No private macro file found! (macros.py:57)
[robosuite WARNING] It is recommended to use a private macro file (macros.py:58)
[robosuite WARNING] To setup, run: python /mnt/data/users/haoyu/workspace/code/fpo-control/manipulation_experiments/thirdparty/robosuite/robosuite/scripts/setup_macros.py (macros.py:59)
[robosuite WARNING] No private macro file found! (macros.py:57)
[robosuite WARNING] It is recommended to use a private macro file (macros.py:58)
[robosuite WARNING] To setup, run: python /mnt/data/users/haoyu/workspace/code/fpo-control/manipulation_experiments/thirdparty/robosuite/robosuite/scripts/setup_macros.py (macros.py:59)
[robosuite WARNING] Could not import robosuite_models. Some robots may not be available. If you want to use these robots, please install robosuite_models from source (https://github.com/ARISE-Initiative/robosuite_models) or through pip install. (__init__.py:30)
[robosuite WARNING] Could not import robosuite_models. Some robots may not be available. If you want to use these robots, please install robosuite_models from source (https://github.com/ARISE-Initiative/robosuite_models) or through pip install. (__init__.py:30)
[robosuite WARNING] Could not import robosuite_models. Some robots may not be available. If you want to use these robots, please install robosuite_models from source (https://github.com/ARISE-Initiative/robosuite_models) or through pip install. (__init__.py:30)
[robosuite WARNING] Could not import robosuite_models. Some robots may not be available. If you want to use these robots, please install robosuite_models from source (https://github.com/ARISE-Initiative/robosuite_models) or through pip install. (__init__.py:30)
[robosuite WARNING] Could not import robosuite_models. Some robots may not be available. If you want to use these robots, please install robosuite_models from source (https://github.com/ARISE-Initiative/robosuite_models) or through pip install. (__init__.py:30)
[robosuite WARNING] Could not import robosuite_models. Some robots may not be available. If you want to use these robots, please install robosuite_models from source (https://github.com/ARISE-Initiative/robosuite_models) or through pip install. (__init__.py:30)
[robosuite WARNING] Could not import robosuite_models. Some robots may not be available. If you want to use these robots, please install robosuite_models from source (https://github.com/ARISE-Initiative/robosuite_models) or through pip install. (__init__.py:30)
[robosuite WARNING] Could not import robosuite_models. Some robots may not be available. If you want to use these robots, please install robosuite_models from source (https://github.com/ARISE-Initiative/robosuite_models) or through pip install. (__init__.py:30)
[robosuite WARNING] Could not import robosuite_models. Some robots may not be available. If you want to use these robots, please install robosuite_models from source (https://github.com/ARISE-Initiative/robosuite_models) or through pip install. (__init__.py:30)
[robosuite WARNING] Could not import robosuite_models. Some robots may not be available. If you want to use these robots, please install robosuite_models from source (https://github.com/ARISE-Initiative/robosuite_models) or through pip install. (__init__.py:30)
[robosuite WARNING] Could not import robosuite_models. Some robots may not be available. If you want to use these robots, please install robosuite_models from source (https://github.com/ARISE-Initiative/robosuite_models) or through pip install. (__init__.py:30)
[robosuite WARNING] Could not import robosuite_models. Some robots may not be available. If you want to use these robots, please install robosuite_models from source (https://github.com/ARISE-Initiative/robosuite_models) or through pip install. (__init__.py:30)
[robosuite WARNING] Could not import robosuite_models. Some robots may not be available. If you want to use these robots, please install robosuite_models from source (https://github.com/ARISE-Initiative/robosuite_models) or through pip install. (__init__.py:30)
[robosuite WARNING] Could not import robosuite_models. Some robots may not be available. If you want to use these robots, please install robosuite_models from source (https://github.com/ARISE-Initiative/robosuite_models) or through pip install. (__init__.py:30)
[robosuite WARNING] Could not import robosuite_models. Some robots may not be available. If you want to use these robots, please install robosuite_models from source (https://github.com/ARISE-Initiative/robosuite_models) or through pip install. (__init__.py:30)
[robosuite WARNING] Could not import robosuite_models. Some robots may not be available. If you want to use these robots, please install robosuite_models from source (https://github.com/ARISE-Initiative/robosuite_models) or through pip install. (__init__.py:30)
[robosuite WARNING] Could not import robosuite_models. Some robots may not be available. If you want to use these robots, please install robosuite_models from source (https://github.com/ARISE-Initiative/robosuite_models) or through pip install. (__init__.py:30)
[robosuite WARNING] Could not import robosuite_models. Some robots may not be available. If you want to use these robots, please install robosuite_models from source (https://github.com/ARISE-Initiative/robosuite_models) or through pip install. (__init__.py:30)
[robosuite WARNING] Could not import robosuite_models. Some robots may not be available. If you want to use these robots, please install robosuite_models from source (https://github.com/ARISE-Initiative/robosuite_models) or through pip install. (__init__.py:30)
[robosuite WARNING] Could not import robosuite_models. Some robots may not be available. If you want to use these robots, please install robosuite_models from source (https://github.com/ARISE-Initiative/robosuite_models) or through pip install. (__init__.py:30)
[robosuite WARNING] Could not import robosuite_models. Some robots may not be available. If you want to use these robots, please install robosuite_models from source (https://github.com/ARISE-Initiative/robosuite_models) or through pip install. (__init__.py:30)
[robosuite WARNING] Could not import robosuite_models. Some robots may not be available. If you want to use these robots, please install robosuite_models from source (https://github.com/ARISE-Initiative/robosuite_models) or through pip install. (__init__.py:30)
[robosuite WARNING] Could not import robosuite_models. Some robots may not be available. If you want to use these robots, please install robosuite_models from source (https://github.com/ARISE-Initiative/robosuite_models) or through pip install. (__init__.py:30)
[robosuite WARNING] Could not import robosuite_models. Some robots may not be available. If you want to use these robots, please install robosuite_models from source (https://github.com/ARISE-Initiative/robosuite_models) or through pip install. (__init__.py:30)
[robosuite WARNING] Could not import robosuite_models. Some robots may not be available. If you want to use these robots, please install robosuite_models from source (https://github.com/ARISE-Initiative/robosuite_models) or through pip install. (__init__.py:30)
2026-08-09 12:38:58,840 | INFO | Video key: agentview
2026-08-09 12:38:58,840 | INFO | Using image observation keys: ['agentview']
[robosuite INFO] Loading controller configuration from: /mnt/data/users/haoyu/workspace/code/fpo-control/manipulation_experiments/thirdparty/robosuite/robosuite/controllers/config/robots/default_panda.json (composite_controller_factory.py:121)
2026-08-09 12:38:58,840 | INFO | Loading controller configuration from: /mnt/data/users/haoyu/workspace/code/fpo-control/manipulation_experiments/thirdparty/robosuite/robosuite/controllers/config/robots/default_panda.json
2026-08-09 12:38:59,590 | INFO | Video key: agentview
2026-08-09 12:38:59,590 | INFO | Using image observation keys: ['agentview']
[robosuite INFO] Loading controller configuration from: /mnt/data/users/haoyu/workspace/code/fpo-control/manipulation_experiments/thirdparty/robosuite/robosuite/controllers/config/robots/default_panda.json (composite_controller_factory.py:121)
2026-08-09 12:38:59,590 | INFO | Loading controller configuration from: /mnt/data/users/haoyu/workspace/code/fpo-control/manipulation_experiments/thirdparty/robosuite/robosuite/controllers/config/robots/default_panda.json
2026-08-09 12:39:00,363 | INFO | Video key: agentview
2026-08-09 12:39:00,363 | INFO | Using image observation keys: ['agentview']
[robosuite INFO] Loading controller configuration from: /mnt/data/users/haoyu/workspace/code/fpo-control/manipulation_experiments/thirdparty/robosuite/robosuite/controllers/config/robots/default_panda.json (composite_controller_factory.py:121)
2026-08-09 12:39:00,363 | INFO | Loading controller configuration from: /mnt/data/users/haoyu/workspace/code/fpo-control/manipulation_experiments/thirdparty/robosuite/robosuite/controllers/config/robots/default_panda.json
2026-08-09 12:39:00,648 | INFO | Successfully created NutAssemblySquare environment via robosuite.make() with cameras at 84x84
2026-08-09 12:39:00,648 | INFO | Configured cameras: ['agentview']
2026-08-09 12:39:01,412 | INFO | Successfully created NutAssemblySquare environment via robosuite.make() with cameras at 84x84
2026-08-09 12:39:01,412 | INFO | Configured cameras: ['agentview']
2026-08-09 12:39:02,195 | INFO | Successfully created NutAssemblySquare environment via robosuite.make() with cameras at 84x84
2026-08-09 12:39:02,195 | INFO | Configured cameras: ['agentview']
2026-08-09 12:39:02,207 | INFO | Video key: agentview
2026-08-09 12:39:02,207 | INFO | Using image observation keys: ['agentview']
[robosuite INFO] Loading controller configuration from: /mnt/data/users/haoyu/workspace/code/fpo-control/manipulation_experiments/thirdparty/robosuite/robosuite/controllers/config/robots/default_panda.json (composite_controller_factory.py:121)
2026-08-09 12:39:02,207 | INFO | Loading controller configuration from: /mnt/data/users/haoyu/workspace/code/fpo-control/manipulation_experiments/thirdparty/robosuite/robosuite/controllers/config/robots/default_panda.json
2026-08-09 12:39:02,278 | INFO | Video key: agentview
2026-08-09 12:39:02,278 | INFO | Using image observation keys: ['agentview']
[robosuite INFO] Loading controller configuration from: /mnt/data/users/haoyu/workspace/code/fpo-control/manipulation_experiments/thirdparty/robosuite/robosuite/controllers/config/robots/default_panda.json (composite_controller_factory.py:121)
2026-08-09 12:39:02,278 | INFO | Loading controller configuration from: /mnt/data/users/haoyu/workspace/code/fpo-control/manipulation_experiments/thirdparty/robosuite/robosuite/controllers/config/robots/default_panda.json
2026-08-09 12:39:02,368 | INFO | Video key: agentview
2026-08-09 12:39:02,368 | INFO | Using image observation keys: ['agentview']
[robosuite INFO] Loading controller configuration from: /mnt/data/users/haoyu/workspace/code/fpo-control/manipulation_experiments/thirdparty/robosuite/robosuite/controllers/config/robots/default_panda.json (composite_controller_factory.py:121)
2026-08-09 12:39:02,368 | INFO | Loading controller configuration from: /mnt/data/users/haoyu/workspace/code/fpo-control/manipulation_experiments/thirdparty/robosuite/robosuite/controllers/config/robots/default_panda.json
2026-08-09 12:39:02,838 | INFO | Video key: agentview
2026-08-09 12:39:02,838 | INFO | Using image observation keys: ['agentview']
[robosuite INFO] Loading controller configuration from: /mnt/data/users/haoyu/workspace/code/fpo-control/manipulation_experiments/thirdparty/robosuite/robosuite/controllers/config/robots/default_panda.json (composite_controller_factory.py:121)
2026-08-09 12:39:02,838 | INFO | Loading controller configuration from: /mnt/data/users/haoyu/workspace/code/fpo-control/manipulation_experiments/thirdparty/robosuite/robosuite/controllers/config/robots/default_panda.json
2026-08-09 12:39:03,313 | INFO | Video key: agentview
2026-08-09 12:39:03,313 | INFO | Using image observation keys: ['agentview']
[robosuite INFO] Loading controller configuration from: /mnt/data/users/haoyu/workspace/code/fpo-control/manipulation_experiments/thirdparty/robosuite/robosuite/controllers/config/robots/default_panda.json (composite_controller_factory.py:121)
2026-08-09 12:39:03,313 | INFO | Loading controller configuration from: /mnt/data/users/haoyu/workspace/code/fpo-control/manipulation_experiments/thirdparty/robosuite/robosuite/controllers/config/robots/default_panda.json
2026-08-09 12:39:04,017 | INFO | Successfully created NutAssemblySquare environment via robosuite.make() with cameras at 84x84
2026-08-09 12:39:04,018 | INFO | Configured cameras: ['agentview']
2026-08-09 12:39:04,079 | INFO | Successfully created NutAssemblySquare environment via robosuite.make() with cameras at 84x84
2026-08-09 12:39:04,079 | INFO | Configured cameras: ['agentview']
2026-08-09 12:39:04,096 | INFO | Video key: agentview
2026-08-09 12:39:04,096 | INFO | Using image observation keys: ['agentview']
[robosuite INFO] Loading controller configuration from: /mnt/data/users/haoyu/workspace/code/fpo-control/manipulation_experiments/thirdparty/robosuite/robosuite/controllers/config/robots/default_panda.json (composite_controller_factory.py:121)
2026-08-09 12:39:04,096 | INFO | Loading controller configuration from: /mnt/data/users/haoyu/workspace/code/fpo-control/manipulation_experiments/thirdparty/robosuite/robosuite/controllers/config/robots/default_panda.json
2026-08-09 12:39:04,199 | INFO | Successfully created NutAssemblySquare environment via robosuite.make() with cameras at 84x84
2026-08-09 12:39:04,199 | INFO | Configured cameras: ['agentview']
2026-08-09 12:39:04,700 | INFO | Successfully created NutAssemblySquare environment via robosuite.make() with cameras at 84x84
2026-08-09 12:39:04,700 | INFO | Configured cameras: ['agentview']
2026-08-09 12:39:04,759 | INFO | Video key: agentview
2026-08-09 12:39:04,759 | INFO | Using image observation keys: ['agentview']
[robosuite INFO] Loading controller configuration from: /mnt/data/users/haoyu/workspace/code/fpo-control/manipulation_experiments/thirdparty/robosuite/robosuite/controllers/config/robots/default_panda.json (composite_controller_factory.py:121)
2026-08-09 12:39:04,760 | INFO | Loading controller configuration from: /mnt/data/users/haoyu/workspace/code/fpo-control/manipulation_experiments/thirdparty/robosuite/robosuite/controllers/config/robots/default_panda.json
2026-08-09 12:39:04,807 | INFO | Video key: agentview
2026-08-09 12:39:04,807 | INFO | Using image observation keys: ['agentview']
[robosuite INFO] Loading controller configuration from: /mnt/data/users/haoyu/workspace/code/fpo-control/manipulation_experiments/thirdparty/robosuite/robosuite/controllers/config/robots/default_panda.json (composite_controller_factory.py:121)
2026-08-09 12:39:04,807 | INFO | Loading controller configuration from: /mnt/data/users/haoyu/workspace/code/fpo-control/manipulation_experiments/thirdparty/robosuite/robosuite/controllers/config/robots/default_panda.json
2026-08-09 12:39:04,865 | INFO | Video key: agentview
2026-08-09 12:39:04,865 | INFO | Using image observation keys: ['agentview']
[robosuite INFO] Loading controller configuration from: /mnt/data/users/haoyu/workspace/code/fpo-control/manipulation_experiments/thirdparty/robosuite/robosuite/controllers/config/robots/default_panda.json (composite_controller_factory.py:121)
2026-08-09 12:39:04,865 | INFO | Loading controller configuration from: /mnt/data/users/haoyu/workspace/code/fpo-control/manipulation_experiments/thirdparty/robosuite/robosuite/controllers/config/robots/default_panda.json
2026-08-09 12:39:04,899 | INFO | Video key: agentview
2026-08-09 12:39:04,899 | INFO | Using image observation keys: ['agentview']
[robosuite INFO] Loading controller configuration from: /mnt/data/users/haoyu/workspace/code/fpo-control/manipulation_experiments/thirdparty/robosuite/robosuite/controllers/config/robots/default_panda.json (composite_controller_factory.py:121)
2026-08-09 12:39:04,899 | INFO | Loading controller configuration from: /mnt/data/users/haoyu/workspace/code/fpo-control/manipulation_experiments/thirdparty/robosuite/robosuite/controllers/config/robots/default_panda.json
2026-08-09 12:39:04,923 | INFO | Video key: agentview
2026-08-09 12:39:04,923 | INFO | Using image observation keys: ['agentview']
[robosuite INFO] Loading controller configuration from: /mnt/data/users/haoyu/workspace/code/fpo-control/manipulation_experiments/thirdparty/robosuite/robosuite/controllers/config/robots/default_panda.json (composite_controller_factory.py:121)
2026-08-09 12:39:04,923 | INFO | Loading controller configuration from: /mnt/data/users/haoyu/workspace/code/fpo-control/manipulation_experiments/thirdparty/robosuite/robosuite/controllers/config/robots/default_panda.json
2026-08-09 12:39:04,932 | INFO | Video key: agentview
2026-08-09 12:39:04,932 | INFO | Using image observation keys: ['agentview']
[robosuite INFO] Loading controller configuration from: /mnt/data/users/haoyu/workspace/code/fpo-control/manipulation_experiments/thirdparty/robosuite/robosuite/controllers/config/robots/default_panda.json (composite_controller_factory.py:121)
2026-08-09 12:39:04,932 | INFO | Loading controller configuration from: /mnt/data/users/haoyu/workspace/code/fpo-control/manipulation_experiments/thirdparty/robosuite/robosuite/controllers/config/robots/default_panda.json
2026-08-09 12:39:04,954 | INFO | Video key: agentview
2026-08-09 12:39:04,954 | INFO | Using image observation keys: ['agentview']
[robosuite INFO] Loading controller configuration from: /mnt/data/users/haoyu/workspace/code/fpo-control/manipulation_experiments/thirdparty/robosuite/robosuite/controllers/config/robots/default_panda.json (composite_controller_factory.py:121)
2026-08-09 12:39:04,954 | INFO | Loading controller configuration from: /mnt/data/users/haoyu/workspace/code/fpo-control/manipulation_experiments/thirdparty/robosuite/robosuite/controllers/config/robots/default_panda.json
2026-08-09 12:39:04,958 | INFO | Video key: agentview
2026-08-09 12:39:04,958 | INFO | Using image observation keys: ['agentview']
[robosuite INFO] Loading controller configuration from: /mnt/data/users/haoyu/workspace/code/fpo-control/manipulation_experiments/thirdparty/robosuite/robosuite/controllers/config/robots/default_panda.json (composite_controller_factory.py:121)
2026-08-09 12:39:04,958 | INFO | Loading controller configuration from: /mnt/data/users/haoyu/workspace/code/fpo-control/manipulation_experiments/thirdparty/robosuite/robosuite/controllers/config/robots/default_panda.json
2026-08-09 12:39:04,965 | INFO | Video key: agentview
2026-08-09 12:39:04,965 | INFO | Using image observation keys: ['agentview']
[robosuite INFO] Loading controller configuration from: /mnt/data/users/haoyu/workspace/code/fpo-control/manipulation_experiments/thirdparty/robosuite/robosuite/controllers/config/robots/default_panda.json (composite_controller_factory.py:121)
2026-08-09 12:39:04,965 | INFO | Loading controller configuration from: /mnt/data/users/haoyu/workspace/code/fpo-control/manipulation_experiments/thirdparty/robosuite/robosuite/controllers/config/robots/default_panda.json
2026-08-09 12:39:04,972 | INFO | Video key: agentview
2026-08-09 12:39:04,972 | INFO | Using image observation keys: ['agentview']
[robosuite INFO] Loading controller configuration from: /mnt/data/users/haoyu/workspace/code/fpo-control/manipulation_experiments/thirdparty/robosuite/robosuite/controllers/config/robots/default_panda.json (composite_controller_factory.py:121)
2026-08-09 12:39:04,972 | INFO | Loading controller configuration from: /mnt/data/users/haoyu/workspace/code/fpo-control/manipulation_experiments/thirdparty/robosuite/robosuite/controllers/config/robots/default_panda.json
2026-08-09 12:39:04,976 | INFO | Video key: agentview
2026-08-09 12:39:04,976 | INFO | Using image observation keys: ['agentview']
[robosuite INFO] Loading controller configuration from: /mnt/data/users/haoyu/workspace/code/fpo-control/manipulation_experiments/thirdparty/robosuite/robosuite/controllers/config/robots/default_panda.json (composite_controller_factory.py:121)
2026-08-09 12:39:04,977 | INFO | Loading controller configuration from: /mnt/data/users/haoyu/workspace/code/fpo-control/manipulation_experiments/thirdparty/robosuite/robosuite/controllers/config/robots/default_panda.json
2026-08-09 12:39:04,979 | INFO | Video key: agentview
2026-08-09 12:39:04,979 | INFO | Using image observation keys: ['agentview']
[robosuite INFO] Loading controller configuration from: /mnt/data/users/haoyu/workspace/code/fpo-control/manipulation_experiments/thirdparty/robosuite/robosuite/controllers/config/robots/default_panda.json (composite_controller_factory.py:121)
2026-08-09 12:39:04,979 | INFO | Loading controller configuration from: /mnt/data/users/haoyu/workspace/code/fpo-control/manipulation_experiments/thirdparty/robosuite/robosuite/controllers/config/robots/default_panda.json
2026-08-09 12:39:04,988 | INFO | Video key: agentview
2026-08-09 12:39:04,988 | INFO | Using image observation keys: ['agentview']
[robosuite INFO] Loading controller configuration from: /mnt/data/users/haoyu/workspace/code/fpo-control/manipulation_experiments/thirdparty/robosuite/robosuite/controllers/config/robots/default_panda.json (composite_controller_factory.py:121)
2026-08-09 12:39:04,988 | INFO | Loading controller configuration from: /mnt/data/users/haoyu/workspace/code/fpo-control/manipulation_experiments/thirdparty/robosuite/robosuite/controllers/config/robots/default_panda.json
2026-08-09 12:39:04,992 | INFO | Video key: agentview
2026-08-09 12:39:04,992 | INFO | Using image observation keys: ['agentview']
[robosuite INFO] Loading controller configuration from: /mnt/data/users/haoyu/workspace/code/fpo-control/manipulation_experiments/thirdparty/robosuite/robosuite/controllers/config/robots/default_panda.json (composite_controller_factory.py:121)
2026-08-09 12:39:04,992 | INFO | Loading controller configuration from: /mnt/data/users/haoyu/workspace/code/fpo-control/manipulation_experiments/thirdparty/robosuite/robosuite/controllers/config/robots/default_panda.json
2026-08-09 12:39:04,995 | INFO | Video key: agentview
2026-08-09 12:39:04,995 | INFO | Using image observation keys: ['agentview']
[robosuite INFO] Loading controller configuration from: /mnt/data/users/haoyu/workspace/code/fpo-control/manipulation_experiments/thirdparty/robosuite/robosuite/controllers/config/robots/default_panda.json (composite_controller_factory.py:121)
2026-08-09 12:39:04,995 | INFO | Loading controller configuration from: /mnt/data/users/haoyu/workspace/code/fpo-control/manipulation_experiments/thirdparty/robosuite/robosuite/controllers/config/robots/default_panda.json
2026-08-09 12:39:05,002 | INFO | Video key: agentview
2026-08-09 12:39:05,003 | INFO | Using image observation keys: ['agentview']
[robosuite INFO] Loading controller configuration from: /mnt/data/users/haoyu/workspace/code/fpo-control/manipulation_experiments/thirdparty/robosuite/robosuite/controllers/config/robots/default_panda.json (composite_controller_factory.py:121)
2026-08-09 12:39:05,003 | INFO | Loading controller configuration from: /mnt/data/users/haoyu/workspace/code/fpo-control/manipulation_experiments/thirdparty/robosuite/robosuite/controllers/config/robots/default_panda.json
2026-08-09 12:39:05,272 | INFO | Successfully created NutAssemblySquare environment via robosuite.make() with cameras at 84x84
2026-08-09 12:39:05,273 | INFO | Configured cameras: ['agentview']
2026-08-09 12:39:05,931 | INFO | Successfully created NutAssemblySquare environment via robosuite.make() with cameras at 84x84
2026-08-09 12:39:05,931 | INFO | Configured cameras: ['agentview']
2026-08-09 12:39:06,604 | INFO | Successfully created NutAssemblySquare environment via robosuite.make() with cameras at 84x84
2026-08-09 12:39:06,604 | INFO | Configured cameras: ['agentview']
2026-08-09 12:39:06,647 | INFO | Successfully created NutAssemblySquare environment via robosuite.make() with cameras at 84x84
2026-08-09 12:39:06,647 | INFO | Configured cameras: ['agentview']
2026-08-09 12:39:06,779 | INFO | Successfully created NutAssemblySquare environment via robosuite.make() with cameras at 84x84
2026-08-09 12:39:06,780 | INFO | Configured cameras: ['agentview']
2026-08-09 12:39:06,788 | INFO | Successfully created NutAssemblySquare environment via robosuite.make() with cameras at 84x84
2026-08-09 12:39:06,788 | INFO | Configured cameras: ['agentview']
2026-08-09 12:39:06,799 | INFO | Successfully created NutAssemblySquare environment via robosuite.make() with cameras at 84x84
2026-08-09 12:39:06,799 | INFO | Configured cameras: ['agentview']
2026-08-09 12:39:06,818 | INFO | Successfully created NutAssemblySquare environment via robosuite.make() with cameras at 84x84
2026-08-09 12:39:06,818 | INFO | Configured cameras: ['agentview']
2026-08-09 12:39:06,822 | INFO | Successfully created NutAssemblySquare environment via robosuite.make() with cameras at 84x84
2026-08-09 12:39:06,822 | INFO | Configured cameras: ['agentview']
2026-08-09 12:39:06,830 | INFO | Successfully created NutAssemblySquare environment via robosuite.make() with cameras at 84x84
2026-08-09 12:39:06,830 | INFO | Configured cameras: ['agentview']
2026-08-09 12:39:06,832 | INFO | Successfully created NutAssemblySquare environment via robosuite.make() with cameras at 84x84
2026-08-09 12:39:06,832 | INFO | Configured cameras: ['agentview']
2026-08-09 12:39:06,879 | INFO | Successfully created NutAssemblySquare environment via robosuite.make() with cameras at 84x84
2026-08-09 12:39:06,879 | INFO | Successfully created NutAssemblySquare environment via robosuite.make() with cameras at 84x84
2026-08-09 12:39:06,879 | INFO | Configured cameras: ['agentview']
2026-08-09 12:39:06,879 | INFO | Configured cameras: ['agentview']
2026-08-09 12:39:06,882 | INFO | Successfully created NutAssemblySquare environment via robosuite.make() with cameras at 84x84
2026-08-09 12:39:06,882 | INFO | Configured cameras: ['agentview']
2026-08-09 12:39:06,899 | INFO | Successfully created NutAssemblySquare environment via robosuite.make() with cameras at 84x84
2026-08-09 12:39:06,899 | INFO | Configured cameras: ['agentview']
2026-08-09 12:39:06,954 | INFO | Successfully created NutAssemblySquare environment via robosuite.make() with cameras at 84x84
2026-08-09 12:39:06,954 | INFO | Configured cameras: ['agentview']
2026-08-09 12:39:06,986 | INFO | Successfully created NutAssemblySquare environment via robosuite.make() with cameras at 84x84
2026-08-09 12:39:06,986 | INFO | Configured cameras: ['agentview']
2026-08-09 12:39:06,991 | INFO | Successfully created NutAssemblySquare environment via robosuite.make() with cameras at 84x84
2026-08-09 12:39:06,991 | INFO | Configured cameras: ['agentview']
2026-08-09 12:39:08,440 | INFO | Created 25 vectorized Square environments
2026-08-09 12:39:08,440 | INFO | Set video key to 'agentview' for video recording
2026-08-09 12:39:08,440 | INFO | ================================================================================
2026-08-09 12:39:08,440 | INFO | Starting Evaluation
2026-08-09 12:39:08,440 | INFO | ================================================================================
2026-08-09 12:39:08,440 | INFO | Running rollouts with environment: Square
2026-08-09 12:39:08,440 | INFO | Starting evaluation: 50 episodes using 25 parallel environments
2026-08-09 12:39:09,592 | INFO | Created observation keys: ['observation.state', 'observation.images.agentview']
2026-08-09 12:39:09,618 | INFO | Created observation keys: ['observation.state', 'observation.images.agentview']
2026-08-09 12:39:09,618 | INFO | Created observation keys: ['observation.state', 'observation.images.agentview']
2026-08-09 12:39:09,619 | INFO | Created observation keys: ['observation.state', 'observation.images.agentview']
2026-08-09 12:39:09,620 | INFO | Created observation keys: ['observation.state', 'observation.images.agentview']
2026-08-09 12:39:09,622 | INFO | Created observation keys: ['observation.state', 'observation.images.agentview']
2026-08-09 12:39:09,629 | INFO | Created observation keys: ['observation.state', 'observation.images.agentview']
2026-08-09 12:39:09,629 | INFO | Created observation keys: ['observation.state', 'observation.images.agentview']
2026-08-09 12:39:09,646 | INFO | Created observation keys: ['observation.state', 'observation.images.agentview']
2026-08-09 12:39:09,650 | INFO | Created observation keys: ['observation.state', 'observation.images.agentview']
2026-08-09 12:39:09,661 | INFO | Created observation keys: ['observation.state', 'observation.images.agentview']
2026-08-09 12:39:09,663 | INFO | Created observation keys: ['observation.state', 'observation.images.agentview']
2026-08-09 12:39:09,667 | INFO | Created observation keys: ['observation.state', 'observation.images.agentview']
2026-08-09 12:39:09,669 | INFO | Created observation keys: ['observation.state', 'observation.images.agentview']
2026-08-09 12:39:09,670 | INFO | Created observation keys: ['observation.state', 'observation.images.agentview']
2026-08-09 12:39:09,671 | INFO | Created observation keys: ['observation.state', 'observation.images.agentview']
2026-08-09 12:39:09,675 | INFO | Created observation keys: ['observation.state', 'observation.images.agentview']
2026-08-09 12:39:09,678 | INFO | Created observation keys: ['observation.state', 'observation.images.agentview']
2026-08-09 12:39:09,682 | INFO | Created observation keys: ['observation.state', 'observation.images.agentview']
2026-08-09 12:39:09,701 | INFO | Created observation keys: ['observation.state', 'observation.images.agentview']
2026-08-09 12:39:09,702 | INFO | Created observation keys: ['observation.state', 'observation.images.agentview']
2026-08-09 12:39:09,721 | INFO | Created observation keys: ['observation.state', 'observation.images.agentview']
2026-08-09 12:39:09,746 | INFO | Created observation keys: ['observation.state', 'observation.images.agentview']
2026-08-09 12:39:09,749 | INFO | Created observation keys: ['observation.state', 'observation.images.agentview']
2026-08-09 12:39:09,749 | INFO | Created observation keys: ['observation.state', 'observation.images.agentview']
/home/haoyu/workspace/code/fpo-control/manipulation_experiments/thirdparty/miniconda3/envs/fpo_manipulation/lib/python3.10/contextlib.py:103: FutureWarning: `torch.backends.cuda.sdp_kernel()` is deprecated. In the future, this context manager will be removed. Please see `torch.nn.attention.sdpa_kernel()` for the new context manager, with updated signature.
  self.gen = func(*args, **kwds)
2026-08-09 12:39:18,820 | INFO | Total steps: 1000, done episodes: 0, successes: 0, FPS: 96.3
2026-08-09 12:39:22,116 | INFO | Total steps: 2000, done episodes: 0, successes: 0, FPS: 146.2
2026-08-09 12:39:25,494 | INFO | Total steps: 3000, done episodes: 0, successes: 0, FPS: 175.9
2026-08-09 12:39:30,037 | INFO | Total steps: 4000, done episodes: 1, successes: 1, FPS: 185.2
2026-08-09 12:39:33,544 | INFO | Total steps: 5000, done episodes: 1, successes: 1, FPS: 199.2
2026-08-09 12:39:40,644 | INFO | Total steps: 6000, done episodes: 4, successes: 4, FPS: 186.3
2026-08-09 12:39:44,201 | INFO | Total steps: 7000, done episodes: 4, successes: 4, FPS: 195.7
2026-08-09 12:39:50,060 | INFO | Total steps: 8000, done episodes: 6, successes: 6, FPS: 192.2
2026-08-09 12:39:57,133 | INFO | Total steps: 9000, done episodes: 9, successes: 9, FPS: 184.8
2026-08-09 12:40:04,690 | INFO | Total steps: 10000, done episodes: 25, successes: 11, FPS: 177.8
2026-08-09 12:40:08,124 | INFO | Total steps: 11000, done episodes: 25, successes: 11, FPS: 184.3
2026-08-09 12:40:12,722 | INFO | Total steps: 12000, done episodes: 26, successes: 12, FPS: 186.7
2026-08-09 12:40:16,201 | INFO | Total steps: 13000, done episodes: 26, successes: 12, FPS: 191.9
2026-08-09 12:40:22,122 | INFO | Total steps: 14000, done episodes: 28, successes: 14, FPS: 190.0
2026-08-09 12:40:26,799 | INFO | Total steps: 15000, done episodes: 29, successes: 15, FPS: 191.4
2026-08-09 12:40:36,201 | INFO | Total steps: 16000, done episodes: 33, successes: 16, FPS: 182.3
2026-08-09 12:40:41,974 | INFO | Total steps: 17000, done episodes: 35, successes: 18, FPS: 181.8
2026-08-09 12:40:47,849 | INFO | Total steps: 18000, done episodes: 37, successes: 19, FPS: 181.1
2026-08-09 12:40:54,851 | INFO | Total steps: 19000, done episodes: 40, successes: 20, FPS: 178.6
2026-08-09 12:41:05,842 | INFO | Evaluation completed: 50 episodes, 21 successes (42.0%) for task **Square**
2026-08-09 12:41:05,843 | INFO | Success stats across environments: mean=0.42 +/- 0.31
2026-08-09 12:41:05,843 | INFO | Average return: 0.420 +/- 0.494
2026-08-09 12:41:05,843 | INFO | Average episode length: 346.8 +/- 76.8
2026-08-09 12:41:05,843 | INFO | Performance: 20000 total steps in 117.4s
2026-08-09 12:41:05,843 | INFO | Average FPS: 170.4 frames/sec | Episodes/sec: 0.43
2026-08-09 12:41:05,844 | INFO | ================================================================================
2026-08-09 12:41:05,844 | INFO | Evaluation Summary
2026-08-09 12:41:05,844 | INFO | ================================================================================
2026-08-09 12:41:05,844 | INFO | Environment: Square
2026-08-09 12:41:05,844 | INFO | Checkpoint: latest
2026-08-09 12:41:05,844 | INFO | Episodes: 50
2026-08-09 12:41:05,844 | INFO | Success Rate: 42.00% +/- 30.59%
2026-08-09 12:41:05,844 | INFO | Average Return: 0.420 +/- 0.494
2026-08-09 12:41:05,844 | INFO | FPS: 170.4
2026-08-09 12:41:05,844 | INFO | ================================================================================
2026-08-09 12:41:05,845 | INFO | Summary saved to: /home/haoyu/workspace/outputs/fpo-control/results/square_h51_confirmation_control_random_balanced50_seed20260978/eval_summary_Square_latest_random.txt
render_gpu_device_id: 1
render_gpu_device_id: 1
render_gpu_device_id: 1
render_gpu_device_id: 1
render_gpu_device_id: 1
render_gpu_device_id: 1
render_gpu_device_id: 1
render_gpu_device_id: 1
render_gpu_device_id: 1
render_gpu_device_id: 1
render_gpu_device_id: 1
render_gpu_device_id: 1
render_gpu_device_id: 1
render_gpu_device_id: 1
render_gpu_device_id: 1
render_gpu_device_id: 1
render_gpu_device_id: 1
render_gpu_device_id: 1
render_gpu_device_id: 1
render_gpu_device_id: 1
render_gpu_device_id: 1
render_gpu_device_id: 1
render_gpu_device_id: 1
render_gpu_device_id: 1
render_gpu_device_id: 1
2026-08-09 12:41:09,977 | INFO | Evaluation completed successfully!
